[0.127s] DEBUG:colcon:Command line arguments: ['/usr/bin/colcon', 'build']
[0.127s] DEBUG:colcon:Parsed command line arguments: Namespace(log_base=None, log_level=None, verb_name='build', build_base='build', install_base='install', merge_install=False, symlink_install=False, test_result_base=None, continue_on_error=False, executor='parallel', parallel_workers=8, event_handlers=None, ignore_user_meta=False, metas=['./colcon.meta'], base_paths=['.'], packages_ignore=None, packages_ignore_regex=None, paths=None, packages_up_to=None, packages_up_to_regex=None, packages_above=None, packages_above_and_dependencies=None, packages_above_depth=None, packages_select_by_dep=None, packages_skip_by_dep=None, packages_skip_up_to=None, packages_select_build_failed=False, packages_skip_build_finished=False, packages_select_test_failures=False, packages_skip_test_passed=False, packages_select=None, packages_skip=None, packages_select_regex=None, packages_skip_regex=None, packages_start=None, packages_end=None, allow_overriding=[], cmake_args=None, cmake_target=None, cmake_target_skip_unavailable=False, cmake_clean_cache=False, cmake_clean_first=False, cmake_force_configure=False, ament_cmake_args=None, catkin_cmake_args=None, catkin_skip_building_tests=False, mixin_files=None, mixin=None, verb_parser=<colcon_mixin.mixin.mixin_argument.MixinArgumentDecorator object at 0x7a8275659c30>, verb_extension=<colcon_core.verb.build.BuildVerb object at 0x7a82756594b0>, main=<bound method BuildVerb.main of <colcon_core.verb.build.BuildVerb object at 0x7a82756594b0>>, mixin_verb=('build',))
[0.314s] Level 1:colcon.colcon_core.package_discovery:discover_packages(colcon_meta) check parameters
[0.314s] Level 1:colcon.colcon_core.package_discovery:discover_packages(recursive) check parameters
[0.314s] Level 1:colcon.colcon_core.package_discovery:discover_packages(ignore) check parameters
[0.314s] Level 1:colcon.colcon_core.package_discovery:discover_packages(path) check parameters
[0.314s] Level 1:colcon.colcon_core.package_discovery:discover_packages(colcon_meta) discover
[0.314s] Level 1:colcon.colcon_core.package_discovery:discover_packages(recursive) discover
[0.314s] INFO:colcon.colcon_core.package_discovery:Crawling recursively for packages in '/home/ulisess/TE3003B/modulo_3/Act3.5'
[0.314s] Level 1:colcon.colcon_core.package_identification:_identify(.) by extensions ['ignore', 'ignore_ament_install']
[0.315s] Level 1:colcon.colcon_core.package_identification:_identify(.) by extension 'ignore'
[0.315s] Level 1:colcon.colcon_core.package_identification:_identify(.) by extension 'ignore_ament_install'
[0.315s] Level 1:colcon.colcon_core.package_identification:_identify(.) by extensions ['colcon_pkg']
[0.315s] Level 1:colcon.colcon_core.package_identification:_identify(.) by extension 'colcon_pkg'
[0.315s] Level 1:colcon.colcon_core.package_identification:_identify(.) by extensions ['colcon_meta']
[0.315s] Level 1:colcon.colcon_core.package_identification:_identify(.) by extension 'colcon_meta'
[0.315s] Level 1:colcon.colcon_core.package_identification:_identify(.) by extensions ['ros']
[0.315s] Level 1:colcon.colcon_core.package_identification:_identify(.) by extension 'ros'
[0.326s] Level 1:colcon.colcon_core.package_identification:_identify(.) by extensions ['cmake', 'python']
[0.326s] Level 1:colcon.colcon_core.package_identification:_identify(.) by extension 'cmake'
[0.327s] Level 1:colcon.colcon_core.package_identification:_identify(.) by extension 'python'
[0.327s] Level 1:colcon.colcon_core.package_identification:_identify(.) by extensions ['python_setup_py']
[0.327s] Level 1:colcon.colcon_core.package_identification:_identify(.) by extension 'python_setup_py'
[0.327s] Level 1:colcon.colcon_core.package_identification:_identify(build) by extensions ['ignore', 'ignore_ament_install']
[0.327s] Level 1:colcon.colcon_core.package_identification:_identify(build) by extension 'ignore'
[0.327s] Level 1:colcon.colcon_core.package_identification:_identify(build) ignored
[0.327s] Level 1:colcon.colcon_core.package_identification:_identify(equipo6) by extensions ['ignore', 'ignore_ament_install']
[0.327s] Level 1:colcon.colcon_core.package_identification:_identify(equipo6) by extension 'ignore'
[0.327s] Level 1:colcon.colcon_core.package_identification:_identify(equipo6) by extension 'ignore_ament_install'
[0.328s] Level 1:colcon.colcon_core.package_identification:_identify(equipo6) by extensions ['colcon_pkg']
[0.328s] Level 1:colcon.colcon_core.package_identification:_identify(equipo6) by extension 'colcon_pkg'
[0.328s] Level 1:colcon.colcon_core.package_identification:_identify(equipo6) by extensions ['colcon_meta']
[0.328s] Level 1:colcon.colcon_core.package_identification:_identify(equipo6) by extension 'colcon_meta'
[0.328s] Level 1:colcon.colcon_core.package_identification:_identify(equipo6) by extensions ['ros']
[0.328s] Level 1:colcon.colcon_core.package_identification:_identify(equipo6) by extension 'ros'
[0.331s] DEBUG:colcon.colcon_core.package_identification:Package 'equipo6' with type 'ros.ament_python' and name 'equipo6'
[0.331s] Level 1:colcon.colcon_core.package_identification:_identify(install) by extensions ['ignore', 'ignore_ament_install']
[0.332s] Level 1:colcon.colcon_core.package_identification:_identify(install) by extension 'ignore'
[0.332s] Level 1:colcon.colcon_core.package_identification:_identify(install) ignored
[0.332s] Level 1:colcon.colcon_core.package_identification:_identify(log) by extensions ['ignore', 'ignore_ament_install']
[0.332s] Level 1:colcon.colcon_core.package_identification:_identify(log) by extension 'ignore'
[0.332s] Level 1:colcon.colcon_core.package_identification:_identify(log) ignored
[0.332s] Level 1:colcon.colcon_core.package_identification:_identify(puzzlebot_description) by extensions ['ignore', 'ignore_ament_install']
[0.332s] Level 1:colcon.colcon_core.package_identification:_identify(puzzlebot_description) by extension 'ignore'
[0.332s] Level 1:colcon.colcon_core.package_identification:_identify(puzzlebot_description) by extension 'ignore_ament_install'
[0.332s] Level 1:colcon.colcon_core.package_identification:_identify(puzzlebot_description) by extensions ['colcon_pkg']
[0.333s] Level 1:colcon.colcon_core.package_identification:_identify(puzzlebot_description) by extension 'colcon_pkg'
[0.333s] Level 1:colcon.colcon_core.package_identification:_identify(puzzlebot_description) by extensions ['colcon_meta']
[0.333s] Level 1:colcon.colcon_core.package_identification:_identify(puzzlebot_description) by extension 'colcon_meta'
[0.333s] Level 1:colcon.colcon_core.package_identification:_identify(puzzlebot_description) by extensions ['ros']
[0.333s] Level 1:colcon.colcon_core.package_identification:_identify(puzzlebot_description) by extension 'ros'
[0.334s] DEBUG:colcon.colcon_core.package_identification:Package 'puzzlebot_description' with type 'ros.ament_python' and name 'puzzlebot_description'
[0.334s] Level 1:colcon.colcon_core.package_discovery:discover_packages(recursive) using defaults
[0.334s] Level 1:colcon.colcon_core.package_discovery:discover_packages(ignore) discover
[0.334s] Level 1:colcon.colcon_core.package_discovery:discover_packages(ignore) using defaults
[0.334s] Level 1:colcon.colcon_core.package_discovery:discover_packages(path) discover
[0.334s] Level 1:colcon.colcon_core.package_discovery:discover_packages(path) using defaults
[0.370s] Level 1:colcon.colcon_core.package_discovery:discover_packages(prefix_path) check parameters
[0.370s] Level 1:colcon.colcon_core.package_discovery:discover_packages(prefix_path) discover
[0.372s] DEBUG:colcon.colcon_installed_package_information.package_discovery:Found 2 installed packages in /home/ulisess/TE3003B/modulo_3/Act3.5/install
[0.374s] DEBUG:colcon.colcon_installed_package_information.package_discovery:Found 332 installed packages in /opt/ros/humble
[0.376s] Level 1:colcon.colcon_core.package_discovery:discover_packages(prefix_path) using defaults
[0.419s] Level 5:colcon.colcon_core.verb:set package 'equipo6' build argument 'cmake_args' from command line to 'None'
[0.419s] Level 5:colcon.colcon_core.verb:set package 'equipo6' build argument 'cmake_target' from command line to 'None'
[0.419s] Level 5:colcon.colcon_core.verb:set package 'equipo6' build argument 'cmake_target_skip_unavailable' from command line to 'False'
[0.419s] Level 5:colcon.colcon_core.verb:set package 'equipo6' build argument 'cmake_clean_cache' from command line to 'False'
[0.419s] Level 5:colcon.colcon_core.verb:set package 'equipo6' build argument 'cmake_clean_first' from command line to 'False'
[0.419s] Level 5:colcon.colcon_core.verb:set package 'equipo6' build argument 'cmake_force_configure' from command line to 'False'
[0.419s] Level 5:colcon.colcon_core.verb:set package 'equipo6' build argument 'ament_cmake_args' from command line to 'None'
[0.419s] Level 5:colcon.colcon_core.verb:set package 'equipo6' build argument 'catkin_cmake_args' from command line to 'None'
[0.420s] Level 5:colcon.colcon_core.verb:set package 'equipo6' build argument 'catkin_skip_building_tests' from command line to 'False'
[0.420s] DEBUG:colcon.colcon_core.verb:Building package 'equipo6' with the following arguments: {'ament_cmake_args': None, 'build_base': '/home/ulisess/TE3003B/modulo_3/Act3.5/build/equipo6', 'catkin_cmake_args': None, 'catkin_skip_building_tests': False, 'cmake_args': None, 'cmake_clean_cache': False, 'cmake_clean_first': False, 'cmake_force_configure': False, 'cmake_target': None, 'cmake_target_skip_unavailable': False, 'install_base': '/home/ulisess/TE3003B/modulo_3/Act3.5/install/equipo6', 'merge_install': False, 'path': '/home/ulisess/TE3003B/modulo_3/Act3.5/equipo6', 'symlink_install': False, 'test_result_base': None}
[0.420s] Level 5:colcon.colcon_core.verb:set package 'puzzlebot_description' build argument 'cmake_args' from command line to 'None'
[0.420s] Level 5:colcon.colcon_core.verb:set package 'puzzlebot_description' build argument 'cmake_target' from command line to 'None'
[0.420s] Level 5:colcon.colcon_core.verb:set package 'puzzlebot_description' build argument 'cmake_target_skip_unavailable' from command line to 'False'
[0.420s] Level 5:colcon.colcon_core.verb:set package 'puzzlebot_description' build argument 'cmake_clean_cache' from command line to 'False'
[0.420s] Level 5:colcon.colcon_core.verb:set package 'puzzlebot_description' build argument 'cmake_clean_first' from command line to 'False'
[0.420s] Level 5:colcon.colcon_core.verb:set package 'puzzlebot_description' build argument 'cmake_force_configure' from command line to 'False'
[0.420s] Level 5:colcon.colcon_core.verb:set package 'puzzlebot_description' build argument 'ament_cmake_args' from command line to 'None'
[0.420s] Level 5:colcon.colcon_core.verb:set package 'puzzlebot_description' build argument 'catkin_cmake_args' from command line to 'None'
[0.420s] Level 5:colcon.colcon_core.verb:set package 'puzzlebot_description' build argument 'catkin_skip_building_tests' from command line to 'False'
[0.420s] DEBUG:colcon.colcon_core.verb:Building package 'puzzlebot_description' with the following arguments: {'ament_cmake_args': None, 'build_base': '/home/ulisess/TE3003B/modulo_3/Act3.5/build/puzzlebot_description', 'catkin_cmake_args': None, 'catkin_skip_building_tests': False, 'cmake_args': None, 'cmake_clean_cache': False, 'cmake_clean_first': False, 'cmake_force_configure': False, 'cmake_target': None, 'cmake_target_skip_unavailable': False, 'install_base': '/home/ulisess/TE3003B/modulo_3/Act3.5/install/puzzlebot_description', 'merge_install': False, 'path': '/home/ulisess/TE3003B/modulo_3/Act3.5/puzzlebot_description', 'symlink_install': False, 'test_result_base': None}
[0.421s] INFO:colcon.colcon_core.executor:Executing jobs using 'parallel' executor
[0.422s] DEBUG:colcon.colcon_parallel_executor.executor.parallel:run_until_complete
[0.422s] INFO:colcon.colcon_ros.task.ament_python.build:Building ROS package in '/home/ulisess/TE3003B/modulo_3/Act3.5/equipo6' with build type 'ament_python'
[0.422s] Level 1:colcon.colcon_core.shell:create_environment_hook('equipo6', 'ament_prefix_path')
[0.425s] INFO:colcon.colcon_core.plugin_system:Skipping extension 'colcon_core.shell.bat': Not used on non-Windows systems
[0.425s] INFO:colcon.colcon_core.shell:Creating environment hook '/home/ulisess/TE3003B/modulo_3/Act3.5/install/equipo6/share/equipo6/hook/ament_prefix_path.ps1'
[0.426s] INFO:colcon.colcon_core.shell:Creating environment descriptor '/home/ulisess/TE3003B/modulo_3/Act3.5/install/equipo6/share/equipo6/hook/ament_prefix_path.dsv'
[0.426s] INFO:colcon.colcon_core.shell:Creating environment hook '/home/ulisess/TE3003B/modulo_3/Act3.5/install/equipo6/share/equipo6/hook/ament_prefix_path.sh'
[0.427s] INFO:colcon.colcon_core.shell:Skip shell extension 'powershell' for command environment: Not usable outside of PowerShell
[0.427s] DEBUG:colcon.colcon_core.shell:Skip shell extension 'dsv' for command environment
[0.431s] INFO:colcon.colcon_ros.task.ament_python.build:Building ROS package in '/home/ulisess/TE3003B/modulo_3/Act3.5/puzzlebot_description' with build type 'ament_python'
[0.431s] Level 1:colcon.colcon_core.shell:create_environment_hook('puzzlebot_description', 'ament_prefix_path')
[0.432s] INFO:colcon.colcon_core.shell:Creating environment hook '/home/ulisess/TE3003B/modulo_3/Act3.5/install/puzzlebot_description/share/puzzlebot_description/hook/ament_prefix_path.ps1'
[0.432s] INFO:colcon.colcon_core.shell:Creating environment descriptor '/home/ulisess/TE3003B/modulo_3/Act3.5/install/puzzlebot_description/share/puzzlebot_description/hook/ament_prefix_path.dsv'
[0.433s] INFO:colcon.colcon_core.shell:Creating environment hook '/home/ulisess/TE3003B/modulo_3/Act3.5/install/puzzlebot_description/share/puzzlebot_description/hook/ament_prefix_path.sh'
[0.434s] INFO:colcon.colcon_core.shell:Skip shell extension 'powershell' for command environment: Not usable outside of PowerShell
[0.434s] DEBUG:colcon.colcon_core.shell:Skip shell extension 'dsv' for command environment
[0.763s] INFO:colcon.colcon_core.task.python.build:Building Python package in '/home/ulisess/TE3003B/modulo_3/Act3.5/equipo6'
[0.764s] INFO:colcon.colcon_core.shell:Skip shell extension 'powershell' for command environment: Not usable outside of PowerShell
[0.764s] DEBUG:colcon.colcon_core.shell:Skip shell extension 'dsv' for command environment
[1.078s] INFO:colcon.colcon_core.task.python.build:Building Python package in '/home/ulisess/TE3003B/modulo_3/Act3.5/puzzlebot_description'
[1.078s] INFO:colcon.colcon_core.shell:Skip shell extension 'powershell' for command environment: Not usable outside of PowerShell
[1.078s] DEBUG:colcon.colcon_core.shell:Skip shell extension 'dsv' for command environment
[1.532s] DEBUG:colcon.colcon_core.event_handler.log_command:Invoking command in '/home/ulisess/TE3003B/modulo_3/Act3.5/equipo6': PYTHONPATH=/home/ulisess/TE3003B/modulo_3/Act3.5/build/equipo6/prefix_override:/usr/lib/python3/dist-packages/colcon_core/task/python/colcon_distutils_commands:/home/ulisess/TE3003B/modulo_3/Act3.5/install/equipo6/lib/python3.10/site-packages:${PYTHONPATH} /usr/bin/python3 -W ignore:setup.py install is deprecated -W ignore:easy_install command is deprecated setup.py egg_info --egg-base ../build/equipo6 build --build-base /home/ulisess/TE3003B/modulo_3/Act3.5/build/equipo6/build install --record /home/ulisess/TE3003B/modulo_3/Act3.5/build/equipo6/install.log --single-version-externally-managed install_data
[1.566s] DEBUG:colcon.colcon_core.event_handler.log_command:Invoking command in '/home/ulisess/TE3003B/modulo_3/Act3.5/puzzlebot_description': PYTHONPATH=/home/ulisess/TE3003B/modulo_3/Act3.5/build/puzzlebot_description/prefix_override:/usr/lib/python3/dist-packages/colcon_core/task/python/colcon_distutils_commands:/home/ulisess/TE3003B/modulo_3/Act3.5/install/puzzlebot_description/lib/python3.10/site-packages:${PYTHONPATH} /usr/bin/python3 -W ignore:setup.py install is deprecated -W ignore:easy_install command is deprecated setup.py egg_info --egg-base ../build/puzzlebot_description build --build-base /home/ulisess/TE3003B/modulo_3/Act3.5/build/puzzlebot_description/build install --record /home/ulisess/TE3003B/modulo_3/Act3.5/build/puzzlebot_description/install.log --single-version-externally-managed install_data
[1.905s] DEBUG:colcon.colcon_core.event_handler.log_command:Invoked command in '/home/ulisess/TE3003B/modulo_3/Act3.5/equipo6' returned '0': PYTHONPATH=/home/ulisess/TE3003B/modulo_3/Act3.5/build/equipo6/prefix_override:/usr/lib/python3/dist-packages/colcon_core/task/python/colcon_distutils_commands:/home/ulisess/TE3003B/modulo_3/Act3.5/install/equipo6/lib/python3.10/site-packages:${PYTHONPATH} /usr/bin/python3 -W ignore:setup.py install is deprecated -W ignore:easy_install command is deprecated setup.py egg_info --egg-base ../build/equipo6 build --build-base /home/ulisess/TE3003B/modulo_3/Act3.5/build/equipo6/build install --record /home/ulisess/TE3003B/modulo_3/Act3.5/build/equipo6/install.log --single-version-externally-managed install_data
[1.910s] Level 1:colcon.colcon_core.environment:checking '/home/ulisess/TE3003B/modulo_3/Act3.5/install/equipo6' for CMake module files
[1.911s] Level 1:colcon.colcon_core.environment:checking '/home/ulisess/TE3003B/modulo_3/Act3.5/install/equipo6' for CMake config files
[1.913s] Level 1:colcon.colcon_core.environment:checking '/home/ulisess/TE3003B/modulo_3/Act3.5/install/equipo6/lib'
[1.914s] Level 1:colcon.colcon_core.environment:checking '/home/ulisess/TE3003B/modulo_3/Act3.5/install/equipo6/bin'
[1.915s] Level 1:colcon.colcon_core.environment:checking '/home/ulisess/TE3003B/modulo_3/Act3.5/install/equipo6/lib/pkgconfig/equipo6.pc'
[1.915s] Level 1:colcon.colcon_core.environment:checking '/home/ulisess/TE3003B/modulo_3/Act3.5/install/equipo6/lib/python3.10/site-packages'
[1.915s] Level 1:colcon.colcon_core.shell:create_environment_hook('equipo6', 'pythonpath')
[1.916s] INFO:colcon.colcon_core.shell:Creating environment hook '/home/ulisess/TE3003B/modulo_3/Act3.5/install/equipo6/share/equipo6/hook/pythonpath.ps1'
[1.917s] INFO:colcon.colcon_core.shell:Creating environment descriptor '/home/ulisess/TE3003B/modulo_3/Act3.5/install/equipo6/share/equipo6/hook/pythonpath.dsv'
[1.918s] INFO:colcon.colcon_core.shell:Creating environment hook '/home/ulisess/TE3003B/modulo_3/Act3.5/install/equipo6/share/equipo6/hook/pythonpath.sh'
[1.920s] Level 1:colcon.colcon_core.environment:checking '/home/ulisess/TE3003B/modulo_3/Act3.5/install/equipo6/bin'
[1.920s] Level 1:colcon.colcon_core.environment:create_environment_scripts_only(equipo6)
[1.921s] INFO:colcon.colcon_core.shell:Creating package script '/home/ulisess/TE3003B/modulo_3/Act3.5/install/equipo6/share/equipo6/package.ps1'
[1.923s] INFO:colcon.colcon_core.shell:Creating package descriptor '/home/ulisess/TE3003B/modulo_3/Act3.5/install/equipo6/share/equipo6/package.dsv'
[1.925s] INFO:colcon.colcon_core.shell:Creating package script '/home/ulisess/TE3003B/modulo_3/Act3.5/install/equipo6/share/equipo6/package.sh'
[1.926s] INFO:colcon.colcon_core.shell:Creating package script '/home/ulisess/TE3003B/modulo_3/Act3.5/install/equipo6/share/equipo6/package.bash'
[1.929s] INFO:colcon.colcon_core.shell:Creating package script '/home/ulisess/TE3003B/modulo_3/Act3.5/install/equipo6/share/equipo6/package.zsh'
[1.930s] Level 1:colcon.colcon_core.environment:create_file_with_runtime_dependencies(/home/ulisess/TE3003B/modulo_3/Act3.5/install/equipo6/share/colcon-core/packages/equipo6)
[1.951s] Level 1:colcon.colcon_core.environment:checking '/home/ulisess/TE3003B/modulo_3/Act3.5/install/puzzlebot_description' for CMake module files
[1.952s] DEBUG:colcon.colcon_core.event_handler.log_command:Invoked command in '/home/ulisess/TE3003B/modulo_3/Act3.5/puzzlebot_description' returned '0': PYTHONPATH=/home/ulisess/TE3003B/modulo_3/Act3.5/build/puzzlebot_description/prefix_override:/usr/lib/python3/dist-packages/colcon_core/task/python/colcon_distutils_commands:/home/ulisess/TE3003B/modulo_3/Act3.5/install/puzzlebot_description/lib/python3.10/site-packages:${PYTHONPATH} /usr/bin/python3 -W ignore:setup.py install is deprecated -W ignore:easy_install command is deprecated setup.py egg_info --egg-base ../build/puzzlebot_description build --build-base /home/ulisess/TE3003B/modulo_3/Act3.5/build/puzzlebot_description/build install --record /home/ulisess/TE3003B/modulo_3/Act3.5/build/puzzlebot_description/install.log --single-version-externally-managed install_data
[1.952s] Level 1:colcon.colcon_core.environment:checking '/home/ulisess/TE3003B/modulo_3/Act3.5/install/puzzlebot_description' for CMake config files
[1.953s] Level 1:colcon.colcon_core.environment:checking '/home/ulisess/TE3003B/modulo_3/Act3.5/install/puzzlebot_description/lib'
[1.953s] Level 1:colcon.colcon_core.environment:checking '/home/ulisess/TE3003B/modulo_3/Act3.5/install/puzzlebot_description/bin'
[1.954s] Level 1:colcon.colcon_core.environment:checking '/home/ulisess/TE3003B/modulo_3/Act3.5/install/puzzlebot_description/lib/pkgconfig/puzzlebot_description.pc'
[1.954s] Level 1:colcon.colcon_core.environment:checking '/home/ulisess/TE3003B/modulo_3/Act3.5/install/puzzlebot_description/lib/python3.10/site-packages'
[1.954s] Level 1:colcon.colcon_core.shell:create_environment_hook('puzzlebot_description', 'pythonpath')
[1.954s] INFO:colcon.colcon_core.shell:Creating environment hook '/home/ulisess/TE3003B/modulo_3/Act3.5/install/puzzlebot_description/share/puzzlebot_description/hook/pythonpath.ps1'
[1.955s] INFO:colcon.colcon_core.shell:Creating environment descriptor '/home/ulisess/TE3003B/modulo_3/Act3.5/install/puzzlebot_description/share/puzzlebot_description/hook/pythonpath.dsv'
[1.955s] INFO:colcon.colcon_core.shell:Creating environment hook '/home/ulisess/TE3003B/modulo_3/Act3.5/install/puzzlebot_description/share/puzzlebot_description/hook/pythonpath.sh'
[1.956s] Level 1:colcon.colcon_core.environment:checking '/home/ulisess/TE3003B/modulo_3/Act3.5/install/puzzlebot_description/bin'
[1.956s] Level 1:colcon.colcon_core.environment:create_environment_scripts_only(puzzlebot_description)
[1.957s] INFO:colcon.colcon_core.shell:Creating package script '/home/ulisess/TE3003B/modulo_3/Act3.5/install/puzzlebot_description/share/puzzlebot_description/package.ps1'
[1.957s] INFO:colcon.colcon_core.shell:Creating package descriptor '/home/ulisess/TE3003B/modulo_3/Act3.5/install/puzzlebot_description/share/puzzlebot_description/package.dsv'
[1.958s] INFO:colcon.colcon_core.shell:Creating package script '/home/ulisess/TE3003B/modulo_3/Act3.5/install/puzzlebot_description/share/puzzlebot_description/package.sh'
[1.959s] INFO:colcon.colcon_core.shell:Creating package script '/home/ulisess/TE3003B/modulo_3/Act3.5/install/puzzlebot_description/share/puzzlebot_description/package.bash'
[1.959s] INFO:colcon.colcon_core.shell:Creating package script '/home/ulisess/TE3003B/modulo_3/Act3.5/install/puzzlebot_description/share/puzzlebot_description/package.zsh'
[1.960s] Level 1:colcon.colcon_core.environment:create_file_with_runtime_dependencies(/home/ulisess/TE3003B/modulo_3/Act3.5/install/puzzlebot_description/share/colcon-core/packages/puzzlebot_description)
[1.960s] DEBUG:colcon.colcon_parallel_executor.executor.parallel:closing loop
[1.961s] DEBUG:colcon.colcon_parallel_executor.executor.parallel:loop closed
[1.961s] DEBUG:colcon.colcon_parallel_executor.executor.parallel:run_until_complete finished with '0'
[1.961s] DEBUG:colcon.colcon_core.event_reactor:joining thread
[1.975s] INFO:colcon.colcon_core.plugin_system:Skipping extension 'colcon_notification.desktop_notification.terminal_notifier': Not used on non-Darwin systems
[1.975s] INFO:colcon.colcon_core.plugin_system:Skipping extension 'colcon_notification.desktop_notification.win32': Not used on non-Windows systems
[1.975s] INFO:colcon.colcon_notification.desktop_notification:Sending desktop notification using 'notify2'
[2.002s] DEBUG:colcon.colcon_core.event_reactor:joined thread
[2.003s] INFO:colcon.colcon_core.shell:Creating prefix script '/home/ulisess/TE3003B/modulo_3/Act3.5/install/local_setup.ps1'
[2.006s] INFO:colcon.colcon_core.shell:Creating prefix util module '/home/ulisess/TE3003B/modulo_3/Act3.5/install/_local_setup_util_ps1.py'
[2.010s] INFO:colcon.colcon_core.shell:Creating prefix chain script '/home/ulisess/TE3003B/modulo_3/Act3.5/install/setup.ps1'
[2.013s] INFO:colcon.colcon_core.shell:Creating prefix script '/home/ulisess/TE3003B/modulo_3/Act3.5/install/local_setup.sh'
[2.015s] INFO:colcon.colcon_core.shell:Creating prefix util module '/home/ulisess/TE3003B/modulo_3/Act3.5/install/_local_setup_util_sh.py'
[2.016s] INFO:colcon.colcon_core.shell:Creating prefix chain script '/home/ulisess/TE3003B/modulo_3/Act3.5/install/setup.sh'
[2.019s] INFO:colcon.colcon_core.shell:Creating prefix script '/home/ulisess/TE3003B/modulo_3/Act3.5/install/local_setup.bash'
[2.021s] INFO:colcon.colcon_core.shell:Creating prefix chain script '/home/ulisess/TE3003B/modulo_3/Act3.5/install/setup.bash'
[2.024s] INFO:colcon.colcon_core.shell:Creating prefix script '/home/ulisess/TE3003B/modulo_3/Act3.5/install/local_setup.zsh'
[2.026s] INFO:colcon.colcon_core.shell:Creating prefix chain script '/home/ulisess/TE3003B/modulo_3/Act3.5/install/setup.zsh'
