[1.287s] Invoking command in '/home/alexl/test/TE3003B_Integration_of_Robotics_and_Intelligent_Systems_2025/Week5/Gazebo Simulator/puzzlebot_description': PYTHONPATH=/home/alexl/test/TE3003B_Integration_of_Robotics_and_Intelligent_Systems_2025/Week5/build/puzzlebot_description/prefix_override:/usr/lib/python3/dist-packages/colcon_core/task/python/colcon_distutils_commands:/home/alexl/test/TE3003B_Integration_of_Robotics_and_Intelligent_Systems_2025/Week5/install/puzzlebot_description/lib/python3.10/site-packages:${PYTHONPATH} /usr/bin/python3 -W ignore:setup.py install is deprecated -W ignore:easy_install command is deprecated setup.py egg_info --egg-base ../../build/puzzlebot_description build --build-base /home/alexl/test/TE3003B_Integration_of_Robotics_and_Intelligent_Systems_2025/Week5/build/puzzlebot_description/build install --record /home/alexl/test/TE3003B_Integration_of_Robotics_and_Intelligent_Systems_2025/Week5/build/puzzlebot_description/install.log --single-version-externally-managed install_data
[1.542s] running egg_info
[1.543s] creating ../../build/puzzlebot_description/puzzlebot_description.egg-info
[1.543s] writing ../../build/puzzlebot_description/puzzlebot_description.egg-info/PKG-INFO
[1.543s] writing dependency_links to ../../build/puzzlebot_description/puzzlebot_description.egg-info/dependency_links.txt
[1.543s] writing entry points to ../../build/puzzlebot_description/puzzlebot_description.egg-info/entry_points.txt
[1.543s] writing requirements to ../../build/puzzlebot_description/puzzlebot_description.egg-info/requires.txt
[1.543s] writing top-level names to ../../build/puzzlebot_description/puzzlebot_description.egg-info/top_level.txt
[1.544s] writing manifest file '../../build/puzzlebot_description/puzzlebot_description.egg-info/SOURCES.txt'
[1.546s] reading manifest file '../../build/puzzlebot_description/puzzlebot_description.egg-info/SOURCES.txt'
[1.547s] adding license file 'LICENSE'
[1.548s] writing manifest file '../../build/puzzlebot_description/puzzlebot_description.egg-info/SOURCES.txt'
[1.548s] running build
[1.548s] running build_py
[1.548s] creating /home/alexl/test/TE3003B_Integration_of_Robotics_and_Intelligent_Systems_2025/Week5/build/puzzlebot_description/build
[1.548s] creating /home/alexl/test/TE3003B_Integration_of_Robotics_and_Intelligent_Systems_2025/Week5/build/puzzlebot_description/build/lib
[1.548s] creating /home/alexl/test/TE3003B_Integration_of_Robotics_and_Intelligent_Systems_2025/Week5/build/puzzlebot_description/build/lib/puzzlebot_description
[1.548s] copying puzzlebot_description/__init__.py -> /home/alexl/test/TE3003B_Integration_of_Robotics_and_Intelligent_Systems_2025/Week5/build/puzzlebot_description/build/lib/puzzlebot_description
[1.548s] copying puzzlebot_description/joint_state_publisher.py -> /home/alexl/test/TE3003B_Integration_of_Robotics_and_Intelligent_Systems_2025/Week5/build/puzzlebot_description/build/lib/puzzlebot_description
[1.548s] running install
[1.549s] running install_lib
[1.550s] creating /home/alexl/test/TE3003B_Integration_of_Robotics_and_Intelligent_Systems_2025/Week5/install/puzzlebot_description/lib/python3.10/site-packages/puzzlebot_description
[1.550s] copying /home/alexl/test/TE3003B_Integration_of_Robotics_and_Intelligent_Systems_2025/Week5/build/puzzlebot_description/build/lib/puzzlebot_description/__init__.py -> /home/alexl/test/TE3003B_Integration_of_Robotics_and_Intelligent_Systems_2025/Week5/install/puzzlebot_description/lib/python3.10/site-packages/puzzlebot_description
[1.550s] copying /home/alexl/test/TE3003B_Integration_of_Robotics_and_Intelligent_Systems_2025/Week5/build/puzzlebot_description/build/lib/puzzlebot_description/joint_state_publisher.py -> /home/alexl/test/TE3003B_Integration_of_Robotics_and_Intelligent_Systems_2025/Week5/install/puzzlebot_description/lib/python3.10/site-packages/puzzlebot_description
[1.550s] byte-compiling /home/alexl/test/TE3003B_Integration_of_Robotics_and_Intelligent_Systems_2025/Week5/install/puzzlebot_description/lib/python3.10/site-packages/puzzlebot_description/__init__.py to __init__.cpython-310.pyc
[1.551s] byte-compiling /home/alexl/test/TE3003B_Integration_of_Robotics_and_Intelligent_Systems_2025/Week5/install/puzzlebot_description/lib/python3.10/site-packages/puzzlebot_description/joint_state_publisher.py to joint_state_publisher.cpython-310.pyc
[1.551s] running install_data
[1.551s] creating /home/alexl/test/TE3003B_Integration_of_Robotics_and_Intelligent_Systems_2025/Week5/install/puzzlebot_description/share/ament_index
[1.551s] creating /home/alexl/test/TE3003B_Integration_of_Robotics_and_Intelligent_Systems_2025/Week5/install/puzzlebot_description/share/ament_index/resource_index
[1.551s] creating /home/alexl/test/TE3003B_Integration_of_Robotics_and_Intelligent_Systems_2025/Week5/install/puzzlebot_description/share/ament_index/resource_index/packages
[1.551s] copying resource/puzzlebot_description -> /home/alexl/test/TE3003B_Integration_of_Robotics_and_Intelligent_Systems_2025/Week5/install/puzzlebot_description/share/ament_index/resource_index/packages
[1.551s] copying package.xml -> /home/alexl/test/TE3003B_Integration_of_Robotics_and_Intelligent_Systems_2025/Week5/install/puzzlebot_description/share/puzzlebot_description
[1.552s] creating /home/alexl/test/TE3003B_Integration_of_Robotics_and_Intelligent_Systems_2025/Week5/install/puzzlebot_description/share/puzzlebot_description/launch
[1.552s] copying launch/robot_state_publisher_launch.py -> /home/alexl/test/TE3003B_Integration_of_Robotics_and_Intelligent_Systems_2025/Week5/install/puzzlebot_description/share/puzzlebot_description/launch
[1.552s] creating /home/alexl/test/TE3003B_Integration_of_Robotics_and_Intelligent_Systems_2025/Week5/install/puzzlebot_description/share/puzzlebot_description/config
[1.552s] creating /home/alexl/test/TE3003B_Integration_of_Robotics_and_Intelligent_Systems_2025/Week5/install/puzzlebot_description/share/puzzlebot_description/rviz
[1.552s] copying rviz/puzzlebot_desc.rviz -> /home/alexl/test/TE3003B_Integration_of_Robotics_and_Intelligent_Systems_2025/Week5/install/puzzlebot_description/share/puzzlebot_description/rviz
[1.552s] creating /home/alexl/test/TE3003B_Integration_of_Robotics_and_Intelligent_Systems_2025/Week5/install/puzzlebot_description/share/puzzlebot_description/urdf
[1.552s] creating /home/alexl/test/TE3003B_Integration_of_Robotics_and_Intelligent_Systems_2025/Week5/install/puzzlebot_description/share/puzzlebot_description/urdf/mcr2_control
[1.552s] copying urdf/mcr2_control/gazebo_control.xacro -> /home/alexl/test/TE3003B_Integration_of_Robotics_and_Intelligent_Systems_2025/Week5/install/puzzlebot_description/share/puzzlebot_description/urdf/mcr2_control
[1.552s] creating /home/alexl/test/TE3003B_Integration_of_Robotics_and_Intelligent_Systems_2025/Week5/install/puzzlebot_description/share/puzzlebot_description/urdf/mcr2_robots
[1.552s] copying urdf/mcr2_robots/puzzlebot_jetson_ed.xacro -> /home/alexl/test/TE3003B_Integration_of_Robotics_and_Intelligent_Systems_2025/Week5/install/puzzlebot_description/share/puzzlebot_description/urdf/mcr2_robots
[1.552s] copying urdf/mcr2_robots/puzzlebot_hacker_ed.xacro -> /home/alexl/test/TE3003B_Integration_of_Robotics_and_Intelligent_Systems_2025/Week5/install/puzzlebot_description/share/puzzlebot_description/urdf/mcr2_robots
[1.552s] copying urdf/mcr2_robots/puzzlebot_jetson_lidar_ed.xacro -> /home/alexl/test/TE3003B_Integration_of_Robotics_and_Intelligent_Systems_2025/Week5/install/puzzlebot_description/share/puzzlebot_description/urdf/mcr2_robots
[1.552s] creating /home/alexl/test/TE3003B_Integration_of_Robotics_and_Intelligent_Systems_2025/Week5/install/puzzlebot_description/share/puzzlebot_description/urdf/mcr2_robots/jetson_lidar_ed
[1.553s] copying urdf/mcr2_robots/jetson_lidar_ed/parameters_jetson_lidar_ed.xacro -> /home/alexl/test/TE3003B_Integration_of_Robotics_and_Intelligent_Systems_2025/Week5/install/puzzlebot_description/share/puzzlebot_description/urdf/mcr2_robots/jetson_lidar_ed
[1.553s] creating /home/alexl/test/TE3003B_Integration_of_Robotics_and_Intelligent_Systems_2025/Week5/install/puzzlebot_description/share/puzzlebot_description/urdf/mcr2_robots/hacker_ed
[1.553s] copying urdf/mcr2_robots/hacker_ed/parameters_hacker_ed.xacro -> /home/alexl/test/TE3003B_Integration_of_Robotics_and_Intelligent_Systems_2025/Week5/install/puzzlebot_description/share/puzzlebot_description/urdf/mcr2_robots/hacker_ed
[1.553s] creating /home/alexl/test/TE3003B_Integration_of_Robotics_and_Intelligent_Systems_2025/Week5/install/puzzlebot_description/share/puzzlebot_description/urdf/mcr2_robots/jetson_ed
[1.553s] copying urdf/mcr2_robots/jetson_ed/parameters_jetson_ed.xacro -> /home/alexl/test/TE3003B_Integration_of_Robotics_and_Intelligent_Systems_2025/Week5/install/puzzlebot_description/share/puzzlebot_description/urdf/mcr2_robots/jetson_ed
[1.553s] creating /home/alexl/test/TE3003B_Integration_of_Robotics_and_Intelligent_Systems_2025/Week5/install/puzzlebot_description/share/puzzlebot_description/urdf/mcr2_misc
[1.553s] copying urdf/mcr2_misc/macros.xacro -> /home/alexl/test/TE3003B_Integration_of_Robotics_and_Intelligent_Systems_2025/Week5/install/puzzlebot_description/share/puzzlebot_description/urdf/mcr2_misc
[1.554s] copying urdf/mcr2_misc/materials.xacro -> /home/alexl/test/TE3003B_Integration_of_Robotics_and_Intelligent_Systems_2025/Week5/install/puzzlebot_description/share/puzzlebot_description/urdf/mcr2_misc
[1.554s] creating /home/alexl/test/TE3003B_Integration_of_Robotics_and_Intelligent_Systems_2025/Week5/install/puzzlebot_description/share/puzzlebot_description/urdf/mcr2_sensors
[1.554s] copying urdf/mcr2_sensors/laser_camera_bracket.xacro -> /home/alexl/test/TE3003B_Integration_of_Robotics_and_Intelligent_Systems_2025/Week5/install/puzzlebot_description/share/puzzlebot_description/urdf/mcr2_sensors
[1.554s] copying urdf/mcr2_sensors/lidar.xacro -> /home/alexl/test/TE3003B_Integration_of_Robotics_and_Intelligent_Systems_2025/Week5/install/puzzlebot_description/share/puzzlebot_description/urdf/mcr2_sensors
[1.554s] creating /home/alexl/test/TE3003B_Integration_of_Robotics_and_Intelligent_Systems_2025/Week5/install/puzzlebot_description/share/puzzlebot_description/urdf/mcr2_mechanical
[1.554s] copying urdf/mcr2_mechanical/puzzlebot_jetson_lidar_base.urdf.xacro -> /home/alexl/test/TE3003B_Integration_of_Robotics_and_Intelligent_Systems_2025/Week5/install/puzzlebot_description/share/puzzlebot_description/urdf/mcr2_mechanical
[1.554s] copying urdf/mcr2_mechanical/puzzlebot_hacker_base.urdf.xacro -> /home/alexl/test/TE3003B_Integration_of_Robotics_and_Intelligent_Systems_2025/Week5/install/puzzlebot_description/share/puzzlebot_description/urdf/mcr2_mechanical
[1.554s] copying urdf/mcr2_mechanical/puzzlebot_jetson_base.urdf.xacro -> /home/alexl/test/TE3003B_Integration_of_Robotics_and_Intelligent_Systems_2025/Week5/install/puzzlebot_description/share/puzzlebot_description/urdf/mcr2_mechanical
[1.554s] creating /home/alexl/test/TE3003B_Integration_of_Robotics_and_Intelligent_Systems_2025/Week5/install/puzzlebot_description/share/puzzlebot_description/meshes
[1.554s] creating /home/alexl/test/TE3003B_Integration_of_Robotics_and_Intelligent_Systems_2025/Week5/install/puzzlebot_description/share/puzzlebot_description/meshes/wheels
[1.554s] copying meshes/wheels/Puzzlebot_Wheel.stl -> /home/alexl/test/TE3003B_Integration_of_Robotics_and_Intelligent_Systems_2025/Week5/install/puzzlebot_description/share/puzzlebot_description/meshes/wheels
[1.554s] copying meshes/wheels/Puzzlebot_Caster_Wheel.stl -> /home/alexl/test/TE3003B_Integration_of_Robotics_and_Intelligent_Systems_2025/Week5/install/puzzlebot_description/share/puzzlebot_description/meshes/wheels
[1.555s] creating /home/alexl/test/TE3003B_Integration_of_Robotics_and_Intelligent_Systems_2025/Week5/install/puzzlebot_description/share/puzzlebot_description/meshes/sensors
[1.555s] copying meshes/sensors/RPLidar.stl -> /home/alexl/test/TE3003B_Integration_of_Robotics_and_Intelligent_Systems_2025/Week5/install/puzzlebot_description/share/puzzlebot_description/meshes/sensors
[1.555s] copying meshes/sensors/Laser_Camera_Bracket.stl -> /home/alexl/test/TE3003B_Integration_of_Robotics_and_Intelligent_Systems_2025/Week5/install/puzzlebot_description/share/puzzlebot_description/meshes/sensors
[1.555s] creating /home/alexl/test/TE3003B_Integration_of_Robotics_and_Intelligent_Systems_2025/Week5/install/puzzlebot_description/share/puzzlebot_description/meshes/bases
[1.555s] copying meshes/bases/Puzzlebot_Jetson_Lidar_Edition_Base.stl -> /home/alexl/test/TE3003B_Integration_of_Robotics_and_Intelligent_Systems_2025/Week5/install/puzzlebot_description/share/puzzlebot_description/meshes/bases
[1.555s] copying meshes/bases/Puzzlebot_Hacker_Editon_Base.stl -> /home/alexl/test/TE3003B_Integration_of_Robotics_and_Intelligent_Systems_2025/Week5/install/puzzlebot_description/share/puzzlebot_description/meshes/bases
[1.556s] creating /home/alexl/test/TE3003B_Integration_of_Robotics_and_Intelligent_Systems_2025/Week5/install/puzzlebot_description/share/puzzlebot_description/meshes/misc
[1.556s] copying meshes/misc/NVIDIA_Jetson.stl -> /home/alexl/test/TE3003B_Integration_of_Robotics_and_Intelligent_Systems_2025/Week5/install/puzzlebot_description/share/puzzlebot_description/meshes/misc
[1.556s] copying meshes/misc/DC_Motor.stl -> /home/alexl/test/TE3003B_Integration_of_Robotics_and_Intelligent_Systems_2025/Week5/install/puzzlebot_description/share/puzzlebot_description/meshes/misc
[1.556s] running install_egg_info
[1.559s] Copying ../../build/puzzlebot_description/puzzlebot_description.egg-info to /home/alexl/test/TE3003B_Integration_of_Robotics_and_Intelligent_Systems_2025/Week5/install/puzzlebot_description/lib/python3.10/site-packages/puzzlebot_description-0.0.0-py3.10.egg-info
[1.560s] running install_scripts
[1.584s] Installing joint_state_publisher script to /home/alexl/test/TE3003B_Integration_of_Robotics_and_Intelligent_Systems_2025/Week5/install/puzzlebot_description/lib/puzzlebot_description
[1.585s] writing list of installed files to '/home/alexl/test/TE3003B_Integration_of_Robotics_and_Intelligent_Systems_2025/Week5/build/puzzlebot_description/install.log'
[1.664s] Invoked command in '/home/alexl/test/TE3003B_Integration_of_Robotics_and_Intelligent_Systems_2025/Week5/Gazebo Simulator/puzzlebot_description' returned '0': PYTHONPATH=/home/alexl/test/TE3003B_Integration_of_Robotics_and_Intelligent_Systems_2025/Week5/build/puzzlebot_description/prefix_override:/usr/lib/python3/dist-packages/colcon_core/task/python/colcon_distutils_commands:/home/alexl/test/TE3003B_Integration_of_Robotics_and_Intelligent_Systems_2025/Week5/install/puzzlebot_description/lib/python3.10/site-packages:${PYTHONPATH} /usr/bin/python3 -W ignore:setup.py install is deprecated -W ignore:easy_install command is deprecated setup.py egg_info --egg-base ../../build/puzzlebot_description build --build-base /home/alexl/test/TE3003B_Integration_of_Robotics_and_Intelligent_Systems_2025/Week5/build/puzzlebot_description/build install --record /home/alexl/test/TE3003B_Integration_of_Robotics_and_Intelligent_Systems_2025/Week5/build/puzzlebot_description/install.log --single-version-externally-managed install_data
