[1.775s] Invoking command in '/home/ulisess/TE3003B/modulo_3/Act3.5/puzzlebot_description': PYTHONPATH=/home/ulisess/TE3003B/modulo_3/Act3.5/build/puzzlebot_description/prefix_override:/usr/lib/python3/dist-packages/colcon_core/task/python/colcon_distutils_commands:/home/ulisess/TE3003B/modulo_3/Act3.5/install/puzzlebot_description/lib/python3.10/site-packages:${PYTHONPATH} /usr/bin/python3 -W ignore:setup.py install is deprecated -W ignore:easy_install command is deprecated setup.py egg_info --egg-base ../build/puzzlebot_description build --build-base /home/ulisess/TE3003B/modulo_3/Act3.5/build/puzzlebot_description/build install --record /home/ulisess/TE3003B/modulo_3/Act3.5/build/puzzlebot_description/install.log --single-version-externally-managed install_data
[2.207s] running egg_info
[2.208s] writing ../build/puzzlebot_description/puzzlebot_description.egg-info/PKG-INFO
[2.209s] writing dependency_links to ../build/puzzlebot_description/puzzlebot_description.egg-info/dependency_links.txt
[2.210s] writing entry points to ../build/puzzlebot_description/puzzlebot_description.egg-info/entry_points.txt
[2.210s] writing requirements to ../build/puzzlebot_description/puzzlebot_description.egg-info/requires.txt
[2.210s] writing top-level names to ../build/puzzlebot_description/puzzlebot_description.egg-info/top_level.txt
[2.215s] reading manifest file '../build/puzzlebot_description/puzzlebot_description.egg-info/SOURCES.txt'
[2.215s] adding license file 'LICENSE'
[2.217s] writing manifest file '../build/puzzlebot_description/puzzlebot_description.egg-info/SOURCES.txt'
[2.220s] running build
[2.220s] running build_py
[2.220s] running install
[2.221s] running install_lib
[2.224s] running install_data
[2.225s] copying urdf/mcr2_control/gazebo_control.xacro -> /home/ulisess/TE3003B/modulo_3/Act3.5/install/puzzlebot_description/share/puzzlebot_description/urdf/mcr2_control
[2.226s] running install_egg_info
[2.230s] removing '/home/ulisess/TE3003B/modulo_3/Act3.5/install/puzzlebot_description/lib/python3.10/site-packages/puzzlebot_description-0.0.0-py3.10.egg-info' (and everything under it)
[2.231s] Copying ../build/puzzlebot_description/puzzlebot_description.egg-info to /home/ulisess/TE3003B/modulo_3/Act3.5/install/puzzlebot_description/lib/python3.10/site-packages/puzzlebot_description-0.0.0-py3.10.egg-info
[2.233s] running install_scripts
[2.268s] Installing joint_state_publisher script to /home/ulisess/TE3003B/modulo_3/Act3.5/install/puzzlebot_description/lib/puzzlebot_description
[2.269s] writing list of installed files to '/home/ulisess/TE3003B/modulo_3/Act3.5/build/puzzlebot_description/install.log'
[2.329s] Invoked command in '/home/ulisess/TE3003B/modulo_3/Act3.5/puzzlebot_description' returned '0': PYTHONPATH=/home/ulisess/TE3003B/modulo_3/Act3.5/build/puzzlebot_description/prefix_override:/usr/lib/python3/dist-packages/colcon_core/task/python/colcon_distutils_commands:/home/ulisess/TE3003B/modulo_3/Act3.5/install/puzzlebot_description/lib/python3.10/site-packages:${PYTHONPATH} /usr/bin/python3 -W ignore:setup.py install is deprecated -W ignore:easy_install command is deprecated setup.py egg_info --egg-base ../build/puzzlebot_description build --build-base /home/ulisess/TE3003B/modulo_3/Act3.5/build/puzzlebot_description/build install --record /home/ulisess/TE3003B/modulo_3/Act3.5/build/puzzlebot_description/install.log --single-version-externally-managed install_data
