[0.751s] Invoking command in '/home/emeryb/ros2_ws/src/equipo6/TE3003B/equipo6': PYTHONPATH=/home/emeryb/ros2_ws/src/equipo6/TE3003B/build/equipo6/prefix_override:/usr/lib/python3/dist-packages/colcon_core/task/python/colcon_distutils_commands:/home/emeryb/ros2_ws/src/equipo6/TE3003B/install/equipo6/lib/python3.10/site-packages:${PYTHONPATH} /usr/bin/python3 -W ignore:setup.py install is deprecated -W ignore:easy_install command is deprecated setup.py egg_info --egg-base ../build/equipo6 build --build-base /home/emeryb/ros2_ws/src/equipo6/TE3003B/build/equipo6/build install --record /home/emeryb/ros2_ws/src/equipo6/TE3003B/build/equipo6/install.log --single-version-externally-managed install_data
[0.939s] running egg_info
[0.939s] writing ../build/equipo6/equipo6.egg-info/PKG-INFO
[0.939s] writing dependency_links to ../build/equipo6/equipo6.egg-info/dependency_links.txt
[0.939s] writing entry points to ../build/equipo6/equipo6.egg-info/entry_points.txt
[0.939s] writing requirements to ../build/equipo6/equipo6.egg-info/requires.txt
[0.940s] writing top-level names to ../build/equipo6/equipo6.egg-info/top_level.txt
[0.941s] reading manifest file '../build/equipo6/equipo6.egg-info/SOURCES.txt'
[0.942s] writing manifest file '../build/equipo6/equipo6.egg-info/SOURCES.txt'
[0.943s] running build
[0.943s] running build_py
[0.943s] running install
[0.943s] running install_lib
[0.943s] running install_data
[0.944s] running install_egg_info
[0.946s] removing '/home/emeryb/ros2_ws/src/equipo6/TE3003B/install/equipo6/lib/python3.10/site-packages/equipo6-0.0.0-py3.10.egg-info' (and everything under it)
[0.946s] Copying ../build/equipo6/equipo6.egg-info to /home/emeryb/ros2_ws/src/equipo6/TE3003B/install/equipo6/lib/python3.10/site-packages/equipo6-0.0.0-py3.10.egg-info
[0.946s] running install_scripts
[0.962s] writing list of installed files to '/home/emeryb/ros2_ws/src/equipo6/TE3003B/build/equipo6/install.log'
[0.990s] Invoked command in '/home/emeryb/ros2_ws/src/equipo6/TE3003B/equipo6' returned '0': PYTHONPATH=/home/emeryb/ros2_ws/src/equipo6/TE3003B/build/equipo6/prefix_override:/usr/lib/python3/dist-packages/colcon_core/task/python/colcon_distutils_commands:/home/emeryb/ros2_ws/src/equipo6/TE3003B/install/equipo6/lib/python3.10/site-packages:${PYTHONPATH} /usr/bin/python3 -W ignore:setup.py install is deprecated -W ignore:easy_install command is deprecated setup.py egg_info --egg-base ../build/equipo6 build --build-base /home/emeryb/ros2_ws/src/equipo6/TE3003B/build/equipo6/build install --record /home/emeryb/ros2_ws/src/equipo6/TE3003B/build/equipo6/install.log --single-version-externally-managed install_data
