[1.705s] Traceback (most recent call last):
  File "/usr/lib/python3/dist-packages/colcon_parallel_executor/executor/parallel.py", line 75, in execute
    loop.run_until_complete(future)
  File "/usr/lib/python3.10/asyncio/base_events.py", line 636, in run_until_complete
    self.run_forever()
  File "/usr/lib/python3.10/asyncio/base_events.py", line 603, in run_forever
    self._run_once()
  File "/usr/lib/python3.10/asyncio/base_events.py", line 1871, in _run_once
    event_list = self._selector.select(timeout)
  File "/usr/lib/python3.10/selectors.py", line 469, in select
    fd_event_list = self._selector.poll(timeout, max_ev)
KeyboardInterrupt

During handling of the above exception, another exception occurred:

Traceback (most recent call last):
  File "/usr/lib/python3/dist-packages/colcon_core/executor/__init__.py", line 91, in __call__
    rc = await self.task(*args, **kwargs)
  File "/usr/lib/python3/dist-packages/colcon_core/task/__init__.py", line 93, in __call__
    return await task_method(*args, **kwargs)
  File "/usr/lib/python3/dist-packages/colcon_ros/task/ament_python/build.py", line 102, in build
    return await extension.build(additional_hooks=additional_hooks)
  File "/usr/lib/python3/dist-packages/colcon_core/task/python/build.py", line 96, in build
    available_commands = await self._get_available_commands(
  File "/usr/lib/python3/dist-packages/colcon_core/task/python/build.py", line 194, in _get_available_commands
    output = await check_output(
  File "/usr/lib/python3/dist-packages/colcon_core/subprocess.py", line 129, in check_output
    assert not rc, f'Expected {args} to pass: {stderr_data}'
AssertionError: Expected ['/usr/bin/python3', '-W', 'ignore:setup.py install is deprecated', '-W', 'ignore:easy_install command is deprecated', 'setup.py', '--help-commands'] to pass: Traceback (most recent call last):
  File "/usr/lib/python3/dist-packages/pkg_resources/__init__.py", line 2866, in get_entry_map
    ep_map = self._ep_map
  File "/usr/lib/python3/dist-packages/pkg_resources/__init__.py", line 2828, in __getattr__
    raise AttributeError(attr)
AttributeError: _ep_map. Did you mean: '_dep_map'?

During handling of the above exception, another exception occurred:

Traceback (most recent call last):
  File "/home/ulisess/TE3003B/minichallenges/TE3003B/setup.py", line 7, in <module>
    setup(
  File "/usr/lib/python3/dist-packages/setuptools/__init__.py", line 152, in setup
    _install_setup_requires(attrs)
  File "/usr/lib/python3/dist-packages/setuptools/__init__.py", line 142, in _install_setup_requires
    dist = MinimalDistribution(attrs)
  File "/usr/lib/python3/dist-packages/setuptools/__init__.py", line 134, in __init__
    distutils.core.Distribution.__init__(self, filtered)
  File "/usr/lib/python3/dist-packages/setuptools/dist.py", line 457, in __init__
    for ep in pkg_resources.iter_entry_points('distutils.setup_keywords'):
  File "/usr/lib/python3/dist-packages/pkg_resources/__init__.py", line 646, in <genexpr>
    for entry in dist.get_entry_map(group).values()
  File "/usr/lib/python3/dist-packages/pkg_resources/__init__.py", line 2868, in get_entry_map
    ep_map = self._ep_map = EntryPoint.parse_map(
  File "/usr/lib/python3/dist-packages/pkg_resources/__init__.py", line 2557, in parse_map
    maps[group] = cls.parse_group(group, lines, dist)
  File "/usr/lib/python3/dist-packages/pkg_resources/__init__.py", line 2535, in parse_group
    ep = cls.parse(line, dist)
  File "/usr/lib/python3/dist-packages/pkg_resources/__init__.py", line 2515, in parse
    extras = cls._parse_extras(res['extras'])
  File "/usr/lib/python3/dist-packages/pkg_resources/__init__.py", line 2523, in _parse_extras
    req = Requirement.parse('x' + extras_spec)
  File "/usr/lib/python3/dist-packages/pkg_resources/__init__.py", line 3154, in parse
    req, = parse_requirements(s)
  File "/usr/lib/python3/dist-packages/pkg_resources/__init__.py", line 3099, in parse_requirements
    yield Requirement(line)
  File "/usr/lib/python3/dist-packages/pkg_resources/__init__.py", line 3109, in __init__
    super(Requirement, self).__init__(requirement_string)
  File "/usr/lib/python3/dist-packages/pkg_resources/_vendor/packaging/requirements.py", line 102, in __init__
    req = REQUIREMENT.parseString(requirement_string)
  File "/usr/lib/python3/dist-packages/pkg_resources/_vendor/pyparsing.py", line 1644, in parseString
    loc, tokens = self._parse( instring, 0 )
  File "/usr/lib/python3/dist-packages/pkg_resources/_vendor/pyparsing.py", line 1402, in _parseNoCache
    loc,tokens = self.parseImpl( instring, preloc, doActions )
  File "/usr/lib/python3/dist-packages/pkg_resources/_vendor/pyparsing.py", line 3419, in parseImpl
    resultlist += exprtokens
  File "/usr/lib/python3/dist-packages/pkg_resources/_vendor/pyparsing.py", line 668, in __iadd__
    otherdictitems = [(k, _ParseResultsWithOffset(v[0],addoffset(v[1])) )
  File "/usr/lib/python3/dist-packages/pkg_resources/_vendor/pyparsing.py", line 668, in <listcomp>
    otherdictitems = [(k, _ParseResultsWithOffset(v[0],addoffset(v[1])) )
  File "/usr/lib/python3/dist-packages/pkg_resources/_vendor/pyparsing.py", line 315, in __init__
    def __init__(self,p1,p2):
KeyboardInterrupt

