[0.390s] DEBUG:colcon:Command line arguments: ['/usr/bin/colcon', 'build']
[0.391s] DEBUG:colcon:Parsed command line arguments: Namespace(log_base=None, log_level=None, verb_name='build', build_base='build', install_base='install', merge_install=False, symlink_install=False, test_result_base=None, continue_on_error=False, executor='parallel', parallel_workers=8, event_handlers=None, ignore_user_meta=False, metas=['./colcon.meta'], base_paths=['.'], packages_ignore=None, packages_ignore_regex=None, paths=None, packages_up_to=None, packages_up_to_regex=None, packages_above=None, packages_above_and_dependencies=None, packages_above_depth=None, packages_select_by_dep=None, packages_skip_by_dep=None, packages_skip_up_to=None, packages_select_build_failed=False, packages_skip_build_finished=False, packages_select_test_failures=False, packages_skip_test_passed=False, packages_select=None, packages_skip=None, packages_select_regex=None, packages_skip_regex=None, packages_start=None, packages_end=None, allow_overriding=[], cmake_args=None, cmake_target=None, cmake_target_skip_unavailable=False, cmake_clean_cache=False, cmake_clean_first=False, cmake_force_configure=False, ament_cmake_args=None, catkin_cmake_args=None, catkin_skip_building_tests=False, mixin_files=None, mixin=None, verb_parser=<colcon_mixin.mixin.mixin_argument.MixinArgumentDecorator object at 0x7b095f45d810>, verb_extension=<colcon_core.verb.build.BuildVerb object at 0x7b095f45d090>, main=<bound method BuildVerb.main of <colcon_core.verb.build.BuildVerb object at 0x7b095f45d090>>, mixin_verb=('build',))
[0.951s] Level 1:colcon.colcon_core.package_discovery:discover_packages(colcon_meta) check parameters
[0.952s] Level 1:colcon.colcon_core.package_discovery:discover_packages(recursive) check parameters
[0.952s] Level 1:colcon.colcon_core.package_discovery:discover_packages(ignore) check parameters
[0.952s] Level 1:colcon.colcon_core.package_discovery:discover_packages(path) check parameters
[0.952s] Level 1:colcon.colcon_core.package_discovery:discover_packages(colcon_meta) discover
[0.953s] Level 1:colcon.colcon_core.package_discovery:discover_packages(recursive) discover
[0.953s] INFO:colcon.colcon_core.package_discovery:Crawling recursively for packages in '/home/ulisess/TE3003B/minichallenges/TE3003B'
[0.953s] Level 1:colcon.colcon_core.package_identification:_identify(.) by extensions ['ignore', 'ignore_ament_install']
[0.953s] Level 1:colcon.colcon_core.package_identification:_identify(.) by extension 'ignore'
[0.954s] Level 1:colcon.colcon_core.package_identification:_identify(.) by extension 'ignore_ament_install'
[0.954s] Level 1:colcon.colcon_core.package_identification:_identify(.) by extensions ['colcon_pkg']
[0.954s] Level 1:colcon.colcon_core.package_identification:_identify(.) by extension 'colcon_pkg'
[0.954s] Level 1:colcon.colcon_core.package_identification:_identify(.) by extensions ['colcon_meta']
[0.954s] Level 1:colcon.colcon_core.package_identification:_identify(.) by extension 'colcon_meta'
[0.954s] Level 1:colcon.colcon_core.package_identification:_identify(.) by extensions ['ros']
[0.954s] Level 1:colcon.colcon_core.package_identification:_identify(.) by extension 'ros'
[1.004s] DEBUG:colcon.colcon_core.package_identification:Package '.' with type 'ros.ament_python' and name 'puzzlebot'
[1.004s] Level 1:colcon.colcon_core.package_discovery:discover_packages(recursive) using defaults
[1.004s] Level 1:colcon.colcon_core.package_discovery:discover_packages(ignore) discover
[1.005s] Level 1:colcon.colcon_core.package_discovery:discover_packages(ignore) using defaults
[1.005s] Level 1:colcon.colcon_core.package_discovery:discover_packages(path) discover
[1.005s] Level 1:colcon.colcon_core.package_discovery:discover_packages(path) using defaults
[1.140s] Level 1:colcon.colcon_core.package_discovery:discover_packages(prefix_path) check parameters
[1.140s] Level 1:colcon.colcon_core.package_discovery:discover_packages(prefix_path) discover
[1.153s] DEBUG:colcon.colcon_installed_package_information.package_discovery:Found 337 installed packages in /opt/ros/humble
[1.158s] Level 1:colcon.colcon_core.package_discovery:discover_packages(prefix_path) using defaults
[1.280s] Level 5:colcon.colcon_core.verb:set package 'puzzlebot' build argument 'cmake_args' from command line to 'None'
[1.281s] Level 5:colcon.colcon_core.verb:set package 'puzzlebot' build argument 'cmake_target' from command line to 'None'
[1.281s] Level 5:colcon.colcon_core.verb:set package 'puzzlebot' build argument 'cmake_target_skip_unavailable' from command line to 'False'
[1.281s] Level 5:colcon.colcon_core.verb:set package 'puzzlebot' build argument 'cmake_clean_cache' from command line to 'False'
[1.281s] Level 5:colcon.colcon_core.verb:set package 'puzzlebot' build argument 'cmake_clean_first' from command line to 'False'
[1.281s] Level 5:colcon.colcon_core.verb:set package 'puzzlebot' build argument 'cmake_force_configure' from command line to 'False'
[1.281s] Level 5:colcon.colcon_core.verb:set package 'puzzlebot' build argument 'ament_cmake_args' from command line to 'None'
[1.281s] Level 5:colcon.colcon_core.verb:set package 'puzzlebot' build argument 'catkin_cmake_args' from command line to 'None'
[1.281s] Level 5:colcon.colcon_core.verb:set package 'puzzlebot' build argument 'catkin_skip_building_tests' from command line to 'False'
[1.281s] DEBUG:colcon.colcon_core.verb:Building package 'puzzlebot' with the following arguments: {'ament_cmake_args': None, 'build_base': '/home/ulisess/TE3003B/minichallenges/TE3003B/build/puzzlebot', 'catkin_cmake_args': None, 'catkin_skip_building_tests': False, 'cmake_args': None, 'cmake_clean_cache': False, 'cmake_clean_first': False, 'cmake_force_configure': False, 'cmake_target': None, 'cmake_target_skip_unavailable': False, 'install_base': '/home/ulisess/TE3003B/minichallenges/TE3003B/install/puzzlebot', 'merge_install': False, 'path': '/home/ulisess/TE3003B/minichallenges/TE3003B', 'symlink_install': False, 'test_result_base': None}
[1.282s] INFO:colcon.colcon_core.executor:Executing jobs using 'parallel' executor
[1.285s] DEBUG:colcon.colcon_parallel_executor.executor.parallel:run_until_complete
[1.287s] INFO:colcon.colcon_ros.task.ament_python.build:Building ROS package in '/home/ulisess/TE3003B/minichallenges/TE3003B' with build type 'ament_python'
[1.289s] Level 1:colcon.colcon_core.shell:create_environment_hook('puzzlebot', 'ament_prefix_path')
[1.295s] INFO:colcon.colcon_core.plugin_system:Skipping extension 'colcon_core.shell.bat': Not used on non-Windows systems
[1.296s] INFO:colcon.colcon_core.shell:Creating environment hook '/home/ulisess/TE3003B/minichallenges/TE3003B/install/puzzlebot/share/puzzlebot/hook/ament_prefix_path.ps1'
[1.299s] INFO:colcon.colcon_core.shell:Creating environment descriptor '/home/ulisess/TE3003B/minichallenges/TE3003B/install/puzzlebot/share/puzzlebot/hook/ament_prefix_path.dsv'
[1.302s] INFO:colcon.colcon_core.shell:Creating environment hook '/home/ulisess/TE3003B/minichallenges/TE3003B/install/puzzlebot/share/puzzlebot/hook/ament_prefix_path.sh'
[1.306s] INFO:colcon.colcon_core.shell:Skip shell extension 'powershell' for command environment: Not usable outside of PowerShell
[1.306s] DEBUG:colcon.colcon_core.shell:Skip shell extension 'dsv' for command environment
[2.232s] INFO:colcon.colcon_core.task.python.build:Building Python package in '/home/ulisess/TE3003B/minichallenges/TE3003B'
[2.233s] INFO:colcon.colcon_core.shell:Skip shell extension 'powershell' for command environment: Not usable outside of PowerShell
[2.234s] DEBUG:colcon.colcon_core.shell:Skip shell extension 'dsv' for command environment
[3.559s] DEBUG:colcon.colcon_core.event_handler.log_command:Invoking command in '/home/ulisess/TE3003B/minichallenges/TE3003B': PYTHONPATH=/home/ulisess/TE3003B/minichallenges/TE3003B/build/puzzlebot/prefix_override:/usr/lib/python3/dist-packages/colcon_core/task/python/colcon_distutils_commands:/home/ulisess/TE3003B/minichallenges/TE3003B/install/puzzlebot/lib/python3.10/site-packages:${PYTHONPATH} /usr/bin/python3 -W ignore:setup.py install is deprecated -W ignore:easy_install command is deprecated setup.py egg_info --egg-base build/puzzlebot build --build-base /home/ulisess/TE3003B/minichallenges/TE3003B/build/puzzlebot/build install --record /home/ulisess/TE3003B/minichallenges/TE3003B/build/puzzlebot/install.log --single-version-externally-managed install_data
[4.705s] DEBUG:colcon.colcon_core.event_handler.log_command:Invoked command in '/home/ulisess/TE3003B/minichallenges/TE3003B' returned '0': PYTHONPATH=/home/ulisess/TE3003B/minichallenges/TE3003B/build/puzzlebot/prefix_override:/usr/lib/python3/dist-packages/colcon_core/task/python/colcon_distutils_commands:/home/ulisess/TE3003B/minichallenges/TE3003B/install/puzzlebot/lib/python3.10/site-packages:${PYTHONPATH} /usr/bin/python3 -W ignore:setup.py install is deprecated -W ignore:easy_install command is deprecated setup.py egg_info --egg-base build/puzzlebot build --build-base /home/ulisess/TE3003B/minichallenges/TE3003B/build/puzzlebot/build install --record /home/ulisess/TE3003B/minichallenges/TE3003B/build/puzzlebot/install.log --single-version-externally-managed install_data
[4.711s] Level 1:colcon.colcon_core.environment:checking '/home/ulisess/TE3003B/minichallenges/TE3003B/install/puzzlebot' for CMake module files
[4.714s] Level 1:colcon.colcon_core.environment:checking '/home/ulisess/TE3003B/minichallenges/TE3003B/install/puzzlebot' for CMake config files
[4.724s] Level 1:colcon.colcon_core.environment:checking '/home/ulisess/TE3003B/minichallenges/TE3003B/install/puzzlebot/lib'
[4.725s] Level 1:colcon.colcon_core.environment:checking '/home/ulisess/TE3003B/minichallenges/TE3003B/install/puzzlebot/bin'
[4.726s] Level 1:colcon.colcon_core.environment:checking '/home/ulisess/TE3003B/minichallenges/TE3003B/install/puzzlebot/lib/pkgconfig/puzzlebot.pc'
[4.726s] Level 1:colcon.colcon_core.environment:checking '/home/ulisess/TE3003B/minichallenges/TE3003B/install/puzzlebot/lib/python3.10/site-packages'
[4.727s] Level 1:colcon.colcon_core.shell:create_environment_hook('puzzlebot', 'pythonpath')
[4.728s] INFO:colcon.colcon_core.shell:Creating environment hook '/home/ulisess/TE3003B/minichallenges/TE3003B/install/puzzlebot/share/puzzlebot/hook/pythonpath.ps1'
[4.731s] INFO:colcon.colcon_core.shell:Creating environment descriptor '/home/ulisess/TE3003B/minichallenges/TE3003B/install/puzzlebot/share/puzzlebot/hook/pythonpath.dsv'
[4.733s] INFO:colcon.colcon_core.shell:Creating environment hook '/home/ulisess/TE3003B/minichallenges/TE3003B/install/puzzlebot/share/puzzlebot/hook/pythonpath.sh'
[4.734s] Level 1:colcon.colcon_core.environment:checking '/home/ulisess/TE3003B/minichallenges/TE3003B/install/puzzlebot/bin'
[4.735s] Level 1:colcon.colcon_core.environment:create_environment_scripts_only(puzzlebot)
[4.736s] INFO:colcon.colcon_core.shell:Creating package script '/home/ulisess/TE3003B/minichallenges/TE3003B/install/puzzlebot/share/puzzlebot/package.ps1'
[4.739s] INFO:colcon.colcon_core.shell:Creating package descriptor '/home/ulisess/TE3003B/minichallenges/TE3003B/install/puzzlebot/share/puzzlebot/package.dsv'
[4.743s] INFO:colcon.colcon_core.shell:Creating package script '/home/ulisess/TE3003B/minichallenges/TE3003B/install/puzzlebot/share/puzzlebot/package.sh'
[4.747s] INFO:colcon.colcon_core.shell:Creating package script '/home/ulisess/TE3003B/minichallenges/TE3003B/install/puzzlebot/share/puzzlebot/package.bash'
[4.750s] INFO:colcon.colcon_core.shell:Creating package script '/home/ulisess/TE3003B/minichallenges/TE3003B/install/puzzlebot/share/puzzlebot/package.zsh'
[4.751s] Level 1:colcon.colcon_core.environment:create_file_with_runtime_dependencies(/home/ulisess/TE3003B/minichallenges/TE3003B/install/puzzlebot/share/colcon-core/packages/puzzlebot)
[4.753s] DEBUG:colcon.colcon_parallel_executor.executor.parallel:closing loop
[4.753s] DEBUG:colcon.colcon_parallel_executor.executor.parallel:loop closed
[4.754s] DEBUG:colcon.colcon_parallel_executor.executor.parallel:run_until_complete finished with '0'
[4.754s] DEBUG:colcon.colcon_core.event_reactor:joining thread
[4.775s] INFO:colcon.colcon_core.plugin_system:Skipping extension 'colcon_notification.desktop_notification.terminal_notifier': Not used on non-Darwin systems
[4.776s] INFO:colcon.colcon_core.plugin_system:Skipping extension 'colcon_notification.desktop_notification.win32': Not used on non-Windows systems
[4.777s] INFO:colcon.colcon_notification.desktop_notification:Sending desktop notification using 'notify2'
[4.816s] DEBUG:colcon.colcon_core.event_reactor:joined thread
[4.817s] INFO:colcon.colcon_core.shell:Creating prefix script '/home/ulisess/TE3003B/minichallenges/TE3003B/install/local_setup.ps1'
[4.819s] INFO:colcon.colcon_core.shell:Creating prefix util module '/home/ulisess/TE3003B/minichallenges/TE3003B/install/_local_setup_util_ps1.py'
[4.822s] INFO:colcon.colcon_core.shell:Creating prefix chain script '/home/ulisess/TE3003B/minichallenges/TE3003B/install/setup.ps1'
[4.827s] INFO:colcon.colcon_core.shell:Creating prefix script '/home/ulisess/TE3003B/minichallenges/TE3003B/install/local_setup.sh'
[4.830s] INFO:colcon.colcon_core.shell:Creating prefix util module '/home/ulisess/TE3003B/minichallenges/TE3003B/install/_local_setup_util_sh.py'
[4.832s] INFO:colcon.colcon_core.shell:Creating prefix chain script '/home/ulisess/TE3003B/minichallenges/TE3003B/install/setup.sh'
[4.835s] INFO:colcon.colcon_core.shell:Creating prefix script '/home/ulisess/TE3003B/minichallenges/TE3003B/install/local_setup.bash'
[4.837s] INFO:colcon.colcon_core.shell:Creating prefix chain script '/home/ulisess/TE3003B/minichallenges/TE3003B/install/setup.bash'
[4.839s] INFO:colcon.colcon_core.shell:Creating prefix script '/home/ulisess/TE3003B/minichallenges/TE3003B/install/local_setup.zsh'
[4.841s] INFO:colcon.colcon_core.shell:Creating prefix chain script '/home/ulisess/TE3003B/minichallenges/TE3003B/install/setup.zsh'
