[1.055s] Invoking command in '/home/ulisess/TE3003B/modulo 3/Act3.5/equipo6': PYTHONPATH=/home/ulisess/TE3003B/modulo 3/Act3.5/build/equipo6/prefix_override:/usr/lib/python3/dist-packages/colcon_core/task/python/colcon_distutils_commands:/home/ulisess/TE3003B/modulo 3/Act3.5/install/equipo6/lib/python3.10/site-packages:${PYTHONPATH} /usr/bin/python3 -W ignore:setup.py install is deprecated -W ignore:easy_install command is deprecated setup.py egg_info --egg-base ../build/equipo6 build --build-base /home/ulisess/TE3003B/modulo 3/Act3.5/build/equipo6/build install --record /home/ulisess/TE3003B/modulo 3/Act3.5/build/equipo6/install.log --single-version-externally-managed install_data
[1.347s] running egg_info
[1.348s] writing ../build/equipo6/equipo6.egg-info/PKG-INFO
[1.348s] writing dependency_links to ../build/equipo6/equipo6.egg-info/dependency_links.txt
[1.348s] writing entry points to ../build/equipo6/equipo6.egg-info/entry_points.txt
[1.349s] writing requirements to ../build/equipo6/equipo6.egg-info/requires.txt
[1.349s] writing top-level names to ../build/equipo6/equipo6.egg-info/top_level.txt
[1.352s] reading manifest file '../build/equipo6/equipo6.egg-info/SOURCES.txt'
[1.354s] writing manifest file '../build/equipo6/equipo6.egg-info/SOURCES.txt'
[1.354s] running build
[1.354s] running build_py
[1.354s] running install
[1.355s] running install_lib
[1.357s] running install_data
[1.357s] creating /home/ulisess/TE3003B/modulo 3/Act3.5/install/equipo6/share/equipo6/plugins
[1.357s] copying plugins/libDiffDynamicPlugin.so -> /home/ulisess/TE3003B/modulo 3/Act3.5/install/equipo6/share/equipo6/plugins
[1.360s] running install_egg_info
[1.363s] removing '/home/ulisess/TE3003B/modulo 3/Act3.5/install/equipo6/lib/python3.10/site-packages/equipo6-0.0.0-py3.10.egg-info' (and everything under it)
[1.364s] Copying ../build/equipo6/equipo6.egg-info to /home/ulisess/TE3003B/modulo 3/Act3.5/install/equipo6/lib/python3.10/site-packages/equipo6-0.0.0-py3.10.egg-info
[1.365s] running install_scripts
[1.390s] writing list of installed files to '/home/ulisess/TE3003B/modulo 3/Act3.5/build/equipo6/install.log'
[1.449s] Invoked command in '/home/ulisess/TE3003B/modulo 3/Act3.5/equipo6' returned '0': PYTHONPATH=/home/ulisess/TE3003B/modulo 3/Act3.5/build/equipo6/prefix_override:/usr/lib/python3/dist-packages/colcon_core/task/python/colcon_distutils_commands:/home/ulisess/TE3003B/modulo 3/Act3.5/install/equipo6/lib/python3.10/site-packages:${PYTHONPATH} /usr/bin/python3 -W ignore:setup.py install is deprecated -W ignore:easy_install command is deprecated setup.py egg_info --egg-base ../build/equipo6 build --build-base /home/ulisess/TE3003B/modulo 3/Act3.5/build/equipo6/build install --record /home/ulisess/TE3003B/modulo 3/Act3.5/build/equipo6/install.log --single-version-externally-managed install_data
