[0.258s] Invoking command in '/home/alexl/final_ws/build/puzzlebot_aruco_msgs': CMAKE_PREFIX_PATH=${CMAKE_PREFIX_PATH}:/home/alexl/final_ws/install/puzzlebot:/home/alexl/ros2_ws/install/tf_examples:/home/alexl/ros2_ws/install/puzzlebot_sim:/home/alexl/ros2_ws/install/puzzlebot_gazebo:/home/alexl/ros2_ws/install/puzzlebot_description:/home/alexl/ros2_ws/install/puzzle_drone:/home/alexl/ros2_ws/install/motor_control:/home/alexl/ros2_ws/install/mobile_robotics:/home/alexl/ros2_ws/install/challenge:/home/alexl/TE3003B/install/puzzlebot:/home/alexl/ros2_ws/src/mobile_robotics/install/mobile_robotics:/opt/ros/humble /usr/bin/cmake --build /home/alexl/final_ws/build/puzzlebot_aruco_msgs -- -j12 -l12
[0.973s] [  3%] Built target puzzlebot_aruco_msgs__cpp
[0.993s] [  3%] Built target ament_cmake_python_copy_puzzlebot_aruco_msgs
[1.000s] [ 12%] Built target puzzlebot_aruco_msgs__rosidl_generator_c
[1.038s] [ 58%] Built target puzzlebot_aruco_msgs__rosidl_typesupport_introspection_c
[1.038s] [ 58%] Built target puzzlebot_aruco_msgs__rosidl_typesupport_c
[1.038s] [ 58%] Built target puzzlebot_aruco_msgs__rosidl_typesupport_cpp
[1.038s] [ 58%] Built target puzzlebot_aruco_msgs__rosidl_typesupport_introspection_cpp
[1.038s] [ 61%] Built target puzzlebot_aruco_msgs__rosidl_typesupport_fastrtps_cpp
[1.044s] [ 70%] Built target puzzlebot_aruco_msgs__rosidl_typesupport_fastrtps_c
[1.071s] [ 70%] Built target puzzlebot_aruco_msgs
[1.104s] [ 74%] Built target puzzlebot_aruco_msgs__py
[1.152s] [ 80%] Built target puzzlebot_aruco_msgs__rosidl_generator_py
[1.187s] [ 93%] Built target puzzlebot_aruco_msgs__rosidl_typesupport_fastrtps_c__pyext
[1.187s] [ 93%] Built target puzzlebot_aruco_msgs__rosidl_typesupport_c__pyext
[1.187s] [100%] Built target puzzlebot_aruco_msgs__rosidl_typesupport_introspection_c__pyext
[1.238s] running egg_info
[1.238s] writing puzzlebot_aruco_msgs.egg-info/PKG-INFO
[1.239s] writing dependency_links to puzzlebot_aruco_msgs.egg-info/dependency_links.txt
[1.239s] writing top-level names to puzzlebot_aruco_msgs.egg-info/top_level.txt
[1.242s] reading manifest file 'puzzlebot_aruco_msgs.egg-info/SOURCES.txt'
[1.244s] writing manifest file 'puzzlebot_aruco_msgs.egg-info/SOURCES.txt'
[1.275s] [100%] Built target ament_cmake_python_build_puzzlebot_aruco_msgs_egg
[1.289s] Invoked command in '/home/alexl/final_ws/build/puzzlebot_aruco_msgs' returned '0': CMAKE_PREFIX_PATH=${CMAKE_PREFIX_PATH}:/home/alexl/final_ws/install/puzzlebot:/home/alexl/ros2_ws/install/tf_examples:/home/alexl/ros2_ws/install/puzzlebot_sim:/home/alexl/ros2_ws/install/puzzlebot_gazebo:/home/alexl/ros2_ws/install/puzzlebot_description:/home/alexl/ros2_ws/install/puzzle_drone:/home/alexl/ros2_ws/install/motor_control:/home/alexl/ros2_ws/install/mobile_robotics:/home/alexl/ros2_ws/install/challenge:/home/alexl/TE3003B/install/puzzlebot:/home/alexl/ros2_ws/src/mobile_robotics/install/mobile_robotics:/opt/ros/humble /usr/bin/cmake --build /home/alexl/final_ws/build/puzzlebot_aruco_msgs -- -j12 -l12
[1.306s] Invoking command in '/home/alexl/final_ws/build/puzzlebot_aruco_msgs': CMAKE_PREFIX_PATH=${CMAKE_PREFIX_PATH}:/home/alexl/final_ws/install/puzzlebot:/home/alexl/ros2_ws/install/tf_examples:/home/alexl/ros2_ws/install/puzzlebot_sim:/home/alexl/ros2_ws/install/puzzlebot_gazebo:/home/alexl/ros2_ws/install/puzzlebot_description:/home/alexl/ros2_ws/install/puzzle_drone:/home/alexl/ros2_ws/install/motor_control:/home/alexl/ros2_ws/install/mobile_robotics:/home/alexl/ros2_ws/install/challenge:/home/alexl/TE3003B/install/puzzlebot:/home/alexl/ros2_ws/src/mobile_robotics/install/mobile_robotics:/opt/ros/humble /usr/bin/cmake --install /home/alexl/final_ws/build/puzzlebot_aruco_msgs
[1.316s] -- Install configuration: ""
[1.346s] -- Up-to-date: /home/alexl/final_ws/install/puzzlebot_aruco_msgs/share/ament_index/resource_index/rosidl_interfaces/puzzlebot_aruco_msgs
[1.347s] -- Up-to-date: /home/alexl/final_ws/install/puzzlebot_aruco_msgs/include/puzzlebot_aruco_msgs/puzzlebot_aruco_msgs
[1.348s] -- Up-to-date: /home/alexl/final_ws/install/puzzlebot_aruco_msgs/include/puzzlebot_aruco_msgs/puzzlebot_aruco_msgs/msg
[1.349s] -- Up-to-date: /home/alexl/final_ws/install/puzzlebot_aruco_msgs/include/puzzlebot_aruco_msgs/puzzlebot_aruco_msgs/msg/aruco_observation.h
[1.349s] -- Up-to-date: /home/alexl/final_ws/install/puzzlebot_aruco_msgs/include/puzzlebot_aruco_msgs/puzzlebot_aruco_msgs/msg/detail
[1.350s] -- Up-to-date: /home/alexl/final_ws/install/puzzlebot_aruco_msgs/include/puzzlebot_aruco_msgs/puzzlebot_aruco_msgs/msg/detail/aruco_observation__struct.h
[1.351s] -- Up-to-date: /home/alexl/final_ws/install/puzzlebot_aruco_msgs/include/puzzlebot_aruco_msgs/puzzlebot_aruco_msgs/msg/detail/aruco_observation__functions.h
[1.351s] -- Up-to-date: /home/alexl/final_ws/install/puzzlebot_aruco_msgs/include/puzzlebot_aruco_msgs/puzzlebot_aruco_msgs/msg/detail/aruco_observation__functions.c
[1.351s] -- Up-to-date: /home/alexl/final_ws/install/puzzlebot_aruco_msgs/include/puzzlebot_aruco_msgs/puzzlebot_aruco_msgs/msg/detail/aruco_observation__type_support.h
[1.351s] -- Up-to-date: /home/alexl/final_ws/install/puzzlebot_aruco_msgs/include/puzzlebot_aruco_msgs/puzzlebot_aruco_msgs/msg/rosidl_generator_c__visibility_control.h
[1.352s] -- Up-to-date: /home/alexl/final_ws/install/puzzlebot_aruco_msgs/share/puzzlebot_aruco_msgs/environment/library_path.sh
[1.353s] -- Up-to-date: /home/alexl/final_ws/install/puzzlebot_aruco_msgs/share/puzzlebot_aruco_msgs/environment/library_path.dsv
[1.353s] -- Up-to-date: /home/alexl/final_ws/install/puzzlebot_aruco_msgs/lib/libpuzzlebot_aruco_msgs__rosidl_generator_c.so
[1.353s] -- Up-to-date: /home/alexl/final_ws/install/puzzlebot_aruco_msgs/include/puzzlebot_aruco_msgs/puzzlebot_aruco_msgs
[1.353s] -- Up-to-date: /home/alexl/final_ws/install/puzzlebot_aruco_msgs/include/puzzlebot_aruco_msgs/puzzlebot_aruco_msgs/msg
[1.353s] -- Up-to-date: /home/alexl/final_ws/install/puzzlebot_aruco_msgs/include/puzzlebot_aruco_msgs/puzzlebot_aruco_msgs/msg/rosidl_typesupport_fastrtps_c__visibility_control.h
[1.353s] -- Up-to-date: /home/alexl/final_ws/install/puzzlebot_aruco_msgs/include/puzzlebot_aruco_msgs/puzzlebot_aruco_msgs/msg/detail
[1.353s] -- Up-to-date: /home/alexl/final_ws/install/puzzlebot_aruco_msgs/include/puzzlebot_aruco_msgs/puzzlebot_aruco_msgs/msg/detail/aruco_observation__rosidl_typesupport_fastrtps_c.h
[1.355s] -- Up-to-date: /home/alexl/final_ws/install/puzzlebot_aruco_msgs/lib/libpuzzlebot_aruco_msgs__rosidl_typesupport_fastrtps_c.so
[1.355s] -- Up-to-date: /home/alexl/final_ws/install/puzzlebot_aruco_msgs/include/puzzlebot_aruco_msgs/puzzlebot_aruco_msgs
[1.355s] -- Up-to-date: /home/alexl/final_ws/install/puzzlebot_aruco_msgs/include/puzzlebot_aruco_msgs/puzzlebot_aruco_msgs/msg
[1.355s] -- Up-to-date: /home/alexl/final_ws/install/puzzlebot_aruco_msgs/include/puzzlebot_aruco_msgs/puzzlebot_aruco_msgs/msg/aruco_observation.hpp
[1.355s] -- Up-to-date: /home/alexl/final_ws/install/puzzlebot_aruco_msgs/include/puzzlebot_aruco_msgs/puzzlebot_aruco_msgs/msg/rosidl_generator_cpp__visibility_control.hpp
[1.355s] -- Up-to-date: /home/alexl/final_ws/install/puzzlebot_aruco_msgs/include/puzzlebot_aruco_msgs/puzzlebot_aruco_msgs/msg/detail
[1.355s] -- Up-to-date: /home/alexl/final_ws/install/puzzlebot_aruco_msgs/include/puzzlebot_aruco_msgs/puzzlebot_aruco_msgs/msg/detail/aruco_observation__type_support.hpp
[1.355s] -- Up-to-date: /home/alexl/final_ws/install/puzzlebot_aruco_msgs/include/puzzlebot_aruco_msgs/puzzlebot_aruco_msgs/msg/detail/aruco_observation__traits.hpp
[1.356s] -- Up-to-date: /home/alexl/final_ws/install/puzzlebot_aruco_msgs/include/puzzlebot_aruco_msgs/puzzlebot_aruco_msgs/msg/detail/aruco_observation__struct.hpp
[1.356s] -- Up-to-date: /home/alexl/final_ws/install/puzzlebot_aruco_msgs/include/puzzlebot_aruco_msgs/puzzlebot_aruco_msgs/msg/detail/aruco_observation__builder.hpp
[1.356s] -- Up-to-date: /home/alexl/final_ws/install/puzzlebot_aruco_msgs/include/puzzlebot_aruco_msgs/puzzlebot_aruco_msgs
[1.356s] -- Up-to-date: /home/alexl/final_ws/install/puzzlebot_aruco_msgs/include/puzzlebot_aruco_msgs/puzzlebot_aruco_msgs/msg
[1.356s] -- Up-to-date: /home/alexl/final_ws/install/puzzlebot_aruco_msgs/include/puzzlebot_aruco_msgs/puzzlebot_aruco_msgs/msg/rosidl_typesupport_fastrtps_cpp__visibility_control.h
[1.356s] -- Up-to-date: /home/alexl/final_ws/install/puzzlebot_aruco_msgs/include/puzzlebot_aruco_msgs/puzzlebot_aruco_msgs/msg/detail
[1.356s] -- Up-to-date: /home/alexl/final_ws/install/puzzlebot_aruco_msgs/include/puzzlebot_aruco_msgs/puzzlebot_aruco_msgs/msg/detail/dds_fastrtps
[1.356s] -- Up-to-date: /home/alexl/final_ws/install/puzzlebot_aruco_msgs/include/puzzlebot_aruco_msgs/puzzlebot_aruco_msgs/msg/detail/aruco_observation__rosidl_typesupport_fastrtps_cpp.hpp
[1.358s] -- Up-to-date: /home/alexl/final_ws/install/puzzlebot_aruco_msgs/lib/libpuzzlebot_aruco_msgs__rosidl_typesupport_fastrtps_cpp.so
[1.358s] -- Up-to-date: /home/alexl/final_ws/install/puzzlebot_aruco_msgs/include/puzzlebot_aruco_msgs/puzzlebot_aruco_msgs
[1.358s] -- Up-to-date: /home/alexl/final_ws/install/puzzlebot_aruco_msgs/include/puzzlebot_aruco_msgs/puzzlebot_aruco_msgs/msg
[1.358s] -- Up-to-date: /home/alexl/final_ws/install/puzzlebot_aruco_msgs/include/puzzlebot_aruco_msgs/puzzlebot_aruco_msgs/msg/rosidl_typesupport_introspection_c__visibility_control.h
[1.358s] -- Up-to-date: /home/alexl/final_ws/install/puzzlebot_aruco_msgs/include/puzzlebot_aruco_msgs/puzzlebot_aruco_msgs/msg/detail
[1.358s] -- Up-to-date: /home/alexl/final_ws/install/puzzlebot_aruco_msgs/include/puzzlebot_aruco_msgs/puzzlebot_aruco_msgs/msg/detail/aruco_observation__rosidl_typesupport_introspection_c.h
[1.358s] -- Up-to-date: /home/alexl/final_ws/install/puzzlebot_aruco_msgs/include/puzzlebot_aruco_msgs/puzzlebot_aruco_msgs/msg/detail/aruco_observation__type_support.c
[1.358s] -- Up-to-date: /home/alexl/final_ws/install/puzzlebot_aruco_msgs/lib/libpuzzlebot_aruco_msgs__rosidl_typesupport_introspection_c.so
[1.359s] -- Up-to-date: /home/alexl/final_ws/install/puzzlebot_aruco_msgs/lib/libpuzzlebot_aruco_msgs__rosidl_typesupport_c.so
[1.359s] -- Up-to-date: /home/alexl/final_ws/install/puzzlebot_aruco_msgs/include/puzzlebot_aruco_msgs/puzzlebot_aruco_msgs
[1.359s] -- Up-to-date: /home/alexl/final_ws/install/puzzlebot_aruco_msgs/include/puzzlebot_aruco_msgs/puzzlebot_aruco_msgs/msg
[1.359s] -- Up-to-date: /home/alexl/final_ws/install/puzzlebot_aruco_msgs/include/puzzlebot_aruco_msgs/puzzlebot_aruco_msgs/msg/detail
[1.360s] -- Up-to-date: /home/alexl/final_ws/install/puzzlebot_aruco_msgs/include/puzzlebot_aruco_msgs/puzzlebot_aruco_msgs/msg/detail/aruco_observation__rosidl_typesupport_introspection_cpp.hpp
[1.360s] -- Up-to-date: /home/alexl/final_ws/install/puzzlebot_aruco_msgs/include/puzzlebot_aruco_msgs/puzzlebot_aruco_msgs/msg/detail/aruco_observation__type_support.cpp
[1.363s] -- Up-to-date: /home/alexl/final_ws/install/puzzlebot_aruco_msgs/lib/libpuzzlebot_aruco_msgs__rosidl_typesupport_introspection_cpp.so
[1.364s] -- Up-to-date: /home/alexl/final_ws/install/puzzlebot_aruco_msgs/lib/libpuzzlebot_aruco_msgs__rosidl_typesupport_cpp.so
[1.365s] -- Up-to-date: /home/alexl/final_ws/install/puzzlebot_aruco_msgs/share/puzzlebot_aruco_msgs/environment/pythonpath.sh
[1.365s] -- Up-to-date: /home/alexl/final_ws/install/puzzlebot_aruco_msgs/share/puzzlebot_aruco_msgs/environment/pythonpath.dsv
[1.365s] -- Up-to-date: /home/alexl/final_ws/install/puzzlebot_aruco_msgs/local/lib/python3.10/dist-packages/puzzlebot_aruco_msgs-0.0.0-py3.10.egg-info
[1.365s] -- Installing: /home/alexl/final_ws/install/puzzlebot_aruco_msgs/local/lib/python3.10/dist-packages/puzzlebot_aruco_msgs-0.0.0-py3.10.egg-info/SOURCES.txt
[1.365s] -- Installing: /home/alexl/final_ws/install/puzzlebot_aruco_msgs/local/lib/python3.10/dist-packages/puzzlebot_aruco_msgs-0.0.0-py3.10.egg-info/top_level.txt
[1.365s] -- Installing: /home/alexl/final_ws/install/puzzlebot_aruco_msgs/local/lib/python3.10/dist-packages/puzzlebot_aruco_msgs-0.0.0-py3.10.egg-info/dependency_links.txt
[1.365s] -- Installing: /home/alexl/final_ws/install/puzzlebot_aruco_msgs/local/lib/python3.10/dist-packages/puzzlebot_aruco_msgs-0.0.0-py3.10.egg-info/PKG-INFO
[1.365s] -- Up-to-date: /home/alexl/final_ws/install/puzzlebot_aruco_msgs/local/lib/python3.10/dist-packages/puzzlebot_aruco_msgs
[1.366s] -- Up-to-date: /home/alexl/final_ws/install/puzzlebot_aruco_msgs/local/lib/python3.10/dist-packages/puzzlebot_aruco_msgs/_puzzlebot_aruco_msgs_s.ep.rosidl_typesupport_c.c
[1.367s] -- Up-to-date: /home/alexl/final_ws/install/puzzlebot_aruco_msgs/local/lib/python3.10/dist-packages/puzzlebot_aruco_msgs/_puzzlebot_aruco_msgs_s.ep.rosidl_typesupport_introspection_c.c
[1.367s] -- Up-to-date: /home/alexl/final_ws/install/puzzlebot_aruco_msgs/local/lib/python3.10/dist-packages/puzzlebot_aruco_msgs/__init__.py
[1.367s] -- Up-to-date: /home/alexl/final_ws/install/puzzlebot_aruco_msgs/local/lib/python3.10/dist-packages/puzzlebot_aruco_msgs/libpuzzlebot_aruco_msgs__rosidl_generator_py.so
[1.367s] -- Up-to-date: /home/alexl/final_ws/install/puzzlebot_aruco_msgs/local/lib/python3.10/dist-packages/puzzlebot_aruco_msgs/msg
[1.367s] -- Up-to-date: /home/alexl/final_ws/install/puzzlebot_aruco_msgs/local/lib/python3.10/dist-packages/puzzlebot_aruco_msgs/msg/_aruco_observation.py
[1.368s] -- Up-to-date: /home/alexl/final_ws/install/puzzlebot_aruco_msgs/local/lib/python3.10/dist-packages/puzzlebot_aruco_msgs/msg/__init__.py
[1.368s] -- Up-to-date: /home/alexl/final_ws/install/puzzlebot_aruco_msgs/local/lib/python3.10/dist-packages/puzzlebot_aruco_msgs/msg/_aruco_observation_s.c
[1.368s] -- Up-to-date: /home/alexl/final_ws/install/puzzlebot_aruco_msgs/local/lib/python3.10/dist-packages/puzzlebot_aruco_msgs/puzzlebot_aruco_msgs_s__rosidl_typesupport_introspection_c.cpython-310-x86_64-linux-gnu.so
[1.368s] -- Up-to-date: /home/alexl/final_ws/install/puzzlebot_aruco_msgs/local/lib/python3.10/dist-packages/puzzlebot_aruco_msgs/_puzzlebot_aruco_msgs_s.ep.rosidl_typesupport_fastrtps_c.c
[1.368s] -- Up-to-date: /home/alexl/final_ws/install/puzzlebot_aruco_msgs/local/lib/python3.10/dist-packages/puzzlebot_aruco_msgs/puzzlebot_aruco_msgs_s__rosidl_typesupport_c.cpython-310-x86_64-linux-gnu.so
[1.368s] -- Up-to-date: /home/alexl/final_ws/install/puzzlebot_aruco_msgs/local/lib/python3.10/dist-packages/puzzlebot_aruco_msgs/puzzlebot_aruco_msgs_s__rosidl_typesupport_fastrtps_c.cpython-310-x86_64-linux-gnu.so
[1.406s] Listing '/home/alexl/final_ws/install/puzzlebot_aruco_msgs/local/lib/python3.10/dist-packages/puzzlebot_aruco_msgs'...
[1.406s] Listing '/home/alexl/final_ws/install/puzzlebot_aruco_msgs/local/lib/python3.10/dist-packages/puzzlebot_aruco_msgs/msg'...
[1.412s] -- Up-to-date: /home/alexl/final_ws/install/puzzlebot_aruco_msgs/local/lib/python3.10/dist-packages/puzzlebot_aruco_msgs/puzzlebot_aruco_msgs_s__rosidl_typesupport_fastrtps_c.cpython-310-x86_64-linux-gnu.so
[1.414s] -- Up-to-date: /home/alexl/final_ws/install/puzzlebot_aruco_msgs/local/lib/python3.10/dist-packages/puzzlebot_aruco_msgs/puzzlebot_aruco_msgs_s__rosidl_typesupport_introspection_c.cpython-310-x86_64-linux-gnu.so
[1.414s] -- Up-to-date: /home/alexl/final_ws/install/puzzlebot_aruco_msgs/local/lib/python3.10/dist-packages/puzzlebot_aruco_msgs/puzzlebot_aruco_msgs_s__rosidl_typesupport_c.cpython-310-x86_64-linux-gnu.so
[1.414s] -- Up-to-date: /home/alexl/final_ws/install/puzzlebot_aruco_msgs/lib/libpuzzlebot_aruco_msgs__rosidl_generator_py.so
[1.415s] -- Up-to-date: /home/alexl/final_ws/install/puzzlebot_aruco_msgs/share/puzzlebot_aruco_msgs/msg/ArucoObservation.idl
[1.415s] -- Up-to-date: /home/alexl/final_ws/install/puzzlebot_aruco_msgs/share/puzzlebot_aruco_msgs/msg/ArucoObservation.msg
[1.415s] -- Up-to-date: /home/alexl/final_ws/install/puzzlebot_aruco_msgs/share/ament_index/resource_index/package_run_dependencies/puzzlebot_aruco_msgs
[1.416s] -- Up-to-date: /home/alexl/final_ws/install/puzzlebot_aruco_msgs/share/ament_index/resource_index/parent_prefix_path/puzzlebot_aruco_msgs
[1.416s] -- Up-to-date: /home/alexl/final_ws/install/puzzlebot_aruco_msgs/share/puzzlebot_aruco_msgs/environment/ament_prefix_path.sh
[1.416s] -- Up-to-date: /home/alexl/final_ws/install/puzzlebot_aruco_msgs/share/puzzlebot_aruco_msgs/environment/ament_prefix_path.dsv
[1.416s] -- Up-to-date: /home/alexl/final_ws/install/puzzlebot_aruco_msgs/share/puzzlebot_aruco_msgs/environment/path.sh
[1.416s] -- Up-to-date: /home/alexl/final_ws/install/puzzlebot_aruco_msgs/share/puzzlebot_aruco_msgs/environment/path.dsv
[1.417s] -- Up-to-date: /home/alexl/final_ws/install/puzzlebot_aruco_msgs/share/puzzlebot_aruco_msgs/local_setup.bash
[1.417s] -- Up-to-date: /home/alexl/final_ws/install/puzzlebot_aruco_msgs/share/puzzlebot_aruco_msgs/local_setup.sh
[1.417s] -- Up-to-date: /home/alexl/final_ws/install/puzzlebot_aruco_msgs/share/puzzlebot_aruco_msgs/local_setup.zsh
[1.417s] -- Up-to-date: /home/alexl/final_ws/install/puzzlebot_aruco_msgs/share/puzzlebot_aruco_msgs/local_setup.dsv
[1.417s] -- Installing: /home/alexl/final_ws/install/puzzlebot_aruco_msgs/share/puzzlebot_aruco_msgs/package.dsv
[1.419s] -- Up-to-date: /home/alexl/final_ws/install/puzzlebot_aruco_msgs/share/ament_index/resource_index/packages/puzzlebot_aruco_msgs
[1.423s] -- Up-to-date: /home/alexl/final_ws/install/puzzlebot_aruco_msgs/share/puzzlebot_aruco_msgs/cmake/export_puzzlebot_aruco_msgs__rosidl_generator_cExport.cmake
[1.423s] -- Up-to-date: /home/alexl/final_ws/install/puzzlebot_aruco_msgs/share/puzzlebot_aruco_msgs/cmake/export_puzzlebot_aruco_msgs__rosidl_generator_cExport-noconfig.cmake
[1.425s] -- Up-to-date: /home/alexl/final_ws/install/puzzlebot_aruco_msgs/share/puzzlebot_aruco_msgs/cmake/export_puzzlebot_aruco_msgs__rosidl_typesupport_fastrtps_cExport.cmake
[1.425s] -- Up-to-date: /home/alexl/final_ws/install/puzzlebot_aruco_msgs/share/puzzlebot_aruco_msgs/cmake/export_puzzlebot_aruco_msgs__rosidl_typesupport_fastrtps_cExport-noconfig.cmake
[1.427s] -- Up-to-date: /home/alexl/final_ws/install/puzzlebot_aruco_msgs/share/puzzlebot_aruco_msgs/cmake/export_puzzlebot_aruco_msgs__rosidl_generator_cppExport.cmake
[1.429s] -- Up-to-date: /home/alexl/final_ws/install/puzzlebot_aruco_msgs/share/puzzlebot_aruco_msgs/cmake/export_puzzlebot_aruco_msgs__rosidl_typesupport_fastrtps_cppExport.cmake
[1.430s] -- Up-to-date: /home/alexl/final_ws/install/puzzlebot_aruco_msgs/share/puzzlebot_aruco_msgs/cmake/export_puzzlebot_aruco_msgs__rosidl_typesupport_fastrtps_cppExport-noconfig.cmake
[1.431s] -- Up-to-date: /home/alexl/final_ws/install/puzzlebot_aruco_msgs/share/puzzlebot_aruco_msgs/cmake/puzzlebot_aruco_msgs__rosidl_typesupport_introspection_cExport.cmake
[1.432s] -- Up-to-date: /home/alexl/final_ws/install/puzzlebot_aruco_msgs/share/puzzlebot_aruco_msgs/cmake/puzzlebot_aruco_msgs__rosidl_typesupport_introspection_cExport-noconfig.cmake
[1.432s] -- Up-to-date: /home/alexl/final_ws/install/puzzlebot_aruco_msgs/share/puzzlebot_aruco_msgs/cmake/puzzlebot_aruco_msgs__rosidl_typesupport_cExport.cmake
[1.432s] -- Up-to-date: /home/alexl/final_ws/install/puzzlebot_aruco_msgs/share/puzzlebot_aruco_msgs/cmake/puzzlebot_aruco_msgs__rosidl_typesupport_cExport-noconfig.cmake
[1.434s] -- Up-to-date: /home/alexl/final_ws/install/puzzlebot_aruco_msgs/share/puzzlebot_aruco_msgs/cmake/puzzlebot_aruco_msgs__rosidl_typesupport_introspection_cppExport.cmake
[1.434s] -- Up-to-date: /home/alexl/final_ws/install/puzzlebot_aruco_msgs/share/puzzlebot_aruco_msgs/cmake/puzzlebot_aruco_msgs__rosidl_typesupport_introspection_cppExport-noconfig.cmake
[1.435s] -- Up-to-date: /home/alexl/final_ws/install/puzzlebot_aruco_msgs/share/puzzlebot_aruco_msgs/cmake/puzzlebot_aruco_msgs__rosidl_typesupport_cppExport.cmake
[1.435s] -- Up-to-date: /home/alexl/final_ws/install/puzzlebot_aruco_msgs/share/puzzlebot_aruco_msgs/cmake/puzzlebot_aruco_msgs__rosidl_typesupport_cppExport-noconfig.cmake
[1.436s] -- Up-to-date: /home/alexl/final_ws/install/puzzlebot_aruco_msgs/share/puzzlebot_aruco_msgs/cmake/export_puzzlebot_aruco_msgs__rosidl_generator_pyExport.cmake
[1.436s] -- Up-to-date: /home/alexl/final_ws/install/puzzlebot_aruco_msgs/share/puzzlebot_aruco_msgs/cmake/export_puzzlebot_aruco_msgs__rosidl_generator_pyExport-noconfig.cmake
[1.437s] -- Up-to-date: /home/alexl/final_ws/install/puzzlebot_aruco_msgs/share/puzzlebot_aruco_msgs/cmake/rosidl_cmake-extras.cmake
[1.437s] -- Up-to-date: /home/alexl/final_ws/install/puzzlebot_aruco_msgs/share/puzzlebot_aruco_msgs/cmake/ament_cmake_export_include_directories-extras.cmake
[1.437s] -- Up-to-date: /home/alexl/final_ws/install/puzzlebot_aruco_msgs/share/puzzlebot_aruco_msgs/cmake/ament_cmake_export_libraries-extras.cmake
[1.438s] -- Up-to-date: /home/alexl/final_ws/install/puzzlebot_aruco_msgs/share/puzzlebot_aruco_msgs/cmake/ament_cmake_export_targets-extras.cmake
[1.438s] -- Up-to-date: /home/alexl/final_ws/install/puzzlebot_aruco_msgs/share/puzzlebot_aruco_msgs/cmake/rosidl_cmake_export_typesupport_targets-extras.cmake
[1.439s] -- Up-to-date: /home/alexl/final_ws/install/puzzlebot_aruco_msgs/share/puzzlebot_aruco_msgs/cmake/ament_cmake_export_dependencies-extras.cmake
[1.439s] -- Up-to-date: /home/alexl/final_ws/install/puzzlebot_aruco_msgs/share/puzzlebot_aruco_msgs/cmake/rosidl_cmake_export_typesupport_libraries-extras.cmake
[1.439s] -- Up-to-date: /home/alexl/final_ws/install/puzzlebot_aruco_msgs/share/puzzlebot_aruco_msgs/cmake/puzzlebot_aruco_msgsConfig.cmake
[1.439s] -- Up-to-date: /home/alexl/final_ws/install/puzzlebot_aruco_msgs/share/puzzlebot_aruco_msgs/cmake/puzzlebot_aruco_msgsConfig-version.cmake
[1.439s] -- Up-to-date: /home/alexl/final_ws/install/puzzlebot_aruco_msgs/share/puzzlebot_aruco_msgs/package.xml
[1.443s] Invoked command in '/home/alexl/final_ws/build/puzzlebot_aruco_msgs' returned '0': CMAKE_PREFIX_PATH=${CMAKE_PREFIX_PATH}:/home/alexl/final_ws/install/puzzlebot:/home/alexl/ros2_ws/install/tf_examples:/home/alexl/ros2_ws/install/puzzlebot_sim:/home/alexl/ros2_ws/install/puzzlebot_gazebo:/home/alexl/ros2_ws/install/puzzlebot_description:/home/alexl/ros2_ws/install/puzzle_drone:/home/alexl/ros2_ws/install/motor_control:/home/alexl/ros2_ws/install/mobile_robotics:/home/alexl/ros2_ws/install/challenge:/home/alexl/TE3003B/install/puzzlebot:/home/alexl/ros2_ws/src/mobile_robotics/install/mobile_robotics:/opt/ros/humble /usr/bin/cmake --install /home/alexl/final_ws/build/puzzlebot_aruco_msgs
