[0.780s] Invoking command in '/home/ulisess/TE3003B/equipo6': PYTHONPATH=/home/ulisess/TE3003B/build/equipo6/prefix_override:/usr/lib/python3/dist-packages/colcon_core/task/python/colcon_distutils_commands:/home/ulisess/TE3003B/install/equipo6/lib/python3.10/site-packages:${PYTHONPATH} /usr/bin/python3 -W ignore:setup.py install is deprecated -W ignore:easy_install command is deprecated setup.py egg_info --egg-base ../build/equipo6 build --build-base /home/ulisess/TE3003B/build/equipo6/build install --record /home/ulisess/TE3003B/build/equipo6/install.log --single-version-externally-managed install_data
[1.088s] running egg_info
[1.089s] writing ../build/equipo6/equipo6.egg-info/PKG-INFO
[1.089s] writing dependency_links to ../build/equipo6/equipo6.egg-info/dependency_links.txt
[1.089s] writing entry points to ../build/equipo6/equipo6.egg-info/entry_points.txt
[1.090s] writing requirements to ../build/equipo6/equipo6.egg-info/requires.txt
[1.090s] writing top-level names to ../build/equipo6/equipo6.egg-info/top_level.txt
[1.092s] reading manifest file '../build/equipo6/equipo6.egg-info/SOURCES.txt'
[1.093s] writing manifest file '../build/equipo6/equipo6.egg-info/SOURCES.txt'
[1.094s] running build
[1.094s] running build_py
[1.094s] running install
[1.094s] running install_lib
[1.095s] running install_data
[1.096s] copying package.xml -> /home/ulisess/TE3003B/install/equipo6/share/equipo6
[1.096s] creating /home/ulisess/TE3003B/install/equipo6/share/equipo6/launch
[1.096s] copying launch/minichallenge1_launch.py -> /home/ulisess/TE3003B/install/equipo6/share/equipo6/launch
[1.096s] copying launch/spawn_puzzlebot_launch.py -> /home/ulisess/TE3003B/install/equipo6/share/equipo6/launch
[1.096s] creating /home/ulisess/TE3003B/install/equipo6/share/equipo6/config
[1.097s] creating /home/ulisess/TE3003B/install/equipo6/share/equipo6/rviz
[1.097s] copying rviz/puzzlebot_rviz.rviz -> /home/ulisess/TE3003B/install/equipo6/share/equipo6/rviz
[1.097s] copying rviz/simple_puzzlebot_rviz.rviz -> /home/ulisess/TE3003B/install/equipo6/share/equipo6/rviz
[1.097s] copying rviz/multi_puzzlebot_rviz.rviz -> /home/ulisess/TE3003B/install/equipo6/share/equipo6/rviz
[1.097s] creating /home/ulisess/TE3003B/install/equipo6/share/equipo6/meshes
[1.098s] copying meshes/Puzzlebot_Caster_Wheel.stl -> /home/ulisess/TE3003B/install/equipo6/share/equipo6/meshes
[1.098s] copying meshes/Puzzlebot_Jetson_Lidar_Edition_Base.stl -> /home/ulisess/TE3003B/install/equipo6/share/equipo6/meshes
[1.098s] copying meshes/Puzzlebot_Wheel.stl -> /home/ulisess/TE3003B/install/equipo6/share/equipo6/meshes
[1.098s] creating /home/ulisess/TE3003B/install/equipo6/share/equipo6/urdf
[1.098s] copying urdf/puzzlebot.urdf -> /home/ulisess/TE3003B/install/equipo6/share/equipo6/urdf
[1.098s] running install_egg_info
[1.100s] removing '/home/ulisess/TE3003B/install/equipo6/lib/python3.10/site-packages/equipo6-0.0.0-py3.10.egg-info' (and everything under it)
[1.101s] Copying ../build/equipo6/equipo6.egg-info to /home/ulisess/TE3003B/install/equipo6/lib/python3.10/site-packages/equipo6-0.0.0-py3.10.egg-info
[1.102s] running install_scripts
[1.126s] writing list of installed files to '/home/ulisess/TE3003B/build/equipo6/install.log'
[1.167s] Invoked command in '/home/ulisess/TE3003B/equipo6' returned '0': PYTHONPATH=/home/ulisess/TE3003B/build/equipo6/prefix_override:/usr/lib/python3/dist-packages/colcon_core/task/python/colcon_distutils_commands:/home/ulisess/TE3003B/install/equipo6/lib/python3.10/site-packages:${PYTHONPATH} /usr/bin/python3 -W ignore:setup.py install is deprecated -W ignore:easy_install command is deprecated setup.py egg_info --egg-base ../build/equipo6 build --build-base /home/ulisess/TE3003B/build/equipo6/build install --record /home/ulisess/TE3003B/build/equipo6/install.log --single-version-externally-managed install_data
