[1.185s] Invoking command in '/home/emeryb/ros2_ws/src/equipo6/TE3003B/equipo6': PYTHONPATH=/home/emeryb/ros2_ws/src/equipo6/TE3003B/build/equipo6/prefix_override:/usr/lib/python3/dist-packages/colcon_core/task/python/colcon_distutils_commands:/home/emeryb/ros2_ws/src/equipo6/TE3003B/install/equipo6/lib/python3.10/site-packages:${PYTHONPATH} /usr/bin/python3 -W ignore:setup.py install is deprecated -W ignore:easy_install command is deprecated setup.py egg_info --egg-base ../build/equipo6 build --build-base /home/emeryb/ros2_ws/src/equipo6/TE3003B/build/equipo6/build install --record /home/emeryb/ros2_ws/src/equipo6/TE3003B/build/equipo6/install.log --single-version-externally-managed install_data
[1.490s] running egg_info
[1.491s] writing ../build/equipo6/equipo6.egg-info/PKG-INFO
[1.492s] writing dependency_links to ../build/equipo6/equipo6.egg-info/dependency_links.txt
[1.492s] writing entry points to ../build/equipo6/equipo6.egg-info/entry_points.txt
[1.492s] writing requirements to ../build/equipo6/equipo6.egg-info/requires.txt
[1.492s] writing top-level names to ../build/equipo6/equipo6.egg-info/top_level.txt
[1.495s] reading manifest file '../build/equipo6/equipo6.egg-info/SOURCES.txt'
[1.496s] writing manifest file '../build/equipo6/equipo6.egg-info/SOURCES.txt'
[1.496s] running build
[1.496s] running build_py
[1.497s] copying equipo6/joint_state_pub.py -> /home/emeryb/ros2_ws/src/equipo6/TE3003B/build/equipo6/build/lib/equipo6
[1.497s] running install
[1.498s] running install_lib
[1.498s] copying /home/emeryb/ros2_ws/src/equipo6/TE3003B/build/equipo6/build/lib/equipo6/joint_state_pub.py -> /home/emeryb/ros2_ws/src/equipo6/TE3003B/install/equipo6/lib/python3.10/site-packages/equipo6
[1.498s] byte-compiling /home/emeryb/ros2_ws/src/equipo6/TE3003B/install/equipo6/lib/python3.10/site-packages/equipo6/joint_state_pub.py to joint_state_pub.cpython-310.pyc
[1.499s] running install_data
[1.499s] copying launch/world_launch.py -> /home/emeryb/ros2_ws/src/equipo6/TE3003B/install/equipo6/share/equipo6/launch
[1.499s] copying rviz/mapping_rviz.rviz -> /home/emeryb/ros2_ws/src/equipo6/TE3003B/install/equipo6/share/equipo6/rviz
[1.500s] running install_egg_info
[1.502s] removing '/home/emeryb/ros2_ws/src/equipo6/TE3003B/install/equipo6/lib/python3.10/site-packages/equipo6-0.0.0-py3.10.egg-info' (and everything under it)
[1.503s] Copying ../build/equipo6/equipo6.egg-info to /home/emeryb/ros2_ws/src/equipo6/TE3003B/install/equipo6/lib/python3.10/site-packages/equipo6-0.0.0-py3.10.egg-info
[1.503s] running install_scripts
[1.528s] writing list of installed files to '/home/emeryb/ros2_ws/src/equipo6/TE3003B/build/equipo6/install.log'
[1.578s] Invoked command in '/home/emeryb/ros2_ws/src/equipo6/TE3003B/equipo6' returned '0': PYTHONPATH=/home/emeryb/ros2_ws/src/equipo6/TE3003B/build/equipo6/prefix_override:/usr/lib/python3/dist-packages/colcon_core/task/python/colcon_distutils_commands:/home/emeryb/ros2_ws/src/equipo6/TE3003B/install/equipo6/lib/python3.10/site-packages:${PYTHONPATH} /usr/bin/python3 -W ignore:setup.py install is deprecated -W ignore:easy_install command is deprecated setup.py egg_info --egg-base ../build/equipo6 build --build-base /home/emeryb/ros2_ws/src/equipo6/TE3003B/build/equipo6/build install --record /home/emeryb/ros2_ws/src/equipo6/TE3003B/build/equipo6/install.log --single-version-externally-managed install_data
