running egg_info
creating ../../build/puzzlebot/puzzlebot.egg-info
writing ../../build/puzzlebot/puzzlebot.egg-info/PKG-INFO
writing dependency_links to ../../build/puzzlebot/puzzlebot.egg-info/dependency_links.txt
writing entry points to ../../build/puzzlebot/puzzlebot.egg-info/entry_points.txt
writing requirements to ../../build/puzzlebot/puzzlebot.egg-info/requires.txt
writing top-level names to ../../build/puzzlebot/puzzlebot.egg-info/top_level.txt
writing manifest file '../../build/puzzlebot/puzzlebot.egg-info/SOURCES.txt'
reading manifest file '../../build/puzzlebot/puzzlebot.egg-info/SOURCES.txt'
writing manifest file '../../build/puzzlebot/puzzlebot.egg-info/SOURCES.txt'
running build
running build_py
creating /home/alexl/final_ws/build/puzzlebot/build
creating /home/alexl/final_ws/build/puzzlebot/build/lib
creating /home/alexl/final_ws/build/puzzlebot/build/lib/puzzlebot
copying puzzlebot/__init__.py -> /home/alexl/final_ws/build/puzzlebot/build/lib/puzzlebot
running install
running install_lib
creating /home/alexl/final_ws/install/puzzlebot/lib/python3.10/site-packages/puzzlebot
copying /home/alexl/final_ws/build/puzzlebot/build/lib/puzzlebot/__init__.py -> /home/alexl/final_ws/install/puzzlebot/lib/python3.10/site-packages/puzzlebot
byte-compiling /home/alexl/final_ws/install/puzzlebot/lib/python3.10/site-packages/puzzlebot/__init__.py to __init__.cpython-310.pyc
running install_data
creating /home/alexl/final_ws/install/puzzlebot/share/ament_index
creating /home/alexl/final_ws/install/puzzlebot/share/ament_index/resource_index
creating /home/alexl/final_ws/install/puzzlebot/share/ament_index/resource_index/packages
copying resource/puzzlebot -> /home/alexl/final_ws/install/puzzlebot/share/ament_index/resource_index/packages
copying package.xml -> /home/alexl/final_ws/install/puzzlebot/share/puzzlebot
running install_egg_info
Copying ../../build/puzzlebot/puzzlebot.egg-info to /home/alexl/final_ws/install/puzzlebot/lib/python3.10/site-packages/puzzlebot-0.0.0-py3.10.egg-info
running install_scripts
writing list of installed files to '/home/alexl/final_ws/build/puzzlebot/install.log'
