[0.605s] Invoking command in '/home/alexl/final_ws/src/puzzlebot': PYTHONPATH=/home/alexl/final_ws/build/puzzlebot/prefix_override:/usr/lib/python3/dist-packages/colcon_core/task/python/colcon_distutils_commands:/home/alexl/final_ws/install/puzzlebot/lib/python3.10/site-packages:${PYTHONPATH} /usr/bin/python3 -W ignore:setup.py install is deprecated -W ignore:easy_install command is deprecated setup.py egg_info --egg-base ../../build/puzzlebot build --build-base /home/alexl/final_ws/build/puzzlebot/build install --record /home/alexl/final_ws/build/puzzlebot/install.log --single-version-externally-managed install_data
[0.823s] running egg_info
[0.823s] creating ../../build/puzzlebot/puzzlebot.egg-info
[0.834s] writing ../../build/puzzlebot/puzzlebot.egg-info/PKG-INFO
[0.834s] writing dependency_links to ../../build/puzzlebot/puzzlebot.egg-info/dependency_links.txt
[0.834s] writing entry points to ../../build/puzzlebot/puzzlebot.egg-info/entry_points.txt
[0.834s] writing requirements to ../../build/puzzlebot/puzzlebot.egg-info/requires.txt
[0.834s] writing top-level names to ../../build/puzzlebot/puzzlebot.egg-info/top_level.txt
[0.834s] writing manifest file '../../build/puzzlebot/puzzlebot.egg-info/SOURCES.txt'
[0.836s] reading manifest file '../../build/puzzlebot/puzzlebot.egg-info/SOURCES.txt'
[0.836s] writing manifest file '../../build/puzzlebot/puzzlebot.egg-info/SOURCES.txt'
[0.836s] running build
[0.836s] running build_py
[0.836s] creating /home/alexl/final_ws/build/puzzlebot/build
[0.836s] creating /home/alexl/final_ws/build/puzzlebot/build/lib
[0.837s] creating /home/alexl/final_ws/build/puzzlebot/build/lib/puzzlebot
[0.837s] copying puzzlebot/__init__.py -> /home/alexl/final_ws/build/puzzlebot/build/lib/puzzlebot
[0.837s] running install
[0.837s] running install_lib
[0.838s] creating /home/alexl/final_ws/install/puzzlebot/lib/python3.10/site-packages/puzzlebot
[0.838s] copying /home/alexl/final_ws/build/puzzlebot/build/lib/puzzlebot/__init__.py -> /home/alexl/final_ws/install/puzzlebot/lib/python3.10/site-packages/puzzlebot
[0.838s] byte-compiling /home/alexl/final_ws/install/puzzlebot/lib/python3.10/site-packages/puzzlebot/__init__.py to __init__.cpython-310.pyc
[0.838s] running install_data
[0.838s] creating /home/alexl/final_ws/install/puzzlebot/share/ament_index
[0.838s] creating /home/alexl/final_ws/install/puzzlebot/share/ament_index/resource_index
[0.838s] creating /home/alexl/final_ws/install/puzzlebot/share/ament_index/resource_index/packages
[0.839s] copying resource/puzzlebot -> /home/alexl/final_ws/install/puzzlebot/share/ament_index/resource_index/packages
[0.839s] copying package.xml -> /home/alexl/final_ws/install/puzzlebot/share/puzzlebot
[0.839s] running install_egg_info
[0.840s] Copying ../../build/puzzlebot/puzzlebot.egg-info to /home/alexl/final_ws/install/puzzlebot/lib/python3.10/site-packages/puzzlebot-0.0.0-py3.10.egg-info
[0.841s] running install_scripts
[0.859s] writing list of installed files to '/home/alexl/final_ws/build/puzzlebot/install.log'
[0.889s] Invoked command in '/home/alexl/final_ws/src/puzzlebot' returned '0': PYTHONPATH=/home/alexl/final_ws/build/puzzlebot/prefix_override:/usr/lib/python3/dist-packages/colcon_core/task/python/colcon_distutils_commands:/home/alexl/final_ws/install/puzzlebot/lib/python3.10/site-packages:${PYTHONPATH} /usr/bin/python3 -W ignore:setup.py install is deprecated -W ignore:easy_install command is deprecated setup.py egg_info --egg-base ../../build/puzzlebot build --build-base /home/alexl/final_ws/build/puzzlebot/build install --record /home/alexl/final_ws/build/puzzlebot/install.log --single-version-externally-managed install_data
