[1.785s] Invoking command in '/home/ulisess/TE3003B/modulo_3/ActFinal/puzzlebot_description': PYTHONPATH=/home/ulisess/TE3003B/modulo_3/ActFinal/build/puzzlebot_description/prefix_override:/usr/lib/python3/dist-packages/colcon_core/task/python/colcon_distutils_commands:/home/ulisess/TE3003B/modulo_3/ActFinal/install/puzzlebot_description/lib/python3.10/site-packages:${PYTHONPATH} /usr/bin/python3 -W ignore:setup.py install is deprecated -W ignore:easy_install command is deprecated setup.py egg_info --egg-base ../build/puzzlebot_description build --build-base /home/ulisess/TE3003B/modulo_3/ActFinal/build/puzzlebot_description/build install --record /home/ulisess/TE3003B/modulo_3/ActFinal/build/puzzlebot_description/install.log --single-version-externally-managed install_data
[2.243s] running egg_info
[2.245s] writing ../build/puzzlebot_description/puzzlebot_description.egg-info/PKG-INFO
[2.245s] writing dependency_links to ../build/puzzlebot_description/puzzlebot_description.egg-info/dependency_links.txt
[2.246s] writing entry points to ../build/puzzlebot_description/puzzlebot_description.egg-info/entry_points.txt
[2.247s] writing requirements to ../build/puzzlebot_description/puzzlebot_description.egg-info/requires.txt
[2.247s] writing top-level names to ../build/puzzlebot_description/puzzlebot_description.egg-info/top_level.txt
[2.250s] reading manifest file '../build/puzzlebot_description/puzzlebot_description.egg-info/SOURCES.txt'
[2.250s] adding license file 'LICENSE'
[2.252s] writing manifest file '../build/puzzlebot_description/puzzlebot_description.egg-info/SOURCES.txt'
[2.254s] running build
[2.254s] running build_py
[2.255s] running install
[2.256s] running install_lib
[2.258s] running install_data
[2.260s] running install_egg_info
[2.263s] removing '/home/ulisess/TE3003B/modulo_3/ActFinal/install/puzzlebot_description/lib/python3.10/site-packages/puzzlebot_description-0.0.0-py3.10.egg-info' (and everything under it)
[2.264s] Copying ../build/puzzlebot_description/puzzlebot_description.egg-info to /home/ulisess/TE3003B/modulo_3/ActFinal/install/puzzlebot_description/lib/python3.10/site-packages/puzzlebot_description-0.0.0-py3.10.egg-info
[2.266s] running install_scripts
[2.304s] Installing joint_state_publisher script to /home/ulisess/TE3003B/modulo_3/ActFinal/install/puzzlebot_description/lib/puzzlebot_description
[2.305s] writing list of installed files to '/home/ulisess/TE3003B/modulo_3/ActFinal/build/puzzlebot_description/install.log'
[2.365s] Invoked command in '/home/ulisess/TE3003B/modulo_3/ActFinal/puzzlebot_description' returned '0': PYTHONPATH=/home/ulisess/TE3003B/modulo_3/ActFinal/build/puzzlebot_description/prefix_override:/usr/lib/python3/dist-packages/colcon_core/task/python/colcon_distutils_commands:/home/ulisess/TE3003B/modulo_3/ActFinal/install/puzzlebot_description/lib/python3.10/site-packages:${PYTHONPATH} /usr/bin/python3 -W ignore:setup.py install is deprecated -W ignore:easy_install command is deprecated setup.py egg_info --egg-base ../build/puzzlebot_description build --build-base /home/ulisess/TE3003B/modulo_3/ActFinal/build/puzzlebot_description/build install --record /home/ulisess/TE3003B/modulo_3/ActFinal/build/puzzlebot_description/install.log --single-version-externally-managed install_data
