[0.862s] Invoking command in '/home/emeryb/ros2_ws/src/equipo6/TE3003B/equipo6': PYTHONPATH=/home/emeryb/ros2_ws/src/equipo6/TE3003B/build/equipo6/prefix_override:/usr/lib/python3/dist-packages/colcon_core/task/python/colcon_distutils_commands:/home/emeryb/ros2_ws/src/equipo6/TE3003B/install/equipo6/lib/python3.10/site-packages:${PYTHONPATH} /usr/bin/python3 -W ignore:setup.py install is deprecated -W ignore:easy_install command is deprecated setup.py egg_info --egg-base ../build/equipo6 build --build-base /home/emeryb/ros2_ws/src/equipo6/TE3003B/build/equipo6/build install --record /home/emeryb/ros2_ws/src/equipo6/TE3003B/build/equipo6/install.log --single-version-externally-managed install_data
[1.060s] running egg_info
[1.061s] writing ../build/equipo6/equipo6.egg-info/PKG-INFO
[1.061s] writing dependency_links to ../build/equipo6/equipo6.egg-info/dependency_links.txt
[1.061s] writing entry points to ../build/equipo6/equipo6.egg-info/entry_points.txt
[1.061s] writing requirements to ../build/equipo6/equipo6.egg-info/requires.txt
[1.061s] writing top-level names to ../build/equipo6/equipo6.egg-info/top_level.txt
[1.063s] reading manifest file '../build/equipo6/equipo6.egg-info/SOURCES.txt'
[1.064s] writing manifest file '../build/equipo6/equipo6.egg-info/SOURCES.txt'
[1.064s] running build
[1.064s] running build_py
[1.065s] running install
[1.065s] running install_lib
[1.065s] running install_data
[1.067s] running install_egg_info
[1.068s] removing '/home/emeryb/ros2_ws/src/equipo6/TE3003B/install/equipo6/lib/python3.10/site-packages/equipo6-0.0.0-py3.10.egg-info' (and everything under it)
[1.069s] Copying ../build/equipo6/equipo6.egg-info to /home/emeryb/ros2_ws/src/equipo6/TE3003B/install/equipo6/lib/python3.10/site-packages/equipo6-0.0.0-py3.10.egg-info
[1.069s] running install_scripts
[1.085s] writing list of installed files to '/home/emeryb/ros2_ws/src/equipo6/TE3003B/build/equipo6/install.log'
[1.124s] Invoked command in '/home/emeryb/ros2_ws/src/equipo6/TE3003B/equipo6' returned '0': PYTHONPATH=/home/emeryb/ros2_ws/src/equipo6/TE3003B/build/equipo6/prefix_override:/usr/lib/python3/dist-packages/colcon_core/task/python/colcon_distutils_commands:/home/emeryb/ros2_ws/src/equipo6/TE3003B/install/equipo6/lib/python3.10/site-packages:${PYTHONPATH} /usr/bin/python3 -W ignore:setup.py install is deprecated -W ignore:easy_install command is deprecated setup.py egg_info --egg-base ../build/equipo6 build --build-base /home/emeryb/ros2_ws/src/equipo6/TE3003B/build/equipo6/build install --record /home/emeryb/ros2_ws/src/equipo6/TE3003B/build/equipo6/install.log --single-version-externally-managed install_data
