[0.000000] (-) TimerEvent: {}
[0.001516] (puzzlebot) JobQueued: {'identifier': 'puzzlebot', 'dependencies': OrderedDict()}
[0.001954] (puzzlebot) JobStarted: {'identifier': 'puzzlebot'}
[0.098846] (-) TimerEvent: {}
[0.199664] (-) TimerEvent: {}
[0.300557] (-) TimerEvent: {}
[0.401184] (-) TimerEvent: {}
[0.502147] (-) TimerEvent: {}
[0.602708] (-) TimerEvent: {}
[0.703232] (-) TimerEvent: {}
[0.803809] (-) TimerEvent: {}
[0.904558] (-) TimerEvent: {}
[1.005918] (-) TimerEvent: {}
[1.106709] (-) TimerEvent: {}
[1.207639] (-) TimerEvent: {}
[1.308417] (-) TimerEvent: {}
[1.409144] (-) TimerEvent: {}
[1.509750] (-) TimerEvent: {}
[1.611294] (-) TimerEvent: {}
[1.705056] (puzzlebot) StderrLine: {'line': b'Traceback (most recent call last):\n  File "/usr/lib/python3/dist-packages/colcon_parallel_executor/executor/parallel.py", line 75, in execute\n    loop.run_until_complete(future)\n  File "/usr/lib/python3.10/asyncio/base_events.py", line 636, in run_until_complete\n    self.run_forever()\n  File "/usr/lib/python3.10/asyncio/base_events.py", line 603, in run_forever\n    self._run_once()\n  File "/usr/lib/python3.10/asyncio/base_events.py", line 1871, in _run_once\n    event_list = self._selector.select(timeout)\n  File "/usr/lib/python3.10/selectors.py", line 469, in select\n    fd_event_list = self._selector.poll(timeout, max_ev)\nKeyboardInterrupt\n\nDuring handling of the above exception, another exception occurred:\n\nTraceback (most recent call last):\n  File "/usr/lib/python3/dist-packages/colcon_core/executor/__init__.py", line 91, in __call__\n    rc = await self.task(*args, **kwargs)\n  File "/usr/lib/python3/dist-packages/colcon_core/task/__init__.py", line 93, in __call__\n    return await task_method(*args, **kwargs)\n  File "/usr/lib/python3/dist-packages/colcon_ros/task/ament_python/build.py", line 102, in build\n    return await extension.build(additional_hooks=additional_hooks)\n  File "/usr/lib/python3/dist-packages/colcon_core/task/python/build.py", line 96, in build\n    available_commands = await self._get_available_commands(\n  File "/usr/lib/python3/dist-packages/colcon_core/task/python/build.py", line 194, in _get_available_commands\n    output = await check_output(\n  File "/usr/lib/python3/dist-packages/colcon_core/subprocess.py", line 129, in check_output\n    assert not rc, f\'Expected {args} to pass: {stderr_data}\'\nAssertionError: Expected [\'/usr/bin/python3\', \'-W\', \'ignore:setup.py install is deprecated\', \'-W\', \'ignore:easy_install command is deprecated\', \'setup.py\', \'--help-commands\'] to pass: Traceback (most recent call last):\n  File "/usr/lib/python3/dist-packages/pkg_resources/__init__.py", line 2866, in get_entry_map\n    ep_map = self._ep_map\n  File "/usr/lib/python3/dist-packages/pkg_resources/__init__.py", line 2828, in __getattr__\n    raise AttributeError(attr)\nAttributeError: _ep_map. Did you mean: \'_dep_map\'?\n\nDuring handling of the above exception, another exception occurred:\n\nTraceback (most recent call last):\n  File "/home/ulisess/TE3003B/minichallenges/TE3003B/setup.py", line 7, in <module>\n    setup(\n  File "/usr/lib/python3/dist-packages/setuptools/__init__.py", line 152, in setup\n    _install_setup_requires(attrs)\n  File "/usr/lib/python3/dist-packages/setuptools/__init__.py", line 142, in _install_setup_requires\n    dist = MinimalDistribution(attrs)\n  File "/usr/lib/python3/dist-packages/setuptools/__init__.py", line 134, in __init__\n    distutils.core.Distribution.__init__(self, filtered)\n  File "/usr/lib/python3/dist-packages/setuptools/dist.py", line 457, in __init__\n    for ep in pkg_resources.iter_entry_points(\'distutils.setup_keywords\'):\n  File "/usr/lib/python3/dist-packages/pkg_resources/__init__.py", line 646, in <genexpr>\n    for entry in dist.get_entry_map(group).values()\n  File "/usr/lib/python3/dist-packages/pkg_resources/__init__.py", line 2868, in get_entry_map\n    ep_map = self._ep_map = EntryPoint.parse_map(\n  File "/usr/lib/python3/dist-packages/pkg_resources/__init__.py", line 2557, in parse_map\n    maps[group] = cls.parse_group(group, lines, dist)\n  File "/usr/lib/python3/dist-packages/pkg_resources/__init__.py", line 2535, in parse_group\n    ep = cls.parse(line, dist)\n  File "/usr/lib/python3/dist-packages/pkg_resources/__init__.py", line 2515, in parse\n    extras = cls._parse_extras(res[\'extras\'])\n  File "/usr/lib/python3/dist-packages/pkg_resources/__init__.py", line 2523, in _parse_extras\n    req = Requirement.parse(\'x\' + extras_spec)\n  File "/usr/lib/python3/dist-packages/pkg_resources/__init__.py", line 3154, in parse\n    req, = parse_requirements(s)\n  File "/usr/lib/python3/dist-packages/pkg_resources/__init__.py", line 3099, in parse_requirements\n    yield Requirement(line)\n  File "/usr/lib/python3/dist-packages/pkg_resources/__init__.py", line 3109, in __init__\n    super(Requirement, self).__init__(requirement_string)\n  File "/usr/lib/python3/dist-packages/pkg_resources/_vendor/packaging/requirements.py", line 102, in __init__\n    req = REQUIREMENT.parseString(requirement_string)\n  File "/usr/lib/python3/dist-packages/pkg_resources/_vendor/pyparsing.py", line 1644, in parseString\n    loc, tokens = self._parse( instring, 0 )\n  File "/usr/lib/python3/dist-packages/pkg_resources/_vendor/pyparsing.py", line 1402, in _parseNoCache\n    loc,tokens = self.parseImpl( instring, preloc, doActions )\n  File "/usr/lib/python3/dist-packages/pkg_resources/_vendor/pyparsing.py", line 3419, in parseImpl\n    resultlist += exprtokens\n  File "/usr/lib/python3/dist-packages/pkg_resources/_vendor/pyparsing.py", line 668, in __iadd__\n    otherdictitems = [(k, _ParseResultsWithOffset(v[0],addoffset(v[1])) )\n  File "/usr/lib/python3/dist-packages/pkg_resources/_vendor/pyparsing.py", line 668, in <listcomp>\n    otherdictitems = [(k, _ParseResultsWithOffset(v[0],addoffset(v[1])) )\n  File "/usr/lib/python3/dist-packages/pkg_resources/_vendor/pyparsing.py", line 315, in __init__\n    def __init__(self,p1,p2):\nKeyboardInterrupt\n\n'}
[1.707125] (puzzlebot) JobEnded: {'identifier': 'puzzlebot', 'rc': 'SIGINT'}
[1.711605] (-) TimerEvent: {}
[1.716561] (-) EventReactorShutdown: {}
