running egg_info
writing ../build/puzzlebot_description/puzzlebot_description.egg-info/PKG-INFO
writing dependency_links to ../build/puzzlebot_description/puzzlebot_description.egg-info/dependency_links.txt
writing entry points to ../build/puzzlebot_description/puzzlebot_description.egg-info/entry_points.txt
writing requirements to ../build/puzzlebot_description/puzzlebot_description.egg-info/requires.txt
writing top-level names to ../build/puzzlebot_description/puzzlebot_description.egg-info/top_level.txt
reading manifest file '../build/puzzlebot_description/puzzlebot_description.egg-info/SOURCES.txt'
adding license file 'LICENSE'
writing manifest file '../build/puzzlebot_description/puzzlebot_description.egg-info/SOURCES.txt'
running build
running build_py
running install
running install_lib
running install_data
copying urdf/mcr2_sensors/laser_camera_bracket.xacro -> /home/ulisess/TE3003B/modulo_3/ActFinal/install/puzzlebot_description/share/puzzlebot_description/urdf/mcr2_sensors
copying urdf/mcr2_mechanical/puzzlebot_jetson_lidar_base.urdf.xacro -> /home/ulisess/TE3003B/modulo_3/ActFinal/install/puzzlebot_description/share/puzzlebot_description/urdf/mcr2_mechanical
running install_egg_info
removing '/home/ulisess/TE3003B/modulo_3/ActFinal/install/puzzlebot_description/lib/python3.10/site-packages/puzzlebot_description-0.0.0-py3.10.egg-info' (and everything under it)
Copying ../build/puzzlebot_description/puzzlebot_description.egg-info to /home/ulisess/TE3003B/modulo_3/ActFinal/install/puzzlebot_description/lib/python3.10/site-packages/puzzlebot_description-0.0.0-py3.10.egg-info
running install_scripts
Installing joint_state_publisher script to /home/ulisess/TE3003B/modulo_3/ActFinal/install/puzzlebot_description/lib/puzzlebot_description
writing list of installed files to '/home/ulisess/TE3003B/modulo_3/ActFinal/build/puzzlebot_description/install.log'
