running egg_info
writing ../../build/puzzlebot_gazebo/puzzlebot_gazebo.egg-info/PKG-INFO
writing dependency_links to ../../build/puzzlebot_gazebo/puzzlebot_gazebo.egg-info/dependency_links.txt
writing entry points to ../../build/puzzlebot_gazebo/puzzlebot_gazebo.egg-info/entry_points.txt
writing requirements to ../../build/puzzlebot_gazebo/puzzlebot_gazebo.egg-info/requires.txt
writing top-level names to ../../build/puzzlebot_gazebo/puzzlebot_gazebo.egg-info/top_level.txt
reading manifest file '../../build/puzzlebot_gazebo/puzzlebot_gazebo.egg-info/SOURCES.txt'
adding license file 'LICENSE'
writing manifest file '../../build/puzzlebot_gazebo/puzzlebot_gazebo.egg-info/SOURCES.txt'
running build
running build_py
running install
running install_lib
running install_data
copying launch/bringup_simulation_simple_launch.py -> /home/alexl/test/TE3003B_Integration_of_Robotics_and_Intelligent_Systems_2025/Week5/install/puzzlebot_gazebo/share/puzzlebot_gazebo/launch
copying worlds/pista.world -> /home/alexl/test/TE3003B_Integration_of_Robotics_and_Intelligent_Systems_2025/Week5/install/puzzlebot_gazebo/share/puzzlebot_gazebo/worlds
running install_egg_info
removing '/home/alexl/test/TE3003B_Integration_of_Robotics_and_Intelligent_Systems_2025/Week5/install/puzzlebot_gazebo/lib/python3.10/site-packages/puzzlebot_gazebo-0.0.0-py3.10.egg-info' (and everything under it)
Copying ../../build/puzzlebot_gazebo/puzzlebot_gazebo.egg-info to /home/alexl/test/TE3003B_Integration_of_Robotics_and_Intelligent_Systems_2025/Week5/install/puzzlebot_gazebo/lib/python3.10/site-packages/puzzlebot_gazebo-0.0.0-py3.10.egg-info
running install_scripts
Installing puzzlebot_gazebo script to /home/alexl/test/TE3003B_Integration_of_Robotics_and_Intelligent_Systems_2025/Week5/install/puzzlebot_gazebo/lib/puzzlebot_gazebo
writing list of installed files to '/home/alexl/test/TE3003B_Integration_of_Robotics_and_Intelligent_Systems_2025/Week5/build/puzzlebot_gazebo/install.log'
