[0.712s] Invoking command in '/home/alexl/final_ws/src/puzzlebot': PYTHONPATH=/home/alexl/final_ws/build/puzzlebot/prefix_override:/usr/lib/python3/dist-packages/colcon_core/task/python/colcon_distutils_commands:/home/alexl/final_ws/install/puzzlebot/lib/python3.10/site-packages:${PYTHONPATH} /usr/bin/python3 -W ignore:setup.py install is deprecated -W ignore:easy_install command is deprecated setup.py egg_info --egg-base ../../build/puzzlebot build --build-base /home/alexl/final_ws/build/puzzlebot/build install --record /home/alexl/final_ws/build/puzzlebot/install.log --single-version-externally-managed install_data
[0.936s] running egg_info
[0.937s] writing ../../build/puzzlebot/puzzlebot.egg-info/PKG-INFO
[0.938s] writing dependency_links to ../../build/puzzlebot/puzzlebot.egg-info/dependency_links.txt
[0.939s] writing entry points to ../../build/puzzlebot/puzzlebot.egg-info/entry_points.txt
[0.939s] writing requirements to ../../build/puzzlebot/puzzlebot.egg-info/requires.txt
[0.939s] writing top-level names to ../../build/puzzlebot/puzzlebot.egg-info/top_level.txt
[0.942s] reading manifest file '../../build/puzzlebot/puzzlebot.egg-info/SOURCES.txt'
[0.944s] writing manifest file '../../build/puzzlebot/puzzlebot.egg-info/SOURCES.txt'
[0.944s] running build
[0.944s] running build_py
[0.945s] copying puzzlebot/aruco.py -> /home/alexl/final_ws/build/puzzlebot/build/lib/puzzlebot
[0.945s] running install
[0.946s] running install_lib
[0.946s] copying /home/alexl/final_ws/build/puzzlebot/build/lib/puzzlebot/aruco.py -> /home/alexl/final_ws/install/puzzlebot/lib/python3.10/site-packages/puzzlebot
[0.947s] byte-compiling /home/alexl/final_ws/install/puzzlebot/lib/python3.10/site-packages/puzzlebot/aruco.py to aruco.cpython-310.pyc
[0.949s] running install_data
[0.950s] running install_egg_info
[0.952s] removing '/home/alexl/final_ws/install/puzzlebot/lib/python3.10/site-packages/puzzlebot-0.0.0-py3.10.egg-info' (and everything under it)
[0.953s] Copying ../../build/puzzlebot/puzzlebot.egg-info to /home/alexl/final_ws/install/puzzlebot/lib/python3.10/site-packages/puzzlebot-0.0.0-py3.10.egg-info
[0.954s] running install_scripts
[0.972s] Installing aruco script to /home/alexl/final_ws/install/puzzlebot/lib/puzzlebot
[0.973s] Installing bug0 script to /home/alexl/final_ws/install/puzzlebot/lib/puzzlebot
[0.973s] Installing bug2 script to /home/alexl/final_ws/install/puzzlebot/lib/puzzlebot
[0.973s] Installing joint_state_pub script to /home/alexl/final_ws/install/puzzlebot/lib/puzzlebot
[0.973s] Installing localisation script to /home/alexl/final_ws/install/puzzlebot/lib/puzzlebot
[0.973s] Installing localisatonv2 script to /home/alexl/final_ws/install/puzzlebot/lib/puzzlebot
[0.973s] Installing pose_estimation script to /home/alexl/final_ws/install/puzzlebot/lib/puzzlebot
[0.973s] Installing publish_odom script to /home/alexl/final_ws/install/puzzlebot/lib/puzzlebot
[0.973s] Installing puzzlebot_kinematic_model script to /home/alexl/final_ws/install/puzzlebot/lib/puzzlebot
[0.973s] writing list of installed files to '/home/alexl/final_ws/build/puzzlebot/install.log'
[1.003s] Invoked command in '/home/alexl/final_ws/src/puzzlebot' returned '0': PYTHONPATH=/home/alexl/final_ws/build/puzzlebot/prefix_override:/usr/lib/python3/dist-packages/colcon_core/task/python/colcon_distutils_commands:/home/alexl/final_ws/install/puzzlebot/lib/python3.10/site-packages:${PYTHONPATH} /usr/bin/python3 -W ignore:setup.py install is deprecated -W ignore:easy_install command is deprecated setup.py egg_info --egg-base ../../build/puzzlebot build --build-base /home/alexl/final_ws/build/puzzlebot/build install --record /home/alexl/final_ws/build/puzzlebot/install.log --single-version-externally-managed install_data
