[1.135s] Invoking command in '/home/ulisess/TE3003B/modulo_3/ActFinal/puzzlebot_description': PYTHONPATH=/home/ulisess/TE3003B/modulo_3/ActFinal/build/puzzlebot_description/prefix_override:/usr/lib/python3/dist-packages/colcon_core/task/python/colcon_distutils_commands:/home/ulisess/TE3003B/modulo_3/ActFinal/install/puzzlebot_description/lib/python3.10/site-packages:${PYTHONPATH} /usr/bin/python3 -W ignore:setup.py install is deprecated -W ignore:easy_install command is deprecated setup.py egg_info --egg-base ../build/puzzlebot_description build --build-base /home/ulisess/TE3003B/modulo_3/ActFinal/build/puzzlebot_description/build install --record /home/ulisess/TE3003B/modulo_3/ActFinal/build/puzzlebot_description/install.log --single-version-externally-managed install_data
[1.435s] running egg_info
[1.436s] writing ../build/puzzlebot_description/puzzlebot_description.egg-info/PKG-INFO
[1.436s] writing dependency_links to ../build/puzzlebot_description/puzzlebot_description.egg-info/dependency_links.txt
[1.436s] writing entry points to ../build/puzzlebot_description/puzzlebot_description.egg-info/entry_points.txt
[1.436s] writing requirements to ../build/puzzlebot_description/puzzlebot_description.egg-info/requires.txt
[1.437s] writing top-level names to ../build/puzzlebot_description/puzzlebot_description.egg-info/top_level.txt
[1.440s] reading manifest file '../build/puzzlebot_description/puzzlebot_description.egg-info/SOURCES.txt'
[1.440s] adding license file 'LICENSE'
[1.441s] writing manifest file '../build/puzzlebot_description/puzzlebot_description.egg-info/SOURCES.txt'
[1.443s] running build
[1.443s] running build_py
[1.443s] running install
[1.444s] running install_lib
[1.445s] running install_data
[1.446s] running install_egg_info
[1.449s] removing '/home/ulisess/TE3003B/modulo_3/ActFinal/install/puzzlebot_description/lib/python3.10/site-packages/puzzlebot_description-0.0.0-py3.10.egg-info' (and everything under it)
[1.449s] Copying ../build/puzzlebot_description/puzzlebot_description.egg-info to /home/ulisess/TE3003B/modulo_3/ActFinal/install/puzzlebot_description/lib/python3.10/site-packages/puzzlebot_description-0.0.0-py3.10.egg-info
[1.451s] running install_scripts
[1.478s] Installing joint_state_publisher script to /home/ulisess/TE3003B/modulo_3/ActFinal/install/puzzlebot_description/lib/puzzlebot_description
[1.479s] writing list of installed files to '/home/ulisess/TE3003B/modulo_3/ActFinal/build/puzzlebot_description/install.log'
[1.530s] Invoked command in '/home/ulisess/TE3003B/modulo_3/ActFinal/puzzlebot_description' returned '0': PYTHONPATH=/home/ulisess/TE3003B/modulo_3/ActFinal/build/puzzlebot_description/prefix_override:/usr/lib/python3/dist-packages/colcon_core/task/python/colcon_distutils_commands:/home/ulisess/TE3003B/modulo_3/ActFinal/install/puzzlebot_description/lib/python3.10/site-packages:${PYTHONPATH} /usr/bin/python3 -W ignore:setup.py install is deprecated -W ignore:easy_install command is deprecated setup.py egg_info --egg-base ../build/puzzlebot_description build --build-base /home/ulisess/TE3003B/modulo_3/ActFinal/build/puzzlebot_description/build install --record /home/ulisess/TE3003B/modulo_3/ActFinal/build/puzzlebot_description/install.log --single-version-externally-managed install_data
