[1.145s] Invoking command in '/home/ulisess/TE3003B/modulo_3/ActFinal/puzzlebot_description': PYTHONPATH=/home/ulisess/TE3003B/modulo_3/ActFinal/build/puzzlebot_description/prefix_override:/usr/lib/python3/dist-packages/colcon_core/task/python/colcon_distutils_commands:/home/ulisess/TE3003B/modulo_3/ActFinal/install/puzzlebot_description/lib/python3.10/site-packages:${PYTHONPATH} /usr/bin/python3 -W ignore:setup.py install is deprecated -W ignore:easy_install command is deprecated setup.py egg_info --egg-base ../build/puzzlebot_description build --build-base /home/ulisess/TE3003B/modulo_3/ActFinal/build/puzzlebot_description/build install --record /home/ulisess/TE3003B/modulo_3/ActFinal/build/puzzlebot_description/install.log --single-version-externally-managed install_data
[1.417s] running egg_info
[1.417s] writing ../build/puzzlebot_description/puzzlebot_description.egg-info/PKG-INFO
[1.418s] writing dependency_links to ../build/puzzlebot_description/puzzlebot_description.egg-info/dependency_links.txt
[1.418s] writing entry points to ../build/puzzlebot_description/puzzlebot_description.egg-info/entry_points.txt
[1.418s] writing requirements to ../build/puzzlebot_description/puzzlebot_description.egg-info/requires.txt
[1.419s] writing top-level names to ../build/puzzlebot_description/puzzlebot_description.egg-info/top_level.txt
[1.421s] reading manifest file '../build/puzzlebot_description/puzzlebot_description.egg-info/SOURCES.txt'
[1.421s] adding license file 'LICENSE'
[1.422s] writing manifest file '../build/puzzlebot_description/puzzlebot_description.egg-info/SOURCES.txt'
[1.424s] running build
[1.424s] running build_py
[1.425s] running install
[1.425s] running install_lib
[1.426s] running install_data
[1.426s] copying urdf/mcr2_mechanical/puzzlebot_jetson_lidar_base.urdf.xacro -> /home/ulisess/TE3003B/modulo_3/ActFinal/install/puzzlebot_description/share/puzzlebot_description/urdf/mcr2_mechanical
[1.427s] copying urdf/mcr2_robots/puzzlebot_jetson_lidar_ed.xacro -> /home/ulisess/TE3003B/modulo_3/ActFinal/install/puzzlebot_description/share/puzzlebot_description/urdf/mcr2_robots
[1.428s] running install_egg_info
[1.430s] removing '/home/ulisess/TE3003B/modulo_3/ActFinal/install/puzzlebot_description/lib/python3.10/site-packages/puzzlebot_description-0.0.0-py3.10.egg-info' (and everything under it)
[1.430s] Copying ../build/puzzlebot_description/puzzlebot_description.egg-info to /home/ulisess/TE3003B/modulo_3/ActFinal/install/puzzlebot_description/lib/python3.10/site-packages/puzzlebot_description-0.0.0-py3.10.egg-info
[1.431s] running install_scripts
[1.453s] Installing joint_state_publisher script to /home/ulisess/TE3003B/modulo_3/ActFinal/install/puzzlebot_description/lib/puzzlebot_description
[1.453s] writing list of installed files to '/home/ulisess/TE3003B/modulo_3/ActFinal/build/puzzlebot_description/install.log'
[1.496s] Invoked command in '/home/ulisess/TE3003B/modulo_3/ActFinal/puzzlebot_description' returned '0': PYTHONPATH=/home/ulisess/TE3003B/modulo_3/ActFinal/build/puzzlebot_description/prefix_override:/usr/lib/python3/dist-packages/colcon_core/task/python/colcon_distutils_commands:/home/ulisess/TE3003B/modulo_3/ActFinal/install/puzzlebot_description/lib/python3.10/site-packages:${PYTHONPATH} /usr/bin/python3 -W ignore:setup.py install is deprecated -W ignore:easy_install command is deprecated setup.py egg_info --egg-base ../build/puzzlebot_description build --build-base /home/ulisess/TE3003B/modulo_3/ActFinal/build/puzzlebot_description/build install --record /home/ulisess/TE3003B/modulo_3/ActFinal/build/puzzlebot_description/install.log --single-version-externally-managed install_data
