[1.852s] Invoking command in '/home/ulisess/TE3003B/modulo_3/ActFinal/equipo6': PYTHONPATH=/home/ulisess/TE3003B/modulo_3/ActFinal/build/equipo6/prefix_override:/usr/lib/python3/dist-packages/colcon_core/task/python/colcon_distutils_commands:/home/ulisess/TE3003B/modulo_3/ActFinal/install/equipo6/lib/python3.10/site-packages:${PYTHONPATH} /usr/bin/python3 -W ignore:setup.py install is deprecated -W ignore:easy_install command is deprecated setup.py egg_info --egg-base ../build/equipo6 build --build-base /home/ulisess/TE3003B/modulo_3/ActFinal/build/equipo6/build install --record /home/ulisess/TE3003B/modulo_3/ActFinal/build/equipo6/install.log --single-version-externally-managed install_data
[2.312s] running egg_info
[2.313s] writing ../build/equipo6/equipo6.egg-info/PKG-INFO
[2.315s] writing dependency_links to ../build/equipo6/equipo6.egg-info/dependency_links.txt
[2.315s] writing entry points to ../build/equipo6/equipo6.egg-info/entry_points.txt
[2.315s] writing requirements to ../build/equipo6/equipo6.egg-info/requires.txt
[2.316s] writing top-level names to ../build/equipo6/equipo6.egg-info/top_level.txt
[2.318s] reading manifest file '../build/equipo6/equipo6.egg-info/SOURCES.txt'
[2.321s] writing manifest file '../build/equipo6/equipo6.egg-info/SOURCES.txt'
[2.322s] running build
[2.322s] running build_py
[2.323s] running install
[2.323s] running install_lib
[2.325s] running install_data
[2.326s] copying launch/world_launch.py -> /home/ulisess/TE3003B/modulo_3/ActFinal/install/equipo6/share/equipo6/launch
[2.327s] running install_egg_info
[2.331s] removing '/home/ulisess/TE3003B/modulo_3/ActFinal/install/equipo6/lib/python3.10/site-packages/equipo6-0.0.0-py3.10.egg-info' (and everything under it)
[2.331s] Copying ../build/equipo6/equipo6.egg-info to /home/ulisess/TE3003B/modulo_3/ActFinal/install/equipo6/lib/python3.10/site-packages/equipo6-0.0.0-py3.10.egg-info
[2.334s] running install_scripts
[2.370s] Installing joint_state_pub script to /home/ulisess/TE3003B/modulo_3/ActFinal/install/equipo6/lib/equipo6
[2.370s] Installing localisation script to /home/ulisess/TE3003B/modulo_3/ActFinal/install/equipo6/lib/equipo6
[2.370s] Installing odometry_publisher script to /home/ulisess/TE3003B/modulo_3/ActFinal/install/equipo6/lib/equipo6
[2.371s] writing list of installed files to '/home/ulisess/TE3003B/modulo_3/ActFinal/build/equipo6/install.log'
[2.466s] Invoked command in '/home/ulisess/TE3003B/modulo_3/ActFinal/equipo6' returned '0': PYTHONPATH=/home/ulisess/TE3003B/modulo_3/ActFinal/build/equipo6/prefix_override:/usr/lib/python3/dist-packages/colcon_core/task/python/colcon_distutils_commands:/home/ulisess/TE3003B/modulo_3/ActFinal/install/equipo6/lib/python3.10/site-packages:${PYTHONPATH} /usr/bin/python3 -W ignore:setup.py install is deprecated -W ignore:easy_install command is deprecated setup.py egg_info --egg-base ../build/equipo6 build --build-base /home/ulisess/TE3003B/modulo_3/ActFinal/build/equipo6/build install --record /home/ulisess/TE3003B/modulo_3/ActFinal/build/equipo6/install.log --single-version-externally-managed install_data
