[0.693s] Invoking command in '/home/alexl/ActM3.5/TE3003B/equipo6': PYTHONPATH=/home/alexl/ActM3.5/TE3003B/equipo6/build/equipo6/prefix_override:/usr/lib/python3/dist-packages/colcon_core/task/python/colcon_distutils_commands:/home/alexl/ActM3.5/TE3003B/equipo6/install/equipo6/lib/python3.10/site-packages:${PYTHONPATH} /usr/bin/python3 -W ignore:setup.py install is deprecated -W ignore:easy_install command is deprecated setup.py egg_info --egg-base build/equipo6 build --build-base /home/alexl/ActM3.5/TE3003B/equipo6/build/equipo6/build install --record /home/alexl/ActM3.5/TE3003B/equipo6/build/equipo6/install.log --single-version-externally-managed install_data
[0.919s] running egg_info
[0.920s] writing build/equipo6/equipo6.egg-info/PKG-INFO
[0.920s] writing dependency_links to build/equipo6/equipo6.egg-info/dependency_links.txt
[0.920s] writing entry points to build/equipo6/equipo6.egg-info/entry_points.txt
[0.921s] writing requirements to build/equipo6/equipo6.egg-info/requires.txt
[0.921s] writing top-level names to build/equipo6/equipo6.egg-info/top_level.txt
[0.922s] reading manifest file 'build/equipo6/equipo6.egg-info/SOURCES.txt'
[0.923s] writing manifest file 'build/equipo6/equipo6.egg-info/SOURCES.txt'
[0.923s] running build
[0.923s] running build_py
[0.923s] running install
[0.924s] running install_lib
[0.925s] running install_data
[0.925s] copying launch/world_launch.py -> /home/alexl/ActM3.5/TE3003B/equipo6/install/equipo6/share/equipo6/launch
[0.925s] copying rviz/puzzlebot_markers.rviz -> /home/alexl/ActM3.5/TE3003B/equipo6/install/equipo6/share/equipo6/rviz
[0.926s] running install_egg_info
[0.927s] removing '/home/alexl/ActM3.5/TE3003B/equipo6/install/equipo6/lib/python3.10/site-packages/equipo6-0.0.0-py3.10.egg-info' (and everything under it)
[0.928s] Copying build/equipo6/equipo6.egg-info to /home/alexl/ActM3.5/TE3003B/equipo6/install/equipo6/lib/python3.10/site-packages/equipo6-0.0.0-py3.10.egg-info
[0.929s] running install_scripts
[0.951s] writing list of installed files to '/home/alexl/ActM3.5/TE3003B/equipo6/build/equipo6/install.log'
[1.002s] Invoked command in '/home/alexl/ActM3.5/TE3003B/equipo6' returned '0': PYTHONPATH=/home/alexl/ActM3.5/TE3003B/equipo6/build/equipo6/prefix_override:/usr/lib/python3/dist-packages/colcon_core/task/python/colcon_distutils_commands:/home/alexl/ActM3.5/TE3003B/equipo6/install/equipo6/lib/python3.10/site-packages:${PYTHONPATH} /usr/bin/python3 -W ignore:setup.py install is deprecated -W ignore:easy_install command is deprecated setup.py egg_info --egg-base build/equipo6 build --build-base /home/alexl/ActM3.5/TE3003B/equipo6/build/equipo6/build install --record /home/alexl/ActM3.5/TE3003B/equipo6/build/equipo6/install.log --single-version-externally-managed install_data
