[1.652s] Invoking command in '/home/ulisess/TE3003B/modulo_3/Act3.5/puzzlebot_description': PYTHONPATH=/home/ulisess/TE3003B/modulo_3/Act3.5/build/puzzlebot_description/prefix_override:/usr/lib/python3/dist-packages/colcon_core/task/python/colcon_distutils_commands:/home/ulisess/TE3003B/modulo_3/Act3.5/install/puzzlebot_description/lib/python3.10/site-packages:${PYTHONPATH} /usr/bin/python3 -W ignore:setup.py install is deprecated -W ignore:easy_install command is deprecated setup.py egg_info --egg-base ../build/puzzlebot_description build --build-base /home/ulisess/TE3003B/modulo_3/Act3.5/build/puzzlebot_description/build install --record /home/ulisess/TE3003B/modulo_3/Act3.5/build/puzzlebot_description/install.log --single-version-externally-managed install_data
[2.082s] running egg_info
[2.082s] writing ../build/puzzlebot_description/puzzlebot_description.egg-info/PKG-INFO
[2.083s] writing dependency_links to ../build/puzzlebot_description/puzzlebot_description.egg-info/dependency_links.txt
[2.083s] writing entry points to ../build/puzzlebot_description/puzzlebot_description.egg-info/entry_points.txt
[2.083s] writing requirements to ../build/puzzlebot_description/puzzlebot_description.egg-info/requires.txt
[2.084s] writing top-level names to ../build/puzzlebot_description/puzzlebot_description.egg-info/top_level.txt
[2.087s] reading manifest file '../build/puzzlebot_description/puzzlebot_description.egg-info/SOURCES.txt'
[2.087s] adding license file 'LICENSE'
[2.089s] writing manifest file '../build/puzzlebot_description/puzzlebot_description.egg-info/SOURCES.txt'
[2.091s] running build
[2.091s] running build_py
[2.091s] running install
[2.092s] running install_lib
[2.094s] running install_data
[2.094s] copying urdf/mcr2_control/gazebo_control.xacro -> /home/ulisess/TE3003B/modulo_3/Act3.5/install/puzzlebot_description/share/puzzlebot_description/urdf/mcr2_control
[2.096s] running install_egg_info
[2.099s] removing '/home/ulisess/TE3003B/modulo_3/Act3.5/install/puzzlebot_description/lib/python3.10/site-packages/puzzlebot_description-0.0.0-py3.10.egg-info' (and everything under it)
[2.100s] Copying ../build/puzzlebot_description/puzzlebot_description.egg-info to /home/ulisess/TE3003B/modulo_3/Act3.5/install/puzzlebot_description/lib/python3.10/site-packages/puzzlebot_description-0.0.0-py3.10.egg-info
[2.102s] running install_scripts
[2.139s] Installing joint_state_publisher script to /home/ulisess/TE3003B/modulo_3/Act3.5/install/puzzlebot_description/lib/puzzlebot_description
[2.140s] writing list of installed files to '/home/ulisess/TE3003B/modulo_3/Act3.5/build/puzzlebot_description/install.log'
[2.196s] Invoked command in '/home/ulisess/TE3003B/modulo_3/Act3.5/puzzlebot_description' returned '0': PYTHONPATH=/home/ulisess/TE3003B/modulo_3/Act3.5/build/puzzlebot_description/prefix_override:/usr/lib/python3/dist-packages/colcon_core/task/python/colcon_distutils_commands:/home/ulisess/TE3003B/modulo_3/Act3.5/install/puzzlebot_description/lib/python3.10/site-packages:${PYTHONPATH} /usr/bin/python3 -W ignore:setup.py install is deprecated -W ignore:easy_install command is deprecated setup.py egg_info --egg-base ../build/puzzlebot_description build --build-base /home/ulisess/TE3003B/modulo_3/Act3.5/build/puzzlebot_description/build install --record /home/ulisess/TE3003B/modulo_3/Act3.5/build/puzzlebot_description/install.log --single-version-externally-managed install_data
