[0.103s] DEBUG:colcon:Command line arguments: ['/usr/bin/colcon', 'build']
[0.104s] DEBUG:colcon:Parsed command line arguments: Namespace(log_base=None, log_level=None, verb_name='build', build_base='build', install_base='install', merge_install=False, symlink_install=False, test_result_base=None, continue_on_error=False, executor='parallel', parallel_workers=12, event_handlers=None, ignore_user_meta=False, metas=['./colcon.meta'], base_paths=['.'], packages_ignore=None, packages_ignore_regex=None, paths=None, packages_up_to=None, packages_up_to_regex=None, packages_above=None, packages_above_and_dependencies=None, packages_above_depth=None, packages_select_by_dep=None, packages_skip_by_dep=None, packages_skip_up_to=None, packages_select_build_failed=False, packages_skip_build_finished=False, packages_select_test_failures=False, packages_skip_test_passed=False, packages_select=None, packages_skip=None, packages_select_regex=None, packages_skip_regex=None, packages_start=None, packages_end=None, allow_overriding=[], cmake_args=None, cmake_target=None, cmake_target_skip_unavailable=False, cmake_clean_cache=False, cmake_clean_first=False, cmake_force_configure=False, ament_cmake_args=None, catkin_cmake_args=None, catkin_skip_building_tests=False, mixin_files=None, mixin=None, verb_parser=<colcon_mixin.mixin.mixin_argument.MixinArgumentDecorator object at 0x795470475090>, verb_extension=<colcon_core.verb.build.BuildVerb object at 0x79547058a050>, main=<bound method BuildVerb.main of <colcon_core.verb.build.BuildVerb object at 0x79547058a050>>, mixin_verb=('build',))
[0.258s] Level 1:colcon.colcon_core.package_discovery:discover_packages(colcon_meta) check parameters
[0.258s] Level 1:colcon.colcon_core.package_discovery:discover_packages(recursive) check parameters
[0.258s] Level 1:colcon.colcon_core.package_discovery:discover_packages(ignore) check parameters
[0.259s] Level 1:colcon.colcon_core.package_discovery:discover_packages(path) check parameters
[0.259s] Level 1:colcon.colcon_core.package_discovery:discover_packages(colcon_meta) discover
[0.259s] Level 1:colcon.colcon_core.package_discovery:discover_packages(recursive) discover
[0.259s] INFO:colcon.colcon_core.package_discovery:Crawling recursively for packages in '/home/alexl/test/TE3003B_Integration_of_Robotics_and_Intelligent_Systems_2025/Week5'
[0.259s] Level 1:colcon.colcon_core.package_identification:_identify(.) by extensions ['ignore', 'ignore_ament_install']
[0.259s] Level 1:colcon.colcon_core.package_identification:_identify(.) by extension 'ignore'
[0.259s] Level 1:colcon.colcon_core.package_identification:_identify(.) by extension 'ignore_ament_install'
[0.259s] Level 1:colcon.colcon_core.package_identification:_identify(.) by extensions ['colcon_pkg']
[0.259s] Level 1:colcon.colcon_core.package_identification:_identify(.) by extension 'colcon_pkg'
[0.259s] Level 1:colcon.colcon_core.package_identification:_identify(.) by extensions ['colcon_meta']
[0.259s] Level 1:colcon.colcon_core.package_identification:_identify(.) by extension 'colcon_meta'
[0.259s] Level 1:colcon.colcon_core.package_identification:_identify(.) by extensions ['ros']
[0.259s] Level 1:colcon.colcon_core.package_identification:_identify(.) by extension 'ros'
[0.268s] Level 1:colcon.colcon_core.package_identification:_identify(.) by extensions ['cmake', 'python']
[0.268s] Level 1:colcon.colcon_core.package_identification:_identify(.) by extension 'cmake'
[0.269s] Level 1:colcon.colcon_core.package_identification:_identify(.) by extension 'python'
[0.269s] Level 1:colcon.colcon_core.package_identification:_identify(.) by extensions ['python_setup_py']
[0.269s] Level 1:colcon.colcon_core.package_identification:_identify(.) by extension 'python_setup_py'
[0.269s] Level 1:colcon.colcon_core.package_identification:_identify(Activities) by extensions ['ignore', 'ignore_ament_install']
[0.269s] Level 1:colcon.colcon_core.package_identification:_identify(Activities) by extension 'ignore'
[0.269s] Level 1:colcon.colcon_core.package_identification:_identify(Activities) by extension 'ignore_ament_install'
[0.269s] Level 1:colcon.colcon_core.package_identification:_identify(Activities) by extensions ['colcon_pkg']
[0.269s] Level 1:colcon.colcon_core.package_identification:_identify(Activities) by extension 'colcon_pkg'
[0.269s] Level 1:colcon.colcon_core.package_identification:_identify(Activities) by extensions ['colcon_meta']
[0.269s] Level 1:colcon.colcon_core.package_identification:_identify(Activities) by extension 'colcon_meta'
[0.269s] Level 1:colcon.colcon_core.package_identification:_identify(Activities) by extensions ['ros']
[0.269s] Level 1:colcon.colcon_core.package_identification:_identify(Activities) by extension 'ros'
[0.269s] Level 1:colcon.colcon_core.package_identification:_identify(Activities) by extensions ['cmake', 'python']
[0.269s] Level 1:colcon.colcon_core.package_identification:_identify(Activities) by extension 'cmake'
[0.269s] Level 1:colcon.colcon_core.package_identification:_identify(Activities) by extension 'python'
[0.269s] Level 1:colcon.colcon_core.package_identification:_identify(Activities) by extensions ['python_setup_py']
[0.269s] Level 1:colcon.colcon_core.package_identification:_identify(Activities) by extension 'python_setup_py'
[0.269s] Level 1:colcon.colcon_core.package_identification:_identify(Activities/puzzlebot_sim) by extensions ['ignore', 'ignore_ament_install']
[0.269s] Level 1:colcon.colcon_core.package_identification:_identify(Activities/puzzlebot_sim) by extension 'ignore'
[0.269s] Level 1:colcon.colcon_core.package_identification:_identify(Activities/puzzlebot_sim) by extension 'ignore_ament_install'
[0.269s] Level 1:colcon.colcon_core.package_identification:_identify(Activities/puzzlebot_sim) by extensions ['colcon_pkg']
[0.269s] Level 1:colcon.colcon_core.package_identification:_identify(Activities/puzzlebot_sim) by extension 'colcon_pkg'
[0.269s] Level 1:colcon.colcon_core.package_identification:_identify(Activities/puzzlebot_sim) by extensions ['colcon_meta']
[0.269s] Level 1:colcon.colcon_core.package_identification:_identify(Activities/puzzlebot_sim) by extension 'colcon_meta'
[0.270s] Level 1:colcon.colcon_core.package_identification:_identify(Activities/puzzlebot_sim) by extensions ['ros']
[0.270s] Level 1:colcon.colcon_core.package_identification:_identify(Activities/puzzlebot_sim) by extension 'ros'
[0.272s] DEBUG:colcon.colcon_core.package_identification:Package 'Activities/puzzlebot_sim' with type 'ros.ament_python' and name 'puzzlebot_sim'
[0.272s] Level 1:colcon.colcon_core.package_identification:_identify(Challenge) by extensions ['ignore', 'ignore_ament_install']
[0.272s] Level 1:colcon.colcon_core.package_identification:_identify(Challenge) by extension 'ignore'
[0.272s] Level 1:colcon.colcon_core.package_identification:_identify(Challenge) by extension 'ignore_ament_install'
[0.273s] Level 1:colcon.colcon_core.package_identification:_identify(Challenge) by extensions ['colcon_pkg']
[0.273s] Level 1:colcon.colcon_core.package_identification:_identify(Challenge) by extension 'colcon_pkg'
[0.273s] Level 1:colcon.colcon_core.package_identification:_identify(Challenge) by extensions ['colcon_meta']
[0.273s] Level 1:colcon.colcon_core.package_identification:_identify(Challenge) by extension 'colcon_meta'
[0.273s] Level 1:colcon.colcon_core.package_identification:_identify(Challenge) by extensions ['ros']
[0.273s] Level 1:colcon.colcon_core.package_identification:_identify(Challenge) by extension 'ros'
[0.273s] Level 1:colcon.colcon_core.package_identification:_identify(Challenge) by extensions ['cmake', 'python']
[0.273s] Level 1:colcon.colcon_core.package_identification:_identify(Challenge) by extension 'cmake'
[0.273s] Level 1:colcon.colcon_core.package_identification:_identify(Challenge) by extension 'python'
[0.273s] Level 1:colcon.colcon_core.package_identification:_identify(Challenge) by extensions ['python_setup_py']
[0.273s] Level 1:colcon.colcon_core.package_identification:_identify(Challenge) by extension 'python_setup_py'
[0.273s] Level 1:colcon.colcon_core.package_identification:_identify(Gazebo Simulator) by extensions ['ignore', 'ignore_ament_install']
[0.273s] Level 1:colcon.colcon_core.package_identification:_identify(Gazebo Simulator) by extension 'ignore'
[0.273s] Level 1:colcon.colcon_core.package_identification:_identify(Gazebo Simulator) by extension 'ignore_ament_install'
[0.273s] Level 1:colcon.colcon_core.package_identification:_identify(Gazebo Simulator) by extensions ['colcon_pkg']
[0.273s] Level 1:colcon.colcon_core.package_identification:_identify(Gazebo Simulator) by extension 'colcon_pkg'
[0.273s] Level 1:colcon.colcon_core.package_identification:_identify(Gazebo Simulator) by extensions ['colcon_meta']
[0.273s] Level 1:colcon.colcon_core.package_identification:_identify(Gazebo Simulator) by extension 'colcon_meta'
[0.273s] Level 1:colcon.colcon_core.package_identification:_identify(Gazebo Simulator) by extensions ['ros']
[0.273s] Level 1:colcon.colcon_core.package_identification:_identify(Gazebo Simulator) by extension 'ros'
[0.273s] Level 1:colcon.colcon_core.package_identification:_identify(Gazebo Simulator) by extensions ['cmake', 'python']
[0.273s] Level 1:colcon.colcon_core.package_identification:_identify(Gazebo Simulator) by extension 'cmake'
[0.273s] Level 1:colcon.colcon_core.package_identification:_identify(Gazebo Simulator) by extension 'python'
[0.273s] Level 1:colcon.colcon_core.package_identification:_identify(Gazebo Simulator) by extensions ['python_setup_py']
[0.273s] Level 1:colcon.colcon_core.package_identification:_identify(Gazebo Simulator) by extension 'python_setup_py'
[0.273s] Level 1:colcon.colcon_core.package_identification:_identify(Gazebo Simulator/puzzlebot_description) by extensions ['ignore', 'ignore_ament_install']
[0.274s] Level 1:colcon.colcon_core.package_identification:_identify(Gazebo Simulator/puzzlebot_description) by extension 'ignore'
[0.274s] Level 1:colcon.colcon_core.package_identification:_identify(Gazebo Simulator/puzzlebot_description) by extension 'ignore_ament_install'
[0.274s] Level 1:colcon.colcon_core.package_identification:_identify(Gazebo Simulator/puzzlebot_description) by extensions ['colcon_pkg']
[0.274s] Level 1:colcon.colcon_core.package_identification:_identify(Gazebo Simulator/puzzlebot_description) by extension 'colcon_pkg'
[0.274s] Level 1:colcon.colcon_core.package_identification:_identify(Gazebo Simulator/puzzlebot_description) by extensions ['colcon_meta']
[0.274s] Level 1:colcon.colcon_core.package_identification:_identify(Gazebo Simulator/puzzlebot_description) by extension 'colcon_meta'
[0.274s] Level 1:colcon.colcon_core.package_identification:_identify(Gazebo Simulator/puzzlebot_description) by extensions ['ros']
[0.274s] Level 1:colcon.colcon_core.package_identification:_identify(Gazebo Simulator/puzzlebot_description) by extension 'ros'
[0.275s] DEBUG:colcon.colcon_core.package_identification:Package 'Gazebo Simulator/puzzlebot_description' with type 'ros.ament_python' and name 'puzzlebot_description'
[0.275s] Level 1:colcon.colcon_core.package_identification:_identify(Gazebo Simulator/puzzlebot_gazebo) by extensions ['ignore', 'ignore_ament_install']
[0.275s] Level 1:colcon.colcon_core.package_identification:_identify(Gazebo Simulator/puzzlebot_gazebo) by extension 'ignore'
[0.275s] Level 1:colcon.colcon_core.package_identification:_identify(Gazebo Simulator/puzzlebot_gazebo) by extension 'ignore_ament_install'
[0.275s] Level 1:colcon.colcon_core.package_identification:_identify(Gazebo Simulator/puzzlebot_gazebo) by extensions ['colcon_pkg']
[0.275s] Level 1:colcon.colcon_core.package_identification:_identify(Gazebo Simulator/puzzlebot_gazebo) by extension 'colcon_pkg'
[0.275s] Level 1:colcon.colcon_core.package_identification:_identify(Gazebo Simulator/puzzlebot_gazebo) by extensions ['colcon_meta']
[0.275s] Level 1:colcon.colcon_core.package_identification:_identify(Gazebo Simulator/puzzlebot_gazebo) by extension 'colcon_meta'
[0.275s] Level 1:colcon.colcon_core.package_identification:_identify(Gazebo Simulator/puzzlebot_gazebo) by extensions ['ros']
[0.275s] Level 1:colcon.colcon_core.package_identification:_identify(Gazebo Simulator/puzzlebot_gazebo) by extension 'ros'
[0.277s] DEBUG:colcon.colcon_core.package_identification:Package 'Gazebo Simulator/puzzlebot_gazebo' with type 'ros.ament_python' and name 'puzzlebot_gazebo'
[0.277s] Level 1:colcon.colcon_core.package_identification:_identify(Presentations) by extensions ['ignore', 'ignore_ament_install']
[0.278s] Level 1:colcon.colcon_core.package_identification:_identify(Presentations) by extension 'ignore'
[0.278s] Level 1:colcon.colcon_core.package_identification:_identify(Presentations) by extension 'ignore_ament_install'
[0.278s] Level 1:colcon.colcon_core.package_identification:_identify(Presentations) by extensions ['colcon_pkg']
[0.278s] Level 1:colcon.colcon_core.package_identification:_identify(Presentations) by extension 'colcon_pkg'
[0.278s] Level 1:colcon.colcon_core.package_identification:_identify(Presentations) by extensions ['colcon_meta']
[0.278s] Level 1:colcon.colcon_core.package_identification:_identify(Presentations) by extension 'colcon_meta'
[0.278s] Level 1:colcon.colcon_core.package_identification:_identify(Presentations) by extensions ['ros']
[0.278s] Level 1:colcon.colcon_core.package_identification:_identify(Presentations) by extension 'ros'
[0.278s] Level 1:colcon.colcon_core.package_identification:_identify(Presentations) by extensions ['cmake', 'python']
[0.278s] Level 1:colcon.colcon_core.package_identification:_identify(Presentations) by extension 'cmake'
[0.278s] Level 1:colcon.colcon_core.package_identification:_identify(Presentations) by extension 'python'
[0.278s] Level 1:colcon.colcon_core.package_identification:_identify(Presentations) by extensions ['python_setup_py']
[0.278s] Level 1:colcon.colcon_core.package_identification:_identify(Presentations) by extension 'python_setup_py'
[0.278s] Level 1:colcon.colcon_core.package_identification:_identify(Presentations/PDF) by extensions ['ignore', 'ignore_ament_install']
[0.278s] Level 1:colcon.colcon_core.package_identification:_identify(Presentations/PDF) by extension 'ignore'
[0.278s] Level 1:colcon.colcon_core.package_identification:_identify(Presentations/PDF) by extension 'ignore_ament_install'
[0.278s] Level 1:colcon.colcon_core.package_identification:_identify(Presentations/PDF) by extensions ['colcon_pkg']
[0.278s] Level 1:colcon.colcon_core.package_identification:_identify(Presentations/PDF) by extension 'colcon_pkg'
[0.278s] Level 1:colcon.colcon_core.package_identification:_identify(Presentations/PDF) by extensions ['colcon_meta']
[0.278s] Level 1:colcon.colcon_core.package_identification:_identify(Presentations/PDF) by extension 'colcon_meta'
[0.278s] Level 1:colcon.colcon_core.package_identification:_identify(Presentations/PDF) by extensions ['ros']
[0.278s] Level 1:colcon.colcon_core.package_identification:_identify(Presentations/PDF) by extension 'ros'
[0.278s] Level 1:colcon.colcon_core.package_identification:_identify(Presentations/PDF) by extensions ['cmake', 'python']
[0.278s] Level 1:colcon.colcon_core.package_identification:_identify(Presentations/PDF) by extension 'cmake'
[0.278s] Level 1:colcon.colcon_core.package_identification:_identify(Presentations/PDF) by extension 'python'
[0.278s] Level 1:colcon.colcon_core.package_identification:_identify(Presentations/PDF) by extensions ['python_setup_py']
[0.278s] Level 1:colcon.colcon_core.package_identification:_identify(Presentations/PDF) by extension 'python_setup_py'
[0.279s] Level 1:colcon.colcon_core.package_identification:_identify(build) by extensions ['ignore', 'ignore_ament_install']
[0.279s] Level 1:colcon.colcon_core.package_identification:_identify(build) by extension 'ignore'
[0.279s] Level 1:colcon.colcon_core.package_identification:_identify(build) ignored
[0.279s] Level 1:colcon.colcon_core.package_identification:_identify(install) by extensions ['ignore', 'ignore_ament_install']
[0.279s] Level 1:colcon.colcon_core.package_identification:_identify(install) by extension 'ignore'
[0.279s] Level 1:colcon.colcon_core.package_identification:_identify(install) ignored
[0.279s] Level 1:colcon.colcon_core.package_identification:_identify(log) by extensions ['ignore', 'ignore_ament_install']
[0.279s] Level 1:colcon.colcon_core.package_identification:_identify(log) by extension 'ignore'
[0.279s] Level 1:colcon.colcon_core.package_identification:_identify(log) ignored
[0.279s] Level 1:colcon.colcon_core.package_discovery:discover_packages(recursive) using defaults
[0.279s] Level 1:colcon.colcon_core.package_discovery:discover_packages(ignore) discover
[0.279s] Level 1:colcon.colcon_core.package_discovery:discover_packages(ignore) using defaults
[0.279s] Level 1:colcon.colcon_core.package_discovery:discover_packages(path) discover
[0.279s] Level 1:colcon.colcon_core.package_discovery:discover_packages(path) using defaults
[0.310s] Level 1:colcon.colcon_core.package_discovery:discover_packages(prefix_path) check parameters
[0.310s] Level 1:colcon.colcon_core.package_discovery:discover_packages(prefix_path) discover
[0.312s] DEBUG:colcon.colcon_installed_package_information.package_discovery:Found 3 installed packages in /home/alexl/test/TE3003B_Integration_of_Robotics_and_Intelligent_Systems_2025/Week5/install
[0.312s] DEBUG:colcon.colcon_installed_package_information.package_discovery:Found 1 installed packages in /home/alexl/TE3003B/install
[0.313s] DEBUG:colcon.colcon_installed_package_information.package_discovery:Found 8 installed packages in /home/alexl/ros2_ws/install
[0.313s] DEBUG:colcon.colcon_installed_package_information.package_discovery:Found 1 installed packages in /home/alexl/ros2_ws/src/mobile_robotics/install
[0.315s] DEBUG:colcon.colcon_installed_package_information.package_discovery:Found 426 installed packages in /opt/ros/humble
[0.317s] Level 1:colcon.colcon_core.package_discovery:discover_packages(prefix_path) using defaults
[0.361s] Level 5:colcon.colcon_core.verb:set package 'puzzlebot_description' build argument 'cmake_args' from command line to 'None'
[0.361s] Level 5:colcon.colcon_core.verb:set package 'puzzlebot_description' build argument 'cmake_target' from command line to 'None'
[0.361s] Level 5:colcon.colcon_core.verb:set package 'puzzlebot_description' build argument 'cmake_target_skip_unavailable' from command line to 'False'
[0.361s] Level 5:colcon.colcon_core.verb:set package 'puzzlebot_description' build argument 'cmake_clean_cache' from command line to 'False'
[0.361s] Level 5:colcon.colcon_core.verb:set package 'puzzlebot_description' build argument 'cmake_clean_first' from command line to 'False'
[0.361s] Level 5:colcon.colcon_core.verb:set package 'puzzlebot_description' build argument 'cmake_force_configure' from command line to 'False'
[0.361s] Level 5:colcon.colcon_core.verb:set package 'puzzlebot_description' build argument 'ament_cmake_args' from command line to 'None'
[0.361s] Level 5:colcon.colcon_core.verb:set package 'puzzlebot_description' build argument 'catkin_cmake_args' from command line to 'None'
[0.361s] Level 5:colcon.colcon_core.verb:set package 'puzzlebot_description' build argument 'catkin_skip_building_tests' from command line to 'False'
[0.361s] DEBUG:colcon.colcon_core.verb:Building package 'puzzlebot_description' with the following arguments: {'ament_cmake_args': None, 'build_base': '/home/alexl/test/TE3003B_Integration_of_Robotics_and_Intelligent_Systems_2025/Week5/build/puzzlebot_description', 'catkin_cmake_args': None, 'catkin_skip_building_tests': False, 'cmake_args': None, 'cmake_clean_cache': False, 'cmake_clean_first': False, 'cmake_force_configure': False, 'cmake_target': None, 'cmake_target_skip_unavailable': False, 'install_base': '/home/alexl/test/TE3003B_Integration_of_Robotics_and_Intelligent_Systems_2025/Week5/install/puzzlebot_description', 'merge_install': False, 'path': '/home/alexl/test/TE3003B_Integration_of_Robotics_and_Intelligent_Systems_2025/Week5/Gazebo Simulator/puzzlebot_description', 'symlink_install': False, 'test_result_base': None}
[0.361s] Level 5:colcon.colcon_core.verb:set package 'puzzlebot_gazebo' build argument 'cmake_args' from command line to 'None'
[0.361s] Level 5:colcon.colcon_core.verb:set package 'puzzlebot_gazebo' build argument 'cmake_target' from command line to 'None'
[0.361s] Level 5:colcon.colcon_core.verb:set package 'puzzlebot_gazebo' build argument 'cmake_target_skip_unavailable' from command line to 'False'
[0.361s] Level 5:colcon.colcon_core.verb:set package 'puzzlebot_gazebo' build argument 'cmake_clean_cache' from command line to 'False'
[0.361s] Level 5:colcon.colcon_core.verb:set package 'puzzlebot_gazebo' build argument 'cmake_clean_first' from command line to 'False'
[0.361s] Level 5:colcon.colcon_core.verb:set package 'puzzlebot_gazebo' build argument 'cmake_force_configure' from command line to 'False'
[0.362s] Level 5:colcon.colcon_core.verb:set package 'puzzlebot_gazebo' build argument 'ament_cmake_args' from command line to 'None'
[0.362s] Level 5:colcon.colcon_core.verb:set package 'puzzlebot_gazebo' build argument 'catkin_cmake_args' from command line to 'None'
[0.362s] Level 5:colcon.colcon_core.verb:set package 'puzzlebot_gazebo' build argument 'catkin_skip_building_tests' from command line to 'False'
[0.362s] DEBUG:colcon.colcon_core.verb:Building package 'puzzlebot_gazebo' with the following arguments: {'ament_cmake_args': None, 'build_base': '/home/alexl/test/TE3003B_Integration_of_Robotics_and_Intelligent_Systems_2025/Week5/build/puzzlebot_gazebo', 'catkin_cmake_args': None, 'catkin_skip_building_tests': False, 'cmake_args': None, 'cmake_clean_cache': False, 'cmake_clean_first': False, 'cmake_force_configure': False, 'cmake_target': None, 'cmake_target_skip_unavailable': False, 'install_base': '/home/alexl/test/TE3003B_Integration_of_Robotics_and_Intelligent_Systems_2025/Week5/install/puzzlebot_gazebo', 'merge_install': False, 'path': '/home/alexl/test/TE3003B_Integration_of_Robotics_and_Intelligent_Systems_2025/Week5/Gazebo Simulator/puzzlebot_gazebo', 'symlink_install': False, 'test_result_base': None}
[0.362s] Level 5:colcon.colcon_core.verb:set package 'puzzlebot_sim' build argument 'cmake_args' from command line to 'None'
[0.362s] Level 5:colcon.colcon_core.verb:set package 'puzzlebot_sim' build argument 'cmake_target' from command line to 'None'
[0.362s] Level 5:colcon.colcon_core.verb:set package 'puzzlebot_sim' build argument 'cmake_target_skip_unavailable' from command line to 'False'
[0.362s] Level 5:colcon.colcon_core.verb:set package 'puzzlebot_sim' build argument 'cmake_clean_cache' from command line to 'False'
[0.362s] Level 5:colcon.colcon_core.verb:set package 'puzzlebot_sim' build argument 'cmake_clean_first' from command line to 'False'
[0.362s] Level 5:colcon.colcon_core.verb:set package 'puzzlebot_sim' build argument 'cmake_force_configure' from command line to 'False'
[0.362s] Level 5:colcon.colcon_core.verb:set package 'puzzlebot_sim' build argument 'ament_cmake_args' from command line to 'None'
[0.362s] Level 5:colcon.colcon_core.verb:set package 'puzzlebot_sim' build argument 'catkin_cmake_args' from command line to 'None'
[0.362s] Level 5:colcon.colcon_core.verb:set package 'puzzlebot_sim' build argument 'catkin_skip_building_tests' from command line to 'False'
[0.362s] DEBUG:colcon.colcon_core.verb:Building package 'puzzlebot_sim' with the following arguments: {'ament_cmake_args': None, 'build_base': '/home/alexl/test/TE3003B_Integration_of_Robotics_and_Intelligent_Systems_2025/Week5/build/puzzlebot_sim', 'catkin_cmake_args': None, 'catkin_skip_building_tests': False, 'cmake_args': None, 'cmake_clean_cache': False, 'cmake_clean_first': False, 'cmake_force_configure': False, 'cmake_target': None, 'cmake_target_skip_unavailable': False, 'install_base': '/home/alexl/test/TE3003B_Integration_of_Robotics_and_Intelligent_Systems_2025/Week5/install/puzzlebot_sim', 'merge_install': False, 'path': '/home/alexl/test/TE3003B_Integration_of_Robotics_and_Intelligent_Systems_2025/Week5/Activities/puzzlebot_sim', 'symlink_install': False, 'test_result_base': None}
[0.362s] INFO:colcon.colcon_core.executor:Executing jobs using 'parallel' executor
[0.363s] DEBUG:colcon.colcon_parallel_executor.executor.parallel:run_until_complete
[0.363s] INFO:colcon.colcon_ros.task.ament_python.build:Building ROS package in '/home/alexl/test/TE3003B_Integration_of_Robotics_and_Intelligent_Systems_2025/Week5/Gazebo Simulator/puzzlebot_description' with build type 'ament_python'
[0.363s] Level 1:colcon.colcon_core.shell:create_environment_hook('puzzlebot_description', 'ament_prefix_path')
[0.365s] INFO:colcon.colcon_core.plugin_system:Skipping extension 'colcon_core.shell.bat': Not used on non-Windows systems
[0.365s] INFO:colcon.colcon_core.shell:Creating environment hook '/home/alexl/test/TE3003B_Integration_of_Robotics_and_Intelligent_Systems_2025/Week5/install/puzzlebot_description/share/puzzlebot_description/hook/ament_prefix_path.ps1'
[0.366s] INFO:colcon.colcon_core.shell:Creating environment descriptor '/home/alexl/test/TE3003B_Integration_of_Robotics_and_Intelligent_Systems_2025/Week5/install/puzzlebot_description/share/puzzlebot_description/hook/ament_prefix_path.dsv'
[0.366s] INFO:colcon.colcon_core.shell:Creating environment hook '/home/alexl/test/TE3003B_Integration_of_Robotics_and_Intelligent_Systems_2025/Week5/install/puzzlebot_description/share/puzzlebot_description/hook/ament_prefix_path.sh'
[0.367s] INFO:colcon.colcon_core.shell:Skip shell extension 'powershell' for command environment: Not usable outside of PowerShell
[0.367s] DEBUG:colcon.colcon_core.shell:Skip shell extension 'dsv' for command environment
[0.372s] INFO:colcon.colcon_ros.task.ament_python.build:Building ROS package in '/home/alexl/test/TE3003B_Integration_of_Robotics_and_Intelligent_Systems_2025/Week5/Gazebo Simulator/puzzlebot_gazebo' with build type 'ament_python'
[0.372s] Level 1:colcon.colcon_core.shell:create_environment_hook('puzzlebot_gazebo', 'ament_prefix_path')
[0.373s] INFO:colcon.colcon_core.shell:Creating environment hook '/home/alexl/test/TE3003B_Integration_of_Robotics_and_Intelligent_Systems_2025/Week5/install/puzzlebot_gazebo/share/puzzlebot_gazebo/hook/ament_prefix_path.ps1'
[0.373s] INFO:colcon.colcon_core.shell:Creating environment descriptor '/home/alexl/test/TE3003B_Integration_of_Robotics_and_Intelligent_Systems_2025/Week5/install/puzzlebot_gazebo/share/puzzlebot_gazebo/hook/ament_prefix_path.dsv'
[0.373s] INFO:colcon.colcon_core.shell:Creating environment hook '/home/alexl/test/TE3003B_Integration_of_Robotics_and_Intelligent_Systems_2025/Week5/install/puzzlebot_gazebo/share/puzzlebot_gazebo/hook/ament_prefix_path.sh'
[0.374s] INFO:colcon.colcon_core.shell:Skip shell extension 'powershell' for command environment: Not usable outside of PowerShell
[0.374s] DEBUG:colcon.colcon_core.shell:Skip shell extension 'dsv' for command environment
[0.379s] INFO:colcon.colcon_ros.task.ament_python.build:Building ROS package in '/home/alexl/test/TE3003B_Integration_of_Robotics_and_Intelligent_Systems_2025/Week5/Activities/puzzlebot_sim' with build type 'ament_python'
[0.380s] Level 1:colcon.colcon_core.shell:create_environment_hook('puzzlebot_sim', 'ament_prefix_path')
[0.380s] INFO:colcon.colcon_core.shell:Creating environment hook '/home/alexl/test/TE3003B_Integration_of_Robotics_and_Intelligent_Systems_2025/Week5/install/puzzlebot_sim/share/puzzlebot_sim/hook/ament_prefix_path.ps1'
[0.380s] INFO:colcon.colcon_core.shell:Creating environment descriptor '/home/alexl/test/TE3003B_Integration_of_Robotics_and_Intelligent_Systems_2025/Week5/install/puzzlebot_sim/share/puzzlebot_sim/hook/ament_prefix_path.dsv'
[0.381s] INFO:colcon.colcon_core.shell:Creating environment hook '/home/alexl/test/TE3003B_Integration_of_Robotics_and_Intelligent_Systems_2025/Week5/install/puzzlebot_sim/share/puzzlebot_sim/hook/ament_prefix_path.sh'
[0.381s] INFO:colcon.colcon_core.shell:Skip shell extension 'powershell' for command environment: Not usable outside of PowerShell
[0.381s] DEBUG:colcon.colcon_core.shell:Skip shell extension 'dsv' for command environment
[0.639s] INFO:colcon.colcon_core.task.python.build:Building Python package in '/home/alexl/test/TE3003B_Integration_of_Robotics_and_Intelligent_Systems_2025/Week5/Gazebo Simulator/puzzlebot_description'
[0.639s] INFO:colcon.colcon_core.shell:Skip shell extension 'powershell' for command environment: Not usable outside of PowerShell
[0.639s] DEBUG:colcon.colcon_core.shell:Skip shell extension 'dsv' for command environment
[0.908s] INFO:colcon.colcon_core.task.python.build:Building Python package in '/home/alexl/test/TE3003B_Integration_of_Robotics_and_Intelligent_Systems_2025/Week5/Gazebo Simulator/puzzlebot_gazebo'
[0.908s] INFO:colcon.colcon_core.shell:Skip shell extension 'powershell' for command environment: Not usable outside of PowerShell
[0.908s] DEBUG:colcon.colcon_core.shell:Skip shell extension 'dsv' for command environment
[1.174s] INFO:colcon.colcon_core.task.python.build:Building Python package in '/home/alexl/test/TE3003B_Integration_of_Robotics_and_Intelligent_Systems_2025/Week5/Activities/puzzlebot_sim'
[1.174s] INFO:colcon.colcon_core.shell:Skip shell extension 'powershell' for command environment: Not usable outside of PowerShell
[1.174s] DEBUG:colcon.colcon_core.shell:Skip shell extension 'dsv' for command environment
[1.565s] DEBUG:colcon.colcon_core.event_handler.log_command:Invoking command in '/home/alexl/test/TE3003B_Integration_of_Robotics_and_Intelligent_Systems_2025/Week5/Gazebo Simulator/puzzlebot_description': PYTHONPATH=/home/alexl/test/TE3003B_Integration_of_Robotics_and_Intelligent_Systems_2025/Week5/build/puzzlebot_description/prefix_override:/usr/lib/python3/dist-packages/colcon_core/task/python/colcon_distutils_commands:/home/alexl/test/TE3003B_Integration_of_Robotics_and_Intelligent_Systems_2025/Week5/install/puzzlebot_description/lib/python3.10/site-packages:${PYTHONPATH} /usr/bin/python3 -W ignore:setup.py install is deprecated -W ignore:easy_install command is deprecated setup.py egg_info --egg-base ../../build/puzzlebot_description build --build-base /home/alexl/test/TE3003B_Integration_of_Robotics_and_Intelligent_Systems_2025/Week5/build/puzzlebot_description/build install --record /home/alexl/test/TE3003B_Integration_of_Robotics_and_Intelligent_Systems_2025/Week5/build/puzzlebot_description/install.log --single-version-externally-managed install_data
[1.580s] DEBUG:colcon.colcon_core.event_handler.log_command:Invoking command in '/home/alexl/test/TE3003B_Integration_of_Robotics_and_Intelligent_Systems_2025/Week5/Activities/puzzlebot_sim': PYTHONPATH=/home/alexl/test/TE3003B_Integration_of_Robotics_and_Intelligent_Systems_2025/Week5/build/puzzlebot_sim/prefix_override:/usr/lib/python3/dist-packages/colcon_core/task/python/colcon_distutils_commands:/home/alexl/test/TE3003B_Integration_of_Robotics_and_Intelligent_Systems_2025/Week5/install/puzzlebot_sim/lib/python3.10/site-packages:${PYTHONPATH} /usr/bin/python3 -W ignore:setup.py install is deprecated -W ignore:easy_install command is deprecated setup.py egg_info --egg-base ../../build/puzzlebot_sim build --build-base /home/alexl/test/TE3003B_Integration_of_Robotics_and_Intelligent_Systems_2025/Week5/build/puzzlebot_sim/build install --record /home/alexl/test/TE3003B_Integration_of_Robotics_and_Intelligent_Systems_2025/Week5/build/puzzlebot_sim/install.log --single-version-externally-managed install_data
[1.583s] DEBUG:colcon.colcon_core.event_handler.log_command:Invoking command in '/home/alexl/test/TE3003B_Integration_of_Robotics_and_Intelligent_Systems_2025/Week5/Gazebo Simulator/puzzlebot_gazebo': PYTHONPATH=/home/alexl/test/TE3003B_Integration_of_Robotics_and_Intelligent_Systems_2025/Week5/build/puzzlebot_gazebo/prefix_override:/usr/lib/python3/dist-packages/colcon_core/task/python/colcon_distutils_commands:/home/alexl/test/TE3003B_Integration_of_Robotics_and_Intelligent_Systems_2025/Week5/install/puzzlebot_gazebo/lib/python3.10/site-packages:${PYTHONPATH} /usr/bin/python3 -W ignore:setup.py install is deprecated -W ignore:easy_install command is deprecated setup.py egg_info --egg-base ../../build/puzzlebot_gazebo build --build-base /home/alexl/test/TE3003B_Integration_of_Robotics_and_Intelligent_Systems_2025/Week5/build/puzzlebot_gazebo/build install --record /home/alexl/test/TE3003B_Integration_of_Robotics_and_Intelligent_Systems_2025/Week5/build/puzzlebot_gazebo/install.log --single-version-externally-managed install_data
[1.873s] DEBUG:colcon.colcon_core.event_handler.log_command:Invoked command in '/home/alexl/test/TE3003B_Integration_of_Robotics_and_Intelligent_Systems_2025/Week5/Gazebo Simulator/puzzlebot_description' returned '0': PYTHONPATH=/home/alexl/test/TE3003B_Integration_of_Robotics_and_Intelligent_Systems_2025/Week5/build/puzzlebot_description/prefix_override:/usr/lib/python3/dist-packages/colcon_core/task/python/colcon_distutils_commands:/home/alexl/test/TE3003B_Integration_of_Robotics_and_Intelligent_Systems_2025/Week5/install/puzzlebot_description/lib/python3.10/site-packages:${PYTHONPATH} /usr/bin/python3 -W ignore:setup.py install is deprecated -W ignore:easy_install command is deprecated setup.py egg_info --egg-base ../../build/puzzlebot_description build --build-base /home/alexl/test/TE3003B_Integration_of_Robotics_and_Intelligent_Systems_2025/Week5/build/puzzlebot_description/build install --record /home/alexl/test/TE3003B_Integration_of_Robotics_and_Intelligent_Systems_2025/Week5/build/puzzlebot_description/install.log --single-version-externally-managed install_data
[1.875s] Level 1:colcon.colcon_core.environment:checking '/home/alexl/test/TE3003B_Integration_of_Robotics_and_Intelligent_Systems_2025/Week5/install/puzzlebot_description' for CMake module files
[1.875s] Level 1:colcon.colcon_core.environment:checking '/home/alexl/test/TE3003B_Integration_of_Robotics_and_Intelligent_Systems_2025/Week5/install/puzzlebot_description' for CMake config files
[1.876s] Level 1:colcon.colcon_core.environment:checking '/home/alexl/test/TE3003B_Integration_of_Robotics_and_Intelligent_Systems_2025/Week5/install/puzzlebot_description/lib'
[1.877s] Level 1:colcon.colcon_core.environment:checking '/home/alexl/test/TE3003B_Integration_of_Robotics_and_Intelligent_Systems_2025/Week5/install/puzzlebot_description/bin'
[1.877s] Level 1:colcon.colcon_core.environment:checking '/home/alexl/test/TE3003B_Integration_of_Robotics_and_Intelligent_Systems_2025/Week5/install/puzzlebot_description/lib/pkgconfig/puzzlebot_description.pc'
[1.877s] Level 1:colcon.colcon_core.environment:checking '/home/alexl/test/TE3003B_Integration_of_Robotics_and_Intelligent_Systems_2025/Week5/install/puzzlebot_description/lib/python3.10/site-packages'
[1.877s] Level 1:colcon.colcon_core.shell:create_environment_hook('puzzlebot_description', 'pythonpath')
[1.877s] INFO:colcon.colcon_core.shell:Creating environment hook '/home/alexl/test/TE3003B_Integration_of_Robotics_and_Intelligent_Systems_2025/Week5/install/puzzlebot_description/share/puzzlebot_description/hook/pythonpath.ps1'
[1.877s] INFO:colcon.colcon_core.shell:Creating environment descriptor '/home/alexl/test/TE3003B_Integration_of_Robotics_and_Intelligent_Systems_2025/Week5/install/puzzlebot_description/share/puzzlebot_description/hook/pythonpath.dsv'
[1.878s] INFO:colcon.colcon_core.shell:Creating environment hook '/home/alexl/test/TE3003B_Integration_of_Robotics_and_Intelligent_Systems_2025/Week5/install/puzzlebot_description/share/puzzlebot_description/hook/pythonpath.sh'
[1.878s] Level 1:colcon.colcon_core.environment:checking '/home/alexl/test/TE3003B_Integration_of_Robotics_and_Intelligent_Systems_2025/Week5/install/puzzlebot_description/bin'
[1.878s] Level 1:colcon.colcon_core.environment:create_environment_scripts_only(puzzlebot_description)
[1.879s] INFO:colcon.colcon_core.shell:Creating package script '/home/alexl/test/TE3003B_Integration_of_Robotics_and_Intelligent_Systems_2025/Week5/install/puzzlebot_description/share/puzzlebot_description/package.ps1'
[1.879s] INFO:colcon.colcon_core.shell:Creating package descriptor '/home/alexl/test/TE3003B_Integration_of_Robotics_and_Intelligent_Systems_2025/Week5/install/puzzlebot_description/share/puzzlebot_description/package.dsv'
[1.880s] INFO:colcon.colcon_core.shell:Creating package script '/home/alexl/test/TE3003B_Integration_of_Robotics_and_Intelligent_Systems_2025/Week5/install/puzzlebot_description/share/puzzlebot_description/package.sh'
[1.881s] INFO:colcon.colcon_core.shell:Creating package script '/home/alexl/test/TE3003B_Integration_of_Robotics_and_Intelligent_Systems_2025/Week5/install/puzzlebot_description/share/puzzlebot_description/package.bash'
[1.881s] INFO:colcon.colcon_core.shell:Creating package script '/home/alexl/test/TE3003B_Integration_of_Robotics_and_Intelligent_Systems_2025/Week5/install/puzzlebot_description/share/puzzlebot_description/package.zsh'
[1.882s] Level 1:colcon.colcon_core.environment:create_file_with_runtime_dependencies(/home/alexl/test/TE3003B_Integration_of_Robotics_and_Intelligent_Systems_2025/Week5/install/puzzlebot_description/share/colcon-core/packages/puzzlebot_description)
[1.905s] Level 1:colcon.colcon_core.environment:checking '/home/alexl/test/TE3003B_Integration_of_Robotics_and_Intelligent_Systems_2025/Week5/install/puzzlebot_sim' for CMake module files
[1.907s] DEBUG:colcon.colcon_core.event_handler.log_command:Invoked command in '/home/alexl/test/TE3003B_Integration_of_Robotics_and_Intelligent_Systems_2025/Week5/Activities/puzzlebot_sim' returned '0': PYTHONPATH=/home/alexl/test/TE3003B_Integration_of_Robotics_and_Intelligent_Systems_2025/Week5/build/puzzlebot_sim/prefix_override:/usr/lib/python3/dist-packages/colcon_core/task/python/colcon_distutils_commands:/home/alexl/test/TE3003B_Integration_of_Robotics_and_Intelligent_Systems_2025/Week5/install/puzzlebot_sim/lib/python3.10/site-packages:${PYTHONPATH} /usr/bin/python3 -W ignore:setup.py install is deprecated -W ignore:easy_install command is deprecated setup.py egg_info --egg-base ../../build/puzzlebot_sim build --build-base /home/alexl/test/TE3003B_Integration_of_Robotics_and_Intelligent_Systems_2025/Week5/build/puzzlebot_sim/build install --record /home/alexl/test/TE3003B_Integration_of_Robotics_and_Intelligent_Systems_2025/Week5/build/puzzlebot_sim/install.log --single-version-externally-managed install_data
[1.907s] Level 1:colcon.colcon_core.environment:checking '/home/alexl/test/TE3003B_Integration_of_Robotics_and_Intelligent_Systems_2025/Week5/install/puzzlebot_sim' for CMake config files
[1.907s] Level 1:colcon.colcon_core.environment:checking '/home/alexl/test/TE3003B_Integration_of_Robotics_and_Intelligent_Systems_2025/Week5/install/puzzlebot_sim/lib'
[1.907s] Level 1:colcon.colcon_core.environment:checking '/home/alexl/test/TE3003B_Integration_of_Robotics_and_Intelligent_Systems_2025/Week5/install/puzzlebot_sim/bin'
[1.907s] Level 1:colcon.colcon_core.environment:checking '/home/alexl/test/TE3003B_Integration_of_Robotics_and_Intelligent_Systems_2025/Week5/install/puzzlebot_sim/lib/pkgconfig/puzzlebot_sim.pc'
[1.908s] Level 1:colcon.colcon_core.environment:checking '/home/alexl/test/TE3003B_Integration_of_Robotics_and_Intelligent_Systems_2025/Week5/install/puzzlebot_sim/lib/python3.10/site-packages'
[1.908s] Level 1:colcon.colcon_core.shell:create_environment_hook('puzzlebot_sim', 'pythonpath')
[1.908s] INFO:colcon.colcon_core.shell:Creating environment hook '/home/alexl/test/TE3003B_Integration_of_Robotics_and_Intelligent_Systems_2025/Week5/install/puzzlebot_sim/share/puzzlebot_sim/hook/pythonpath.ps1'
[1.908s] INFO:colcon.colcon_core.shell:Creating environment descriptor '/home/alexl/test/TE3003B_Integration_of_Robotics_and_Intelligent_Systems_2025/Week5/install/puzzlebot_sim/share/puzzlebot_sim/hook/pythonpath.dsv'
[1.909s] INFO:colcon.colcon_core.shell:Creating environment hook '/home/alexl/test/TE3003B_Integration_of_Robotics_and_Intelligent_Systems_2025/Week5/install/puzzlebot_sim/share/puzzlebot_sim/hook/pythonpath.sh'
[1.909s] Level 1:colcon.colcon_core.environment:checking '/home/alexl/test/TE3003B_Integration_of_Robotics_and_Intelligent_Systems_2025/Week5/install/puzzlebot_sim/bin'
[1.909s] Level 1:colcon.colcon_core.environment:create_environment_scripts_only(puzzlebot_sim)
[1.910s] INFO:colcon.colcon_core.shell:Creating package script '/home/alexl/test/TE3003B_Integration_of_Robotics_and_Intelligent_Systems_2025/Week5/install/puzzlebot_sim/share/puzzlebot_sim/package.ps1'
[1.910s] INFO:colcon.colcon_core.shell:Creating package descriptor '/home/alexl/test/TE3003B_Integration_of_Robotics_and_Intelligent_Systems_2025/Week5/install/puzzlebot_sim/share/puzzlebot_sim/package.dsv'
[1.910s] INFO:colcon.colcon_core.shell:Creating package script '/home/alexl/test/TE3003B_Integration_of_Robotics_and_Intelligent_Systems_2025/Week5/install/puzzlebot_sim/share/puzzlebot_sim/package.sh'
[1.911s] INFO:colcon.colcon_core.shell:Creating package script '/home/alexl/test/TE3003B_Integration_of_Robotics_and_Intelligent_Systems_2025/Week5/install/puzzlebot_sim/share/puzzlebot_sim/package.bash'
[1.911s] INFO:colcon.colcon_core.shell:Creating package script '/home/alexl/test/TE3003B_Integration_of_Robotics_and_Intelligent_Systems_2025/Week5/install/puzzlebot_sim/share/puzzlebot_sim/package.zsh'
[1.911s] Level 1:colcon.colcon_core.environment:create_file_with_runtime_dependencies(/home/alexl/test/TE3003B_Integration_of_Robotics_and_Intelligent_Systems_2025/Week5/install/puzzlebot_sim/share/colcon-core/packages/puzzlebot_sim)
[1.929s] Level 1:colcon.colcon_core.environment:checking '/home/alexl/test/TE3003B_Integration_of_Robotics_and_Intelligent_Systems_2025/Week5/install/puzzlebot_gazebo' for CMake module files
[1.930s] DEBUG:colcon.colcon_core.event_handler.log_command:Invoked command in '/home/alexl/test/TE3003B_Integration_of_Robotics_and_Intelligent_Systems_2025/Week5/Gazebo Simulator/puzzlebot_gazebo' returned '0': PYTHONPATH=/home/alexl/test/TE3003B_Integration_of_Robotics_and_Intelligent_Systems_2025/Week5/build/puzzlebot_gazebo/prefix_override:/usr/lib/python3/dist-packages/colcon_core/task/python/colcon_distutils_commands:/home/alexl/test/TE3003B_Integration_of_Robotics_and_Intelligent_Systems_2025/Week5/install/puzzlebot_gazebo/lib/python3.10/site-packages:${PYTHONPATH} /usr/bin/python3 -W ignore:setup.py install is deprecated -W ignore:easy_install command is deprecated setup.py egg_info --egg-base ../../build/puzzlebot_gazebo build --build-base /home/alexl/test/TE3003B_Integration_of_Robotics_and_Intelligent_Systems_2025/Week5/build/puzzlebot_gazebo/build install --record /home/alexl/test/TE3003B_Integration_of_Robotics_and_Intelligent_Systems_2025/Week5/build/puzzlebot_gazebo/install.log --single-version-externally-managed install_data
[1.930s] Level 1:colcon.colcon_core.environment:checking '/home/alexl/test/TE3003B_Integration_of_Robotics_and_Intelligent_Systems_2025/Week5/install/puzzlebot_gazebo' for CMake config files
[1.933s] Level 1:colcon.colcon_core.environment:checking '/home/alexl/test/TE3003B_Integration_of_Robotics_and_Intelligent_Systems_2025/Week5/install/puzzlebot_gazebo/lib'
[1.933s] Level 1:colcon.colcon_core.environment:checking '/home/alexl/test/TE3003B_Integration_of_Robotics_and_Intelligent_Systems_2025/Week5/install/puzzlebot_gazebo/bin'
[1.933s] Level 1:colcon.colcon_core.environment:checking '/home/alexl/test/TE3003B_Integration_of_Robotics_and_Intelligent_Systems_2025/Week5/install/puzzlebot_gazebo/lib/pkgconfig/puzzlebot_gazebo.pc'
[1.933s] Level 1:colcon.colcon_core.environment:checking '/home/alexl/test/TE3003B_Integration_of_Robotics_and_Intelligent_Systems_2025/Week5/install/puzzlebot_gazebo/lib/python3.10/site-packages'
[1.933s] Level 1:colcon.colcon_core.shell:create_environment_hook('puzzlebot_gazebo', 'pythonpath')
[1.934s] INFO:colcon.colcon_core.shell:Creating environment hook '/home/alexl/test/TE3003B_Integration_of_Robotics_and_Intelligent_Systems_2025/Week5/install/puzzlebot_gazebo/share/puzzlebot_gazebo/hook/pythonpath.ps1'
[1.934s] INFO:colcon.colcon_core.shell:Creating environment descriptor '/home/alexl/test/TE3003B_Integration_of_Robotics_and_Intelligent_Systems_2025/Week5/install/puzzlebot_gazebo/share/puzzlebot_gazebo/hook/pythonpath.dsv'
[1.934s] INFO:colcon.colcon_core.shell:Creating environment hook '/home/alexl/test/TE3003B_Integration_of_Robotics_and_Intelligent_Systems_2025/Week5/install/puzzlebot_gazebo/share/puzzlebot_gazebo/hook/pythonpath.sh'
[1.935s] Level 1:colcon.colcon_core.environment:checking '/home/alexl/test/TE3003B_Integration_of_Robotics_and_Intelligent_Systems_2025/Week5/install/puzzlebot_gazebo/bin'
[1.935s] Level 1:colcon.colcon_core.environment:create_environment_scripts_only(puzzlebot_gazebo)
[1.935s] INFO:colcon.colcon_core.shell:Creating package script '/home/alexl/test/TE3003B_Integration_of_Robotics_and_Intelligent_Systems_2025/Week5/install/puzzlebot_gazebo/share/puzzlebot_gazebo/package.ps1'
[1.936s] INFO:colcon.colcon_core.shell:Creating package descriptor '/home/alexl/test/TE3003B_Integration_of_Robotics_and_Intelligent_Systems_2025/Week5/install/puzzlebot_gazebo/share/puzzlebot_gazebo/package.dsv'
[1.936s] INFO:colcon.colcon_core.shell:Creating package script '/home/alexl/test/TE3003B_Integration_of_Robotics_and_Intelligent_Systems_2025/Week5/install/puzzlebot_gazebo/share/puzzlebot_gazebo/package.sh'
[1.936s] INFO:colcon.colcon_core.shell:Creating package script '/home/alexl/test/TE3003B_Integration_of_Robotics_and_Intelligent_Systems_2025/Week5/install/puzzlebot_gazebo/share/puzzlebot_gazebo/package.bash'
[1.937s] INFO:colcon.colcon_core.shell:Creating package script '/home/alexl/test/TE3003B_Integration_of_Robotics_and_Intelligent_Systems_2025/Week5/install/puzzlebot_gazebo/share/puzzlebot_gazebo/package.zsh'
[1.937s] Level 1:colcon.colcon_core.environment:create_file_with_runtime_dependencies(/home/alexl/test/TE3003B_Integration_of_Robotics_and_Intelligent_Systems_2025/Week5/install/puzzlebot_gazebo/share/colcon-core/packages/puzzlebot_gazebo)
[1.937s] DEBUG:colcon.colcon_parallel_executor.executor.parallel:closing loop
[1.938s] DEBUG:colcon.colcon_parallel_executor.executor.parallel:loop closed
[1.938s] DEBUG:colcon.colcon_parallel_executor.executor.parallel:run_until_complete finished with '0'
[1.938s] DEBUG:colcon.colcon_core.event_reactor:joining thread
[1.943s] INFO:colcon.colcon_core.plugin_system:Skipping extension 'colcon_notification.desktop_notification.terminal_notifier': Not used on non-Darwin systems
[1.943s] INFO:colcon.colcon_core.plugin_system:Skipping extension 'colcon_notification.desktop_notification.win32': Not used on non-Windows systems
[1.943s] INFO:colcon.colcon_notification.desktop_notification:Sending desktop notification using 'notify2'
[1.954s] DEBUG:colcon.colcon_core.event_reactor:joined thread
[1.955s] INFO:colcon.colcon_core.shell:Creating prefix script '/home/alexl/test/TE3003B_Integration_of_Robotics_and_Intelligent_Systems_2025/Week5/install/local_setup.ps1'
[1.956s] INFO:colcon.colcon_core.shell:Creating prefix util module '/home/alexl/test/TE3003B_Integration_of_Robotics_and_Intelligent_Systems_2025/Week5/install/_local_setup_util_ps1.py'
[1.957s] INFO:colcon.colcon_core.shell:Creating prefix chain script '/home/alexl/test/TE3003B_Integration_of_Robotics_and_Intelligent_Systems_2025/Week5/install/setup.ps1'
[1.959s] INFO:colcon.colcon_core.shell:Creating prefix script '/home/alexl/test/TE3003B_Integration_of_Robotics_and_Intelligent_Systems_2025/Week5/install/local_setup.sh'
[1.960s] INFO:colcon.colcon_core.shell:Creating prefix util module '/home/alexl/test/TE3003B_Integration_of_Robotics_and_Intelligent_Systems_2025/Week5/install/_local_setup_util_sh.py'
[1.961s] INFO:colcon.colcon_core.shell:Creating prefix chain script '/home/alexl/test/TE3003B_Integration_of_Robotics_and_Intelligent_Systems_2025/Week5/install/setup.sh'
[1.964s] INFO:colcon.colcon_core.shell:Creating prefix script '/home/alexl/test/TE3003B_Integration_of_Robotics_and_Intelligent_Systems_2025/Week5/install/local_setup.bash'
[1.965s] INFO:colcon.colcon_core.shell:Creating prefix chain script '/home/alexl/test/TE3003B_Integration_of_Robotics_and_Intelligent_Systems_2025/Week5/install/setup.bash'
[1.966s] INFO:colcon.colcon_core.shell:Creating prefix script '/home/alexl/test/TE3003B_Integration_of_Robotics_and_Intelligent_Systems_2025/Week5/install/local_setup.zsh'
[1.966s] INFO:colcon.colcon_core.shell:Creating prefix chain script '/home/alexl/test/TE3003B_Integration_of_Robotics_and_Intelligent_Systems_2025/Week5/install/setup.zsh'
