[0.740s] Invoking command in '/home/emeryb/ros2_ws/src/equipo6/TE3003B/puzzlebot_description': PYTHONPATH=/home/emeryb/ros2_ws/src/equipo6/TE3003B/build/puzzlebot_description/prefix_override:/usr/lib/python3/dist-packages/colcon_core/task/python/colcon_distutils_commands:/home/emeryb/ros2_ws/src/equipo6/TE3003B/install/puzzlebot_description/lib/python3.10/site-packages:${PYTHONPATH} /usr/bin/python3 -W ignore:setup.py install is deprecated -W ignore:easy_install command is deprecated setup.py egg_info --egg-base ../build/puzzlebot_description build --build-base /home/emeryb/ros2_ws/src/equipo6/TE3003B/build/puzzlebot_description/build install --record /home/emeryb/ros2_ws/src/equipo6/TE3003B/build/puzzlebot_description/install.log --single-version-externally-managed install_data
[0.929s] running egg_info
[0.929s] writing ../build/puzzlebot_description/puzzlebot_description.egg-info/PKG-INFO
[0.929s] writing dependency_links to ../build/puzzlebot_description/puzzlebot_description.egg-info/dependency_links.txt
[0.930s] writing entry points to ../build/puzzlebot_description/puzzlebot_description.egg-info/entry_points.txt
[0.930s] writing requirements to ../build/puzzlebot_description/puzzlebot_description.egg-info/requires.txt
[0.930s] writing top-level names to ../build/puzzlebot_description/puzzlebot_description.egg-info/top_level.txt
[0.931s] reading manifest file '../build/puzzlebot_description/puzzlebot_description.egg-info/SOURCES.txt'
[0.931s] adding license file 'LICENSE'
[0.932s] writing manifest file '../build/puzzlebot_description/puzzlebot_description.egg-info/SOURCES.txt'
[0.932s] running build
[0.932s] running build_py
[0.933s] running install
[0.933s] running install_lib
[0.934s] running install_data
[0.934s] running install_egg_info
[0.936s] removing '/home/emeryb/ros2_ws/src/equipo6/TE3003B/install/puzzlebot_description/lib/python3.10/site-packages/puzzlebot_description-0.0.0-py3.10.egg-info' (and everything under it)
[0.936s] Copying ../build/puzzlebot_description/puzzlebot_description.egg-info to /home/emeryb/ros2_ws/src/equipo6/TE3003B/install/puzzlebot_description/lib/python3.10/site-packages/puzzlebot_description-0.0.0-py3.10.egg-info
[0.937s] running install_scripts
[0.953s] Installing joint_state_publisher script to /home/emeryb/ros2_ws/src/equipo6/TE3003B/install/puzzlebot_description/lib/puzzlebot_description
[0.953s] writing list of installed files to '/home/emeryb/ros2_ws/src/equipo6/TE3003B/build/puzzlebot_description/install.log'
[0.981s] Invoked command in '/home/emeryb/ros2_ws/src/equipo6/TE3003B/puzzlebot_description' returned '0': PYTHONPATH=/home/emeryb/ros2_ws/src/equipo6/TE3003B/build/puzzlebot_description/prefix_override:/usr/lib/python3/dist-packages/colcon_core/task/python/colcon_distutils_commands:/home/emeryb/ros2_ws/src/equipo6/TE3003B/install/puzzlebot_description/lib/python3.10/site-packages:${PYTHONPATH} /usr/bin/python3 -W ignore:setup.py install is deprecated -W ignore:easy_install command is deprecated setup.py egg_info --egg-base ../build/puzzlebot_description build --build-base /home/emeryb/ros2_ws/src/equipo6/TE3003B/build/puzzlebot_description/build install --record /home/emeryb/ros2_ws/src/equipo6/TE3003B/build/puzzlebot_description/install.log --single-version-externally-managed install_data
