/home/alexl/ActM3.5/TE3003B/equipo6/install/equipo6/lib/python3.10/site-packages/equipo6/__init__.py
/home/alexl/ActM3.5/TE3003B/equipo6/install/equipo6/lib/python3.10/site-packages/equipo6/__pycache__/__init__.cpython-310.pyc
/home/alexl/ActM3.5/TE3003B/equipo6/install/equipo6/share/ament_index/resource_index/packages/equipo6
/home/alexl/ActM3.5/TE3003B/equipo6/install/equipo6/share/equipo6/package.xml
/home/alexl/ActM3.5/TE3003B/equipo6/install/equipo6/share/equipo6/launch/robot_state_pub_launch.py
/home/alexl/ActM3.5/TE3003B/equipo6/install/equipo6/share/equipo6/launch/world_launch.py
/home/alexl/ActM3.5/TE3003B/equipo6/install/equipo6/share/equipo6/launch/spawn_puzzlebot_launch.py
/home/alexl/ActM3.5/TE3003B/equipo6/install/equipo6/share/equipo6/config/puzzlebot_jetson_ed.yaml
/home/alexl/ActM3.5/TE3003B/equipo6/install/equipo6/share/equipo6/config/puzzlebot_hacker_ed.yaml
/home/alexl/ActM3.5/TE3003B/equipo6/install/equipo6/share/equipo6/config/puzzlebot_jetson_lidar_ed.yaml
/home/alexl/ActM3.5/TE3003B/equipo6/install/equipo6/share/equipo6/rviz/puzzlebot_rviz.rviz
/home/alexl/ActM3.5/TE3003B/equipo6/install/equipo6/share/equipo6/rviz/multi_puzzlebot_rviz.rviz
/home/alexl/ActM3.5/TE3003B/equipo6/install/equipo6/share/equipo6/rviz/simple_puzzlebot_rviz.rviz
/home/alexl/ActM3.5/TE3003B/equipo6/install/equipo6/share/equipo6/rviz/puzzlebot_markers.rviz
/home/alexl/ActM3.5/TE3003B/equipo6/install/equipo6/share/equipo6/models/puzzlebot_base/model.sdf
/home/alexl/ActM3.5/TE3003B/equipo6/install/equipo6/share/equipo6/models/puzzlebot_base/model.config
/home/alexl/ActM3.5/TE3003B/equipo6/install/equipo6/share/equipo6/models/puzzlebot_base/materials/textures/puzzlebot_wood_6.png
/home/alexl/ActM3.5/TE3003B/equipo6/install/equipo6/share/equipo6/models/simple_light/model.sdf
/home/alexl/ActM3.5/TE3003B/equipo6/install/equipo6/share/equipo6/models/simple_light/model.config
/home/alexl/ActM3.5/TE3003B/equipo6/install/equipo6/share/equipo6/models/modulo3_world/model.sdf
/home/alexl/ActM3.5/TE3003B/equipo6/install/equipo6/share/equipo6/models/modulo3_world/model.config
/home/alexl/ActM3.5/TE3003B/equipo6/install/equipo6/share/equipo6/models/puzzlebot/puzzlebot.sdf
/home/alexl/ActM3.5/TE3003B/equipo6/install/equipo6/share/equipo6/models/puzzlebot/puzzlebot.config
/home/alexl/ActM3.5/TE3003B/equipo6/install/equipo6/share/equipo6/worlds/act3_4.world
/home/alexl/ActM3.5/TE3003B/equipo6/install/equipo6/share/equipo6/plugins/libDiffDynamicPlugin.so
/home/alexl/ActM3.5/TE3003B/equipo6/install/equipo6/lib/python3.10/site-packages/equipo6-0.0.0-py3.10.egg-info/SOURCES.txt
/home/alexl/ActM3.5/TE3003B/equipo6/install/equipo6/lib/python3.10/site-packages/equipo6-0.0.0-py3.10.egg-info/top_level.txt
/home/alexl/ActM3.5/TE3003B/equipo6/install/equipo6/lib/python3.10/site-packages/equipo6-0.0.0-py3.10.egg-info/entry_points.txt
/home/alexl/ActM3.5/TE3003B/equipo6/install/equipo6/lib/python3.10/site-packages/equipo6-0.0.0-py3.10.egg-info/requires.txt
/home/alexl/ActM3.5/TE3003B/equipo6/install/equipo6/lib/python3.10/site-packages/equipo6-0.0.0-py3.10.egg-info/dependency_links.txt
/home/alexl/ActM3.5/TE3003B/equipo6/install/equipo6/lib/python3.10/site-packages/equipo6-0.0.0-py3.10.egg-info/zip-safe
/home/alexl/ActM3.5/TE3003B/equipo6/install/equipo6/lib/python3.10/site-packages/equipo6-0.0.0-py3.10.egg-info/PKG-INFO
