[1.266s] Invoking command in '/home/emeryb/ros2_ws/src/equipo6/TE3003B/equipo6': PYTHONPATH=/home/emeryb/ros2_ws/src/equipo6/TE3003B/build/equipo6/prefix_override:/usr/lib/python3/dist-packages/colcon_core/task/python/colcon_distutils_commands:/home/emeryb/ros2_ws/src/equipo6/TE3003B/install/equipo6/lib/python3.10/site-packages:${PYTHONPATH} /usr/bin/python3 -W ignore:setup.py install is deprecated -W ignore:easy_install command is deprecated setup.py egg_info --egg-base ../build/equipo6 build --build-base /home/emeryb/ros2_ws/src/equipo6/TE3003B/build/equipo6/build install --record /home/emeryb/ros2_ws/src/equipo6/TE3003B/build/equipo6/install.log --single-version-externally-managed install_data
[1.581s] running egg_info
[1.582s] writing ../build/equipo6/equipo6.egg-info/PKG-INFO
[1.583s] writing dependency_links to ../build/equipo6/equipo6.egg-info/dependency_links.txt
[1.583s] writing entry points to ../build/equipo6/equipo6.egg-info/entry_points.txt
[1.583s] writing requirements to ../build/equipo6/equipo6.egg-info/requires.txt
[1.583s] writing top-level names to ../build/equipo6/equipo6.egg-info/top_level.txt
[1.585s] reading manifest file '../build/equipo6/equipo6.egg-info/SOURCES.txt'
[1.587s] writing manifest file '../build/equipo6/equipo6.egg-info/SOURCES.txt'
[1.588s] running build
[1.588s] running build_py
[1.588s] running install
[1.588s] running install_lib
[1.589s] running install_data
[1.590s] running install_egg_info
[1.593s] removing '/home/emeryb/ros2_ws/src/equipo6/TE3003B/install/equipo6/lib/python3.10/site-packages/equipo6-0.0.0-py3.10.egg-info' (and everything under it)
[1.593s] Copying ../build/equipo6/equipo6.egg-info to /home/emeryb/ros2_ws/src/equipo6/TE3003B/install/equipo6/lib/python3.10/site-packages/equipo6-0.0.0-py3.10.egg-info
[1.594s] running install_scripts
[1.621s] writing list of installed files to '/home/emeryb/ros2_ws/src/equipo6/TE3003B/build/equipo6/install.log'
[1.698s] Invoked command in '/home/emeryb/ros2_ws/src/equipo6/TE3003B/equipo6' returned '0': PYTHONPATH=/home/emeryb/ros2_ws/src/equipo6/TE3003B/build/equipo6/prefix_override:/usr/lib/python3/dist-packages/colcon_core/task/python/colcon_distutils_commands:/home/emeryb/ros2_ws/src/equipo6/TE3003B/install/equipo6/lib/python3.10/site-packages:${PYTHONPATH} /usr/bin/python3 -W ignore:setup.py install is deprecated -W ignore:easy_install command is deprecated setup.py egg_info --egg-base ../build/equipo6 build --build-base /home/emeryb/ros2_ws/src/equipo6/TE3003B/build/equipo6/build install --record /home/emeryb/ros2_ws/src/equipo6/TE3003B/build/equipo6/install.log --single-version-externally-managed install_data
