[0.154s] DEBUG:colcon:Command line arguments: ['/usr/bin/colcon', 'build']
[0.154s] DEBUG:colcon:Parsed command line arguments: Namespace(log_base=None, log_level=None, verb_name='build', build_base='build', install_base='install', merge_install=False, symlink_install=False, test_result_base=None, continue_on_error=False, executor='parallel', parallel_workers=8, event_handlers=None, ignore_user_meta=False, metas=['./colcon.meta'], base_paths=['.'], packages_ignore=None, packages_ignore_regex=None, paths=None, packages_up_to=None, packages_up_to_regex=None, packages_above=None, packages_above_and_dependencies=None, packages_above_depth=None, packages_select_by_dep=None, packages_skip_by_dep=None, packages_skip_up_to=None, packages_select_build_failed=False, packages_skip_build_finished=False, packages_select_test_failures=False, packages_skip_test_passed=False, packages_select=None, packages_skip=None, packages_select_regex=None, packages_skip_regex=None, packages_start=None, packages_end=None, allow_overriding=[], cmake_args=None, cmake_target=None, cmake_target_skip_unavailable=False, cmake_clean_cache=False, cmake_clean_first=False, cmake_force_configure=False, ament_cmake_args=None, catkin_cmake_args=None, catkin_skip_building_tests=False, mixin_files=None, mixin=None, verb_parser=<colcon_mixin.mixin.mixin_argument.MixinArgumentDecorator object at 0x76ff03859c30>, verb_extension=<colcon_core.verb.build.BuildVerb object at 0x76ff038594b0>, main=<bound method BuildVerb.main of <colcon_core.verb.build.BuildVerb object at 0x76ff038594b0>>, mixin_verb=('build',))
[0.388s] Level 1:colcon.colcon_core.package_discovery:discover_packages(colcon_meta) check parameters
[0.388s] Level 1:colcon.colcon_core.package_discovery:discover_packages(recursive) check parameters
[0.389s] Level 1:colcon.colcon_core.package_discovery:discover_packages(ignore) check parameters
[0.389s] Level 1:colcon.colcon_core.package_discovery:discover_packages(path) check parameters
[0.389s] Level 1:colcon.colcon_core.package_discovery:discover_packages(colcon_meta) discover
[0.389s] Level 1:colcon.colcon_core.package_discovery:discover_packages(recursive) discover
[0.389s] INFO:colcon.colcon_core.package_discovery:Crawling recursively for packages in '/home/ulisess/TE3003B/modulo_3/Act3.5'
[0.389s] Level 1:colcon.colcon_core.package_identification:_identify(.) by extensions ['ignore', 'ignore_ament_install']
[0.389s] Level 1:colcon.colcon_core.package_identification:_identify(.) by extension 'ignore'
[0.389s] Level 1:colcon.colcon_core.package_identification:_identify(.) by extension 'ignore_ament_install'
[0.389s] Level 1:colcon.colcon_core.package_identification:_identify(.) by extensions ['colcon_pkg']
[0.389s] Level 1:colcon.colcon_core.package_identification:_identify(.) by extension 'colcon_pkg'
[0.389s] Level 1:colcon.colcon_core.package_identification:_identify(.) by extensions ['colcon_meta']
[0.389s] Level 1:colcon.colcon_core.package_identification:_identify(.) by extension 'colcon_meta'
[0.389s] Level 1:colcon.colcon_core.package_identification:_identify(.) by extensions ['ros']
[0.389s] Level 1:colcon.colcon_core.package_identification:_identify(.) by extension 'ros'
[0.403s] Level 1:colcon.colcon_core.package_identification:_identify(.) by extensions ['cmake', 'python']
[0.404s] Level 1:colcon.colcon_core.package_identification:_identify(.) by extension 'cmake'
[0.404s] Level 1:colcon.colcon_core.package_identification:_identify(.) by extension 'python'
[0.404s] Level 1:colcon.colcon_core.package_identification:_identify(.) by extensions ['python_setup_py']
[0.404s] Level 1:colcon.colcon_core.package_identification:_identify(.) by extension 'python_setup_py'
[0.404s] Level 1:colcon.colcon_core.package_identification:_identify(build) by extensions ['ignore', 'ignore_ament_install']
[0.404s] Level 1:colcon.colcon_core.package_identification:_identify(build) by extension 'ignore'
[0.404s] Level 1:colcon.colcon_core.package_identification:_identify(build) ignored
[0.404s] Level 1:colcon.colcon_core.package_identification:_identify(equipo6) by extensions ['ignore', 'ignore_ament_install']
[0.404s] Level 1:colcon.colcon_core.package_identification:_identify(equipo6) by extension 'ignore'
[0.405s] Level 1:colcon.colcon_core.package_identification:_identify(equipo6) by extension 'ignore_ament_install'
[0.405s] Level 1:colcon.colcon_core.package_identification:_identify(equipo6) by extensions ['colcon_pkg']
[0.405s] Level 1:colcon.colcon_core.package_identification:_identify(equipo6) by extension 'colcon_pkg'
[0.405s] Level 1:colcon.colcon_core.package_identification:_identify(equipo6) by extensions ['colcon_meta']
[0.405s] Level 1:colcon.colcon_core.package_identification:_identify(equipo6) by extension 'colcon_meta'
[0.405s] Level 1:colcon.colcon_core.package_identification:_identify(equipo6) by extensions ['ros']
[0.405s] Level 1:colcon.colcon_core.package_identification:_identify(equipo6) by extension 'ros'
[0.409s] DEBUG:colcon.colcon_core.package_identification:Package 'equipo6' with type 'ros.ament_python' and name 'equipo6'
[0.409s] Level 1:colcon.colcon_core.package_identification:_identify(install) by extensions ['ignore', 'ignore_ament_install']
[0.409s] Level 1:colcon.colcon_core.package_identification:_identify(install) by extension 'ignore'
[0.409s] Level 1:colcon.colcon_core.package_identification:_identify(install) ignored
[0.409s] Level 1:colcon.colcon_core.package_identification:_identify(log) by extensions ['ignore', 'ignore_ament_install']
[0.409s] Level 1:colcon.colcon_core.package_identification:_identify(log) by extension 'ignore'
[0.409s] Level 1:colcon.colcon_core.package_identification:_identify(log) ignored
[0.409s] Level 1:colcon.colcon_core.package_identification:_identify(puzzlebot_description) by extensions ['ignore', 'ignore_ament_install']
[0.410s] Level 1:colcon.colcon_core.package_identification:_identify(puzzlebot_description) by extension 'ignore'
[0.410s] Level 1:colcon.colcon_core.package_identification:_identify(puzzlebot_description) by extension 'ignore_ament_install'
[0.410s] Level 1:colcon.colcon_core.package_identification:_identify(puzzlebot_description) by extensions ['colcon_pkg']
[0.410s] Level 1:colcon.colcon_core.package_identification:_identify(puzzlebot_description) by extension 'colcon_pkg'
[0.410s] Level 1:colcon.colcon_core.package_identification:_identify(puzzlebot_description) by extensions ['colcon_meta']
[0.410s] Level 1:colcon.colcon_core.package_identification:_identify(puzzlebot_description) by extension 'colcon_meta'
[0.410s] Level 1:colcon.colcon_core.package_identification:_identify(puzzlebot_description) by extensions ['ros']
[0.410s] Level 1:colcon.colcon_core.package_identification:_identify(puzzlebot_description) by extension 'ros'
[0.412s] DEBUG:colcon.colcon_core.package_identification:Package 'puzzlebot_description' with type 'ros.ament_python' and name 'puzzlebot_description'
[0.412s] Level 1:colcon.colcon_core.package_discovery:discover_packages(recursive) using defaults
[0.412s] Level 1:colcon.colcon_core.package_discovery:discover_packages(ignore) discover
[0.412s] Level 1:colcon.colcon_core.package_discovery:discover_packages(ignore) using defaults
[0.412s] Level 1:colcon.colcon_core.package_discovery:discover_packages(path) discover
[0.412s] Level 1:colcon.colcon_core.package_discovery:discover_packages(path) using defaults
[0.459s] Level 1:colcon.colcon_core.package_discovery:discover_packages(prefix_path) check parameters
[0.459s] Level 1:colcon.colcon_core.package_discovery:discover_packages(prefix_path) discover
[0.461s] DEBUG:colcon.colcon_installed_package_information.package_discovery:Found 2 installed packages in /home/ulisess/TE3003B/modulo_3/Act3.5/install
[0.463s] DEBUG:colcon.colcon_installed_package_information.package_discovery:Found 332 installed packages in /opt/ros/humble
[0.466s] Level 1:colcon.colcon_core.package_discovery:discover_packages(prefix_path) using defaults
[0.520s] Level 5:colcon.colcon_core.verb:set package 'equipo6' build argument 'cmake_args' from command line to 'None'
[0.520s] Level 5:colcon.colcon_core.verb:set package 'equipo6' build argument 'cmake_target' from command line to 'None'
[0.520s] Level 5:colcon.colcon_core.verb:set package 'equipo6' build argument 'cmake_target_skip_unavailable' from command line to 'False'
[0.520s] Level 5:colcon.colcon_core.verb:set package 'equipo6' build argument 'cmake_clean_cache' from command line to 'False'
[0.520s] Level 5:colcon.colcon_core.verb:set package 'equipo6' build argument 'cmake_clean_first' from command line to 'False'
[0.520s] Level 5:colcon.colcon_core.verb:set package 'equipo6' build argument 'cmake_force_configure' from command line to 'False'
[0.520s] Level 5:colcon.colcon_core.verb:set package 'equipo6' build argument 'ament_cmake_args' from command line to 'None'
[0.520s] Level 5:colcon.colcon_core.verb:set package 'equipo6' build argument 'catkin_cmake_args' from command line to 'None'
[0.520s] Level 5:colcon.colcon_core.verb:set package 'equipo6' build argument 'catkin_skip_building_tests' from command line to 'False'
[0.520s] DEBUG:colcon.colcon_core.verb:Building package 'equipo6' with the following arguments: {'ament_cmake_args': None, 'build_base': '/home/ulisess/TE3003B/modulo_3/Act3.5/build/equipo6', 'catkin_cmake_args': None, 'catkin_skip_building_tests': False, 'cmake_args': None, 'cmake_clean_cache': False, 'cmake_clean_first': False, 'cmake_force_configure': False, 'cmake_target': None, 'cmake_target_skip_unavailable': False, 'install_base': '/home/ulisess/TE3003B/modulo_3/Act3.5/install/equipo6', 'merge_install': False, 'path': '/home/ulisess/TE3003B/modulo_3/Act3.5/equipo6', 'symlink_install': False, 'test_result_base': None}
[0.521s] Level 5:colcon.colcon_core.verb:set package 'puzzlebot_description' build argument 'cmake_args' from command line to 'None'
[0.521s] Level 5:colcon.colcon_core.verb:set package 'puzzlebot_description' build argument 'cmake_target' from command line to 'None'
[0.521s] Level 5:colcon.colcon_core.verb:set package 'puzzlebot_description' build argument 'cmake_target_skip_unavailable' from command line to 'False'
[0.521s] Level 5:colcon.colcon_core.verb:set package 'puzzlebot_description' build argument 'cmake_clean_cache' from command line to 'False'
[0.521s] Level 5:colcon.colcon_core.verb:set package 'puzzlebot_description' build argument 'cmake_clean_first' from command line to 'False'
[0.521s] Level 5:colcon.colcon_core.verb:set package 'puzzlebot_description' build argument 'cmake_force_configure' from command line to 'False'
[0.521s] Level 5:colcon.colcon_core.verb:set package 'puzzlebot_description' build argument 'ament_cmake_args' from command line to 'None'
[0.521s] Level 5:colcon.colcon_core.verb:set package 'puzzlebot_description' build argument 'catkin_cmake_args' from command line to 'None'
[0.521s] Level 5:colcon.colcon_core.verb:set package 'puzzlebot_description' build argument 'catkin_skip_building_tests' from command line to 'False'
[0.521s] DEBUG:colcon.colcon_core.verb:Building package 'puzzlebot_description' with the following arguments: {'ament_cmake_args': None, 'build_base': '/home/ulisess/TE3003B/modulo_3/Act3.5/build/puzzlebot_description', 'catkin_cmake_args': None, 'catkin_skip_building_tests': False, 'cmake_args': None, 'cmake_clean_cache': False, 'cmake_clean_first': False, 'cmake_force_configure': False, 'cmake_target': None, 'cmake_target_skip_unavailable': False, 'install_base': '/home/ulisess/TE3003B/modulo_3/Act3.5/install/puzzlebot_description', 'merge_install': False, 'path': '/home/ulisess/TE3003B/modulo_3/Act3.5/puzzlebot_description', 'symlink_install': False, 'test_result_base': None}
[0.521s] INFO:colcon.colcon_core.executor:Executing jobs using 'parallel' executor
[0.523s] DEBUG:colcon.colcon_parallel_executor.executor.parallel:run_until_complete
[0.523s] INFO:colcon.colcon_ros.task.ament_python.build:Building ROS package in '/home/ulisess/TE3003B/modulo_3/Act3.5/equipo6' with build type 'ament_python'
[0.523s] Level 1:colcon.colcon_core.shell:create_environment_hook('equipo6', 'ament_prefix_path')
[0.527s] INFO:colcon.colcon_core.plugin_system:Skipping extension 'colcon_core.shell.bat': Not used on non-Windows systems
[0.528s] INFO:colcon.colcon_core.shell:Creating environment hook '/home/ulisess/TE3003B/modulo_3/Act3.5/install/equipo6/share/equipo6/hook/ament_prefix_path.ps1'
[0.529s] INFO:colcon.colcon_core.shell:Creating environment descriptor '/home/ulisess/TE3003B/modulo_3/Act3.5/install/equipo6/share/equipo6/hook/ament_prefix_path.dsv'
[0.530s] INFO:colcon.colcon_core.shell:Creating environment hook '/home/ulisess/TE3003B/modulo_3/Act3.5/install/equipo6/share/equipo6/hook/ament_prefix_path.sh'
[0.531s] INFO:colcon.colcon_core.shell:Skip shell extension 'powershell' for command environment: Not usable outside of PowerShell
[0.531s] DEBUG:colcon.colcon_core.shell:Skip shell extension 'dsv' for command environment
[0.537s] INFO:colcon.colcon_ros.task.ament_python.build:Building ROS package in '/home/ulisess/TE3003B/modulo_3/Act3.5/puzzlebot_description' with build type 'ament_python'
[0.537s] Level 1:colcon.colcon_core.shell:create_environment_hook('puzzlebot_description', 'ament_prefix_path')
[0.538s] INFO:colcon.colcon_core.shell:Creating environment hook '/home/ulisess/TE3003B/modulo_3/Act3.5/install/puzzlebot_description/share/puzzlebot_description/hook/ament_prefix_path.ps1'
[0.539s] INFO:colcon.colcon_core.shell:Creating environment descriptor '/home/ulisess/TE3003B/modulo_3/Act3.5/install/puzzlebot_description/share/puzzlebot_description/hook/ament_prefix_path.dsv'
[0.540s] INFO:colcon.colcon_core.shell:Creating environment hook '/home/ulisess/TE3003B/modulo_3/Act3.5/install/puzzlebot_description/share/puzzlebot_description/hook/ament_prefix_path.sh'
[0.542s] INFO:colcon.colcon_core.shell:Skip shell extension 'powershell' for command environment: Not usable outside of PowerShell
[0.542s] DEBUG:colcon.colcon_core.shell:Skip shell extension 'dsv' for command environment
[0.945s] INFO:colcon.colcon_core.task.python.build:Building Python package in '/home/ulisess/TE3003B/modulo_3/Act3.5/equipo6'
[0.945s] INFO:colcon.colcon_core.shell:Skip shell extension 'powershell' for command environment: Not usable outside of PowerShell
[0.945s] DEBUG:colcon.colcon_core.shell:Skip shell extension 'dsv' for command environment
[1.323s] INFO:colcon.colcon_core.task.python.build:Building Python package in '/home/ulisess/TE3003B/modulo_3/Act3.5/puzzlebot_description'
[1.323s] INFO:colcon.colcon_core.shell:Skip shell extension 'powershell' for command environment: Not usable outside of PowerShell
[1.323s] DEBUG:colcon.colcon_core.shell:Skip shell extension 'dsv' for command environment
[1.925s] DEBUG:colcon.colcon_core.event_handler.log_command:Invoking command in '/home/ulisess/TE3003B/modulo_3/Act3.5/puzzlebot_description': PYTHONPATH=/home/ulisess/TE3003B/modulo_3/Act3.5/build/puzzlebot_description/prefix_override:/usr/lib/python3/dist-packages/colcon_core/task/python/colcon_distutils_commands:/home/ulisess/TE3003B/modulo_3/Act3.5/install/puzzlebot_description/lib/python3.10/site-packages:${PYTHONPATH} /usr/bin/python3 -W ignore:setup.py install is deprecated -W ignore:easy_install command is deprecated setup.py egg_info --egg-base ../build/puzzlebot_description build --build-base /home/ulisess/TE3003B/modulo_3/Act3.5/build/puzzlebot_description/build install --record /home/ulisess/TE3003B/modulo_3/Act3.5/build/puzzlebot_description/install.log --single-version-externally-managed install_data
[1.930s] DEBUG:colcon.colcon_core.event_handler.log_command:Invoking command in '/home/ulisess/TE3003B/modulo_3/Act3.5/equipo6': PYTHONPATH=/home/ulisess/TE3003B/modulo_3/Act3.5/build/equipo6/prefix_override:/usr/lib/python3/dist-packages/colcon_core/task/python/colcon_distutils_commands:/home/ulisess/TE3003B/modulo_3/Act3.5/install/equipo6/lib/python3.10/site-packages:${PYTHONPATH} /usr/bin/python3 -W ignore:setup.py install is deprecated -W ignore:easy_install command is deprecated setup.py egg_info --egg-base ../build/equipo6 build --build-base /home/ulisess/TE3003B/modulo_3/Act3.5/build/equipo6/build install --record /home/ulisess/TE3003B/modulo_3/Act3.5/build/equipo6/install.log --single-version-externally-managed install_data
[2.402s] DEBUG:colcon.colcon_core.event_handler.log_command:Invoked command in '/home/ulisess/TE3003B/modulo_3/Act3.5/puzzlebot_description' returned '0': PYTHONPATH=/home/ulisess/TE3003B/modulo_3/Act3.5/build/puzzlebot_description/prefix_override:/usr/lib/python3/dist-packages/colcon_core/task/python/colcon_distutils_commands:/home/ulisess/TE3003B/modulo_3/Act3.5/install/puzzlebot_description/lib/python3.10/site-packages:${PYTHONPATH} /usr/bin/python3 -W ignore:setup.py install is deprecated -W ignore:easy_install command is deprecated setup.py egg_info --egg-base ../build/puzzlebot_description build --build-base /home/ulisess/TE3003B/modulo_3/Act3.5/build/puzzlebot_description/build install --record /home/ulisess/TE3003B/modulo_3/Act3.5/build/puzzlebot_description/install.log --single-version-externally-managed install_data
[2.406s] Level 1:colcon.colcon_core.environment:checking '/home/ulisess/TE3003B/modulo_3/Act3.5/install/puzzlebot_description' for CMake module files
[2.406s] Level 1:colcon.colcon_core.environment:checking '/home/ulisess/TE3003B/modulo_3/Act3.5/install/puzzlebot_description' for CMake config files
[2.408s] Level 1:colcon.colcon_core.environment:checking '/home/ulisess/TE3003B/modulo_3/Act3.5/install/puzzlebot_description/lib'
[2.409s] Level 1:colcon.colcon_core.environment:checking '/home/ulisess/TE3003B/modulo_3/Act3.5/install/puzzlebot_description/bin'
[2.409s] Level 1:colcon.colcon_core.environment:checking '/home/ulisess/TE3003B/modulo_3/Act3.5/install/puzzlebot_description/lib/pkgconfig/puzzlebot_description.pc'
[2.409s] Level 1:colcon.colcon_core.environment:checking '/home/ulisess/TE3003B/modulo_3/Act3.5/install/puzzlebot_description/lib/python3.10/site-packages'
[2.409s] Level 1:colcon.colcon_core.shell:create_environment_hook('puzzlebot_description', 'pythonpath')
[2.410s] INFO:colcon.colcon_core.shell:Creating environment hook '/home/ulisess/TE3003B/modulo_3/Act3.5/install/puzzlebot_description/share/puzzlebot_description/hook/pythonpath.ps1'
[2.410s] INFO:colcon.colcon_core.shell:Creating environment descriptor '/home/ulisess/TE3003B/modulo_3/Act3.5/install/puzzlebot_description/share/puzzlebot_description/hook/pythonpath.dsv'
[2.411s] INFO:colcon.colcon_core.shell:Creating environment hook '/home/ulisess/TE3003B/modulo_3/Act3.5/install/puzzlebot_description/share/puzzlebot_description/hook/pythonpath.sh'
[2.412s] Level 1:colcon.colcon_core.environment:checking '/home/ulisess/TE3003B/modulo_3/Act3.5/install/puzzlebot_description/bin'
[2.412s] Level 1:colcon.colcon_core.environment:create_environment_scripts_only(puzzlebot_description)
[2.413s] INFO:colcon.colcon_core.shell:Creating package script '/home/ulisess/TE3003B/modulo_3/Act3.5/install/puzzlebot_description/share/puzzlebot_description/package.ps1'
[2.415s] INFO:colcon.colcon_core.shell:Creating package descriptor '/home/ulisess/TE3003B/modulo_3/Act3.5/install/puzzlebot_description/share/puzzlebot_description/package.dsv'
[2.416s] INFO:colcon.colcon_core.shell:Creating package script '/home/ulisess/TE3003B/modulo_3/Act3.5/install/puzzlebot_description/share/puzzlebot_description/package.sh'
[2.417s] INFO:colcon.colcon_core.shell:Creating package script '/home/ulisess/TE3003B/modulo_3/Act3.5/install/puzzlebot_description/share/puzzlebot_description/package.bash'
[2.419s] INFO:colcon.colcon_core.shell:Creating package script '/home/ulisess/TE3003B/modulo_3/Act3.5/install/puzzlebot_description/share/puzzlebot_description/package.zsh'
[2.420s] Level 1:colcon.colcon_core.environment:create_file_with_runtime_dependencies(/home/ulisess/TE3003B/modulo_3/Act3.5/install/puzzlebot_description/share/colcon-core/packages/puzzlebot_description)
[2.422s] Level 1:colcon.colcon_core.environment:checking '/home/ulisess/TE3003B/modulo_3/Act3.5/install/equipo6' for CMake module files
[2.423s] DEBUG:colcon.colcon_core.event_handler.log_command:Invoked command in '/home/ulisess/TE3003B/modulo_3/Act3.5/equipo6' returned '0': PYTHONPATH=/home/ulisess/TE3003B/modulo_3/Act3.5/build/equipo6/prefix_override:/usr/lib/python3/dist-packages/colcon_core/task/python/colcon_distutils_commands:/home/ulisess/TE3003B/modulo_3/Act3.5/install/equipo6/lib/python3.10/site-packages:${PYTHONPATH} /usr/bin/python3 -W ignore:setup.py install is deprecated -W ignore:easy_install command is deprecated setup.py egg_info --egg-base ../build/equipo6 build --build-base /home/ulisess/TE3003B/modulo_3/Act3.5/build/equipo6/build install --record /home/ulisess/TE3003B/modulo_3/Act3.5/build/equipo6/install.log --single-version-externally-managed install_data
[2.424s] Level 1:colcon.colcon_core.environment:checking '/home/ulisess/TE3003B/modulo_3/Act3.5/install/equipo6' for CMake config files
[2.425s] Level 1:colcon.colcon_core.environment:checking '/home/ulisess/TE3003B/modulo_3/Act3.5/install/equipo6/lib'
[2.425s] Level 1:colcon.colcon_core.environment:checking '/home/ulisess/TE3003B/modulo_3/Act3.5/install/equipo6/bin'
[2.425s] Level 1:colcon.colcon_core.environment:checking '/home/ulisess/TE3003B/modulo_3/Act3.5/install/equipo6/lib/pkgconfig/equipo6.pc'
[2.426s] Level 1:colcon.colcon_core.environment:checking '/home/ulisess/TE3003B/modulo_3/Act3.5/install/equipo6/lib/python3.10/site-packages'
[2.426s] Level 1:colcon.colcon_core.shell:create_environment_hook('equipo6', 'pythonpath')
[2.426s] INFO:colcon.colcon_core.shell:Creating environment hook '/home/ulisess/TE3003B/modulo_3/Act3.5/install/equipo6/share/equipo6/hook/pythonpath.ps1'
[2.427s] INFO:colcon.colcon_core.shell:Creating environment descriptor '/home/ulisess/TE3003B/modulo_3/Act3.5/install/equipo6/share/equipo6/hook/pythonpath.dsv'
[2.428s] INFO:colcon.colcon_core.shell:Creating environment hook '/home/ulisess/TE3003B/modulo_3/Act3.5/install/equipo6/share/equipo6/hook/pythonpath.sh'
[2.428s] Level 1:colcon.colcon_core.environment:checking '/home/ulisess/TE3003B/modulo_3/Act3.5/install/equipo6/bin'
[2.429s] Level 1:colcon.colcon_core.environment:create_environment_scripts_only(equipo6)
[2.429s] INFO:colcon.colcon_core.shell:Creating package script '/home/ulisess/TE3003B/modulo_3/Act3.5/install/equipo6/share/equipo6/package.ps1'
[2.430s] INFO:colcon.colcon_core.shell:Creating package descriptor '/home/ulisess/TE3003B/modulo_3/Act3.5/install/equipo6/share/equipo6/package.dsv'
[2.431s] INFO:colcon.colcon_core.shell:Creating package script '/home/ulisess/TE3003B/modulo_3/Act3.5/install/equipo6/share/equipo6/package.sh'
[2.432s] INFO:colcon.colcon_core.shell:Creating package script '/home/ulisess/TE3003B/modulo_3/Act3.5/install/equipo6/share/equipo6/package.bash'
[2.433s] INFO:colcon.colcon_core.shell:Creating package script '/home/ulisess/TE3003B/modulo_3/Act3.5/install/equipo6/share/equipo6/package.zsh'
[2.433s] Level 1:colcon.colcon_core.environment:create_file_with_runtime_dependencies(/home/ulisess/TE3003B/modulo_3/Act3.5/install/equipo6/share/colcon-core/packages/equipo6)
[2.434s] DEBUG:colcon.colcon_parallel_executor.executor.parallel:closing loop
[2.434s] DEBUG:colcon.colcon_parallel_executor.executor.parallel:loop closed
[2.435s] DEBUG:colcon.colcon_parallel_executor.executor.parallel:run_until_complete finished with '0'
[2.435s] DEBUG:colcon.colcon_core.event_reactor:joining thread
[2.443s] INFO:colcon.colcon_core.plugin_system:Skipping extension 'colcon_notification.desktop_notification.terminal_notifier': Not used on non-Darwin systems
[2.443s] INFO:colcon.colcon_core.plugin_system:Skipping extension 'colcon_notification.desktop_notification.win32': Not used on non-Windows systems
[2.443s] INFO:colcon.colcon_notification.desktop_notification:Sending desktop notification using 'notify2'
[2.460s] DEBUG:colcon.colcon_core.event_reactor:joined thread
[2.460s] INFO:colcon.colcon_core.shell:Creating prefix script '/home/ulisess/TE3003B/modulo_3/Act3.5/install/local_setup.ps1'
[2.462s] INFO:colcon.colcon_core.shell:Creating prefix util module '/home/ulisess/TE3003B/modulo_3/Act3.5/install/_local_setup_util_ps1.py'
[2.465s] INFO:colcon.colcon_core.shell:Creating prefix chain script '/home/ulisess/TE3003B/modulo_3/Act3.5/install/setup.ps1'
[2.467s] INFO:colcon.colcon_core.shell:Creating prefix script '/home/ulisess/TE3003B/modulo_3/Act3.5/install/local_setup.sh'
[2.468s] INFO:colcon.colcon_core.shell:Creating prefix util module '/home/ulisess/TE3003B/modulo_3/Act3.5/install/_local_setup_util_sh.py'
[2.469s] INFO:colcon.colcon_core.shell:Creating prefix chain script '/home/ulisess/TE3003B/modulo_3/Act3.5/install/setup.sh'
[2.471s] INFO:colcon.colcon_core.shell:Creating prefix script '/home/ulisess/TE3003B/modulo_3/Act3.5/install/local_setup.bash'
[2.472s] INFO:colcon.colcon_core.shell:Creating prefix chain script '/home/ulisess/TE3003B/modulo_3/Act3.5/install/setup.bash'
[2.474s] INFO:colcon.colcon_core.shell:Creating prefix script '/home/ulisess/TE3003B/modulo_3/Act3.5/install/local_setup.zsh'
[2.475s] INFO:colcon.colcon_core.shell:Creating prefix chain script '/home/ulisess/TE3003B/modulo_3/Act3.5/install/setup.zsh'
