[0.262s] Invoking command in '/home/alexl/final_ws/build/puzzlebot_aruco_msgs': CMAKE_PREFIX_PATH=${CMAKE_PREFIX_PATH}:/home/alexl/final_ws/install/puzzlebot:/home/alexl/ros2_ws/install/tf_examples:/home/alexl/ros2_ws/install/puzzlebot_sim:/home/alexl/ros2_ws/install/puzzlebot_gazebo:/home/alexl/ros2_ws/install/puzzlebot_description:/home/alexl/ros2_ws/install/puzzle_drone:/home/alexl/ros2_ws/install/motor_control:/home/alexl/ros2_ws/install/mobile_robotics:/home/alexl/ros2_ws/install/challenge:/home/alexl/TE3003B/install/puzzlebot:/home/alexl/ros2_ws/src/mobile_robotics/install/mobile_robotics:/opt/ros/humble /usr/bin/cmake --build /home/alexl/final_ws/build/puzzlebot_aruco_msgs -- -j12 -l12
[0.327s] [  3%] Built target puzzlebot_aruco_msgs__cpp
[0.329s] [ 12%] Built target puzzlebot_aruco_msgs__rosidl_generator_c
[0.343s] [ 12%] Built target ament_cmake_python_copy_puzzlebot_aruco_msgs
[0.358s] [ 38%] Built target puzzlebot_aruco_msgs__rosidl_typesupport_c
[0.359s] [ 45%] Built target puzzlebot_aruco_msgs__rosidl_typesupport_cpp
[0.359s] [ 45%] Built target puzzlebot_aruco_msgs__rosidl_typesupport_fastrtps_cpp
[0.359s] [ 51%] Built target puzzlebot_aruco_msgs__rosidl_typesupport_introspection_cpp
[0.359s] [ 61%] Built target puzzlebot_aruco_msgs__rosidl_typesupport_introspection_c
[0.360s] [ 70%] Built target puzzlebot_aruco_msgs__rosidl_typesupport_fastrtps_c
[0.387s] [ 70%] Built target puzzlebot_aruco_msgs
[0.411s] [ 74%] Built target puzzlebot_aruco_msgs__py
[0.438s] [ 80%] Built target puzzlebot_aruco_msgs__rosidl_generator_py
[0.465s] [100%] Built target puzzlebot_aruco_msgs__rosidl_typesupport_fastrtps_c__pyext
[0.465s] [100%] Built target puzzlebot_aruco_msgs__rosidl_typesupport_c__pyext
[0.465s] [100%] Built target puzzlebot_aruco_msgs__rosidl_typesupport_introspection_c__pyext
[0.579s] running egg_info
[0.580s] writing puzzlebot_aruco_msgs.egg-info/PKG-INFO
[0.580s] writing dependency_links to puzzlebot_aruco_msgs.egg-info/dependency_links.txt
[0.580s] writing top-level names to puzzlebot_aruco_msgs.egg-info/top_level.txt
[0.582s] reading manifest file 'puzzlebot_aruco_msgs.egg-info/SOURCES.txt'
[0.583s] writing manifest file 'puzzlebot_aruco_msgs.egg-info/SOURCES.txt'
[0.616s] [100%] Built target ament_cmake_python_build_puzzlebot_aruco_msgs_egg
[0.632s] Invoked command in '/home/alexl/final_ws/build/puzzlebot_aruco_msgs' returned '0': CMAKE_PREFIX_PATH=${CMAKE_PREFIX_PATH}:/home/alexl/final_ws/install/puzzlebot:/home/alexl/ros2_ws/install/tf_examples:/home/alexl/ros2_ws/install/puzzlebot_sim:/home/alexl/ros2_ws/install/puzzlebot_gazebo:/home/alexl/ros2_ws/install/puzzlebot_description:/home/alexl/ros2_ws/install/puzzle_drone:/home/alexl/ros2_ws/install/motor_control:/home/alexl/ros2_ws/install/mobile_robotics:/home/alexl/ros2_ws/install/challenge:/home/alexl/TE3003B/install/puzzlebot:/home/alexl/ros2_ws/src/mobile_robotics/install/mobile_robotics:/opt/ros/humble /usr/bin/cmake --build /home/alexl/final_ws/build/puzzlebot_aruco_msgs -- -j12 -l12
[0.645s] Invoking command in '/home/alexl/final_ws/build/puzzlebot_aruco_msgs': CMAKE_PREFIX_PATH=${CMAKE_PREFIX_PATH}:/home/alexl/final_ws/install/puzzlebot:/home/alexl/ros2_ws/install/tf_examples:/home/alexl/ros2_ws/install/puzzlebot_sim:/home/alexl/ros2_ws/install/puzzlebot_gazebo:/home/alexl/ros2_ws/install/puzzlebot_description:/home/alexl/ros2_ws/install/puzzle_drone:/home/alexl/ros2_ws/install/motor_control:/home/alexl/ros2_ws/install/mobile_robotics:/home/alexl/ros2_ws/install/challenge:/home/alexl/TE3003B/install/puzzlebot:/home/alexl/ros2_ws/src/mobile_robotics/install/mobile_robotics:/opt/ros/humble /usr/bin/cmake --install /home/alexl/final_ws/build/puzzlebot_aruco_msgs
[0.654s] -- Install configuration: ""
[0.654s] -- Up-to-date: /home/alexl/final_ws/install/puzzlebot_aruco_msgs/share/ament_index/resource_index/rosidl_interfaces/puzzlebot_aruco_msgs
[0.654s] -- Up-to-date: /home/alexl/final_ws/install/puzzlebot_aruco_msgs/include/puzzlebot_aruco_msgs/puzzlebot_aruco_msgs
[0.654s] -- Up-to-date: /home/alexl/final_ws/install/puzzlebot_aruco_msgs/include/puzzlebot_aruco_msgs/puzzlebot_aruco_msgs/msg
[0.654s] -- Up-to-date: /home/alexl/final_ws/install/puzzlebot_aruco_msgs/include/puzzlebot_aruco_msgs/puzzlebot_aruco_msgs/msg/aruco_observation.h
[0.655s] -- Up-to-date: /home/alexl/final_ws/install/puzzlebot_aruco_msgs/include/puzzlebot_aruco_msgs/puzzlebot_aruco_msgs/msg/detail
[0.655s] -- Up-to-date: /home/alexl/final_ws/install/puzzlebot_aruco_msgs/include/puzzlebot_aruco_msgs/puzzlebot_aruco_msgs/msg/detail/aruco_observation__struct.h
[0.655s] -- Up-to-date: /home/alexl/final_ws/install/puzzlebot_aruco_msgs/include/puzzlebot_aruco_msgs/puzzlebot_aruco_msgs/msg/detail/aruco_observation__functions.h
[0.655s] -- Up-to-date: /home/alexl/final_ws/install/puzzlebot_aruco_msgs/include/puzzlebot_aruco_msgs/puzzlebot_aruco_msgs/msg/detail/aruco_observation__functions.c
[0.655s] -- Up-to-date: /home/alexl/final_ws/install/puzzlebot_aruco_msgs/include/puzzlebot_aruco_msgs/puzzlebot_aruco_msgs/msg/detail/aruco_observation__type_support.h
[0.655s] -- Up-to-date: /home/alexl/final_ws/install/puzzlebot_aruco_msgs/include/puzzlebot_aruco_msgs/puzzlebot_aruco_msgs/msg/rosidl_generator_c__visibility_control.h
[0.656s] -- Up-to-date: /home/alexl/final_ws/install/puzzlebot_aruco_msgs/share/puzzlebot_aruco_msgs/environment/library_path.sh
[0.656s] -- Up-to-date: /home/alexl/final_ws/install/puzzlebot_aruco_msgs/share/puzzlebot_aruco_msgs/environment/library_path.dsv
[0.656s] -- Up-to-date: /home/alexl/final_ws/install/puzzlebot_aruco_msgs/lib/libpuzzlebot_aruco_msgs__rosidl_generator_c.so
[0.656s] -- Up-to-date: /home/alexl/final_ws/install/puzzlebot_aruco_msgs/include/puzzlebot_aruco_msgs/puzzlebot_aruco_msgs
[0.656s] -- Up-to-date: /home/alexl/final_ws/install/puzzlebot_aruco_msgs/include/puzzlebot_aruco_msgs/puzzlebot_aruco_msgs/msg
[0.656s] -- Up-to-date: /home/alexl/final_ws/install/puzzlebot_aruco_msgs/include/puzzlebot_aruco_msgs/puzzlebot_aruco_msgs/msg/rosidl_typesupport_fastrtps_c__visibility_control.h
[0.656s] -- Up-to-date: /home/alexl/final_ws/install/puzzlebot_aruco_msgs/include/puzzlebot_aruco_msgs/puzzlebot_aruco_msgs/msg/detail
[0.656s] -- Up-to-date: /home/alexl/final_ws/install/puzzlebot_aruco_msgs/include/puzzlebot_aruco_msgs/puzzlebot_aruco_msgs/msg/detail/aruco_observation__rosidl_typesupport_fastrtps_c.h
[0.656s] -- Up-to-date: /home/alexl/final_ws/install/puzzlebot_aruco_msgs/lib/libpuzzlebot_aruco_msgs__rosidl_typesupport_fastrtps_c.so
[0.657s] -- Up-to-date: /home/alexl/final_ws/install/puzzlebot_aruco_msgs/include/puzzlebot_aruco_msgs/puzzlebot_aruco_msgs
[0.657s] -- Up-to-date: /home/alexl/final_ws/install/puzzlebot_aruco_msgs/include/puzzlebot_aruco_msgs/puzzlebot_aruco_msgs/msg
[0.657s] -- Up-to-date: /home/alexl/final_ws/install/puzzlebot_aruco_msgs/include/puzzlebot_aruco_msgs/puzzlebot_aruco_msgs/msg/aruco_observation.hpp
[0.657s] -- Up-to-date: /home/alexl/final_ws/install/puzzlebot_aruco_msgs/include/puzzlebot_aruco_msgs/puzzlebot_aruco_msgs/msg/rosidl_generator_cpp__visibility_control.hpp
[0.657s] -- Up-to-date: /home/alexl/final_ws/install/puzzlebot_aruco_msgs/include/puzzlebot_aruco_msgs/puzzlebot_aruco_msgs/msg/detail
[0.657s] -- Up-to-date: /home/alexl/final_ws/install/puzzlebot_aruco_msgs/include/puzzlebot_aruco_msgs/puzzlebot_aruco_msgs/msg/detail/aruco_observation__type_support.hpp
[0.657s] -- Up-to-date: /home/alexl/final_ws/install/puzzlebot_aruco_msgs/include/puzzlebot_aruco_msgs/puzzlebot_aruco_msgs/msg/detail/aruco_observation__traits.hpp
[0.657s] -- Up-to-date: /home/alexl/final_ws/install/puzzlebot_aruco_msgs/include/puzzlebot_aruco_msgs/puzzlebot_aruco_msgs/msg/detail/aruco_observation__struct.hpp
[0.657s] -- Up-to-date: /home/alexl/final_ws/install/puzzlebot_aruco_msgs/include/puzzlebot_aruco_msgs/puzzlebot_aruco_msgs/msg/detail/aruco_observation__builder.hpp
[0.657s] -- Up-to-date: /home/alexl/final_ws/install/puzzlebot_aruco_msgs/include/puzzlebot_aruco_msgs/puzzlebot_aruco_msgs
[0.657s] -- Up-to-date: /home/alexl/final_ws/install/puzzlebot_aruco_msgs/include/puzzlebot_aruco_msgs/puzzlebot_aruco_msgs/msg
[0.657s] -- Up-to-date: /home/alexl/final_ws/install/puzzlebot_aruco_msgs/include/puzzlebot_aruco_msgs/puzzlebot_aruco_msgs/msg/rosidl_typesupport_fastrtps_cpp__visibility_control.h
[0.657s] -- Up-to-date: /home/alexl/final_ws/install/puzzlebot_aruco_msgs/include/puzzlebot_aruco_msgs/puzzlebot_aruco_msgs/msg/detail
[0.658s] -- Up-to-date: /home/alexl/final_ws/install/puzzlebot_aruco_msgs/include/puzzlebot_aruco_msgs/puzzlebot_aruco_msgs/msg/detail/dds_fastrtps
[0.658s] -- Up-to-date: /home/alexl/final_ws/install/puzzlebot_aruco_msgs/include/puzzlebot_aruco_msgs/puzzlebot_aruco_msgs/msg/detail/aruco_observation__rosidl_typesupport_fastrtps_cpp.hpp
[0.658s] -- Up-to-date: /home/alexl/final_ws/install/puzzlebot_aruco_msgs/lib/libpuzzlebot_aruco_msgs__rosidl_typesupport_fastrtps_cpp.so
[0.658s] -- Up-to-date: /home/alexl/final_ws/install/puzzlebot_aruco_msgs/include/puzzlebot_aruco_msgs/puzzlebot_aruco_msgs
[0.659s] -- Up-to-date: /home/alexl/final_ws/install/puzzlebot_aruco_msgs/include/puzzlebot_aruco_msgs/puzzlebot_aruco_msgs/msg
[0.659s] -- Up-to-date: /home/alexl/final_ws/install/puzzlebot_aruco_msgs/include/puzzlebot_aruco_msgs/puzzlebot_aruco_msgs/msg/rosidl_typesupport_introspection_c__visibility_control.h
[0.659s] -- Up-to-date: /home/alexl/final_ws/install/puzzlebot_aruco_msgs/include/puzzlebot_aruco_msgs/puzzlebot_aruco_msgs/msg/detail
[0.659s] -- Up-to-date: /home/alexl/final_ws/install/puzzlebot_aruco_msgs/include/puzzlebot_aruco_msgs/puzzlebot_aruco_msgs/msg/detail/aruco_observation__rosidl_typesupport_introspection_c.h
[0.659s] -- Up-to-date: /home/alexl/final_ws/install/puzzlebot_aruco_msgs/include/puzzlebot_aruco_msgs/puzzlebot_aruco_msgs/msg/detail/aruco_observation__type_support.c
[0.659s] -- Up-to-date: /home/alexl/final_ws/install/puzzlebot_aruco_msgs/lib/libpuzzlebot_aruco_msgs__rosidl_typesupport_introspection_c.so
[0.660s] -- Up-to-date: /home/alexl/final_ws/install/puzzlebot_aruco_msgs/lib/libpuzzlebot_aruco_msgs__rosidl_typesupport_c.so
[0.660s] -- Up-to-date: /home/alexl/final_ws/install/puzzlebot_aruco_msgs/include/puzzlebot_aruco_msgs/puzzlebot_aruco_msgs
[0.660s] -- Up-to-date: /home/alexl/final_ws/install/puzzlebot_aruco_msgs/include/puzzlebot_aruco_msgs/puzzlebot_aruco_msgs/msg
[0.660s] -- Up-to-date: /home/alexl/final_ws/install/puzzlebot_aruco_msgs/include/puzzlebot_aruco_msgs/puzzlebot_aruco_msgs/msg/detail
[0.660s] -- Up-to-date: /home/alexl/final_ws/install/puzzlebot_aruco_msgs/include/puzzlebot_aruco_msgs/puzzlebot_aruco_msgs/msg/detail/aruco_observation__rosidl_typesupport_introspection_cpp.hpp
[0.660s] -- Up-to-date: /home/alexl/final_ws/install/puzzlebot_aruco_msgs/include/puzzlebot_aruco_msgs/puzzlebot_aruco_msgs/msg/detail/aruco_observation__type_support.cpp
[0.661s] -- Up-to-date: /home/alexl/final_ws/install/puzzlebot_aruco_msgs/lib/libpuzzlebot_aruco_msgs__rosidl_typesupport_introspection_cpp.so
[0.661s] -- Up-to-date: /home/alexl/final_ws/install/puzzlebot_aruco_msgs/lib/libpuzzlebot_aruco_msgs__rosidl_typesupport_cpp.so
[0.661s] -- Up-to-date: /home/alexl/final_ws/install/puzzlebot_aruco_msgs/share/puzzlebot_aruco_msgs/environment/pythonpath.sh
[0.662s] -- Up-to-date: /home/alexl/final_ws/install/puzzlebot_aruco_msgs/share/puzzlebot_aruco_msgs/environment/pythonpath.dsv
[0.662s] -- Up-to-date: /home/alexl/final_ws/install/puzzlebot_aruco_msgs/local/lib/python3.10/dist-packages/puzzlebot_aruco_msgs-0.0.0-py3.10.egg-info
[0.662s] -- Installing: /home/alexl/final_ws/install/puzzlebot_aruco_msgs/local/lib/python3.10/dist-packages/puzzlebot_aruco_msgs-0.0.0-py3.10.egg-info/SOURCES.txt
[0.662s] -- Installing: /home/alexl/final_ws/install/puzzlebot_aruco_msgs/local/lib/python3.10/dist-packages/puzzlebot_aruco_msgs-0.0.0-py3.10.egg-info/top_level.txt
[0.662s] -- Installing: /home/alexl/final_ws/install/puzzlebot_aruco_msgs/local/lib/python3.10/dist-packages/puzzlebot_aruco_msgs-0.0.0-py3.10.egg-info/dependency_links.txt
[0.662s] -- Installing: /home/alexl/final_ws/install/puzzlebot_aruco_msgs/local/lib/python3.10/dist-packages/puzzlebot_aruco_msgs-0.0.0-py3.10.egg-info/PKG-INFO
[0.663s] -- Up-to-date: /home/alexl/final_ws/install/puzzlebot_aruco_msgs/local/lib/python3.10/dist-packages/puzzlebot_aruco_msgs
[0.663s] -- Up-to-date: /home/alexl/final_ws/install/puzzlebot_aruco_msgs/local/lib/python3.10/dist-packages/puzzlebot_aruco_msgs/_puzzlebot_aruco_msgs_s.ep.rosidl_typesupport_c.c
[0.663s] -- Up-to-date: /home/alexl/final_ws/install/puzzlebot_aruco_msgs/local/lib/python3.10/dist-packages/puzzlebot_aruco_msgs/_puzzlebot_aruco_msgs_s.ep.rosidl_typesupport_introspection_c.c
[0.663s] -- Up-to-date: /home/alexl/final_ws/install/puzzlebot_aruco_msgs/local/lib/python3.10/dist-packages/puzzlebot_aruco_msgs/__init__.py
[0.663s] -- Up-to-date: /home/alexl/final_ws/install/puzzlebot_aruco_msgs/local/lib/python3.10/dist-packages/puzzlebot_aruco_msgs/libpuzzlebot_aruco_msgs__rosidl_generator_py.so
[0.663s] -- Up-to-date: /home/alexl/final_ws/install/puzzlebot_aruco_msgs/local/lib/python3.10/dist-packages/puzzlebot_aruco_msgs/msg
[0.663s] -- Up-to-date: /home/alexl/final_ws/install/puzzlebot_aruco_msgs/local/lib/python3.10/dist-packages/puzzlebot_aruco_msgs/msg/_aruco_observation.py
[0.663s] -- Up-to-date: /home/alexl/final_ws/install/puzzlebot_aruco_msgs/local/lib/python3.10/dist-packages/puzzlebot_aruco_msgs/msg/__init__.py
[0.663s] -- Up-to-date: /home/alexl/final_ws/install/puzzlebot_aruco_msgs/local/lib/python3.10/dist-packages/puzzlebot_aruco_msgs/msg/_aruco_observation_s.c
[0.663s] -- Up-to-date: /home/alexl/final_ws/install/puzzlebot_aruco_msgs/local/lib/python3.10/dist-packages/puzzlebot_aruco_msgs/puzzlebot_aruco_msgs_s__rosidl_typesupport_introspection_c.cpython-310-x86_64-linux-gnu.so
[0.663s] -- Up-to-date: /home/alexl/final_ws/install/puzzlebot_aruco_msgs/local/lib/python3.10/dist-packages/puzzlebot_aruco_msgs/_puzzlebot_aruco_msgs_s.ep.rosidl_typesupport_fastrtps_c.c
[0.663s] -- Up-to-date: /home/alexl/final_ws/install/puzzlebot_aruco_msgs/local/lib/python3.10/dist-packages/puzzlebot_aruco_msgs/puzzlebot_aruco_msgs_s__rosidl_typesupport_c.cpython-310-x86_64-linux-gnu.so
[0.663s] -- Up-to-date: /home/alexl/final_ws/install/puzzlebot_aruco_msgs/local/lib/python3.10/dist-packages/puzzlebot_aruco_msgs/puzzlebot_aruco_msgs_s__rosidl_typesupport_fastrtps_c.cpython-310-x86_64-linux-gnu.so
[0.697s] Listing '/home/alexl/final_ws/install/puzzlebot_aruco_msgs/local/lib/python3.10/dist-packages/puzzlebot_aruco_msgs'...
[0.697s] Listing '/home/alexl/final_ws/install/puzzlebot_aruco_msgs/local/lib/python3.10/dist-packages/puzzlebot_aruco_msgs/msg'...
[0.702s] -- Up-to-date: /home/alexl/final_ws/install/puzzlebot_aruco_msgs/local/lib/python3.10/dist-packages/puzzlebot_aruco_msgs/puzzlebot_aruco_msgs_s__rosidl_typesupport_fastrtps_c.cpython-310-x86_64-linux-gnu.so
[0.702s] -- Up-to-date: /home/alexl/final_ws/install/puzzlebot_aruco_msgs/local/lib/python3.10/dist-packages/puzzlebot_aruco_msgs/puzzlebot_aruco_msgs_s__rosidl_typesupport_introspection_c.cpython-310-x86_64-linux-gnu.so
[0.703s] -- Up-to-date: /home/alexl/final_ws/install/puzzlebot_aruco_msgs/local/lib/python3.10/dist-packages/puzzlebot_aruco_msgs/puzzlebot_aruco_msgs_s__rosidl_typesupport_c.cpython-310-x86_64-linux-gnu.so
[0.703s] -- Up-to-date: /home/alexl/final_ws/install/puzzlebot_aruco_msgs/lib/libpuzzlebot_aruco_msgs__rosidl_generator_py.so
[0.704s] -- Up-to-date: /home/alexl/final_ws/install/puzzlebot_aruco_msgs/share/puzzlebot_aruco_msgs/msg/ArucoObservation.idl
[0.704s] -- Up-to-date: /home/alexl/final_ws/install/puzzlebot_aruco_msgs/share/puzzlebot_aruco_msgs/msg/ArucoObservation.msg
[0.704s] -- Up-to-date: /home/alexl/final_ws/install/puzzlebot_aruco_msgs/share/ament_index/resource_index/package_run_dependencies/puzzlebot_aruco_msgs
[0.704s] -- Up-to-date: /home/alexl/final_ws/install/puzzlebot_aruco_msgs/share/ament_index/resource_index/parent_prefix_path/puzzlebot_aruco_msgs
[0.704s] -- Up-to-date: /home/alexl/final_ws/install/puzzlebot_aruco_msgs/share/puzzlebot_aruco_msgs/environment/ament_prefix_path.sh
[0.704s] -- Up-to-date: /home/alexl/final_ws/install/puzzlebot_aruco_msgs/share/puzzlebot_aruco_msgs/environment/ament_prefix_path.dsv
[0.704s] -- Up-to-date: /home/alexl/final_ws/install/puzzlebot_aruco_msgs/share/puzzlebot_aruco_msgs/environment/path.sh
[0.704s] -- Up-to-date: /home/alexl/final_ws/install/puzzlebot_aruco_msgs/share/puzzlebot_aruco_msgs/environment/path.dsv
[0.704s] -- Up-to-date: /home/alexl/final_ws/install/puzzlebot_aruco_msgs/share/puzzlebot_aruco_msgs/local_setup.bash
[0.704s] -- Up-to-date: /home/alexl/final_ws/install/puzzlebot_aruco_msgs/share/puzzlebot_aruco_msgs/local_setup.sh
[0.704s] -- Up-to-date: /home/alexl/final_ws/install/puzzlebot_aruco_msgs/share/puzzlebot_aruco_msgs/local_setup.zsh
[0.704s] -- Up-to-date: /home/alexl/final_ws/install/puzzlebot_aruco_msgs/share/puzzlebot_aruco_msgs/local_setup.dsv
[0.704s] -- Installing: /home/alexl/final_ws/install/puzzlebot_aruco_msgs/share/puzzlebot_aruco_msgs/package.dsv
[0.704s] -- Up-to-date: /home/alexl/final_ws/install/puzzlebot_aruco_msgs/share/ament_index/resource_index/packages/puzzlebot_aruco_msgs
[0.705s] -- Up-to-date: /home/alexl/final_ws/install/puzzlebot_aruco_msgs/share/puzzlebot_aruco_msgs/cmake/export_puzzlebot_aruco_msgs__rosidl_generator_cExport.cmake
[0.705s] -- Up-to-date: /home/alexl/final_ws/install/puzzlebot_aruco_msgs/share/puzzlebot_aruco_msgs/cmake/export_puzzlebot_aruco_msgs__rosidl_generator_cExport-noconfig.cmake
[0.705s] -- Up-to-date: /home/alexl/final_ws/install/puzzlebot_aruco_msgs/share/puzzlebot_aruco_msgs/cmake/export_puzzlebot_aruco_msgs__rosidl_typesupport_fastrtps_cExport.cmake
[0.705s] -- Up-to-date: /home/alexl/final_ws/install/puzzlebot_aruco_msgs/share/puzzlebot_aruco_msgs/cmake/export_puzzlebot_aruco_msgs__rosidl_typesupport_fastrtps_cExport-noconfig.cmake
[0.705s] -- Up-to-date: /home/alexl/final_ws/install/puzzlebot_aruco_msgs/share/puzzlebot_aruco_msgs/cmake/export_puzzlebot_aruco_msgs__rosidl_generator_cppExport.cmake
[0.706s] -- Up-to-date: /home/alexl/final_ws/install/puzzlebot_aruco_msgs/share/puzzlebot_aruco_msgs/cmake/export_puzzlebot_aruco_msgs__rosidl_typesupport_fastrtps_cppExport.cmake
[0.706s] -- Up-to-date: /home/alexl/final_ws/install/puzzlebot_aruco_msgs/share/puzzlebot_aruco_msgs/cmake/export_puzzlebot_aruco_msgs__rosidl_typesupport_fastrtps_cppExport-noconfig.cmake
[0.706s] -- Up-to-date: /home/alexl/final_ws/install/puzzlebot_aruco_msgs/share/puzzlebot_aruco_msgs/cmake/puzzlebot_aruco_msgs__rosidl_typesupport_introspection_cExport.cmake
[0.706s] -- Up-to-date: /home/alexl/final_ws/install/puzzlebot_aruco_msgs/share/puzzlebot_aruco_msgs/cmake/puzzlebot_aruco_msgs__rosidl_typesupport_introspection_cExport-noconfig.cmake
[0.706s] -- Up-to-date: /home/alexl/final_ws/install/puzzlebot_aruco_msgs/share/puzzlebot_aruco_msgs/cmake/puzzlebot_aruco_msgs__rosidl_typesupport_cExport.cmake
[0.707s] -- Up-to-date: /home/alexl/final_ws/install/puzzlebot_aruco_msgs/share/puzzlebot_aruco_msgs/cmake/puzzlebot_aruco_msgs__rosidl_typesupport_cExport-noconfig.cmake
[0.707s] -- Up-to-date: /home/alexl/final_ws/install/puzzlebot_aruco_msgs/share/puzzlebot_aruco_msgs/cmake/puzzlebot_aruco_msgs__rosidl_typesupport_introspection_cppExport.cmake
[0.707s] -- Up-to-date: /home/alexl/final_ws/install/puzzlebot_aruco_msgs/share/puzzlebot_aruco_msgs/cmake/puzzlebot_aruco_msgs__rosidl_typesupport_introspection_cppExport-noconfig.cmake
[0.707s] -- Up-to-date: /home/alexl/final_ws/install/puzzlebot_aruco_msgs/share/puzzlebot_aruco_msgs/cmake/puzzlebot_aruco_msgs__rosidl_typesupport_cppExport.cmake
[0.707s] -- Up-to-date: /home/alexl/final_ws/install/puzzlebot_aruco_msgs/share/puzzlebot_aruco_msgs/cmake/puzzlebot_aruco_msgs__rosidl_typesupport_cppExport-noconfig.cmake
[0.708s] -- Up-to-date: /home/alexl/final_ws/install/puzzlebot_aruco_msgs/share/puzzlebot_aruco_msgs/cmake/export_puzzlebot_aruco_msgs__rosidl_generator_pyExport.cmake
[0.708s] -- Up-to-date: /home/alexl/final_ws/install/puzzlebot_aruco_msgs/share/puzzlebot_aruco_msgs/cmake/export_puzzlebot_aruco_msgs__rosidl_generator_pyExport-noconfig.cmake
[0.708s] -- Up-to-date: /home/alexl/final_ws/install/puzzlebot_aruco_msgs/share/puzzlebot_aruco_msgs/cmake/rosidl_cmake-extras.cmake
[0.708s] -- Up-to-date: /home/alexl/final_ws/install/puzzlebot_aruco_msgs/share/puzzlebot_aruco_msgs/cmake/ament_cmake_export_include_directories-extras.cmake
[0.708s] -- Up-to-date: /home/alexl/final_ws/install/puzzlebot_aruco_msgs/share/puzzlebot_aruco_msgs/cmake/ament_cmake_export_libraries-extras.cmake
[0.708s] -- Up-to-date: /home/alexl/final_ws/install/puzzlebot_aruco_msgs/share/puzzlebot_aruco_msgs/cmake/ament_cmake_export_targets-extras.cmake
[0.708s] -- Up-to-date: /home/alexl/final_ws/install/puzzlebot_aruco_msgs/share/puzzlebot_aruco_msgs/cmake/rosidl_cmake_export_typesupport_targets-extras.cmake
[0.708s] -- Up-to-date: /home/alexl/final_ws/install/puzzlebot_aruco_msgs/share/puzzlebot_aruco_msgs/cmake/ament_cmake_export_dependencies-extras.cmake
[0.708s] -- Up-to-date: /home/alexl/final_ws/install/puzzlebot_aruco_msgs/share/puzzlebot_aruco_msgs/cmake/rosidl_cmake_export_typesupport_libraries-extras.cmake
[0.708s] -- Up-to-date: /home/alexl/final_ws/install/puzzlebot_aruco_msgs/share/puzzlebot_aruco_msgs/cmake/puzzlebot_aruco_msgsConfig.cmake
[0.708s] -- Up-to-date: /home/alexl/final_ws/install/puzzlebot_aruco_msgs/share/puzzlebot_aruco_msgs/cmake/puzzlebot_aruco_msgsConfig-version.cmake
[0.708s] -- Up-to-date: /home/alexl/final_ws/install/puzzlebot_aruco_msgs/share/puzzlebot_aruco_msgs/package.xml
[0.711s] Invoked command in '/home/alexl/final_ws/build/puzzlebot_aruco_msgs' returned '0': CMAKE_PREFIX_PATH=${CMAKE_PREFIX_PATH}:/home/alexl/final_ws/install/puzzlebot:/home/alexl/ros2_ws/install/tf_examples:/home/alexl/ros2_ws/install/puzzlebot_sim:/home/alexl/ros2_ws/install/puzzlebot_gazebo:/home/alexl/ros2_ws/install/puzzlebot_description:/home/alexl/ros2_ws/install/puzzle_drone:/home/alexl/ros2_ws/install/motor_control:/home/alexl/ros2_ws/install/mobile_robotics:/home/alexl/ros2_ws/install/challenge:/home/alexl/TE3003B/install/puzzlebot:/home/alexl/ros2_ws/src/mobile_robotics/install/mobile_robotics:/opt/ros/humble /usr/bin/cmake --install /home/alexl/final_ws/build/puzzlebot_aruco_msgs
