[0.639s] Invoking command in '/home/alexl/final_ws/build/puzzlebot_aruco_msgs': CMAKE_PREFIX_PATH=${CMAKE_PREFIX_PATH}:/home/alexl/final_ws/install/puzzlebot:/home/alexl/ros2_ws/install/tf_examples:/home/alexl/ros2_ws/install/puzzlebot_sim:/home/alexl/ros2_ws/install/puzzlebot_gazebo:/home/alexl/ros2_ws/install/puzzlebot_description:/home/alexl/ros2_ws/install/puzzle_drone:/home/alexl/ros2_ws/install/motor_control:/home/alexl/ros2_ws/install/mobile_robotics:/home/alexl/ros2_ws/install/challenge:/home/alexl/TE3003B/install/puzzlebot:/home/alexl/ros2_ws/src/mobile_robotics/install/mobile_robotics:/opt/ros/humble /usr/bin/cmake --build /home/alexl/final_ws/build/puzzlebot_aruco_msgs -- -j12 -l12
[1.019s] [  9%] Built target puzzlebot_aruco_msgs__rosidl_generator_c
[1.140s] [  9%] Built target ament_cmake_python_copy_puzzlebot_aruco_msgs
[1.212s] [ 19%] Built target puzzlebot_aruco_msgs__rosidl_typesupport_c
[1.793s] running egg_info
[1.794s] writing puzzlebot_aruco_msgs.egg-info/PKG-INFO
[1.795s] writing dependency_links to puzzlebot_aruco_msgs.egg-info/dependency_links.txt
[1.795s] writing top-level names to puzzlebot_aruco_msgs.egg-info/top_level.txt
[1.804s] reading manifest file 'puzzlebot_aruco_msgs.egg-info/SOURCES.txt'
[1.805s] writing manifest file 'puzzlebot_aruco_msgs.egg-info/SOURCES.txt'
[1.891s] [ 19%] Built target ament_cmake_python_build_puzzlebot_aruco_msgs_egg
[1.950s] [ 29%] Built target puzzlebot_aruco_msgs__rosidl_typesupport_introspection_c
[2.016s] [ 38%] Built target puzzlebot_aruco_msgs__rosidl_typesupport_fastrtps_c
[2.069s] [ 41%] Built target puzzlebot_aruco_msgs__cpp
[2.159s] [ 51%] Built target puzzlebot_aruco_msgs__rosidl_typesupport_fastrtps_cpp
[2.269s] [ 61%] Built target puzzlebot_aruco_msgs__rosidl_typesupport_cpp
[2.329s] [ 70%] Built target puzzlebot_aruco_msgs__rosidl_typesupport_introspection_cpp
[2.387s] [ 70%] Built target puzzlebot_aruco_msgs
[2.432s] [ 74%] Built target puzzlebot_aruco_msgs__py
[2.505s] [ 80%] Built target puzzlebot_aruco_msgs__rosidl_generator_py
[2.564s] [ 87%] Built target puzzlebot_aruco_msgs__rosidl_typesupport_fastrtps_c__pyext
[2.614s] [ 93%] Built target puzzlebot_aruco_msgs__rosidl_typesupport_c__pyext
[2.674s] [100%] Built target puzzlebot_aruco_msgs__rosidl_typesupport_introspection_c__pyext
[2.705s] Invoked command in '/home/alexl/final_ws/build/puzzlebot_aruco_msgs' returned '0': CMAKE_PREFIX_PATH=${CMAKE_PREFIX_PATH}:/home/alexl/final_ws/install/puzzlebot:/home/alexl/ros2_ws/install/tf_examples:/home/alexl/ros2_ws/install/puzzlebot_sim:/home/alexl/ros2_ws/install/puzzlebot_gazebo:/home/alexl/ros2_ws/install/puzzlebot_description:/home/alexl/ros2_ws/install/puzzle_drone:/home/alexl/ros2_ws/install/motor_control:/home/alexl/ros2_ws/install/mobile_robotics:/home/alexl/ros2_ws/install/challenge:/home/alexl/TE3003B/install/puzzlebot:/home/alexl/ros2_ws/src/mobile_robotics/install/mobile_robotics:/opt/ros/humble /usr/bin/cmake --build /home/alexl/final_ws/build/puzzlebot_aruco_msgs -- -j12 -l12
[2.729s] Invoking command in '/home/alexl/final_ws/build/puzzlebot_aruco_msgs': CMAKE_PREFIX_PATH=${CMAKE_PREFIX_PATH}:/home/alexl/final_ws/install/puzzlebot:/home/alexl/ros2_ws/install/tf_examples:/home/alexl/ros2_ws/install/puzzlebot_sim:/home/alexl/ros2_ws/install/puzzlebot_gazebo:/home/alexl/ros2_ws/install/puzzlebot_description:/home/alexl/ros2_ws/install/puzzle_drone:/home/alexl/ros2_ws/install/motor_control:/home/alexl/ros2_ws/install/mobile_robotics:/home/alexl/ros2_ws/install/challenge:/home/alexl/TE3003B/install/puzzlebot:/home/alexl/ros2_ws/src/mobile_robotics/install/mobile_robotics:/opt/ros/humble /usr/bin/cmake --install /home/alexl/final_ws/build/puzzlebot_aruco_msgs
[2.748s] -- Install configuration: ""
[2.749s] -- Up-to-date: /home/alexl/final_ws/install/puzzlebot_aruco_msgs/share/ament_index/resource_index/rosidl_interfaces/puzzlebot_aruco_msgs
[2.750s] -- Up-to-date: /home/alexl/final_ws/install/puzzlebot_aruco_msgs/include/puzzlebot_aruco_msgs/puzzlebot_aruco_msgs
[2.750s] -- Up-to-date: /home/alexl/final_ws/install/puzzlebot_aruco_msgs/include/puzzlebot_aruco_msgs/puzzlebot_aruco_msgs/msg
[2.750s] -- Up-to-date: /home/alexl/final_ws/install/puzzlebot_aruco_msgs/include/puzzlebot_aruco_msgs/puzzlebot_aruco_msgs/msg/aruco_observation.h
[2.750s] -- Up-to-date: /home/alexl/final_ws/install/puzzlebot_aruco_msgs/include/puzzlebot_aruco_msgs/puzzlebot_aruco_msgs/msg/detail
[2.751s] -- Up-to-date: /home/alexl/final_ws/install/puzzlebot_aruco_msgs/include/puzzlebot_aruco_msgs/puzzlebot_aruco_msgs/msg/detail/aruco_observation__struct.h
[2.751s] -- Up-to-date: /home/alexl/final_ws/install/puzzlebot_aruco_msgs/include/puzzlebot_aruco_msgs/puzzlebot_aruco_msgs/msg/detail/aruco_observation__functions.h
[2.751s] -- Up-to-date: /home/alexl/final_ws/install/puzzlebot_aruco_msgs/include/puzzlebot_aruco_msgs/puzzlebot_aruco_msgs/msg/detail/aruco_observation__functions.c
[2.751s] -- Up-to-date: /home/alexl/final_ws/install/puzzlebot_aruco_msgs/include/puzzlebot_aruco_msgs/puzzlebot_aruco_msgs/msg/detail/aruco_observation__type_support.h
[2.751s] -- Up-to-date: /home/alexl/final_ws/install/puzzlebot_aruco_msgs/include/puzzlebot_aruco_msgs/puzzlebot_aruco_msgs/msg/rosidl_generator_c__visibility_control.h
[2.753s] -- Up-to-date: /home/alexl/final_ws/install/puzzlebot_aruco_msgs/share/puzzlebot_aruco_msgs/environment/library_path.sh
[2.753s] -- Up-to-date: /home/alexl/final_ws/install/puzzlebot_aruco_msgs/share/puzzlebot_aruco_msgs/environment/library_path.dsv
[2.754s] -- Up-to-date: /home/alexl/final_ws/install/puzzlebot_aruco_msgs/lib/libpuzzlebot_aruco_msgs__rosidl_generator_c.so
[2.754s] -- Up-to-date: /home/alexl/final_ws/install/puzzlebot_aruco_msgs/include/puzzlebot_aruco_msgs/puzzlebot_aruco_msgs
[2.754s] -- Up-to-date: /home/alexl/final_ws/install/puzzlebot_aruco_msgs/include/puzzlebot_aruco_msgs/puzzlebot_aruco_msgs/msg
[2.755s] -- Up-to-date: /home/alexl/final_ws/install/puzzlebot_aruco_msgs/include/puzzlebot_aruco_msgs/puzzlebot_aruco_msgs/msg/rosidl_typesupport_fastrtps_c__visibility_control.h
[2.755s] -- Up-to-date: /home/alexl/final_ws/install/puzzlebot_aruco_msgs/include/puzzlebot_aruco_msgs/puzzlebot_aruco_msgs/msg/detail
[2.755s] -- Up-to-date: /home/alexl/final_ws/install/puzzlebot_aruco_msgs/include/puzzlebot_aruco_msgs/puzzlebot_aruco_msgs/msg/detail/aruco_observation__rosidl_typesupport_fastrtps_c.h
[2.756s] -- Up-to-date: /home/alexl/final_ws/install/puzzlebot_aruco_msgs/lib/libpuzzlebot_aruco_msgs__rosidl_typesupport_fastrtps_c.so
[2.757s] -- Up-to-date: /home/alexl/final_ws/install/puzzlebot_aruco_msgs/include/puzzlebot_aruco_msgs/puzzlebot_aruco_msgs
[2.757s] -- Up-to-date: /home/alexl/final_ws/install/puzzlebot_aruco_msgs/include/puzzlebot_aruco_msgs/puzzlebot_aruco_msgs/msg
[2.757s] -- Up-to-date: /home/alexl/final_ws/install/puzzlebot_aruco_msgs/include/puzzlebot_aruco_msgs/puzzlebot_aruco_msgs/msg/aruco_observation.hpp
[2.757s] -- Up-to-date: /home/alexl/final_ws/install/puzzlebot_aruco_msgs/include/puzzlebot_aruco_msgs/puzzlebot_aruco_msgs/msg/rosidl_generator_cpp__visibility_control.hpp
[2.757s] -- Up-to-date: /home/alexl/final_ws/install/puzzlebot_aruco_msgs/include/puzzlebot_aruco_msgs/puzzlebot_aruco_msgs/msg/detail
[2.757s] -- Up-to-date: /home/alexl/final_ws/install/puzzlebot_aruco_msgs/include/puzzlebot_aruco_msgs/puzzlebot_aruco_msgs/msg/detail/aruco_observation__type_support.hpp
[2.757s] -- Up-to-date: /home/alexl/final_ws/install/puzzlebot_aruco_msgs/include/puzzlebot_aruco_msgs/puzzlebot_aruco_msgs/msg/detail/aruco_observation__traits.hpp
[2.757s] -- Up-to-date: /home/alexl/final_ws/install/puzzlebot_aruco_msgs/include/puzzlebot_aruco_msgs/puzzlebot_aruco_msgs/msg/detail/aruco_observation__struct.hpp
[2.757s] -- Up-to-date: /home/alexl/final_ws/install/puzzlebot_aruco_msgs/include/puzzlebot_aruco_msgs/puzzlebot_aruco_msgs/msg/detail/aruco_observation__builder.hpp
[2.757s] -- Up-to-date: /home/alexl/final_ws/install/puzzlebot_aruco_msgs/include/puzzlebot_aruco_msgs/puzzlebot_aruco_msgs
[2.757s] -- Up-to-date: /home/alexl/final_ws/install/puzzlebot_aruco_msgs/include/puzzlebot_aruco_msgs/puzzlebot_aruco_msgs/msg
[2.758s] -- Up-to-date: /home/alexl/final_ws/install/puzzlebot_aruco_msgs/include/puzzlebot_aruco_msgs/puzzlebot_aruco_msgs/msg/rosidl_typesupport_fastrtps_cpp__visibility_control.h
[2.758s] -- Up-to-date: /home/alexl/final_ws/install/puzzlebot_aruco_msgs/include/puzzlebot_aruco_msgs/puzzlebot_aruco_msgs/msg/detail
[2.758s] -- Up-to-date: /home/alexl/final_ws/install/puzzlebot_aruco_msgs/include/puzzlebot_aruco_msgs/puzzlebot_aruco_msgs/msg/detail/dds_fastrtps
[2.758s] -- Up-to-date: /home/alexl/final_ws/install/puzzlebot_aruco_msgs/include/puzzlebot_aruco_msgs/puzzlebot_aruco_msgs/msg/detail/aruco_observation__rosidl_typesupport_fastrtps_cpp.hpp
[2.758s] -- Up-to-date: /home/alexl/final_ws/install/puzzlebot_aruco_msgs/lib/libpuzzlebot_aruco_msgs__rosidl_typesupport_fastrtps_cpp.so
[2.759s] -- Up-to-date: /home/alexl/final_ws/install/puzzlebot_aruco_msgs/include/puzzlebot_aruco_msgs/puzzlebot_aruco_msgs
[2.759s] -- Up-to-date: /home/alexl/final_ws/install/puzzlebot_aruco_msgs/include/puzzlebot_aruco_msgs/puzzlebot_aruco_msgs/msg
[2.759s] -- Up-to-date: /home/alexl/final_ws/install/puzzlebot_aruco_msgs/include/puzzlebot_aruco_msgs/puzzlebot_aruco_msgs/msg/rosidl_typesupport_introspection_c__visibility_control.h
[2.759s] -- Up-to-date: /home/alexl/final_ws/install/puzzlebot_aruco_msgs/include/puzzlebot_aruco_msgs/puzzlebot_aruco_msgs/msg/detail
[2.759s] -- Up-to-date: /home/alexl/final_ws/install/puzzlebot_aruco_msgs/include/puzzlebot_aruco_msgs/puzzlebot_aruco_msgs/msg/detail/aruco_observation__rosidl_typesupport_introspection_c.h
[2.759s] -- Up-to-date: /home/alexl/final_ws/install/puzzlebot_aruco_msgs/include/puzzlebot_aruco_msgs/puzzlebot_aruco_msgs/msg/detail/aruco_observation__type_support.c
[2.761s] -- Up-to-date: /home/alexl/final_ws/install/puzzlebot_aruco_msgs/lib/libpuzzlebot_aruco_msgs__rosidl_typesupport_introspection_c.so
[2.763s] -- Up-to-date: /home/alexl/final_ws/install/puzzlebot_aruco_msgs/lib/libpuzzlebot_aruco_msgs__rosidl_typesupport_c.so
[2.763s] -- Up-to-date: /home/alexl/final_ws/install/puzzlebot_aruco_msgs/include/puzzlebot_aruco_msgs/puzzlebot_aruco_msgs
[2.763s] -- Up-to-date: /home/alexl/final_ws/install/puzzlebot_aruco_msgs/include/puzzlebot_aruco_msgs/puzzlebot_aruco_msgs/msg
[2.763s] -- Up-to-date: /home/alexl/final_ws/install/puzzlebot_aruco_msgs/include/puzzlebot_aruco_msgs/puzzlebot_aruco_msgs/msg/detail
[2.763s] -- Up-to-date: /home/alexl/final_ws/install/puzzlebot_aruco_msgs/include/puzzlebot_aruco_msgs/puzzlebot_aruco_msgs/msg/detail/aruco_observation__rosidl_typesupport_introspection_cpp.hpp
[2.764s] -- Up-to-date: /home/alexl/final_ws/install/puzzlebot_aruco_msgs/include/puzzlebot_aruco_msgs/puzzlebot_aruco_msgs/msg/detail/aruco_observation__type_support.cpp
[2.765s] -- Up-to-date: /home/alexl/final_ws/install/puzzlebot_aruco_msgs/lib/libpuzzlebot_aruco_msgs__rosidl_typesupport_introspection_cpp.so
[2.765s] -- Up-to-date: /home/alexl/final_ws/install/puzzlebot_aruco_msgs/lib/libpuzzlebot_aruco_msgs__rosidl_typesupport_cpp.so
[2.766s] -- Up-to-date: /home/alexl/final_ws/install/puzzlebot_aruco_msgs/share/puzzlebot_aruco_msgs/environment/pythonpath.sh
[2.766s] -- Up-to-date: /home/alexl/final_ws/install/puzzlebot_aruco_msgs/share/puzzlebot_aruco_msgs/environment/pythonpath.dsv
[2.766s] -- Up-to-date: /home/alexl/final_ws/install/puzzlebot_aruco_msgs/local/lib/python3.10/dist-packages/puzzlebot_aruco_msgs-0.0.0-py3.10.egg-info
[2.766s] -- Installing: /home/alexl/final_ws/install/puzzlebot_aruco_msgs/local/lib/python3.10/dist-packages/puzzlebot_aruco_msgs-0.0.0-py3.10.egg-info/SOURCES.txt
[2.766s] -- Installing: /home/alexl/final_ws/install/puzzlebot_aruco_msgs/local/lib/python3.10/dist-packages/puzzlebot_aruco_msgs-0.0.0-py3.10.egg-info/top_level.txt
[2.767s] -- Installing: /home/alexl/final_ws/install/puzzlebot_aruco_msgs/local/lib/python3.10/dist-packages/puzzlebot_aruco_msgs-0.0.0-py3.10.egg-info/dependency_links.txt
[2.767s] -- Installing: /home/alexl/final_ws/install/puzzlebot_aruco_msgs/local/lib/python3.10/dist-packages/puzzlebot_aruco_msgs-0.0.0-py3.10.egg-info/PKG-INFO
[2.767s] -- Up-to-date: /home/alexl/final_ws/install/puzzlebot_aruco_msgs/local/lib/python3.10/dist-packages/puzzlebot_aruco_msgs
[2.768s] -- Up-to-date: /home/alexl/final_ws/install/puzzlebot_aruco_msgs/local/lib/python3.10/dist-packages/puzzlebot_aruco_msgs/_puzzlebot_aruco_msgs_s.ep.rosidl_typesupport_c.c
[2.768s] -- Up-to-date: /home/alexl/final_ws/install/puzzlebot_aruco_msgs/local/lib/python3.10/dist-packages/puzzlebot_aruco_msgs/_puzzlebot_aruco_msgs_s.ep.rosidl_typesupport_introspection_c.c
[2.768s] -- Up-to-date: /home/alexl/final_ws/install/puzzlebot_aruco_msgs/local/lib/python3.10/dist-packages/puzzlebot_aruco_msgs/__init__.py
[2.769s] -- Up-to-date: /home/alexl/final_ws/install/puzzlebot_aruco_msgs/local/lib/python3.10/dist-packages/puzzlebot_aruco_msgs/libpuzzlebot_aruco_msgs__rosidl_generator_py.so
[2.769s] -- Up-to-date: /home/alexl/final_ws/install/puzzlebot_aruco_msgs/local/lib/python3.10/dist-packages/puzzlebot_aruco_msgs/msg
[2.769s] -- Up-to-date: /home/alexl/final_ws/install/puzzlebot_aruco_msgs/local/lib/python3.10/dist-packages/puzzlebot_aruco_msgs/msg/_aruco_observation.py
[2.769s] -- Up-to-date: /home/alexl/final_ws/install/puzzlebot_aruco_msgs/local/lib/python3.10/dist-packages/puzzlebot_aruco_msgs/msg/__init__.py
[2.769s] -- Up-to-date: /home/alexl/final_ws/install/puzzlebot_aruco_msgs/local/lib/python3.10/dist-packages/puzzlebot_aruco_msgs/msg/_aruco_observation_s.c
[2.770s] -- Up-to-date: /home/alexl/final_ws/install/puzzlebot_aruco_msgs/local/lib/python3.10/dist-packages/puzzlebot_aruco_msgs/puzzlebot_aruco_msgs_s__rosidl_typesupport_introspection_c.cpython-310-x86_64-linux-gnu.so
[2.770s] -- Up-to-date: /home/alexl/final_ws/install/puzzlebot_aruco_msgs/local/lib/python3.10/dist-packages/puzzlebot_aruco_msgs/_puzzlebot_aruco_msgs_s.ep.rosidl_typesupport_fastrtps_c.c
[2.770s] -- Up-to-date: /home/alexl/final_ws/install/puzzlebot_aruco_msgs/local/lib/python3.10/dist-packages/puzzlebot_aruco_msgs/puzzlebot_aruco_msgs_s__rosidl_typesupport_c.cpython-310-x86_64-linux-gnu.so
[2.770s] -- Up-to-date: /home/alexl/final_ws/install/puzzlebot_aruco_msgs/local/lib/python3.10/dist-packages/puzzlebot_aruco_msgs/puzzlebot_aruco_msgs_s__rosidl_typesupport_fastrtps_c.cpython-310-x86_64-linux-gnu.so
[2.957s] Listing '/home/alexl/final_ws/install/puzzlebot_aruco_msgs/local/lib/python3.10/dist-packages/puzzlebot_aruco_msgs'...
[2.958s] Listing '/home/alexl/final_ws/install/puzzlebot_aruco_msgs/local/lib/python3.10/dist-packages/puzzlebot_aruco_msgs/msg'...
[2.988s] -- Up-to-date: /home/alexl/final_ws/install/puzzlebot_aruco_msgs/local/lib/python3.10/dist-packages/puzzlebot_aruco_msgs/puzzlebot_aruco_msgs_s__rosidl_typesupport_fastrtps_c.cpython-310-x86_64-linux-gnu.so
[2.989s] -- Up-to-date: /home/alexl/final_ws/install/puzzlebot_aruco_msgs/local/lib/python3.10/dist-packages/puzzlebot_aruco_msgs/puzzlebot_aruco_msgs_s__rosidl_typesupport_introspection_c.cpython-310-x86_64-linux-gnu.so
[2.991s] -- Up-to-date: /home/alexl/final_ws/install/puzzlebot_aruco_msgs/local/lib/python3.10/dist-packages/puzzlebot_aruco_msgs/puzzlebot_aruco_msgs_s__rosidl_typesupport_c.cpython-310-x86_64-linux-gnu.so
[2.994s] -- Up-to-date: /home/alexl/final_ws/install/puzzlebot_aruco_msgs/lib/libpuzzlebot_aruco_msgs__rosidl_generator_py.so
[2.994s] -- Up-to-date: /home/alexl/final_ws/install/puzzlebot_aruco_msgs/share/puzzlebot_aruco_msgs/msg/ArucoObservation.idl
[2.994s] -- Up-to-date: /home/alexl/final_ws/install/puzzlebot_aruco_msgs/share/puzzlebot_aruco_msgs/msg/ArucoObservation.msg
[2.995s] -- Up-to-date: /home/alexl/final_ws/install/puzzlebot_aruco_msgs/share/ament_index/resource_index/package_run_dependencies/puzzlebot_aruco_msgs
[2.995s] -- Up-to-date: /home/alexl/final_ws/install/puzzlebot_aruco_msgs/share/ament_index/resource_index/parent_prefix_path/puzzlebot_aruco_msgs
[2.995s] -- Up-to-date: /home/alexl/final_ws/install/puzzlebot_aruco_msgs/share/puzzlebot_aruco_msgs/environment/ament_prefix_path.sh
[2.995s] -- Up-to-date: /home/alexl/final_ws/install/puzzlebot_aruco_msgs/share/puzzlebot_aruco_msgs/environment/ament_prefix_path.dsv
[2.995s] -- Up-to-date: /home/alexl/final_ws/install/puzzlebot_aruco_msgs/share/puzzlebot_aruco_msgs/environment/path.sh
[2.995s] -- Up-to-date: /home/alexl/final_ws/install/puzzlebot_aruco_msgs/share/puzzlebot_aruco_msgs/environment/path.dsv
[2.995s] -- Up-to-date: /home/alexl/final_ws/install/puzzlebot_aruco_msgs/share/puzzlebot_aruco_msgs/local_setup.bash
[2.995s] -- Up-to-date: /home/alexl/final_ws/install/puzzlebot_aruco_msgs/share/puzzlebot_aruco_msgs/local_setup.sh
[2.995s] -- Up-to-date: /home/alexl/final_ws/install/puzzlebot_aruco_msgs/share/puzzlebot_aruco_msgs/local_setup.zsh
[2.996s] -- Up-to-date: /home/alexl/final_ws/install/puzzlebot_aruco_msgs/share/puzzlebot_aruco_msgs/local_setup.dsv
[2.996s] -- Installing: /home/alexl/final_ws/install/puzzlebot_aruco_msgs/share/puzzlebot_aruco_msgs/package.dsv
[2.998s] -- Up-to-date: /home/alexl/final_ws/install/puzzlebot_aruco_msgs/share/ament_index/resource_index/packages/puzzlebot_aruco_msgs
[3.000s] -- Up-to-date: /home/alexl/final_ws/install/puzzlebot_aruco_msgs/share/puzzlebot_aruco_msgs/cmake/export_puzzlebot_aruco_msgs__rosidl_generator_cExport.cmake
[3.000s] -- Up-to-date: /home/alexl/final_ws/install/puzzlebot_aruco_msgs/share/puzzlebot_aruco_msgs/cmake/export_puzzlebot_aruco_msgs__rosidl_generator_cExport-noconfig.cmake
[3.002s] -- Up-to-date: /home/alexl/final_ws/install/puzzlebot_aruco_msgs/share/puzzlebot_aruco_msgs/cmake/export_puzzlebot_aruco_msgs__rosidl_typesupport_fastrtps_cExport.cmake
[3.003s] -- Up-to-date: /home/alexl/final_ws/install/puzzlebot_aruco_msgs/share/puzzlebot_aruco_msgs/cmake/export_puzzlebot_aruco_msgs__rosidl_typesupport_fastrtps_cExport-noconfig.cmake
[3.003s] -- Up-to-date: /home/alexl/final_ws/install/puzzlebot_aruco_msgs/share/puzzlebot_aruco_msgs/cmake/export_puzzlebot_aruco_msgs__rosidl_generator_cppExport.cmake
[3.003s] -- Up-to-date: /home/alexl/final_ws/install/puzzlebot_aruco_msgs/share/puzzlebot_aruco_msgs/cmake/export_puzzlebot_aruco_msgs__rosidl_typesupport_fastrtps_cppExport.cmake
[3.003s] -- Up-to-date: /home/alexl/final_ws/install/puzzlebot_aruco_msgs/share/puzzlebot_aruco_msgs/cmake/export_puzzlebot_aruco_msgs__rosidl_typesupport_fastrtps_cppExport-noconfig.cmake
[3.004s] -- Up-to-date: /home/alexl/final_ws/install/puzzlebot_aruco_msgs/share/puzzlebot_aruco_msgs/cmake/puzzlebot_aruco_msgs__rosidl_typesupport_introspection_cExport.cmake
[3.004s] -- Up-to-date: /home/alexl/final_ws/install/puzzlebot_aruco_msgs/share/puzzlebot_aruco_msgs/cmake/puzzlebot_aruco_msgs__rosidl_typesupport_introspection_cExport-noconfig.cmake
[3.005s] -- Up-to-date: /home/alexl/final_ws/install/puzzlebot_aruco_msgs/share/puzzlebot_aruco_msgs/cmake/puzzlebot_aruco_msgs__rosidl_typesupport_cExport.cmake
[3.005s] -- Up-to-date: /home/alexl/final_ws/install/puzzlebot_aruco_msgs/share/puzzlebot_aruco_msgs/cmake/puzzlebot_aruco_msgs__rosidl_typesupport_cExport-noconfig.cmake
[3.006s] -- Up-to-date: /home/alexl/final_ws/install/puzzlebot_aruco_msgs/share/puzzlebot_aruco_msgs/cmake/puzzlebot_aruco_msgs__rosidl_typesupport_introspection_cppExport.cmake
[3.007s] -- Up-to-date: /home/alexl/final_ws/install/puzzlebot_aruco_msgs/share/puzzlebot_aruco_msgs/cmake/puzzlebot_aruco_msgs__rosidl_typesupport_introspection_cppExport-noconfig.cmake
[3.007s] -- Up-to-date: /home/alexl/final_ws/install/puzzlebot_aruco_msgs/share/puzzlebot_aruco_msgs/cmake/puzzlebot_aruco_msgs__rosidl_typesupport_cppExport.cmake
[3.007s] -- Up-to-date: /home/alexl/final_ws/install/puzzlebot_aruco_msgs/share/puzzlebot_aruco_msgs/cmake/puzzlebot_aruco_msgs__rosidl_typesupport_cppExport-noconfig.cmake
[3.008s] -- Up-to-date: /home/alexl/final_ws/install/puzzlebot_aruco_msgs/share/puzzlebot_aruco_msgs/cmake/export_puzzlebot_aruco_msgs__rosidl_generator_pyExport.cmake
[3.008s] -- Up-to-date: /home/alexl/final_ws/install/puzzlebot_aruco_msgs/share/puzzlebot_aruco_msgs/cmake/export_puzzlebot_aruco_msgs__rosidl_generator_pyExport-noconfig.cmake
[3.008s] -- Up-to-date: /home/alexl/final_ws/install/puzzlebot_aruco_msgs/share/puzzlebot_aruco_msgs/cmake/rosidl_cmake-extras.cmake
[3.008s] -- Up-to-date: /home/alexl/final_ws/install/puzzlebot_aruco_msgs/share/puzzlebot_aruco_msgs/cmake/ament_cmake_export_include_directories-extras.cmake
[3.008s] -- Up-to-date: /home/alexl/final_ws/install/puzzlebot_aruco_msgs/share/puzzlebot_aruco_msgs/cmake/ament_cmake_export_libraries-extras.cmake
[3.008s] -- Up-to-date: /home/alexl/final_ws/install/puzzlebot_aruco_msgs/share/puzzlebot_aruco_msgs/cmake/ament_cmake_export_targets-extras.cmake
[3.009s] -- Up-to-date: /home/alexl/final_ws/install/puzzlebot_aruco_msgs/share/puzzlebot_aruco_msgs/cmake/rosidl_cmake_export_typesupport_targets-extras.cmake
[3.009s] -- Up-to-date: /home/alexl/final_ws/install/puzzlebot_aruco_msgs/share/puzzlebot_aruco_msgs/cmake/ament_cmake_export_dependencies-extras.cmake
[3.009s] -- Up-to-date: /home/alexl/final_ws/install/puzzlebot_aruco_msgs/share/puzzlebot_aruco_msgs/cmake/rosidl_cmake_export_typesupport_libraries-extras.cmake
[3.009s] -- Up-to-date: /home/alexl/final_ws/install/puzzlebot_aruco_msgs/share/puzzlebot_aruco_msgs/cmake/puzzlebot_aruco_msgsConfig.cmake
[3.009s] -- Up-to-date: /home/alexl/final_ws/install/puzzlebot_aruco_msgs/share/puzzlebot_aruco_msgs/cmake/puzzlebot_aruco_msgsConfig-version.cmake
[3.009s] -- Up-to-date: /home/alexl/final_ws/install/puzzlebot_aruco_msgs/share/puzzlebot_aruco_msgs/package.xml
[3.014s] Invoked command in '/home/alexl/final_ws/build/puzzlebot_aruco_msgs' returned '0': CMAKE_PREFIX_PATH=${CMAKE_PREFIX_PATH}:/home/alexl/final_ws/install/puzzlebot:/home/alexl/ros2_ws/install/tf_examples:/home/alexl/ros2_ws/install/puzzlebot_sim:/home/alexl/ros2_ws/install/puzzlebot_gazebo:/home/alexl/ros2_ws/install/puzzlebot_description:/home/alexl/ros2_ws/install/puzzle_drone:/home/alexl/ros2_ws/install/motor_control:/home/alexl/ros2_ws/install/mobile_robotics:/home/alexl/ros2_ws/install/challenge:/home/alexl/TE3003B/install/puzzlebot:/home/alexl/ros2_ws/src/mobile_robotics/install/mobile_robotics:/opt/ros/humble /usr/bin/cmake --install /home/alexl/final_ws/build/puzzlebot_aruco_msgs
