[2.960s] Invoking command in '/home/ulisess/TE3003B/minichallenges/TE3003B': PYTHONPATH=/home/ulisess/TE3003B/minichallenges/TE3003B/build/puzzlebot/prefix_override:/usr/lib/python3/dist-packages/colcon_core/task/python/colcon_distutils_commands:/home/ulisess/TE3003B/minichallenges/TE3003B/install/puzzlebot/lib/python3.10/site-packages:${PYTHONPATH} /usr/bin/python3 -W ignore:setup.py install is deprecated -W ignore:easy_install command is deprecated setup.py egg_info --egg-base build/puzzlebot build --build-base /home/ulisess/TE3003B/minichallenges/TE3003B/build/puzzlebot/build install --record /home/ulisess/TE3003B/minichallenges/TE3003B/build/puzzlebot/install.log --single-version-externally-managed install_data
[4.093s] running egg_info
[4.096s] writing build/puzzlebot/puzzlebot.egg-info/PKG-INFO
[4.099s] writing dependency_links to build/puzzlebot/puzzlebot.egg-info/dependency_links.txt
[4.100s] writing entry points to build/puzzlebot/puzzlebot.egg-info/entry_points.txt
[4.100s] writing requirements to build/puzzlebot/puzzlebot.egg-info/requires.txt
[4.100s] writing top-level names to build/puzzlebot/puzzlebot.egg-info/top_level.txt
[4.108s] reading manifest file 'build/puzzlebot/puzzlebot.egg-info/SOURCES.txt'
[4.109s] adding license file 'LICENSE'
[4.113s] writing manifest file 'build/puzzlebot/puzzlebot.egg-info/SOURCES.txt'
[4.113s] running build
[4.114s] running build_py
[4.120s] copying puzzlebot/controller.py -> /home/ulisess/TE3003B/minichallenges/TE3003B/build/puzzlebot/build/lib/puzzlebot
[4.122s] running install
[4.123s] running install_lib
[4.127s] copying /home/ulisess/TE3003B/minichallenges/TE3003B/build/puzzlebot/build/lib/puzzlebot/controller.py -> /home/ulisess/TE3003B/minichallenges/TE3003B/install/puzzlebot/lib/python3.10/site-packages/puzzlebot
[4.129s] byte-compiling /home/ulisess/TE3003B/minichallenges/TE3003B/install/puzzlebot/lib/python3.10/site-packages/puzzlebot/controller.py to controller.cpython-310.pyc
[4.135s] running install_data
[4.137s] running install_egg_info
[4.145s] removing '/home/ulisess/TE3003B/minichallenges/TE3003B/install/puzzlebot/lib/python3.10/site-packages/puzzlebot-0.0.0-py3.10.egg-info' (and everything under it)
[4.147s] Copying build/puzzlebot/puzzlebot.egg-info to /home/ulisess/TE3003B/minichallenges/TE3003B/install/puzzlebot/lib/python3.10/site-packages/puzzlebot-0.0.0-py3.10.egg-info
[4.151s] running install_scripts
[4.247s] Installing controller script to /home/ulisess/TE3003B/minichallenges/TE3003B/install/puzzlebot/lib/puzzlebot
[4.249s] Installing joint_state_pub script to /home/ulisess/TE3003B/minichallenges/TE3003B/install/puzzlebot/lib/puzzlebot
[4.250s] Installing localisation script to /home/ulisess/TE3003B/minichallenges/TE3003B/install/puzzlebot/lib/puzzlebot
[4.250s] Installing localisationv2 script to /home/ulisess/TE3003B/minichallenges/TE3003B/install/puzzlebot/lib/puzzlebot
[4.251s] Installing minichallenge1 script to /home/ulisess/TE3003B/minichallenges/TE3003B/install/puzzlebot/lib/puzzlebot
[4.251s] Installing move_forward script to /home/ulisess/TE3003B/minichallenges/TE3003B/install/puzzlebot/lib/puzzlebot
[4.251s] Installing point_stabilisation_control script to /home/ulisess/TE3003B/minichallenges/TE3003B/install/puzzlebot/lib/puzzlebot
[4.253s] Installing puzzlebot_kinematic_model script to /home/ulisess/TE3003B/minichallenges/TE3003B/install/puzzlebot/lib/puzzlebot
[4.253s] writing list of installed files to '/home/ulisess/TE3003B/minichallenges/TE3003B/build/puzzlebot/install.log'
[4.393s] Invoked command in '/home/ulisess/TE3003B/minichallenges/TE3003B' returned '0': PYTHONPATH=/home/ulisess/TE3003B/minichallenges/TE3003B/build/puzzlebot/prefix_override:/usr/lib/python3/dist-packages/colcon_core/task/python/colcon_distutils_commands:/home/ulisess/TE3003B/minichallenges/TE3003B/install/puzzlebot/lib/python3.10/site-packages:${PYTHONPATH} /usr/bin/python3 -W ignore:setup.py install is deprecated -W ignore:easy_install command is deprecated setup.py egg_info --egg-base build/puzzlebot build --build-base /home/ulisess/TE3003B/minichallenges/TE3003B/build/puzzlebot/build install --record /home/ulisess/TE3003B/minichallenges/TE3003B/build/puzzlebot/install.log --single-version-externally-managed install_data
