running egg_info
writing ../../build/puzzlebot/puzzlebot.egg-info/PKG-INFO
writing dependency_links to ../../build/puzzlebot/puzzlebot.egg-info/dependency_links.txt
writing entry points to ../../build/puzzlebot/puzzlebot.egg-info/entry_points.txt
writing requirements to ../../build/puzzlebot/puzzlebot.egg-info/requires.txt
writing top-level names to ../../build/puzzlebot/puzzlebot.egg-info/top_level.txt
reading manifest file '../../build/puzzlebot/puzzlebot.egg-info/SOURCES.txt'
writing manifest file '../../build/puzzlebot/puzzlebot.egg-info/SOURCES.txt'
running build
running build_py
copying puzzlebot/localisation.py -> /home/alexl/final_ws/build/puzzlebot/build/lib/puzzlebot
copying puzzlebot/maths.py -> /home/alexl/final_ws/build/puzzlebot/build/lib/puzzlebot
copying puzzlebot/puzzlebot_kinematic_model.py -> /home/alexl/final_ws/build/puzzlebot/build/lib/puzzlebot
copying puzzlebot/aruco_detection.py -> /home/alexl/final_ws/build/puzzlebot/build/lib/puzzlebot
copying puzzlebot/aruco.py -> /home/alexl/final_ws/build/puzzlebot/build/lib/puzzlebot
copying puzzlebot/bug2.py -> /home/alexl/final_ws/build/puzzlebot/build/lib/puzzlebot
copying puzzlebot/eyes.py -> /home/alexl/final_ws/build/puzzlebot/build/lib/puzzlebot
copying puzzlebot/joint_state_pub.py -> /home/alexl/final_ws/build/puzzlebot/build/lib/puzzlebot
copying puzzlebot/bug0.py -> /home/alexl/final_ws/build/puzzlebot/build/lib/puzzlebot
running install
running install_lib
copying /home/alexl/final_ws/build/puzzlebot/build/lib/puzzlebot/localisation.py -> /home/alexl/final_ws/install/puzzlebot/lib/python3.10/site-packages/puzzlebot
copying /home/alexl/final_ws/build/puzzlebot/build/lib/puzzlebot/maths.py -> /home/alexl/final_ws/install/puzzlebot/lib/python3.10/site-packages/puzzlebot
copying /home/alexl/final_ws/build/puzzlebot/build/lib/puzzlebot/puzzlebot_kinematic_model.py -> /home/alexl/final_ws/install/puzzlebot/lib/python3.10/site-packages/puzzlebot
copying /home/alexl/final_ws/build/puzzlebot/build/lib/puzzlebot/aruco_detection.py -> /home/alexl/final_ws/install/puzzlebot/lib/python3.10/site-packages/puzzlebot
copying /home/alexl/final_ws/build/puzzlebot/build/lib/puzzlebot/aruco.py -> /home/alexl/final_ws/install/puzzlebot/lib/python3.10/site-packages/puzzlebot
copying /home/alexl/final_ws/build/puzzlebot/build/lib/puzzlebot/bug2.py -> /home/alexl/final_ws/install/puzzlebot/lib/python3.10/site-packages/puzzlebot
copying /home/alexl/final_ws/build/puzzlebot/build/lib/puzzlebot/eyes.py -> /home/alexl/final_ws/install/puzzlebot/lib/python3.10/site-packages/puzzlebot
copying /home/alexl/final_ws/build/puzzlebot/build/lib/puzzlebot/joint_state_pub.py -> /home/alexl/final_ws/install/puzzlebot/lib/python3.10/site-packages/puzzlebot
copying /home/alexl/final_ws/build/puzzlebot/build/lib/puzzlebot/bug0.py -> /home/alexl/final_ws/install/puzzlebot/lib/python3.10/site-packages/puzzlebot
byte-compiling /home/alexl/final_ws/install/puzzlebot/lib/python3.10/site-packages/puzzlebot/localisation.py to localisation.cpython-310.pyc
byte-compiling /home/alexl/final_ws/install/puzzlebot/lib/python3.10/site-packages/puzzlebot/maths.py to maths.cpython-310.pyc
byte-compiling /home/alexl/final_ws/install/puzzlebot/lib/python3.10/site-packages/puzzlebot/puzzlebot_kinematic_model.py to puzzlebot_kinematic_model.cpython-310.pyc
byte-compiling /home/alexl/final_ws/install/puzzlebot/lib/python3.10/site-packages/puzzlebot/aruco_detection.py to aruco_detection.cpython-310.pyc
byte-compiling /home/alexl/final_ws/install/puzzlebot/lib/python3.10/site-packages/puzzlebot/aruco.py to aruco.cpython-310.pyc
byte-compiling /home/alexl/final_ws/install/puzzlebot/lib/python3.10/site-packages/puzzlebot/bug2.py to bug2.cpython-310.pyc
byte-compiling /home/alexl/final_ws/install/puzzlebot/lib/python3.10/site-packages/puzzlebot/eyes.py to eyes.cpython-310.pyc
byte-compiling /home/alexl/final_ws/install/puzzlebot/lib/python3.10/site-packages/puzzlebot/joint_state_pub.py to joint_state_pub.cpython-310.pyc
byte-compiling /home/alexl/final_ws/install/puzzlebot/lib/python3.10/site-packages/puzzlebot/bug0.py to bug0.cpython-310.pyc
running install_data
copying package.xml -> /home/alexl/final_ws/install/puzzlebot/share/puzzlebot
running install_egg_info
removing '/home/alexl/final_ws/install/puzzlebot/lib/python3.10/site-packages/puzzlebot-0.0.0-py3.10.egg-info' (and everything under it)
Copying ../../build/puzzlebot/puzzlebot.egg-info to /home/alexl/final_ws/install/puzzlebot/lib/python3.10/site-packages/puzzlebot-0.0.0-py3.10.egg-info
running install_scripts
writing list of installed files to '/home/alexl/final_ws/build/puzzlebot/install.log'
