[0.795s] Invoking command in '/home/alexl/final_ws/src/puzzlebot': PYTHONPATH=/home/alexl/final_ws/build/puzzlebot/prefix_override:/usr/lib/python3/dist-packages/colcon_core/task/python/colcon_distutils_commands:/home/alexl/final_ws/install/puzzlebot/lib/python3.10/site-packages:${PYTHONPATH} /usr/bin/python3 -W ignore:setup.py install is deprecated -W ignore:easy_install command is deprecated setup.py egg_info --egg-base ../../build/puzzlebot build --build-base /home/alexl/final_ws/build/puzzlebot/build install --record /home/alexl/final_ws/build/puzzlebot/install.log --single-version-externally-managed install_data
[1.027s] running egg_info
[1.028s] writing ../../build/puzzlebot/puzzlebot.egg-info/PKG-INFO
[1.028s] writing dependency_links to ../../build/puzzlebot/puzzlebot.egg-info/dependency_links.txt
[1.028s] writing entry points to ../../build/puzzlebot/puzzlebot.egg-info/entry_points.txt
[1.029s] writing requirements to ../../build/puzzlebot/puzzlebot.egg-info/requires.txt
[1.029s] writing top-level names to ../../build/puzzlebot/puzzlebot.egg-info/top_level.txt
[1.031s] reading manifest file '../../build/puzzlebot/puzzlebot.egg-info/SOURCES.txt'
[1.032s] writing manifest file '../../build/puzzlebot/puzzlebot.egg-info/SOURCES.txt'
[1.033s] running build
[1.033s] running build_py
[1.033s] copying puzzlebot/localisation.py -> /home/alexl/final_ws/build/puzzlebot/build/lib/puzzlebot
[1.033s] copying puzzlebot/maths.py -> /home/alexl/final_ws/build/puzzlebot/build/lib/puzzlebot
[1.033s] copying puzzlebot/puzzlebot_kinematic_model.py -> /home/alexl/final_ws/build/puzzlebot/build/lib/puzzlebot
[1.033s] copying puzzlebot/aruco_detection.py -> /home/alexl/final_ws/build/puzzlebot/build/lib/puzzlebot
[1.033s] copying puzzlebot/aruco.py -> /home/alexl/final_ws/build/puzzlebot/build/lib/puzzlebot
[1.034s] copying puzzlebot/bug2.py -> /home/alexl/final_ws/build/puzzlebot/build/lib/puzzlebot
[1.034s] copying puzzlebot/eyes.py -> /home/alexl/final_ws/build/puzzlebot/build/lib/puzzlebot
[1.034s] copying puzzlebot/joint_state_pub.py -> /home/alexl/final_ws/build/puzzlebot/build/lib/puzzlebot
[1.034s] copying puzzlebot/bug0.py -> /home/alexl/final_ws/build/puzzlebot/build/lib/puzzlebot
[1.034s] running install
[1.035s] running install_lib
[1.036s] copying /home/alexl/final_ws/build/puzzlebot/build/lib/puzzlebot/localisation.py -> /home/alexl/final_ws/install/puzzlebot/lib/python3.10/site-packages/puzzlebot
[1.036s] copying /home/alexl/final_ws/build/puzzlebot/build/lib/puzzlebot/maths.py -> /home/alexl/final_ws/install/puzzlebot/lib/python3.10/site-packages/puzzlebot
[1.036s] copying /home/alexl/final_ws/build/puzzlebot/build/lib/puzzlebot/puzzlebot_kinematic_model.py -> /home/alexl/final_ws/install/puzzlebot/lib/python3.10/site-packages/puzzlebot
[1.036s] copying /home/alexl/final_ws/build/puzzlebot/build/lib/puzzlebot/aruco_detection.py -> /home/alexl/final_ws/install/puzzlebot/lib/python3.10/site-packages/puzzlebot
[1.036s] copying /home/alexl/final_ws/build/puzzlebot/build/lib/puzzlebot/aruco.py -> /home/alexl/final_ws/install/puzzlebot/lib/python3.10/site-packages/puzzlebot
[1.036s] copying /home/alexl/final_ws/build/puzzlebot/build/lib/puzzlebot/bug2.py -> /home/alexl/final_ws/install/puzzlebot/lib/python3.10/site-packages/puzzlebot
[1.036s] copying /home/alexl/final_ws/build/puzzlebot/build/lib/puzzlebot/eyes.py -> /home/alexl/final_ws/install/puzzlebot/lib/python3.10/site-packages/puzzlebot
[1.037s] copying /home/alexl/final_ws/build/puzzlebot/build/lib/puzzlebot/joint_state_pub.py -> /home/alexl/final_ws/install/puzzlebot/lib/python3.10/site-packages/puzzlebot
[1.037s] copying /home/alexl/final_ws/build/puzzlebot/build/lib/puzzlebot/bug0.py -> /home/alexl/final_ws/install/puzzlebot/lib/python3.10/site-packages/puzzlebot
[1.037s] byte-compiling /home/alexl/final_ws/install/puzzlebot/lib/python3.10/site-packages/puzzlebot/localisation.py to localisation.cpython-310.pyc
[1.039s] byte-compiling /home/alexl/final_ws/install/puzzlebot/lib/python3.10/site-packages/puzzlebot/maths.py to maths.cpython-310.pyc
[1.039s] byte-compiling /home/alexl/final_ws/install/puzzlebot/lib/python3.10/site-packages/puzzlebot/puzzlebot_kinematic_model.py to puzzlebot_kinematic_model.cpython-310.pyc
[1.040s] byte-compiling /home/alexl/final_ws/install/puzzlebot/lib/python3.10/site-packages/puzzlebot/aruco_detection.py to aruco_detection.cpython-310.pyc
[1.040s] byte-compiling /home/alexl/final_ws/install/puzzlebot/lib/python3.10/site-packages/puzzlebot/aruco.py to aruco.cpython-310.pyc
[1.041s] byte-compiling /home/alexl/final_ws/install/puzzlebot/lib/python3.10/site-packages/puzzlebot/bug2.py to bug2.cpython-310.pyc
[1.043s] byte-compiling /home/alexl/final_ws/install/puzzlebot/lib/python3.10/site-packages/puzzlebot/eyes.py to eyes.cpython-310.pyc
[1.043s] byte-compiling /home/alexl/final_ws/install/puzzlebot/lib/python3.10/site-packages/puzzlebot/joint_state_pub.py to joint_state_pub.cpython-310.pyc
[1.044s] byte-compiling /home/alexl/final_ws/install/puzzlebot/lib/python3.10/site-packages/puzzlebot/bug0.py to bug0.cpython-310.pyc
[1.046s] running install_data
[1.046s] copying package.xml -> /home/alexl/final_ws/install/puzzlebot/share/puzzlebot
[1.046s] running install_egg_info
[1.048s] removing '/home/alexl/final_ws/install/puzzlebot/lib/python3.10/site-packages/puzzlebot-0.0.0-py3.10.egg-info' (and everything under it)
[1.048s] Copying ../../build/puzzlebot/puzzlebot.egg-info to /home/alexl/final_ws/install/puzzlebot/lib/python3.10/site-packages/puzzlebot-0.0.0-py3.10.egg-info
[1.050s] running install_scripts
[1.071s] writing list of installed files to '/home/alexl/final_ws/build/puzzlebot/install.log'
[1.124s] Invoked command in '/home/alexl/final_ws/src/puzzlebot' returned '0': PYTHONPATH=/home/alexl/final_ws/build/puzzlebot/prefix_override:/usr/lib/python3/dist-packages/colcon_core/task/python/colcon_distutils_commands:/home/alexl/final_ws/install/puzzlebot/lib/python3.10/site-packages:${PYTHONPATH} /usr/bin/python3 -W ignore:setup.py install is deprecated -W ignore:easy_install command is deprecated setup.py egg_info --egg-base ../../build/puzzlebot build --build-base /home/alexl/final_ws/build/puzzlebot/build install --record /home/alexl/final_ws/build/puzzlebot/install.log --single-version-externally-managed install_data
