running egg_info
writing ../build/equipo6/equipo6.egg-info/PKG-INFO
writing dependency_links to ../build/equipo6/equipo6.egg-info/dependency_links.txt
writing entry points to ../build/equipo6/equipo6.egg-info/entry_points.txt
writing requirements to ../build/equipo6/equipo6.egg-info/requires.txt
writing top-level names to ../build/equipo6/equipo6.egg-info/top_level.txt
reading manifest file '../build/equipo6/equipo6.egg-info/SOURCES.txt'
writing manifest file '../build/equipo6/equipo6.egg-info/SOURCES.txt'
running build
running build_py
running install
running install_lib
running install_data
copying launch/world_launch.py -> /home/emeryb/ros2_ws/src/equipo6/TE3003B/install/equipo6/share/equipo6/launch
copying rviz/rviz.rviz -> /home/emeryb/ros2_ws/src/equipo6/TE3003B/install/equipo6/share/equipo6/rviz
copying rviz/puzzlebot_markers.rviz -> /home/emeryb/ros2_ws/src/equipo6/TE3003B/install/equipo6/share/equipo6/rviz
running install_egg_info
removing '/home/emeryb/ros2_ws/src/equipo6/TE3003B/install/equipo6/lib/python3.10/site-packages/equipo6-0.0.0-py3.10.egg-info' (and everything under it)
Copying ../build/equipo6/equipo6.egg-info to /home/emeryb/ros2_ws/src/equipo6/TE3003B/install/equipo6/lib/python3.10/site-packages/equipo6-0.0.0-py3.10.egg-info
running install_scripts
writing list of installed files to '/home/emeryb/ros2_ws/src/equipo6/TE3003B/build/equipo6/install.log'
