[1.251s] Invoking command in '/home/ulisess/TE3003B/modulo_3/ActFinal/equipo6': PYTHONPATH=/home/ulisess/TE3003B/modulo_3/ActFinal/build/equipo6/prefix_override:/usr/lib/python3/dist-packages/colcon_core/task/python/colcon_distutils_commands:/home/ulisess/TE3003B/modulo_3/ActFinal/install/equipo6/lib/python3.10/site-packages:${PYTHONPATH} /usr/bin/python3 -W ignore:setup.py install is deprecated -W ignore:easy_install command is deprecated setup.py egg_info --egg-base ../build/equipo6 build --build-base /home/ulisess/TE3003B/modulo_3/ActFinal/build/equipo6/build install --record /home/ulisess/TE3003B/modulo_3/ActFinal/build/equipo6/install.log --single-version-externally-managed install_data
[1.566s] running egg_info
[1.567s] writing ../build/equipo6/equipo6.egg-info/PKG-INFO
[1.568s] writing dependency_links to ../build/equipo6/equipo6.egg-info/dependency_links.txt
[1.568s] writing entry points to ../build/equipo6/equipo6.egg-info/entry_points.txt
[1.568s] writing requirements to ../build/equipo6/equipo6.egg-info/requires.txt
[1.568s] writing top-level names to ../build/equipo6/equipo6.egg-info/top_level.txt
[1.571s] reading manifest file '../build/equipo6/equipo6.egg-info/SOURCES.txt'
[1.573s] writing manifest file '../build/equipo6/equipo6.egg-info/SOURCES.txt'
[1.573s] running build
[1.573s] running build_py
[1.575s] running install
[1.575s] running install_lib
[1.577s] running install_data
[1.578s] running install_egg_info
[1.581s] removing '/home/ulisess/TE3003B/modulo_3/ActFinal/install/equipo6/lib/python3.10/site-packages/equipo6-0.0.0-py3.10.egg-info' (and everything under it)
[1.581s] Copying ../build/equipo6/equipo6.egg-info to /home/ulisess/TE3003B/modulo_3/ActFinal/install/equipo6/lib/python3.10/site-packages/equipo6-0.0.0-py3.10.egg-info
[1.583s] running install_scripts
[1.608s] Installing joint_state_pub script to /home/ulisess/TE3003B/modulo_3/ActFinal/install/equipo6/lib/equipo6
[1.609s] Installing localisation script to /home/ulisess/TE3003B/modulo_3/ActFinal/install/equipo6/lib/equipo6
[1.609s] Installing odometry_publisher script to /home/ulisess/TE3003B/modulo_3/ActFinal/install/equipo6/lib/equipo6
[1.609s] writing list of installed files to '/home/ulisess/TE3003B/modulo_3/ActFinal/build/equipo6/install.log'
[1.661s] Invoked command in '/home/ulisess/TE3003B/modulo_3/ActFinal/equipo6' returned '0': PYTHONPATH=/home/ulisess/TE3003B/modulo_3/ActFinal/build/equipo6/prefix_override:/usr/lib/python3/dist-packages/colcon_core/task/python/colcon_distutils_commands:/home/ulisess/TE3003B/modulo_3/ActFinal/install/equipo6/lib/python3.10/site-packages:${PYTHONPATH} /usr/bin/python3 -W ignore:setup.py install is deprecated -W ignore:easy_install command is deprecated setup.py egg_info --egg-base ../build/equipo6 build --build-base /home/ulisess/TE3003B/modulo_3/ActFinal/build/equipo6/build install --record /home/ulisess/TE3003B/modulo_3/ActFinal/build/equipo6/install.log --single-version-externally-managed install_data
