[0.150s] DEBUG:colcon:Command line arguments: ['/usr/bin/colcon', 'build']
[0.150s] DEBUG:colcon:Parsed command line arguments: Namespace(log_base=None, log_level=None, verb_name='build', build_base='build', install_base='install', merge_install=False, symlink_install=False, test_result_base=None, continue_on_error=False, executor='parallel', parallel_workers=8, event_handlers=None, ignore_user_meta=False, metas=['./colcon.meta'], base_paths=['.'], packages_ignore=None, packages_ignore_regex=None, paths=None, packages_up_to=None, packages_up_to_regex=None, packages_above=None, packages_above_and_dependencies=None, packages_above_depth=None, packages_select_by_dep=None, packages_skip_by_dep=None, packages_skip_up_to=None, packages_select_build_failed=False, packages_skip_build_finished=False, packages_select_test_failures=False, packages_skip_test_passed=False, packages_select=None, packages_skip=None, packages_select_regex=None, packages_skip_regex=None, packages_start=None, packages_end=None, allow_overriding=[], cmake_args=None, cmake_target=None, cmake_target_skip_unavailable=False, cmake_clean_cache=False, cmake_clean_first=False, cmake_force_configure=False, ament_cmake_args=None, catkin_cmake_args=None, catkin_skip_building_tests=False, mixin_files=None, mixin=None, verb_parser=<colcon_mixin.mixin.mixin_argument.MixinArgumentDecorator object at 0x784e28e61c90>, verb_extension=<colcon_core.verb.build.BuildVerb object at 0x784e28e61510>, main=<bound method BuildVerb.main of <colcon_core.verb.build.BuildVerb object at 0x784e28e61510>>, mixin_verb=('build',))
[0.364s] Level 1:colcon.colcon_core.package_discovery:discover_packages(colcon_meta) check parameters
[0.364s] Level 1:colcon.colcon_core.package_discovery:discover_packages(recursive) check parameters
[0.364s] Level 1:colcon.colcon_core.package_discovery:discover_packages(ignore) check parameters
[0.364s] Level 1:colcon.colcon_core.package_discovery:discover_packages(path) check parameters
[0.364s] Level 1:colcon.colcon_core.package_discovery:discover_packages(colcon_meta) discover
[0.364s] Level 1:colcon.colcon_core.package_discovery:discover_packages(recursive) discover
[0.364s] INFO:colcon.colcon_core.package_discovery:Crawling recursively for packages in '/home/ulisess/TE3003B/modulo_3/ActFinal'
[0.364s] Level 1:colcon.colcon_core.package_identification:_identify(.) by extensions ['ignore', 'ignore_ament_install']
[0.365s] Level 1:colcon.colcon_core.package_identification:_identify(.) by extension 'ignore'
[0.365s] Level 1:colcon.colcon_core.package_identification:_identify(.) by extension 'ignore_ament_install'
[0.365s] Level 1:colcon.colcon_core.package_identification:_identify(.) by extensions ['colcon_pkg']
[0.365s] Level 1:colcon.colcon_core.package_identification:_identify(.) by extension 'colcon_pkg'
[0.365s] Level 1:colcon.colcon_core.package_identification:_identify(.) by extensions ['colcon_meta']
[0.365s] Level 1:colcon.colcon_core.package_identification:_identify(.) by extension 'colcon_meta'
[0.365s] Level 1:colcon.colcon_core.package_identification:_identify(.) by extensions ['ros']
[0.365s] Level 1:colcon.colcon_core.package_identification:_identify(.) by extension 'ros'
[0.379s] Level 1:colcon.colcon_core.package_identification:_identify(.) by extensions ['cmake', 'python']
[0.379s] Level 1:colcon.colcon_core.package_identification:_identify(.) by extension 'cmake'
[0.379s] Level 1:colcon.colcon_core.package_identification:_identify(.) by extension 'python'
[0.379s] Level 1:colcon.colcon_core.package_identification:_identify(.) by extensions ['python_setup_py']
[0.379s] Level 1:colcon.colcon_core.package_identification:_identify(.) by extension 'python_setup_py'
[0.380s] Level 1:colcon.colcon_core.package_identification:_identify(Param) by extensions ['ignore', 'ignore_ament_install']
[0.380s] Level 1:colcon.colcon_core.package_identification:_identify(Param) by extension 'ignore'
[0.380s] Level 1:colcon.colcon_core.package_identification:_identify(Param) by extension 'ignore_ament_install'
[0.380s] Level 1:colcon.colcon_core.package_identification:_identify(Param) by extensions ['colcon_pkg']
[0.380s] Level 1:colcon.colcon_core.package_identification:_identify(Param) by extension 'colcon_pkg'
[0.380s] Level 1:colcon.colcon_core.package_identification:_identify(Param) by extensions ['colcon_meta']
[0.380s] Level 1:colcon.colcon_core.package_identification:_identify(Param) by extension 'colcon_meta'
[0.380s] Level 1:colcon.colcon_core.package_identification:_identify(Param) by extensions ['ros']
[0.380s] Level 1:colcon.colcon_core.package_identification:_identify(Param) by extension 'ros'
[0.380s] Level 1:colcon.colcon_core.package_identification:_identify(Param) by extensions ['cmake', 'python']
[0.380s] Level 1:colcon.colcon_core.package_identification:_identify(Param) by extension 'cmake'
[0.380s] Level 1:colcon.colcon_core.package_identification:_identify(Param) by extension 'python'
[0.380s] Level 1:colcon.colcon_core.package_identification:_identify(Param) by extensions ['python_setup_py']
[0.380s] Level 1:colcon.colcon_core.package_identification:_identify(Param) by extension 'python_setup_py'
[0.381s] Level 1:colcon.colcon_core.package_identification:_identify(build) by extensions ['ignore', 'ignore_ament_install']
[0.381s] Level 1:colcon.colcon_core.package_identification:_identify(build) by extension 'ignore'
[0.381s] Level 1:colcon.colcon_core.package_identification:_identify(build) ignored
[0.381s] Level 1:colcon.colcon_core.package_identification:_identify(equipo6) by extensions ['ignore', 'ignore_ament_install']
[0.381s] Level 1:colcon.colcon_core.package_identification:_identify(equipo6) by extension 'ignore'
[0.381s] Level 1:colcon.colcon_core.package_identification:_identify(equipo6) by extension 'ignore_ament_install'
[0.381s] Level 1:colcon.colcon_core.package_identification:_identify(equipo6) by extensions ['colcon_pkg']
[0.381s] Level 1:colcon.colcon_core.package_identification:_identify(equipo6) by extension 'colcon_pkg'
[0.381s] Level 1:colcon.colcon_core.package_identification:_identify(equipo6) by extensions ['colcon_meta']
[0.381s] Level 1:colcon.colcon_core.package_identification:_identify(equipo6) by extension 'colcon_meta'
[0.381s] Level 1:colcon.colcon_core.package_identification:_identify(equipo6) by extensions ['ros']
[0.381s] Level 1:colcon.colcon_core.package_identification:_identify(equipo6) by extension 'ros'
[0.386s] DEBUG:colcon.colcon_core.package_identification:Package 'equipo6' with type 'ros.ament_python' and name 'equipo6'
[0.386s] Level 1:colcon.colcon_core.package_identification:_identify(install) by extensions ['ignore', 'ignore_ament_install']
[0.386s] Level 1:colcon.colcon_core.package_identification:_identify(install) by extension 'ignore'
[0.386s] Level 1:colcon.colcon_core.package_identification:_identify(install) ignored
[0.387s] Level 1:colcon.colcon_core.package_identification:_identify(log) by extensions ['ignore', 'ignore_ament_install']
[0.387s] Level 1:colcon.colcon_core.package_identification:_identify(log) by extension 'ignore'
[0.387s] Level 1:colcon.colcon_core.package_identification:_identify(log) ignored
[0.387s] Level 1:colcon.colcon_core.package_identification:_identify(puzzlebot_description) by extensions ['ignore', 'ignore_ament_install']
[0.387s] Level 1:colcon.colcon_core.package_identification:_identify(puzzlebot_description) by extension 'ignore'
[0.387s] Level 1:colcon.colcon_core.package_identification:_identify(puzzlebot_description) by extension 'ignore_ament_install'
[0.387s] Level 1:colcon.colcon_core.package_identification:_identify(puzzlebot_description) by extensions ['colcon_pkg']
[0.387s] Level 1:colcon.colcon_core.package_identification:_identify(puzzlebot_description) by extension 'colcon_pkg'
[0.387s] Level 1:colcon.colcon_core.package_identification:_identify(puzzlebot_description) by extensions ['colcon_meta']
[0.387s] Level 1:colcon.colcon_core.package_identification:_identify(puzzlebot_description) by extension 'colcon_meta'
[0.388s] Level 1:colcon.colcon_core.package_identification:_identify(puzzlebot_description) by extensions ['ros']
[0.388s] Level 1:colcon.colcon_core.package_identification:_identify(puzzlebot_description) by extension 'ros'
[0.389s] DEBUG:colcon.colcon_core.package_identification:Package 'puzzlebot_description' with type 'ros.ament_python' and name 'puzzlebot_description'
[0.389s] Level 1:colcon.colcon_core.package_discovery:discover_packages(recursive) using defaults
[0.389s] Level 1:colcon.colcon_core.package_discovery:discover_packages(ignore) discover
[0.389s] Level 1:colcon.colcon_core.package_discovery:discover_packages(ignore) using defaults
[0.389s] Level 1:colcon.colcon_core.package_discovery:discover_packages(path) discover
[0.390s] Level 1:colcon.colcon_core.package_discovery:discover_packages(path) using defaults
[0.432s] Level 1:colcon.colcon_core.package_discovery:discover_packages(prefix_path) check parameters
[0.432s] Level 1:colcon.colcon_core.package_discovery:discover_packages(prefix_path) discover
[0.434s] DEBUG:colcon.colcon_installed_package_information.package_discovery:Found 2 installed packages in /home/ulisess/TE3003B/modulo_3/ActFinal/install
[0.436s] DEBUG:colcon.colcon_installed_package_information.package_discovery:Found 332 installed packages in /opt/ros/humble
[0.439s] Level 1:colcon.colcon_core.package_discovery:discover_packages(prefix_path) using defaults
[0.487s] Level 5:colcon.colcon_core.verb:set package 'equipo6' build argument 'cmake_args' from command line to 'None'
[0.488s] Level 5:colcon.colcon_core.verb:set package 'equipo6' build argument 'cmake_target' from command line to 'None'
[0.488s] Level 5:colcon.colcon_core.verb:set package 'equipo6' build argument 'cmake_target_skip_unavailable' from command line to 'False'
[0.488s] Level 5:colcon.colcon_core.verb:set package 'equipo6' build argument 'cmake_clean_cache' from command line to 'False'
[0.488s] Level 5:colcon.colcon_core.verb:set package 'equipo6' build argument 'cmake_clean_first' from command line to 'False'
[0.488s] Level 5:colcon.colcon_core.verb:set package 'equipo6' build argument 'cmake_force_configure' from command line to 'False'
[0.488s] Level 5:colcon.colcon_core.verb:set package 'equipo6' build argument 'ament_cmake_args' from command line to 'None'
[0.488s] Level 5:colcon.colcon_core.verb:set package 'equipo6' build argument 'catkin_cmake_args' from command line to 'None'
[0.488s] Level 5:colcon.colcon_core.verb:set package 'equipo6' build argument 'catkin_skip_building_tests' from command line to 'False'
[0.488s] DEBUG:colcon.colcon_core.verb:Building package 'equipo6' with the following arguments: {'ament_cmake_args': None, 'build_base': '/home/ulisess/TE3003B/modulo_3/ActFinal/build/equipo6', 'catkin_cmake_args': None, 'catkin_skip_building_tests': False, 'cmake_args': None, 'cmake_clean_cache': False, 'cmake_clean_first': False, 'cmake_force_configure': False, 'cmake_target': None, 'cmake_target_skip_unavailable': False, 'install_base': '/home/ulisess/TE3003B/modulo_3/ActFinal/install/equipo6', 'merge_install': False, 'path': '/home/ulisess/TE3003B/modulo_3/ActFinal/equipo6', 'symlink_install': False, 'test_result_base': None}
[0.488s] Level 5:colcon.colcon_core.verb:set package 'puzzlebot_description' build argument 'cmake_args' from command line to 'None'
[0.489s] Level 5:colcon.colcon_core.verb:set package 'puzzlebot_description' build argument 'cmake_target' from command line to 'None'
[0.489s] Level 5:colcon.colcon_core.verb:set package 'puzzlebot_description' build argument 'cmake_target_skip_unavailable' from command line to 'False'
[0.489s] Level 5:colcon.colcon_core.verb:set package 'puzzlebot_description' build argument 'cmake_clean_cache' from command line to 'False'
[0.489s] Level 5:colcon.colcon_core.verb:set package 'puzzlebot_description' build argument 'cmake_clean_first' from command line to 'False'
[0.489s] Level 5:colcon.colcon_core.verb:set package 'puzzlebot_description' build argument 'cmake_force_configure' from command line to 'False'
[0.489s] Level 5:colcon.colcon_core.verb:set package 'puzzlebot_description' build argument 'ament_cmake_args' from command line to 'None'
[0.489s] Level 5:colcon.colcon_core.verb:set package 'puzzlebot_description' build argument 'catkin_cmake_args' from command line to 'None'
[0.489s] Level 5:colcon.colcon_core.verb:set package 'puzzlebot_description' build argument 'catkin_skip_building_tests' from command line to 'False'
[0.489s] DEBUG:colcon.colcon_core.verb:Building package 'puzzlebot_description' with the following arguments: {'ament_cmake_args': None, 'build_base': '/home/ulisess/TE3003B/modulo_3/ActFinal/build/puzzlebot_description', 'catkin_cmake_args': None, 'catkin_skip_building_tests': False, 'cmake_args': None, 'cmake_clean_cache': False, 'cmake_clean_first': False, 'cmake_force_configure': False, 'cmake_target': None, 'cmake_target_skip_unavailable': False, 'install_base': '/home/ulisess/TE3003B/modulo_3/ActFinal/install/puzzlebot_description', 'merge_install': False, 'path': '/home/ulisess/TE3003B/modulo_3/ActFinal/puzzlebot_description', 'symlink_install': False, 'test_result_base': None}
[0.489s] INFO:colcon.colcon_core.executor:Executing jobs using 'parallel' executor
[0.492s] DEBUG:colcon.colcon_parallel_executor.executor.parallel:run_until_complete
[0.493s] INFO:colcon.colcon_ros.task.ament_python.build:Building ROS package in '/home/ulisess/TE3003B/modulo_3/ActFinal/equipo6' with build type 'ament_python'
[0.494s] Level 1:colcon.colcon_core.shell:create_environment_hook('equipo6', 'ament_prefix_path')
[0.497s] INFO:colcon.colcon_core.plugin_system:Skipping extension 'colcon_core.shell.bat': Not used on non-Windows systems
[0.498s] INFO:colcon.colcon_core.shell:Creating environment hook '/home/ulisess/TE3003B/modulo_3/ActFinal/install/equipo6/share/equipo6/hook/ament_prefix_path.ps1'
[0.499s] INFO:colcon.colcon_core.shell:Creating environment descriptor '/home/ulisess/TE3003B/modulo_3/ActFinal/install/equipo6/share/equipo6/hook/ament_prefix_path.dsv'
[0.501s] INFO:colcon.colcon_core.shell:Creating environment hook '/home/ulisess/TE3003B/modulo_3/ActFinal/install/equipo6/share/equipo6/hook/ament_prefix_path.sh'
[0.503s] INFO:colcon.colcon_core.shell:Skip shell extension 'powershell' for command environment: Not usable outside of PowerShell
[0.503s] DEBUG:colcon.colcon_core.shell:Skip shell extension 'dsv' for command environment
[0.507s] INFO:colcon.colcon_ros.task.ament_python.build:Building ROS package in '/home/ulisess/TE3003B/modulo_3/ActFinal/puzzlebot_description' with build type 'ament_python'
[0.507s] Level 1:colcon.colcon_core.shell:create_environment_hook('puzzlebot_description', 'ament_prefix_path')
[0.507s] INFO:colcon.colcon_core.shell:Creating environment hook '/home/ulisess/TE3003B/modulo_3/ActFinal/install/puzzlebot_description/share/puzzlebot_description/hook/ament_prefix_path.ps1'
[0.508s] INFO:colcon.colcon_core.shell:Creating environment descriptor '/home/ulisess/TE3003B/modulo_3/ActFinal/install/puzzlebot_description/share/puzzlebot_description/hook/ament_prefix_path.dsv'
[0.508s] INFO:colcon.colcon_core.shell:Creating environment hook '/home/ulisess/TE3003B/modulo_3/ActFinal/install/puzzlebot_description/share/puzzlebot_description/hook/ament_prefix_path.sh'
[0.509s] INFO:colcon.colcon_core.shell:Skip shell extension 'powershell' for command environment: Not usable outside of PowerShell
[0.510s] DEBUG:colcon.colcon_core.shell:Skip shell extension 'dsv' for command environment
[0.885s] INFO:colcon.colcon_core.task.python.build:Building Python package in '/home/ulisess/TE3003B/modulo_3/ActFinal/equipo6'
[0.885s] INFO:colcon.colcon_core.shell:Skip shell extension 'powershell' for command environment: Not usable outside of PowerShell
[0.886s] DEBUG:colcon.colcon_core.shell:Skip shell extension 'dsv' for command environment
[1.235s] INFO:colcon.colcon_core.task.python.build:Building Python package in '/home/ulisess/TE3003B/modulo_3/ActFinal/puzzlebot_description'
[1.236s] INFO:colcon.colcon_core.shell:Skip shell extension 'powershell' for command environment: Not usable outside of PowerShell
[1.236s] DEBUG:colcon.colcon_core.shell:Skip shell extension 'dsv' for command environment
[1.784s] DEBUG:colcon.colcon_core.event_handler.log_command:Invoking command in '/home/ulisess/TE3003B/modulo_3/ActFinal/puzzlebot_description': PYTHONPATH=/home/ulisess/TE3003B/modulo_3/ActFinal/build/puzzlebot_description/prefix_override:/usr/lib/python3/dist-packages/colcon_core/task/python/colcon_distutils_commands:/home/ulisess/TE3003B/modulo_3/ActFinal/install/puzzlebot_description/lib/python3.10/site-packages:${PYTHONPATH} /usr/bin/python3 -W ignore:setup.py install is deprecated -W ignore:easy_install command is deprecated setup.py egg_info --egg-base ../build/puzzlebot_description build --build-base /home/ulisess/TE3003B/modulo_3/ActFinal/build/puzzlebot_description/build install --record /home/ulisess/TE3003B/modulo_3/ActFinal/build/puzzlebot_description/install.log --single-version-externally-managed install_data
[1.822s] DEBUG:colcon.colcon_core.event_handler.log_command:Invoking command in '/home/ulisess/TE3003B/modulo_3/ActFinal/equipo6': PYTHONPATH=/home/ulisess/TE3003B/modulo_3/ActFinal/build/equipo6/prefix_override:/usr/lib/python3/dist-packages/colcon_core/task/python/colcon_distutils_commands:/home/ulisess/TE3003B/modulo_3/ActFinal/install/equipo6/lib/python3.10/site-packages:${PYTHONPATH} /usr/bin/python3 -W ignore:setup.py install is deprecated -W ignore:easy_install command is deprecated setup.py egg_info --egg-base ../build/equipo6 build --build-base /home/ulisess/TE3003B/modulo_3/ActFinal/build/equipo6/build install --record /home/ulisess/TE3003B/modulo_3/ActFinal/build/equipo6/install.log --single-version-externally-managed install_data
[2.173s] DEBUG:colcon.colcon_core.event_handler.log_command:Invoked command in '/home/ulisess/TE3003B/modulo_3/ActFinal/puzzlebot_description' returned '0': PYTHONPATH=/home/ulisess/TE3003B/modulo_3/ActFinal/build/puzzlebot_description/prefix_override:/usr/lib/python3/dist-packages/colcon_core/task/python/colcon_distutils_commands:/home/ulisess/TE3003B/modulo_3/ActFinal/install/puzzlebot_description/lib/python3.10/site-packages:${PYTHONPATH} /usr/bin/python3 -W ignore:setup.py install is deprecated -W ignore:easy_install command is deprecated setup.py egg_info --egg-base ../build/puzzlebot_description build --build-base /home/ulisess/TE3003B/modulo_3/ActFinal/build/puzzlebot_description/build install --record /home/ulisess/TE3003B/modulo_3/ActFinal/build/puzzlebot_description/install.log --single-version-externally-managed install_data
[2.176s] Level 1:colcon.colcon_core.environment:checking '/home/ulisess/TE3003B/modulo_3/ActFinal/install/puzzlebot_description' for CMake module files
[2.177s] Level 1:colcon.colcon_core.environment:checking '/home/ulisess/TE3003B/modulo_3/ActFinal/install/puzzlebot_description' for CMake config files
[2.178s] Level 1:colcon.colcon_core.environment:checking '/home/ulisess/TE3003B/modulo_3/ActFinal/install/puzzlebot_description/lib'
[2.179s] Level 1:colcon.colcon_core.environment:checking '/home/ulisess/TE3003B/modulo_3/ActFinal/install/puzzlebot_description/bin'
[2.179s] Level 1:colcon.colcon_core.environment:checking '/home/ulisess/TE3003B/modulo_3/ActFinal/install/puzzlebot_description/lib/pkgconfig/puzzlebot_description.pc'
[2.179s] Level 1:colcon.colcon_core.environment:checking '/home/ulisess/TE3003B/modulo_3/ActFinal/install/puzzlebot_description/lib/python3.10/site-packages'
[2.179s] Level 1:colcon.colcon_core.shell:create_environment_hook('puzzlebot_description', 'pythonpath')
[2.179s] INFO:colcon.colcon_core.shell:Creating environment hook '/home/ulisess/TE3003B/modulo_3/ActFinal/install/puzzlebot_description/share/puzzlebot_description/hook/pythonpath.ps1'
[2.180s] INFO:colcon.colcon_core.shell:Creating environment descriptor '/home/ulisess/TE3003B/modulo_3/ActFinal/install/puzzlebot_description/share/puzzlebot_description/hook/pythonpath.dsv'
[2.181s] INFO:colcon.colcon_core.shell:Creating environment hook '/home/ulisess/TE3003B/modulo_3/ActFinal/install/puzzlebot_description/share/puzzlebot_description/hook/pythonpath.sh'
[2.181s] Level 1:colcon.colcon_core.environment:checking '/home/ulisess/TE3003B/modulo_3/ActFinal/install/puzzlebot_description/bin'
[2.181s] Level 1:colcon.colcon_core.environment:create_environment_scripts_only(puzzlebot_description)
[2.182s] INFO:colcon.colcon_core.shell:Creating package script '/home/ulisess/TE3003B/modulo_3/ActFinal/install/puzzlebot_description/share/puzzlebot_description/package.ps1'
[2.183s] INFO:colcon.colcon_core.shell:Creating package descriptor '/home/ulisess/TE3003B/modulo_3/ActFinal/install/puzzlebot_description/share/puzzlebot_description/package.dsv'
[2.184s] INFO:colcon.colcon_core.shell:Creating package script '/home/ulisess/TE3003B/modulo_3/ActFinal/install/puzzlebot_description/share/puzzlebot_description/package.sh'
[2.185s] INFO:colcon.colcon_core.shell:Creating package script '/home/ulisess/TE3003B/modulo_3/ActFinal/install/puzzlebot_description/share/puzzlebot_description/package.bash'
[2.187s] INFO:colcon.colcon_core.shell:Creating package script '/home/ulisess/TE3003B/modulo_3/ActFinal/install/puzzlebot_description/share/puzzlebot_description/package.zsh'
[2.187s] Level 1:colcon.colcon_core.environment:create_file_with_runtime_dependencies(/home/ulisess/TE3003B/modulo_3/ActFinal/install/puzzlebot_description/share/colcon-core/packages/puzzlebot_description)
[2.190s] Level 1:colcon.colcon_core.environment:checking '/home/ulisess/TE3003B/modulo_3/ActFinal/install/equipo6' for CMake module files
[2.191s] DEBUG:colcon.colcon_core.event_handler.log_command:Invoked command in '/home/ulisess/TE3003B/modulo_3/ActFinal/equipo6' returned '0': PYTHONPATH=/home/ulisess/TE3003B/modulo_3/ActFinal/build/equipo6/prefix_override:/usr/lib/python3/dist-packages/colcon_core/task/python/colcon_distutils_commands:/home/ulisess/TE3003B/modulo_3/ActFinal/install/equipo6/lib/python3.10/site-packages:${PYTHONPATH} /usr/bin/python3 -W ignore:setup.py install is deprecated -W ignore:easy_install command is deprecated setup.py egg_info --egg-base ../build/equipo6 build --build-base /home/ulisess/TE3003B/modulo_3/ActFinal/build/equipo6/build install --record /home/ulisess/TE3003B/modulo_3/ActFinal/build/equipo6/install.log --single-version-externally-managed install_data
[2.192s] Level 1:colcon.colcon_core.environment:checking '/home/ulisess/TE3003B/modulo_3/ActFinal/install/equipo6' for CMake config files
[2.193s] Level 1:colcon.colcon_core.environment:checking '/home/ulisess/TE3003B/modulo_3/ActFinal/install/equipo6/lib'
[2.193s] Level 1:colcon.colcon_core.environment:checking '/home/ulisess/TE3003B/modulo_3/ActFinal/install/equipo6/bin'
[2.193s] Level 1:colcon.colcon_core.environment:checking '/home/ulisess/TE3003B/modulo_3/ActFinal/install/equipo6/lib/pkgconfig/equipo6.pc'
[2.193s] Level 1:colcon.colcon_core.environment:checking '/home/ulisess/TE3003B/modulo_3/ActFinal/install/equipo6/lib/python3.10/site-packages'
[2.193s] Level 1:colcon.colcon_core.shell:create_environment_hook('equipo6', 'pythonpath')
[2.193s] INFO:colcon.colcon_core.shell:Creating environment hook '/home/ulisess/TE3003B/modulo_3/ActFinal/install/equipo6/share/equipo6/hook/pythonpath.ps1'
[2.194s] INFO:colcon.colcon_core.shell:Creating environment descriptor '/home/ulisess/TE3003B/modulo_3/ActFinal/install/equipo6/share/equipo6/hook/pythonpath.dsv'
[2.195s] INFO:colcon.colcon_core.shell:Creating environment hook '/home/ulisess/TE3003B/modulo_3/ActFinal/install/equipo6/share/equipo6/hook/pythonpath.sh'
[2.196s] Level 1:colcon.colcon_core.environment:checking '/home/ulisess/TE3003B/modulo_3/ActFinal/install/equipo6/bin'
[2.196s] Level 1:colcon.colcon_core.environment:create_environment_scripts_only(equipo6)
[2.197s] INFO:colcon.colcon_core.shell:Creating package script '/home/ulisess/TE3003B/modulo_3/ActFinal/install/equipo6/share/equipo6/package.ps1'
[2.199s] INFO:colcon.colcon_core.shell:Creating package descriptor '/home/ulisess/TE3003B/modulo_3/ActFinal/install/equipo6/share/equipo6/package.dsv'
[2.200s] INFO:colcon.colcon_core.shell:Creating package script '/home/ulisess/TE3003B/modulo_3/ActFinal/install/equipo6/share/equipo6/package.sh'
[2.202s] INFO:colcon.colcon_core.shell:Creating package script '/home/ulisess/TE3003B/modulo_3/ActFinal/install/equipo6/share/equipo6/package.bash'
[2.203s] INFO:colcon.colcon_core.shell:Creating package script '/home/ulisess/TE3003B/modulo_3/ActFinal/install/equipo6/share/equipo6/package.zsh'
[2.205s] Level 1:colcon.colcon_core.environment:create_file_with_runtime_dependencies(/home/ulisess/TE3003B/modulo_3/ActFinal/install/equipo6/share/colcon-core/packages/equipo6)
[2.206s] DEBUG:colcon.colcon_parallel_executor.executor.parallel:closing loop
[2.207s] DEBUG:colcon.colcon_parallel_executor.executor.parallel:loop closed
[2.207s] DEBUG:colcon.colcon_parallel_executor.executor.parallel:run_until_complete finished with '0'
[2.207s] DEBUG:colcon.colcon_core.event_reactor:joining thread
[2.220s] INFO:colcon.colcon_core.plugin_system:Skipping extension 'colcon_notification.desktop_notification.terminal_notifier': Not used on non-Darwin systems
[2.221s] INFO:colcon.colcon_core.plugin_system:Skipping extension 'colcon_notification.desktop_notification.win32': Not used on non-Windows systems
[2.221s] INFO:colcon.colcon_notification.desktop_notification:Sending desktop notification using 'notify2'
[2.252s] DEBUG:colcon.colcon_core.event_reactor:joined thread
[2.253s] INFO:colcon.colcon_core.shell:Creating prefix script '/home/ulisess/TE3003B/modulo_3/ActFinal/install/local_setup.ps1'
[2.256s] INFO:colcon.colcon_core.shell:Creating prefix util module '/home/ulisess/TE3003B/modulo_3/ActFinal/install/_local_setup_util_ps1.py'
[2.260s] INFO:colcon.colcon_core.shell:Creating prefix chain script '/home/ulisess/TE3003B/modulo_3/ActFinal/install/setup.ps1'
[2.264s] INFO:colcon.colcon_core.shell:Creating prefix script '/home/ulisess/TE3003B/modulo_3/ActFinal/install/local_setup.sh'
[2.265s] INFO:colcon.colcon_core.shell:Creating prefix util module '/home/ulisess/TE3003B/modulo_3/ActFinal/install/_local_setup_util_sh.py'
[2.267s] INFO:colcon.colcon_core.shell:Creating prefix chain script '/home/ulisess/TE3003B/modulo_3/ActFinal/install/setup.sh'
[2.270s] INFO:colcon.colcon_core.shell:Creating prefix script '/home/ulisess/TE3003B/modulo_3/ActFinal/install/local_setup.bash'
[2.271s] INFO:colcon.colcon_core.shell:Creating prefix chain script '/home/ulisess/TE3003B/modulo_3/ActFinal/install/setup.bash'
[2.275s] INFO:colcon.colcon_core.shell:Creating prefix script '/home/ulisess/TE3003B/modulo_3/ActFinal/install/local_setup.zsh'
[2.277s] INFO:colcon.colcon_core.shell:Creating prefix chain script '/home/ulisess/TE3003B/modulo_3/ActFinal/install/setup.zsh'
