[1.639s] Invoking command in '/home/alexl/test/TE3003B_Integration_of_Robotics_and_Intelligent_Systems_2025/Week5/Activities/puzzlebot_sim': PYTHONPATH=/home/alexl/test/TE3003B_Integration_of_Robotics_and_Intelligent_Systems_2025/Week5/build/puzzlebot_sim/prefix_override:/usr/lib/python3/dist-packages/colcon_core/task/python/colcon_distutils_commands:/home/alexl/test/TE3003B_Integration_of_Robotics_and_Intelligent_Systems_2025/Week5/install/puzzlebot_sim/lib/python3.10/site-packages:${PYTHONPATH} /usr/bin/python3 -W ignore:setup.py install is deprecated -W ignore:easy_install command is deprecated setup.py egg_info --egg-base ../../build/puzzlebot_sim build --build-base /home/alexl/test/TE3003B_Integration_of_Robotics_and_Intelligent_Systems_2025/Week5/build/puzzlebot_sim/build install --record /home/alexl/test/TE3003B_Integration_of_Robotics_and_Intelligent_Systems_2025/Week5/build/puzzlebot_sim/install.log --single-version-externally-managed install_data
[1.984s] running egg_info
[1.985s] writing ../../build/puzzlebot_sim/puzzlebot_sim.egg-info/PKG-INFO
[1.985s] writing dependency_links to ../../build/puzzlebot_sim/puzzlebot_sim.egg-info/dependency_links.txt
[1.985s] writing entry points to ../../build/puzzlebot_sim/puzzlebot_sim.egg-info/entry_points.txt
[1.985s] writing requirements to ../../build/puzzlebot_sim/puzzlebot_sim.egg-info/requires.txt
[1.985s] writing top-level names to ../../build/puzzlebot_sim/puzzlebot_sim.egg-info/top_level.txt
[1.987s] reading manifest file '../../build/puzzlebot_sim/puzzlebot_sim.egg-info/SOURCES.txt'
[1.988s] adding license file 'LICENSE'
[1.989s] writing manifest file '../../build/puzzlebot_sim/puzzlebot_sim.egg-info/SOURCES.txt'
[1.989s] running build
[1.989s] running build_py
[1.989s] running install
[1.989s] running install_lib
[1.991s] running install_data
[1.991s] running install_egg_info
[1.993s] removing '/home/alexl/test/TE3003B_Integration_of_Robotics_and_Intelligent_Systems_2025/Week5/install/puzzlebot_sim/lib/python3.10/site-packages/puzzlebot_sim-0.0.0-py3.10.egg-info' (and everything under it)
[1.999s] Copying ../../build/puzzlebot_sim/puzzlebot_sim.egg-info to /home/alexl/test/TE3003B_Integration_of_Robotics_and_Intelligent_Systems_2025/Week5/install/puzzlebot_sim/lib/python3.10/site-packages/puzzlebot_sim-0.0.0-py3.10.egg-info
[1.999s] running install_scripts
[2.030s] Installing puzzlebot_sim script to /home/alexl/test/TE3003B_Integration_of_Robotics_and_Intelligent_Systems_2025/Week5/install/puzzlebot_sim/lib/puzzlebot_sim
[2.030s] writing list of installed files to '/home/alexl/test/TE3003B_Integration_of_Robotics_and_Intelligent_Systems_2025/Week5/build/puzzlebot_sim/install.log'
[2.111s] Invoked command in '/home/alexl/test/TE3003B_Integration_of_Robotics_and_Intelligent_Systems_2025/Week5/Activities/puzzlebot_sim' returned '0': PYTHONPATH=/home/alexl/test/TE3003B_Integration_of_Robotics_and_Intelligent_Systems_2025/Week5/build/puzzlebot_sim/prefix_override:/usr/lib/python3/dist-packages/colcon_core/task/python/colcon_distutils_commands:/home/alexl/test/TE3003B_Integration_of_Robotics_and_Intelligent_Systems_2025/Week5/install/puzzlebot_sim/lib/python3.10/site-packages:${PYTHONPATH} /usr/bin/python3 -W ignore:setup.py install is deprecated -W ignore:easy_install command is deprecated setup.py egg_info --egg-base ../../build/puzzlebot_sim build --build-base /home/alexl/test/TE3003B_Integration_of_Robotics_and_Intelligent_Systems_2025/Week5/build/puzzlebot_sim/build install --record /home/alexl/test/TE3003B_Integration_of_Robotics_and_Intelligent_Systems_2025/Week5/build/puzzlebot_sim/install.log --single-version-externally-managed install_data
