[1.980s] Invoking command in '/home/ulisess/TE3003B/minichallenges/TE3003B': PYTHONPATH=/home/ulisess/TE3003B/minichallenges/TE3003B/build/puzzlebot/prefix_override:/usr/lib/python3/dist-packages/colcon_core/task/python/colcon_distutils_commands:/home/ulisess/TE3003B/minichallenges/TE3003B/install/puzzlebot/lib/python3.10/site-packages:${PYTHONPATH} /usr/bin/python3 -W ignore:setup.py install is deprecated -W ignore:easy_install command is deprecated setup.py egg_info --egg-base build/puzzlebot build --build-base /home/ulisess/TE3003B/minichallenges/TE3003B/build/puzzlebot/build install --record /home/ulisess/TE3003B/minichallenges/TE3003B/build/puzzlebot/install.log --single-version-externally-managed install_data
[2.660s] running egg_info
[2.663s] writing build/puzzlebot/puzzlebot.egg-info/PKG-INFO
[2.664s] writing dependency_links to build/puzzlebot/puzzlebot.egg-info/dependency_links.txt
[2.665s] writing entry points to build/puzzlebot/puzzlebot.egg-info/entry_points.txt
[2.665s] writing requirements to build/puzzlebot/puzzlebot.egg-info/requires.txt
[2.665s] writing top-level names to build/puzzlebot/puzzlebot.egg-info/top_level.txt
[2.674s] reading manifest file 'build/puzzlebot/puzzlebot.egg-info/SOURCES.txt'
[2.676s] adding license file 'LICENSE'
[2.683s] writing manifest file 'build/puzzlebot/puzzlebot.egg-info/SOURCES.txt'
[2.683s] running build
[2.683s] running build_py
[2.683s] copying puzzlebot/aruco_detection.py -> /home/ulisess/TE3003B/minichallenges/TE3003B/build/puzzlebot/build/lib/puzzlebot
[2.685s] running install
[2.686s] running install_lib
[2.689s] copying /home/ulisess/TE3003B/minichallenges/TE3003B/build/puzzlebot/build/lib/puzzlebot/aruco_detection.py -> /home/ulisess/TE3003B/minichallenges/TE3003B/install/puzzlebot/lib/python3.10/site-packages/puzzlebot
[2.691s] byte-compiling /home/ulisess/TE3003B/minichallenges/TE3003B/install/puzzlebot/lib/python3.10/site-packages/puzzlebot/aruco_detection.py to aruco_detection.cpython-310.pyc
[2.693s] running install_data
[2.693s] copying launch/world_launch.py -> /home/ulisess/TE3003B/minichallenges/TE3003B/install/puzzlebot/share/puzzlebot/launch
[2.708s] running install_egg_info
[2.714s] removing '/home/ulisess/TE3003B/minichallenges/TE3003B/install/puzzlebot/lib/python3.10/site-packages/puzzlebot-0.0.0-py3.10.egg-info' (and everything under it)
[2.715s] Copying build/puzzlebot/puzzlebot.egg-info to /home/ulisess/TE3003B/minichallenges/TE3003B/install/puzzlebot/lib/python3.10/site-packages/puzzlebot-0.0.0-py3.10.egg-info
[2.717s] running install_scripts
[2.771s] Installing bug0 script to /home/ulisess/TE3003B/minichallenges/TE3003B/install/puzzlebot/lib/puzzlebot
[2.772s] Installing bug2 script to /home/ulisess/TE3003B/minichallenges/TE3003B/install/puzzlebot/lib/puzzlebot
[2.773s] Installing joint_state_pub script to /home/ulisess/TE3003B/minichallenges/TE3003B/install/puzzlebot/lib/puzzlebot
[2.773s] Installing localisation script to /home/ulisess/TE3003B/minichallenges/TE3003B/install/puzzlebot/lib/puzzlebot
[2.773s] Installing localisatonv2 script to /home/ulisess/TE3003B/minichallenges/TE3003B/install/puzzlebot/lib/puzzlebot
[2.774s] Installing publish_odom script to /home/ulisess/TE3003B/minichallenges/TE3003B/install/puzzlebot/lib/puzzlebot
[2.774s] Installing puzzlebot_kinematic_model script to /home/ulisess/TE3003B/minichallenges/TE3003B/install/puzzlebot/lib/puzzlebot
[2.776s] writing list of installed files to '/home/ulisess/TE3003B/minichallenges/TE3003B/build/puzzlebot/install.log'
[2.882s] Invoked command in '/home/ulisess/TE3003B/minichallenges/TE3003B' returned '0': PYTHONPATH=/home/ulisess/TE3003B/minichallenges/TE3003B/build/puzzlebot/prefix_override:/usr/lib/python3/dist-packages/colcon_core/task/python/colcon_distutils_commands:/home/ulisess/TE3003B/minichallenges/TE3003B/install/puzzlebot/lib/python3.10/site-packages:${PYTHONPATH} /usr/bin/python3 -W ignore:setup.py install is deprecated -W ignore:easy_install command is deprecated setup.py egg_info --egg-base build/puzzlebot build --build-base /home/ulisess/TE3003B/minichallenges/TE3003B/build/puzzlebot/build install --record /home/ulisess/TE3003B/minichallenges/TE3003B/build/puzzlebot/install.log --single-version-externally-managed install_data
