running egg_info
writing ../build/equipo6/equipo6.egg-info/PKG-INFO
writing dependency_links to ../build/equipo6/equipo6.egg-info/dependency_links.txt
writing entry points to ../build/equipo6/equipo6.egg-info/entry_points.txt
writing requirements to ../build/equipo6/equipo6.egg-info/requires.txt
writing top-level names to ../build/equipo6/equipo6.egg-info/top_level.txt
reading manifest file '../build/equipo6/equipo6.egg-info/SOURCES.txt'
writing manifest file '../build/equipo6/equipo6.egg-info/SOURCES.txt'
running build
running build_py
copying equipo6/localisation.py -> /home/ulisess/TE3003B/modulo_3/ActFinal/build/equipo6/build/lib/equipo6
running install
running install_lib
copying /home/ulisess/TE3003B/modulo_3/ActFinal/build/equipo6/build/lib/equipo6/localisation.py -> /home/ulisess/TE3003B/modulo_3/ActFinal/install/equipo6/lib/python3.10/site-packages/equipo6
byte-compiling /home/ulisess/TE3003B/modulo_3/ActFinal/install/equipo6/lib/python3.10/site-packages/equipo6/localisation.py to localisation.cpython-310.pyc
running install_data
copying launch/world_launch.py -> /home/ulisess/TE3003B/modulo_3/ActFinal/install/equipo6/share/equipo6/launch
running install_egg_info
removing '/home/ulisess/TE3003B/modulo_3/ActFinal/install/equipo6/lib/python3.10/site-packages/equipo6-0.0.0-py3.10.egg-info' (and everything under it)
Copying ../build/equipo6/equipo6.egg-info to /home/ulisess/TE3003B/modulo_3/ActFinal/install/equipo6/lib/python3.10/site-packages/equipo6-0.0.0-py3.10.egg-info
running install_scripts
Installing joint_state_pub script to /home/ulisess/TE3003B/modulo_3/ActFinal/install/equipo6/lib/equipo6
Installing localisation script to /home/ulisess/TE3003B/modulo_3/ActFinal/install/equipo6/lib/equipo6
Installing odometry_publisher script to /home/ulisess/TE3003B/modulo_3/ActFinal/install/equipo6/lib/equipo6
writing list of installed files to '/home/ulisess/TE3003B/modulo_3/ActFinal/build/equipo6/install.log'
