[0.880s] Invoking command in '/home/emeryb/ros2_ws/src/equipo6/TE3003B/equipo6': PYTHONPATH=/home/emeryb/ros2_ws/src/equipo6/TE3003B/build/equipo6/prefix_override:/usr/lib/python3/dist-packages/colcon_core/task/python/colcon_distutils_commands:/home/emeryb/ros2_ws/src/equipo6/TE3003B/install/equipo6/lib/python3.10/site-packages:${PYTHONPATH} /usr/bin/python3 -W ignore:setup.py install is deprecated -W ignore:easy_install command is deprecated setup.py egg_info --egg-base ../build/equipo6 build --build-base /home/emeryb/ros2_ws/src/equipo6/TE3003B/build/equipo6/build install --record /home/emeryb/ros2_ws/src/equipo6/TE3003B/build/equipo6/install.log --single-version-externally-managed install_data
[1.072s] running egg_info
[1.072s] writing ../build/equipo6/equipo6.egg-info/PKG-INFO
[1.082s] writing dependency_links to ../build/equipo6/equipo6.egg-info/dependency_links.txt
[1.082s] writing entry points to ../build/equipo6/equipo6.egg-info/entry_points.txt
[1.082s] writing requirements to ../build/equipo6/equipo6.egg-info/requires.txt
[1.082s] writing top-level names to ../build/equipo6/equipo6.egg-info/top_level.txt
[1.084s] reading manifest file '../build/equipo6/equipo6.egg-info/SOURCES.txt'
[1.085s] writing manifest file '../build/equipo6/equipo6.egg-info/SOURCES.txt'
[1.085s] running build
[1.086s] running build_py
[1.086s] running install
[1.086s] running install_lib
[1.087s] running install_data
[1.089s] running install_egg_info
[1.090s] removing '/home/emeryb/ros2_ws/src/equipo6/TE3003B/install/equipo6/lib/python3.10/site-packages/equipo6-0.0.0-py3.10.egg-info' (and everything under it)
[1.090s] Copying ../build/equipo6/equipo6.egg-info to /home/emeryb/ros2_ws/src/equipo6/TE3003B/install/equipo6/lib/python3.10/site-packages/equipo6-0.0.0-py3.10.egg-info
[1.091s] running install_scripts
[1.107s] Installing joint_state_pub script to /home/emeryb/ros2_ws/src/equipo6/TE3003B/install/equipo6/lib/equipo6
[1.107s] writing list of installed files to '/home/emeryb/ros2_ws/src/equipo6/TE3003B/build/equipo6/install.log'
[1.148s] Invoked command in '/home/emeryb/ros2_ws/src/equipo6/TE3003B/equipo6' returned '0': PYTHONPATH=/home/emeryb/ros2_ws/src/equipo6/TE3003B/build/equipo6/prefix_override:/usr/lib/python3/dist-packages/colcon_core/task/python/colcon_distutils_commands:/home/emeryb/ros2_ws/src/equipo6/TE3003B/install/equipo6/lib/python3.10/site-packages:${PYTHONPATH} /usr/bin/python3 -W ignore:setup.py install is deprecated -W ignore:easy_install command is deprecated setup.py egg_info --egg-base ../build/equipo6 build --build-base /home/emeryb/ros2_ws/src/equipo6/TE3003B/build/equipo6/build install --record /home/emeryb/ros2_ws/src/equipo6/TE3003B/build/equipo6/install.log --single-version-externally-managed install_data
