[1.849s] Invoking command in '/home/ulisess/TE3003B/modulo_3/Act3.5/equipo6': PYTHONPATH=/home/ulisess/TE3003B/modulo_3/Act3.5/build/equipo6/prefix_override:/usr/lib/python3/dist-packages/colcon_core/task/python/colcon_distutils_commands:/home/ulisess/TE3003B/modulo_3/Act3.5/install/equipo6/lib/python3.10/site-packages:${PYTHONPATH} /usr/bin/python3 -W ignore:setup.py install is deprecated -W ignore:easy_install command is deprecated setup.py egg_info --egg-base ../build/equipo6 build --build-base /home/ulisess/TE3003B/modulo_3/Act3.5/build/equipo6/build install --record /home/ulisess/TE3003B/modulo_3/Act3.5/build/equipo6/install.log --single-version-externally-managed install_data
[2.308s] running egg_info
[2.310s] writing ../build/equipo6/equipo6.egg-info/PKG-INFO
[2.310s] writing dependency_links to ../build/equipo6/equipo6.egg-info/dependency_links.txt
[2.311s] writing entry points to ../build/equipo6/equipo6.egg-info/entry_points.txt
[2.311s] writing requirements to ../build/equipo6/equipo6.egg-info/requires.txt
[2.312s] writing top-level names to ../build/equipo6/equipo6.egg-info/top_level.txt
[2.316s] reading manifest file '../build/equipo6/equipo6.egg-info/SOURCES.txt'
[2.318s] writing manifest file '../build/equipo6/equipo6.egg-info/SOURCES.txt'
[2.319s] running build
[2.320s] running build_py
[2.322s] running install
[2.322s] running install_lib
[2.325s] running install_data
[2.326s] running install_egg_info
[2.330s] removing '/home/ulisess/TE3003B/modulo_3/Act3.5/install/equipo6/lib/python3.10/site-packages/equipo6-0.0.0-py3.10.egg-info' (and everything under it)
[2.331s] Copying ../build/equipo6/equipo6.egg-info to /home/ulisess/TE3003B/modulo_3/Act3.5/install/equipo6/lib/python3.10/site-packages/equipo6-0.0.0-py3.10.egg-info
[2.333s] running install_scripts
[2.372s] Installing joint_state_pub script to /home/ulisess/TE3003B/modulo_3/Act3.5/install/equipo6/lib/equipo6
[2.373s] writing list of installed files to '/home/ulisess/TE3003B/modulo_3/Act3.5/build/equipo6/install.log'
[2.435s] Invoked command in '/home/ulisess/TE3003B/modulo_3/Act3.5/equipo6' returned '0': PYTHONPATH=/home/ulisess/TE3003B/modulo_3/Act3.5/build/equipo6/prefix_override:/usr/lib/python3/dist-packages/colcon_core/task/python/colcon_distutils_commands:/home/ulisess/TE3003B/modulo_3/Act3.5/install/equipo6/lib/python3.10/site-packages:${PYTHONPATH} /usr/bin/python3 -W ignore:setup.py install is deprecated -W ignore:easy_install command is deprecated setup.py egg_info --egg-base ../build/equipo6 build --build-base /home/ulisess/TE3003B/modulo_3/Act3.5/build/equipo6/build install --record /home/ulisess/TE3003B/modulo_3/Act3.5/build/equipo6/install.log --single-version-externally-managed install_data
