[1.209s] Invoking command in '/home/ulisess/TE3003B/minichallenges/TE3003B': PYTHONPATH=/home/ulisess/TE3003B/minichallenges/TE3003B/build/puzzlebot/prefix_override:/usr/lib/python3/dist-packages/colcon_core/task/python/colcon_distutils_commands:/home/ulisess/TE3003B/minichallenges/TE3003B/install/puzzlebot/lib/python3.10/site-packages:${PYTHONPATH} /usr/bin/python3 -W ignore:setup.py install is deprecated -W ignore:easy_install command is deprecated setup.py egg_info --egg-base build/puzzlebot build --build-base /home/ulisess/TE3003B/minichallenges/TE3003B/build/puzzlebot/build install --record /home/ulisess/TE3003B/minichallenges/TE3003B/build/puzzlebot/install.log --single-version-externally-managed install_data
[1.643s] running egg_info
[1.645s] writing build/puzzlebot/puzzlebot.egg-info/PKG-INFO
[1.645s] writing dependency_links to build/puzzlebot/puzzlebot.egg-info/dependency_links.txt
[1.645s] writing entry points to build/puzzlebot/puzzlebot.egg-info/entry_points.txt
[1.645s] writing requirements to build/puzzlebot/puzzlebot.egg-info/requires.txt
[1.645s] writing top-level names to build/puzzlebot/puzzlebot.egg-info/top_level.txt
[1.650s] reading manifest file 'build/puzzlebot/puzzlebot.egg-info/SOURCES.txt'
[1.650s] adding license file 'LICENSE'
[1.655s] writing manifest file 'build/puzzlebot/puzzlebot.egg-info/SOURCES.txt'
[1.655s] running build
[1.655s] running build_py
[1.657s] running install
[1.658s] running install_lib
[1.661s] running install_data
[1.663s] running install_egg_info
[1.666s] removing '/home/ulisess/TE3003B/minichallenges/TE3003B/install/puzzlebot/lib/python3.10/site-packages/puzzlebot-0.0.0-py3.10.egg-info' (and everything under it)
[1.666s] Copying build/puzzlebot/puzzlebot.egg-info to /home/ulisess/TE3003B/minichallenges/TE3003B/install/puzzlebot/lib/python3.10/site-packages/puzzlebot-0.0.0-py3.10.egg-info
[1.668s] running install_scripts
[1.706s] Installing bug2 script to /home/ulisess/TE3003B/minichallenges/TE3003B/install/puzzlebot/lib/puzzlebot
[1.707s] Installing controller script to /home/ulisess/TE3003B/minichallenges/TE3003B/install/puzzlebot/lib/puzzlebot
[1.707s] Installing joint_state_pub script to /home/ulisess/TE3003B/minichallenges/TE3003B/install/puzzlebot/lib/puzzlebot
[1.708s] Installing localisation script to /home/ulisess/TE3003B/minichallenges/TE3003B/install/puzzlebot/lib/puzzlebot
[1.708s] Installing localisationv2 script to /home/ulisess/TE3003B/minichallenges/TE3003B/install/puzzlebot/lib/puzzlebot
[1.708s] Installing puzzlebot_kinematic_model script to /home/ulisess/TE3003B/minichallenges/TE3003B/install/puzzlebot/lib/puzzlebot
[1.709s] writing list of installed files to '/home/ulisess/TE3003B/minichallenges/TE3003B/build/puzzlebot/install.log'
[1.770s] Invoked command in '/home/ulisess/TE3003B/minichallenges/TE3003B' returned '0': PYTHONPATH=/home/ulisess/TE3003B/minichallenges/TE3003B/build/puzzlebot/prefix_override:/usr/lib/python3/dist-packages/colcon_core/task/python/colcon_distutils_commands:/home/ulisess/TE3003B/minichallenges/TE3003B/install/puzzlebot/lib/python3.10/site-packages:${PYTHONPATH} /usr/bin/python3 -W ignore:setup.py install is deprecated -W ignore:easy_install command is deprecated setup.py egg_info --egg-base build/puzzlebot build --build-base /home/ulisess/TE3003B/minichallenges/TE3003B/build/puzzlebot/build install --record /home/ulisess/TE3003B/minichallenges/TE3003B/build/puzzlebot/install.log --single-version-externally-managed install_data
