[0.688s] DEBUG:colcon:Command line arguments: ['/usr/bin/colcon', 'build']
[0.689s] DEBUG:colcon:Parsed command line arguments: Namespace(log_base=None, log_level=None, verb_name='build', build_base='build', install_base='install', merge_install=False, symlink_install=False, test_result_base=None, continue_on_error=False, executor='parallel', parallel_workers=8, event_handlers=None, ignore_user_meta=False, metas=['./colcon.meta'], base_paths=['.'], packages_ignore=None, packages_ignore_regex=None, paths=None, packages_up_to=None, packages_up_to_regex=None, packages_above=None, packages_above_and_dependencies=None, packages_above_depth=None, packages_select_by_dep=None, packages_skip_by_dep=None, packages_skip_up_to=None, packages_select_build_failed=False, packages_skip_build_finished=False, packages_select_test_failures=False, packages_skip_test_passed=False, packages_select=None, packages_skip=None, packages_select_regex=None, packages_skip_regex=None, packages_start=None, packages_end=None, allow_overriding=[], cmake_args=None, cmake_target=None, cmake_target_skip_unavailable=False, cmake_clean_cache=False, cmake_clean_first=False, cmake_force_configure=False, ament_cmake_args=None, catkin_cmake_args=None, catkin_skip_building_tests=False, mixin_files=None, mixin=None, verb_parser=<colcon_mixin.mixin.mixin_argument.MixinArgumentDecorator object at 0x7ba638a59a80>, verb_extension=<colcon_core.verb.build.BuildVerb object at 0x7ba638a59300>, main=<bound method BuildVerb.main of <colcon_core.verb.build.BuildVerb object at 0x7ba638a59300>>, mixin_verb=('build',))
[1.569s] Level 1:colcon.colcon_core.package_discovery:discover_packages(colcon_meta) check parameters
[1.570s] Level 1:colcon.colcon_core.package_discovery:discover_packages(recursive) check parameters
[1.570s] Level 1:colcon.colcon_core.package_discovery:discover_packages(ignore) check parameters
[1.570s] Level 1:colcon.colcon_core.package_discovery:discover_packages(path) check parameters
[1.570s] Level 1:colcon.colcon_core.package_discovery:discover_packages(colcon_meta) discover
[1.570s] Level 1:colcon.colcon_core.package_discovery:discover_packages(recursive) discover
[1.570s] INFO:colcon.colcon_core.package_discovery:Crawling recursively for packages in '/home/ulisess/TE3003B/minichallenges/TE3003B'
[1.571s] Level 1:colcon.colcon_core.package_identification:_identify(.) by extensions ['ignore', 'ignore_ament_install']
[1.571s] Level 1:colcon.colcon_core.package_identification:_identify(.) by extension 'ignore'
[1.572s] Level 1:colcon.colcon_core.package_identification:_identify(.) by extension 'ignore_ament_install'
[1.572s] Level 1:colcon.colcon_core.package_identification:_identify(.) by extensions ['colcon_pkg']
[1.572s] Level 1:colcon.colcon_core.package_identification:_identify(.) by extension 'colcon_pkg'
[1.572s] Level 1:colcon.colcon_core.package_identification:_identify(.) by extensions ['colcon_meta']
[1.572s] Level 1:colcon.colcon_core.package_identification:_identify(.) by extension 'colcon_meta'
[1.572s] Level 1:colcon.colcon_core.package_identification:_identify(.) by extensions ['ros']
[1.572s] Level 1:colcon.colcon_core.package_identification:_identify(.) by extension 'ros'
[1.623s] DEBUG:colcon.colcon_core.package_identification:Package '.' with type 'ros.ament_python' and name 'puzzlebot'
[1.623s] Level 1:colcon.colcon_core.package_discovery:discover_packages(recursive) using defaults
[1.623s] Level 1:colcon.colcon_core.package_discovery:discover_packages(ignore) discover
[1.624s] Level 1:colcon.colcon_core.package_discovery:discover_packages(ignore) using defaults
[1.624s] Level 1:colcon.colcon_core.package_discovery:discover_packages(path) discover
[1.624s] Level 1:colcon.colcon_core.package_discovery:discover_packages(path) using defaults
[1.747s] Level 1:colcon.colcon_core.package_discovery:discover_packages(prefix_path) check parameters
[1.748s] Level 1:colcon.colcon_core.package_discovery:discover_packages(prefix_path) discover
[1.759s] DEBUG:colcon.colcon_installed_package_information.package_discovery:Found 1 installed packages in /home/ulisess/TE3003B/minichallenges/TE3003B/install
[1.764s] DEBUG:colcon.colcon_installed_package_information.package_discovery:Found 332 installed packages in /opt/ros/humble
[1.767s] Level 1:colcon.colcon_core.package_discovery:discover_packages(prefix_path) using defaults
[1.990s] Level 5:colcon.colcon_core.verb:set package 'puzzlebot' build argument 'cmake_args' from command line to 'None'
[1.990s] Level 5:colcon.colcon_core.verb:set package 'puzzlebot' build argument 'cmake_target' from command line to 'None'
[1.990s] Level 5:colcon.colcon_core.verb:set package 'puzzlebot' build argument 'cmake_target_skip_unavailable' from command line to 'False'
[1.990s] Level 5:colcon.colcon_core.verb:set package 'puzzlebot' build argument 'cmake_clean_cache' from command line to 'False'
[1.990s] Level 5:colcon.colcon_core.verb:set package 'puzzlebot' build argument 'cmake_clean_first' from command line to 'False'
[1.991s] Level 5:colcon.colcon_core.verb:set package 'puzzlebot' build argument 'cmake_force_configure' from command line to 'False'
[1.991s] Level 5:colcon.colcon_core.verb:set package 'puzzlebot' build argument 'ament_cmake_args' from command line to 'None'
[1.991s] Level 5:colcon.colcon_core.verb:set package 'puzzlebot' build argument 'catkin_cmake_args' from command line to 'None'
[1.991s] Level 5:colcon.colcon_core.verb:set package 'puzzlebot' build argument 'catkin_skip_building_tests' from command line to 'False'
[1.991s] DEBUG:colcon.colcon_core.verb:Building package 'puzzlebot' with the following arguments: {'ament_cmake_args': None, 'build_base': '/home/ulisess/TE3003B/minichallenges/TE3003B/build/puzzlebot', 'catkin_cmake_args': None, 'catkin_skip_building_tests': False, 'cmake_args': None, 'cmake_clean_cache': False, 'cmake_clean_first': False, 'cmake_force_configure': False, 'cmake_target': None, 'cmake_target_skip_unavailable': False, 'install_base': '/home/ulisess/TE3003B/minichallenges/TE3003B/install/puzzlebot', 'merge_install': False, 'path': '/home/ulisess/TE3003B/minichallenges/TE3003B', 'symlink_install': False, 'test_result_base': None}
[1.991s] INFO:colcon.colcon_core.executor:Executing jobs using 'parallel' executor
[1.995s] DEBUG:colcon.colcon_parallel_executor.executor.parallel:run_until_complete
[1.996s] INFO:colcon.colcon_ros.task.ament_python.build:Building ROS package in '/home/ulisess/TE3003B/minichallenges/TE3003B' with build type 'ament_python'
[1.997s] Level 1:colcon.colcon_core.shell:create_environment_hook('puzzlebot', 'ament_prefix_path')
[2.013s] INFO:colcon.colcon_core.plugin_system:Skipping extension 'colcon_core.shell.bat': Not used on non-Windows systems
[2.014s] INFO:colcon.colcon_core.shell:Creating environment hook '/home/ulisess/TE3003B/minichallenges/TE3003B/install/puzzlebot/share/puzzlebot/hook/ament_prefix_path.ps1'
[2.018s] INFO:colcon.colcon_core.shell:Creating environment descriptor '/home/ulisess/TE3003B/minichallenges/TE3003B/install/puzzlebot/share/puzzlebot/hook/ament_prefix_path.dsv'
[2.020s] INFO:colcon.colcon_core.shell:Creating environment hook '/home/ulisess/TE3003B/minichallenges/TE3003B/install/puzzlebot/share/puzzlebot/hook/ament_prefix_path.sh'
[2.023s] INFO:colcon.colcon_core.shell:Skip shell extension 'powershell' for command environment: Not usable outside of PowerShell
[2.024s] DEBUG:colcon.colcon_core.shell:Skip shell extension 'dsv' for command environment
[2.841s] INFO:colcon.colcon_core.task.python.build:Building Python package in '/home/ulisess/TE3003B/minichallenges/TE3003B'
[2.842s] INFO:colcon.colcon_core.shell:Skip shell extension 'powershell' for command environment: Not usable outside of PowerShell
[2.842s] DEBUG:colcon.colcon_core.shell:Skip shell extension 'dsv' for command environment
[4.350s] DEBUG:colcon.colcon_core.event_handler.log_command:Invoking command in '/home/ulisess/TE3003B/minichallenges/TE3003B': PYTHONPATH=/home/ulisess/TE3003B/minichallenges/TE3003B/build/puzzlebot/prefix_override:/usr/lib/python3/dist-packages/colcon_core/task/python/colcon_distutils_commands:/home/ulisess/TE3003B/minichallenges/TE3003B/install/puzzlebot/lib/python3.10/site-packages:${PYTHONPATH} /usr/bin/python3 -W ignore:setup.py install is deprecated -W ignore:easy_install command is deprecated setup.py egg_info --egg-base build/puzzlebot build --build-base /home/ulisess/TE3003B/minichallenges/TE3003B/build/puzzlebot/build install --record /home/ulisess/TE3003B/minichallenges/TE3003B/build/puzzlebot/install.log --single-version-externally-managed install_data
[5.402s] DEBUG:colcon.colcon_core.event_handler.log_command:Invoked command in '/home/ulisess/TE3003B/minichallenges/TE3003B' returned '0': PYTHONPATH=/home/ulisess/TE3003B/minichallenges/TE3003B/build/puzzlebot/prefix_override:/usr/lib/python3/dist-packages/colcon_core/task/python/colcon_distutils_commands:/home/ulisess/TE3003B/minichallenges/TE3003B/install/puzzlebot/lib/python3.10/site-packages:${PYTHONPATH} /usr/bin/python3 -W ignore:setup.py install is deprecated -W ignore:easy_install command is deprecated setup.py egg_info --egg-base build/puzzlebot build --build-base /home/ulisess/TE3003B/minichallenges/TE3003B/build/puzzlebot/build install --record /home/ulisess/TE3003B/minichallenges/TE3003B/build/puzzlebot/install.log --single-version-externally-managed install_data
[5.417s] Level 1:colcon.colcon_core.environment:checking '/home/ulisess/TE3003B/minichallenges/TE3003B/install/puzzlebot' for CMake module files
[5.419s] Level 1:colcon.colcon_core.environment:checking '/home/ulisess/TE3003B/minichallenges/TE3003B/install/puzzlebot' for CMake config files
[5.422s] Level 1:colcon.colcon_core.environment:checking '/home/ulisess/TE3003B/minichallenges/TE3003B/install/puzzlebot/lib'
[5.423s] Level 1:colcon.colcon_core.environment:checking '/home/ulisess/TE3003B/minichallenges/TE3003B/install/puzzlebot/bin'
[5.424s] Level 1:colcon.colcon_core.environment:checking '/home/ulisess/TE3003B/minichallenges/TE3003B/install/puzzlebot/lib/pkgconfig/puzzlebot.pc'
[5.425s] Level 1:colcon.colcon_core.environment:checking '/home/ulisess/TE3003B/minichallenges/TE3003B/install/puzzlebot/lib/python3.10/site-packages'
[5.425s] Level 1:colcon.colcon_core.shell:create_environment_hook('puzzlebot', 'pythonpath')
[5.427s] INFO:colcon.colcon_core.shell:Creating environment hook '/home/ulisess/TE3003B/minichallenges/TE3003B/install/puzzlebot/share/puzzlebot/hook/pythonpath.ps1'
[5.429s] INFO:colcon.colcon_core.shell:Creating environment descriptor '/home/ulisess/TE3003B/minichallenges/TE3003B/install/puzzlebot/share/puzzlebot/hook/pythonpath.dsv'
[5.431s] INFO:colcon.colcon_core.shell:Creating environment hook '/home/ulisess/TE3003B/minichallenges/TE3003B/install/puzzlebot/share/puzzlebot/hook/pythonpath.sh'
[5.434s] Level 1:colcon.colcon_core.environment:checking '/home/ulisess/TE3003B/minichallenges/TE3003B/install/puzzlebot/bin'
[5.434s] Level 1:colcon.colcon_core.environment:create_environment_scripts_only(puzzlebot)
[5.437s] INFO:colcon.colcon_core.shell:Creating package script '/home/ulisess/TE3003B/minichallenges/TE3003B/install/puzzlebot/share/puzzlebot/package.ps1'
[5.440s] INFO:colcon.colcon_core.shell:Creating package descriptor '/home/ulisess/TE3003B/minichallenges/TE3003B/install/puzzlebot/share/puzzlebot/package.dsv'
[5.445s] INFO:colcon.colcon_core.shell:Creating package script '/home/ulisess/TE3003B/minichallenges/TE3003B/install/puzzlebot/share/puzzlebot/package.sh'
[5.449s] INFO:colcon.colcon_core.shell:Creating package script '/home/ulisess/TE3003B/minichallenges/TE3003B/install/puzzlebot/share/puzzlebot/package.bash'
[5.456s] INFO:colcon.colcon_core.shell:Creating package script '/home/ulisess/TE3003B/minichallenges/TE3003B/install/puzzlebot/share/puzzlebot/package.zsh'
[5.461s] Level 1:colcon.colcon_core.environment:create_file_with_runtime_dependencies(/home/ulisess/TE3003B/minichallenges/TE3003B/install/puzzlebot/share/colcon-core/packages/puzzlebot)
[5.463s] DEBUG:colcon.colcon_parallel_executor.executor.parallel:closing loop
[5.464s] DEBUG:colcon.colcon_parallel_executor.executor.parallel:loop closed
[5.464s] DEBUG:colcon.colcon_parallel_executor.executor.parallel:run_until_complete finished with '0'
[5.465s] DEBUG:colcon.colcon_core.event_reactor:joining thread
[5.495s] INFO:colcon.colcon_core.plugin_system:Skipping extension 'colcon_notification.desktop_notification.terminal_notifier': Not used on non-Darwin systems
[5.495s] INFO:colcon.colcon_core.plugin_system:Skipping extension 'colcon_notification.desktop_notification.win32': Not used on non-Windows systems
[5.496s] INFO:colcon.colcon_notification.desktop_notification:Sending desktop notification using 'notify2'
[5.553s] DEBUG:colcon.colcon_core.event_reactor:joined thread
[5.554s] INFO:colcon.colcon_core.shell:Creating prefix script '/home/ulisess/TE3003B/minichallenges/TE3003B/install/local_setup.ps1'
[5.559s] INFO:colcon.colcon_core.shell:Creating prefix util module '/home/ulisess/TE3003B/minichallenges/TE3003B/install/_local_setup_util_ps1.py'
[5.565s] INFO:colcon.colcon_core.shell:Creating prefix chain script '/home/ulisess/TE3003B/minichallenges/TE3003B/install/setup.ps1'
[5.569s] INFO:colcon.colcon_core.shell:Creating prefix script '/home/ulisess/TE3003B/minichallenges/TE3003B/install/local_setup.sh'
[5.571s] INFO:colcon.colcon_core.shell:Creating prefix util module '/home/ulisess/TE3003B/minichallenges/TE3003B/install/_local_setup_util_sh.py'
[5.574s] INFO:colcon.colcon_core.shell:Creating prefix chain script '/home/ulisess/TE3003B/minichallenges/TE3003B/install/setup.sh'
[5.580s] INFO:colcon.colcon_core.shell:Creating prefix script '/home/ulisess/TE3003B/minichallenges/TE3003B/install/local_setup.bash'
[5.583s] INFO:colcon.colcon_core.shell:Creating prefix chain script '/home/ulisess/TE3003B/minichallenges/TE3003B/install/setup.bash'
[5.586s] INFO:colcon.colcon_core.shell:Creating prefix script '/home/ulisess/TE3003B/minichallenges/TE3003B/install/local_setup.zsh'
[5.589s] INFO:colcon.colcon_core.shell:Creating prefix chain script '/home/ulisess/TE3003B/minichallenges/TE3003B/install/setup.zsh'
