running egg_info
writing ../build/equipo6/equipo6.egg-info/PKG-INFO
writing dependency_links to ../build/equipo6/equipo6.egg-info/dependency_links.txt
writing entry points to ../build/equipo6/equipo6.egg-info/entry_points.txt
writing requirements to ../build/equipo6/equipo6.egg-info/requires.txt
writing top-level names to ../build/equipo6/equipo6.egg-info/top_level.txt
reading manifest file '../build/equipo6/equipo6.egg-info/SOURCES.txt'
writing manifest file '../build/equipo6/equipo6.egg-info/SOURCES.txt'
running build
running build_py
copying equipo6/joint_state_pub.py -> /home/ulisess/TE3003B/build/equipo6/build/lib/equipo6
copying equipo6/__init__.py -> /home/ulisess/TE3003B/build/equipo6/build/lib/equipo6
copying equipo6/minichallenge1.py -> /home/ulisess/TE3003B/build/equipo6/build/lib/equipo6
running install
running install_lib
copying /home/ulisess/TE3003B/build/equipo6/build/lib/equipo6/joint_state_pub.py -> /home/ulisess/TE3003B/install/equipo6/lib/python3.10/site-packages/equipo6
copying /home/ulisess/TE3003B/build/equipo6/build/lib/equipo6/__init__.py -> /home/ulisess/TE3003B/install/equipo6/lib/python3.10/site-packages/equipo6
copying /home/ulisess/TE3003B/build/equipo6/build/lib/equipo6/minichallenge1.py -> /home/ulisess/TE3003B/install/equipo6/lib/python3.10/site-packages/equipo6
byte-compiling /home/ulisess/TE3003B/install/equipo6/lib/python3.10/site-packages/equipo6/joint_state_pub.py to joint_state_pub.cpython-310.pyc
byte-compiling /home/ulisess/TE3003B/install/equipo6/lib/python3.10/site-packages/equipo6/__init__.py to __init__.cpython-310.pyc
byte-compiling /home/ulisess/TE3003B/install/equipo6/lib/python3.10/site-packages/equipo6/minichallenge1.py to minichallenge1.cpython-310.pyc
running install_data
copying resource/equipo6 -> /home/ulisess/TE3003B/install/equipo6/share/ament_index/resource_index/packages
copying package.xml -> /home/ulisess/TE3003B/install/equipo6/share/equipo6
running install_egg_info
removing '/home/ulisess/TE3003B/install/equipo6/lib/python3.10/site-packages/equipo6-0.0.0-py3.10.egg-info' (and everything under it)
Copying ../build/equipo6/equipo6.egg-info to /home/ulisess/TE3003B/install/equipo6/lib/python3.10/site-packages/equipo6-0.0.0-py3.10.egg-info
running install_scripts
writing list of installed files to '/home/ulisess/TE3003B/build/equipo6/install.log'
