[0.735s] Invoking command in '/home/ulisess/TE3003B/equipo6': PYTHONPATH=/home/ulisess/TE3003B/build/equipo6/prefix_override:/usr/lib/python3/dist-packages/colcon_core/task/python/colcon_distutils_commands:/home/ulisess/TE3003B/install/equipo6/lib/python3.10/site-packages:${PYTHONPATH} /usr/bin/python3 -W ignore:setup.py install is deprecated -W ignore:easy_install command is deprecated setup.py egg_info --egg-base ../build/equipo6 build --build-base /home/ulisess/TE3003B/build/equipo6/build install --record /home/ulisess/TE3003B/build/equipo6/install.log --single-version-externally-managed install_data
[1.061s] running egg_info
[1.062s] writing ../build/equipo6/equipo6.egg-info/PKG-INFO
[1.062s] writing dependency_links to ../build/equipo6/equipo6.egg-info/dependency_links.txt
[1.063s] writing entry points to ../build/equipo6/equipo6.egg-info/entry_points.txt
[1.063s] writing requirements to ../build/equipo6/equipo6.egg-info/requires.txt
[1.063s] writing top-level names to ../build/equipo6/equipo6.egg-info/top_level.txt
[1.065s] reading manifest file '../build/equipo6/equipo6.egg-info/SOURCES.txt'
[1.066s] writing manifest file '../build/equipo6/equipo6.egg-info/SOURCES.txt'
[1.066s] running build
[1.067s] running build_py
[1.067s] copying equipo6/joint_state_pub.py -> /home/ulisess/TE3003B/build/equipo6/build/lib/equipo6
[1.067s] copying equipo6/__init__.py -> /home/ulisess/TE3003B/build/equipo6/build/lib/equipo6
[1.067s] copying equipo6/minichallenge1.py -> /home/ulisess/TE3003B/build/equipo6/build/lib/equipo6
[1.067s] running install
[1.068s] running install_lib
[1.068s] copying /home/ulisess/TE3003B/build/equipo6/build/lib/equipo6/joint_state_pub.py -> /home/ulisess/TE3003B/install/equipo6/lib/python3.10/site-packages/equipo6
[1.068s] copying /home/ulisess/TE3003B/build/equipo6/build/lib/equipo6/__init__.py -> /home/ulisess/TE3003B/install/equipo6/lib/python3.10/site-packages/equipo6
[1.069s] copying /home/ulisess/TE3003B/build/equipo6/build/lib/equipo6/minichallenge1.py -> /home/ulisess/TE3003B/install/equipo6/lib/python3.10/site-packages/equipo6
[1.069s] byte-compiling /home/ulisess/TE3003B/install/equipo6/lib/python3.10/site-packages/equipo6/joint_state_pub.py to joint_state_pub.cpython-310.pyc
[1.070s] byte-compiling /home/ulisess/TE3003B/install/equipo6/lib/python3.10/site-packages/equipo6/__init__.py to __init__.cpython-310.pyc
[1.070s] byte-compiling /home/ulisess/TE3003B/install/equipo6/lib/python3.10/site-packages/equipo6/minichallenge1.py to minichallenge1.cpython-310.pyc
[1.071s] running install_data
[1.071s] copying resource/equipo6 -> /home/ulisess/TE3003B/install/equipo6/share/ament_index/resource_index/packages
[1.072s] copying package.xml -> /home/ulisess/TE3003B/install/equipo6/share/equipo6
[1.072s] running install_egg_info
[1.074s] removing '/home/ulisess/TE3003B/install/equipo6/lib/python3.10/site-packages/equipo6-0.0.0-py3.10.egg-info' (and everything under it)
[1.074s] Copying ../build/equipo6/equipo6.egg-info to /home/ulisess/TE3003B/install/equipo6/lib/python3.10/site-packages/equipo6-0.0.0-py3.10.egg-info
[1.075s] running install_scripts
[1.099s] writing list of installed files to '/home/ulisess/TE3003B/build/equipo6/install.log'
[1.140s] Invoked command in '/home/ulisess/TE3003B/equipo6' returned '0': PYTHONPATH=/home/ulisess/TE3003B/build/equipo6/prefix_override:/usr/lib/python3/dist-packages/colcon_core/task/python/colcon_distutils_commands:/home/ulisess/TE3003B/install/equipo6/lib/python3.10/site-packages:${PYTHONPATH} /usr/bin/python3 -W ignore:setup.py install is deprecated -W ignore:easy_install command is deprecated setup.py egg_info --egg-base ../build/equipo6 build --build-base /home/ulisess/TE3003B/build/equipo6/build install --record /home/ulisess/TE3003B/build/equipo6/install.log --single-version-externally-managed install_data
