[0.144s] DEBUG:colcon:Command line arguments: ['/usr/bin/colcon', 'build']
[0.144s] DEBUG:colcon:Parsed command line arguments: Namespace(log_base=None, log_level=None, verb_name='build', build_base='build', install_base='install', merge_install=False, symlink_install=False, test_result_base=None, continue_on_error=False, executor='parallel', parallel_workers=12, event_handlers=None, ignore_user_meta=False, metas=['./colcon.meta'], base_paths=['.'], packages_ignore=None, packages_ignore_regex=None, paths=None, packages_up_to=None, packages_up_to_regex=None, packages_above=None, packages_above_and_dependencies=None, packages_above_depth=None, packages_select_by_dep=None, packages_skip_by_dep=None, packages_skip_up_to=None, packages_select_build_failed=False, packages_skip_build_finished=False, packages_select_test_failures=False, packages_skip_test_passed=False, packages_select=None, packages_skip=None, packages_select_regex=None, packages_skip_regex=None, packages_start=None, packages_end=None, allow_overriding=[], cmake_args=None, cmake_target=None, cmake_target_skip_unavailable=False, cmake_clean_cache=False, cmake_clean_first=False, cmake_force_configure=False, ament_cmake_args=None, catkin_cmake_args=None, catkin_skip_building_tests=False, mixin_files=None, mixin=None, verb_parser=<colcon_mixin.mixin.mixin_argument.MixinArgumentDecorator object at 0x78ae2757ca30>, verb_extension=<colcon_core.verb.build.BuildVerb object at 0x78ae27685960>, main=<bound method BuildVerb.main of <colcon_core.verb.build.BuildVerb object at 0x78ae27685960>>, mixin_verb=('build',))
[0.361s] Level 1:colcon.colcon_core.package_discovery:discover_packages(colcon_meta) check parameters
[0.361s] Level 1:colcon.colcon_core.package_discovery:discover_packages(recursive) check parameters
[0.361s] Level 1:colcon.colcon_core.package_discovery:discover_packages(ignore) check parameters
[0.361s] Level 1:colcon.colcon_core.package_discovery:discover_packages(path) check parameters
[0.361s] Level 1:colcon.colcon_core.package_discovery:discover_packages(colcon_meta) discover
[0.361s] Level 1:colcon.colcon_core.package_discovery:discover_packages(recursive) discover
[0.361s] INFO:colcon.colcon_core.package_discovery:Crawling recursively for packages in '/home/alexl/final_ws'
[0.361s] Level 1:colcon.colcon_core.package_identification:_identify(.) by extensions ['ignore', 'ignore_ament_install']
[0.361s] Level 1:colcon.colcon_core.package_identification:_identify(.) by extension 'ignore'
[0.361s] Level 1:colcon.colcon_core.package_identification:_identify(.) by extension 'ignore_ament_install'
[0.361s] Level 1:colcon.colcon_core.package_identification:_identify(.) by extensions ['colcon_pkg']
[0.361s] Level 1:colcon.colcon_core.package_identification:_identify(.) by extension 'colcon_pkg'
[0.361s] Level 1:colcon.colcon_core.package_identification:_identify(.) by extensions ['colcon_meta']
[0.361s] Level 1:colcon.colcon_core.package_identification:_identify(.) by extension 'colcon_meta'
[0.361s] Level 1:colcon.colcon_core.package_identification:_identify(.) by extensions ['ros']
[0.361s] Level 1:colcon.colcon_core.package_identification:_identify(.) by extension 'ros'
[0.372s] Level 1:colcon.colcon_core.package_identification:_identify(.) by extensions ['cmake', 'python']
[0.372s] Level 1:colcon.colcon_core.package_identification:_identify(.) by extension 'cmake'
[0.372s] Level 1:colcon.colcon_core.package_identification:_identify(.) by extension 'python'
[0.372s] Level 1:colcon.colcon_core.package_identification:_identify(.) by extensions ['python_setup_py']
[0.372s] Level 1:colcon.colcon_core.package_identification:_identify(.) by extension 'python_setup_py'
[0.372s] Level 1:colcon.colcon_core.package_identification:_identify(build) by extensions ['ignore', 'ignore_ament_install']
[0.372s] Level 1:colcon.colcon_core.package_identification:_identify(build) by extension 'ignore'
[0.372s] Level 1:colcon.colcon_core.package_identification:_identify(build) ignored
[0.372s] Level 1:colcon.colcon_core.package_identification:_identify(install) by extensions ['ignore', 'ignore_ament_install']
[0.372s] Level 1:colcon.colcon_core.package_identification:_identify(install) by extension 'ignore'
[0.372s] Level 1:colcon.colcon_core.package_identification:_identify(install) ignored
[0.372s] Level 1:colcon.colcon_core.package_identification:_identify(log) by extensions ['ignore', 'ignore_ament_install']
[0.372s] Level 1:colcon.colcon_core.package_identification:_identify(log) by extension 'ignore'
[0.372s] Level 1:colcon.colcon_core.package_identification:_identify(log) ignored
[0.372s] Level 1:colcon.colcon_core.package_identification:_identify(src) by extensions ['ignore', 'ignore_ament_install']
[0.373s] Level 1:colcon.colcon_core.package_identification:_identify(src) by extension 'ignore'
[0.373s] Level 1:colcon.colcon_core.package_identification:_identify(src) by extension 'ignore_ament_install'
[0.373s] Level 1:colcon.colcon_core.package_identification:_identify(src) by extensions ['colcon_pkg']
[0.373s] Level 1:colcon.colcon_core.package_identification:_identify(src) by extension 'colcon_pkg'
[0.373s] Level 1:colcon.colcon_core.package_identification:_identify(src) by extensions ['colcon_meta']
[0.373s] Level 1:colcon.colcon_core.package_identification:_identify(src) by extension 'colcon_meta'
[0.373s] Level 1:colcon.colcon_core.package_identification:_identify(src) by extensions ['ros']
[0.373s] Level 1:colcon.colcon_core.package_identification:_identify(src) by extension 'ros'
[0.373s] Level 1:colcon.colcon_core.package_identification:_identify(src) by extensions ['cmake', 'python']
[0.373s] Level 1:colcon.colcon_core.package_identification:_identify(src) by extension 'cmake'
[0.373s] Level 1:colcon.colcon_core.package_identification:_identify(src) by extension 'python'
[0.373s] Level 1:colcon.colcon_core.package_identification:_identify(src) by extensions ['python_setup_py']
[0.373s] Level 1:colcon.colcon_core.package_identification:_identify(src) by extension 'python_setup_py'
[0.373s] Level 1:colcon.colcon_core.package_identification:_identify(src/puzzlebot) by extensions ['ignore', 'ignore_ament_install']
[0.373s] Level 1:colcon.colcon_core.package_identification:_identify(src/puzzlebot) by extension 'ignore'
[0.373s] Level 1:colcon.colcon_core.package_identification:_identify(src/puzzlebot) by extension 'ignore_ament_install'
[0.373s] Level 1:colcon.colcon_core.package_identification:_identify(src/puzzlebot) by extensions ['colcon_pkg']
[0.373s] Level 1:colcon.colcon_core.package_identification:_identify(src/puzzlebot) by extension 'colcon_pkg'
[0.373s] Level 1:colcon.colcon_core.package_identification:_identify(src/puzzlebot) by extensions ['colcon_meta']
[0.373s] Level 1:colcon.colcon_core.package_identification:_identify(src/puzzlebot) by extension 'colcon_meta'
[0.373s] Level 1:colcon.colcon_core.package_identification:_identify(src/puzzlebot) by extensions ['ros']
[0.373s] Level 1:colcon.colcon_core.package_identification:_identify(src/puzzlebot) by extension 'ros'
[0.376s] DEBUG:colcon.colcon_core.package_identification:Package 'src/puzzlebot' with type 'ros.ament_python' and name 'puzzlebot'
[0.376s] Level 1:colcon.colcon_core.package_identification:_identify(src/puzzlebot_aruco_msgs) by extensions ['ignore', 'ignore_ament_install']
[0.376s] Level 1:colcon.colcon_core.package_identification:_identify(src/puzzlebot_aruco_msgs) by extension 'ignore'
[0.376s] Level 1:colcon.colcon_core.package_identification:_identify(src/puzzlebot_aruco_msgs) by extension 'ignore_ament_install'
[0.376s] Level 1:colcon.colcon_core.package_identification:_identify(src/puzzlebot_aruco_msgs) by extensions ['colcon_pkg']
[0.376s] Level 1:colcon.colcon_core.package_identification:_identify(src/puzzlebot_aruco_msgs) by extension 'colcon_pkg'
[0.376s] Level 1:colcon.colcon_core.package_identification:_identify(src/puzzlebot_aruco_msgs) by extensions ['colcon_meta']
[0.376s] Level 1:colcon.colcon_core.package_identification:_identify(src/puzzlebot_aruco_msgs) by extension 'colcon_meta'
[0.376s] Level 1:colcon.colcon_core.package_identification:_identify(src/puzzlebot_aruco_msgs) by extensions ['ros']
[0.376s] Level 1:colcon.colcon_core.package_identification:_identify(src/puzzlebot_aruco_msgs) by extension 'ros'
[0.377s] DEBUG:colcon.colcon_core.package_identification:Package 'src/puzzlebot_aruco_msgs' with type 'ros.ament_cmake' and name 'puzzlebot_aruco_msgs'
[0.377s] Level 1:colcon.colcon_core.package_discovery:discover_packages(recursive) using defaults
[0.377s] Level 1:colcon.colcon_core.package_discovery:discover_packages(ignore) discover
[0.377s] Level 1:colcon.colcon_core.package_discovery:discover_packages(ignore) using defaults
[0.377s] Level 1:colcon.colcon_core.package_discovery:discover_packages(path) discover
[0.377s] Level 1:colcon.colcon_core.package_discovery:discover_packages(path) using defaults
[0.412s] Level 1:colcon.colcon_core.package_discovery:discover_packages(prefix_path) check parameters
[0.412s] Level 1:colcon.colcon_core.package_discovery:discover_packages(prefix_path) discover
[0.416s] DEBUG:colcon.colcon_installed_package_information.package_discovery:Found 8 installed packages in /home/alexl/ros2_ws/install
[0.417s] DEBUG:colcon.colcon_installed_package_information.package_discovery:Found 1 installed packages in /home/alexl/TE3003B/install
[0.417s] DEBUG:colcon.colcon_installed_package_information.package_discovery:Found 1 installed packages in /home/alexl/ros2_ws/src/mobile_robotics/install
[0.420s] DEBUG:colcon.colcon_installed_package_information.package_discovery:Found 426 installed packages in /opt/ros/humble
[0.421s] Level 1:colcon.colcon_core.package_discovery:discover_packages(prefix_path) using defaults
[0.489s] Level 5:colcon.colcon_core.verb:set package 'puzzlebot' build argument 'cmake_args' from command line to 'None'
[0.489s] Level 5:colcon.colcon_core.verb:set package 'puzzlebot' build argument 'cmake_target' from command line to 'None'
[0.489s] Level 5:colcon.colcon_core.verb:set package 'puzzlebot' build argument 'cmake_target_skip_unavailable' from command line to 'False'
[0.489s] Level 5:colcon.colcon_core.verb:set package 'puzzlebot' build argument 'cmake_clean_cache' from command line to 'False'
[0.489s] Level 5:colcon.colcon_core.verb:set package 'puzzlebot' build argument 'cmake_clean_first' from command line to 'False'
[0.489s] Level 5:colcon.colcon_core.verb:set package 'puzzlebot' build argument 'cmake_force_configure' from command line to 'False'
[0.489s] Level 5:colcon.colcon_core.verb:set package 'puzzlebot' build argument 'ament_cmake_args' from command line to 'None'
[0.489s] Level 5:colcon.colcon_core.verb:set package 'puzzlebot' build argument 'catkin_cmake_args' from command line to 'None'
[0.489s] Level 5:colcon.colcon_core.verb:set package 'puzzlebot' build argument 'catkin_skip_building_tests' from command line to 'False'
[0.489s] DEBUG:colcon.colcon_core.verb:Building package 'puzzlebot' with the following arguments: {'ament_cmake_args': None, 'build_base': '/home/alexl/final_ws/build/puzzlebot', 'catkin_cmake_args': None, 'catkin_skip_building_tests': False, 'cmake_args': None, 'cmake_clean_cache': False, 'cmake_clean_first': False, 'cmake_force_configure': False, 'cmake_target': None, 'cmake_target_skip_unavailable': False, 'install_base': '/home/alexl/final_ws/install/puzzlebot', 'merge_install': False, 'path': '/home/alexl/final_ws/src/puzzlebot', 'symlink_install': False, 'test_result_base': None}
[0.489s] Level 5:colcon.colcon_core.verb:set package 'puzzlebot_aruco_msgs' build argument 'cmake_args' from command line to 'None'
[0.490s] Level 5:colcon.colcon_core.verb:set package 'puzzlebot_aruco_msgs' build argument 'cmake_target' from command line to 'None'
[0.490s] Level 5:colcon.colcon_core.verb:set package 'puzzlebot_aruco_msgs' build argument 'cmake_target_skip_unavailable' from command line to 'False'
[0.490s] Level 5:colcon.colcon_core.verb:set package 'puzzlebot_aruco_msgs' build argument 'cmake_clean_cache' from command line to 'False'
[0.490s] Level 5:colcon.colcon_core.verb:set package 'puzzlebot_aruco_msgs' build argument 'cmake_clean_first' from command line to 'False'
[0.490s] Level 5:colcon.colcon_core.verb:set package 'puzzlebot_aruco_msgs' build argument 'cmake_force_configure' from command line to 'False'
[0.490s] Level 5:colcon.colcon_core.verb:set package 'puzzlebot_aruco_msgs' build argument 'ament_cmake_args' from command line to 'None'
[0.490s] Level 5:colcon.colcon_core.verb:set package 'puzzlebot_aruco_msgs' build argument 'catkin_cmake_args' from command line to 'None'
[0.490s] Level 5:colcon.colcon_core.verb:set package 'puzzlebot_aruco_msgs' build argument 'catkin_skip_building_tests' from command line to 'False'
[0.490s] DEBUG:colcon.colcon_core.verb:Building package 'puzzlebot_aruco_msgs' with the following arguments: {'ament_cmake_args': None, 'build_base': '/home/alexl/final_ws/build/puzzlebot_aruco_msgs', 'catkin_cmake_args': None, 'catkin_skip_building_tests': False, 'cmake_args': None, 'cmake_clean_cache': False, 'cmake_clean_first': False, 'cmake_force_configure': False, 'cmake_target': None, 'cmake_target_skip_unavailable': False, 'install_base': '/home/alexl/final_ws/install/puzzlebot_aruco_msgs', 'merge_install': False, 'path': '/home/alexl/final_ws/src/puzzlebot_aruco_msgs', 'symlink_install': False, 'test_result_base': None}
[0.490s] INFO:colcon.colcon_core.executor:Executing jobs using 'parallel' executor
[0.491s] DEBUG:colcon.colcon_parallel_executor.executor.parallel:run_until_complete
[0.491s] INFO:colcon.colcon_ros.task.ament_python.build:Building ROS package in '/home/alexl/final_ws/src/puzzlebot' with build type 'ament_python'
[0.491s] Level 1:colcon.colcon_core.shell:create_environment_hook('puzzlebot', 'ament_prefix_path')
[0.494s] INFO:colcon.colcon_core.plugin_system:Skipping extension 'colcon_core.shell.bat': Not used on non-Windows systems
[0.494s] INFO:colcon.colcon_core.shell:Creating environment hook '/home/alexl/final_ws/install/puzzlebot/share/puzzlebot/hook/ament_prefix_path.ps1'
[0.495s] INFO:colcon.colcon_core.shell:Creating environment descriptor '/home/alexl/final_ws/install/puzzlebot/share/puzzlebot/hook/ament_prefix_path.dsv'
[0.495s] INFO:colcon.colcon_core.shell:Creating environment hook '/home/alexl/final_ws/install/puzzlebot/share/puzzlebot/hook/ament_prefix_path.sh'
[0.496s] INFO:colcon.colcon_core.shell:Skip shell extension 'powershell' for command environment: Not usable outside of PowerShell
[0.496s] DEBUG:colcon.colcon_core.shell:Skip shell extension 'dsv' for command environment
[0.501s] INFO:colcon.colcon_ros.task.ament_cmake.build:Building ROS package in '/home/alexl/final_ws/src/puzzlebot_aruco_msgs' with build type 'ament_cmake'
[0.501s] INFO:colcon.colcon_cmake.task.cmake.build:Building CMake package in '/home/alexl/final_ws/src/puzzlebot_aruco_msgs'
[0.501s] INFO:colcon.colcon_core.shell:Skip shell extension 'powershell' for command environment: Not usable outside of PowerShell
[0.501s] DEBUG:colcon.colcon_core.shell:Skip shell extension 'dsv' for command environment
[0.763s] INFO:colcon.colcon_core.task.python.build:Building Python package in '/home/alexl/final_ws/src/puzzlebot'
[0.764s] INFO:colcon.colcon_core.shell:Skip shell extension 'powershell' for command environment: Not usable outside of PowerShell
[0.764s] DEBUG:colcon.colcon_core.shell:Skip shell extension 'dsv' for command environment
[0.772s] DEBUG:colcon.colcon_core.event_handler.log_command:Invoking command in '/home/alexl/final_ws/build/puzzlebot_aruco_msgs': CMAKE_PREFIX_PATH=/home/alexl/ros2_ws/install/tf_examples:/home/alexl/ros2_ws/install/puzzlebot_sim:/home/alexl/ros2_ws/install/puzzlebot_gazebo:/home/alexl/ros2_ws/install/puzzlebot_description:/home/alexl/ros2_ws/install/puzzle_drone:/home/alexl/ros2_ws/install/motor_control:/home/alexl/ros2_ws/install/mobile_robotics:/home/alexl/ros2_ws/install/challenge:/home/alexl/TE3003B/install/puzzlebot:/home/alexl/ros2_ws/src/mobile_robotics/install/mobile_robotics:/opt/ros/humble /usr/bin/cmake --build /home/alexl/final_ws/build/puzzlebot_aruco_msgs -- -j12 -l12
[1.123s] DEBUG:colcon.colcon_core.event_handler.log_command:Invoked command in '/home/alexl/final_ws/build/puzzlebot_aruco_msgs' returned '0': CMAKE_PREFIX_PATH=/home/alexl/ros2_ws/install/tf_examples:/home/alexl/ros2_ws/install/puzzlebot_sim:/home/alexl/ros2_ws/install/puzzlebot_gazebo:/home/alexl/ros2_ws/install/puzzlebot_description:/home/alexl/ros2_ws/install/puzzle_drone:/home/alexl/ros2_ws/install/motor_control:/home/alexl/ros2_ws/install/mobile_robotics:/home/alexl/ros2_ws/install/challenge:/home/alexl/TE3003B/install/puzzlebot:/home/alexl/ros2_ws/src/mobile_robotics/install/mobile_robotics:/opt/ros/humble /usr/bin/cmake --build /home/alexl/final_ws/build/puzzlebot_aruco_msgs -- -j12 -l12
[1.135s] DEBUG:colcon.colcon_core.event_handler.log_command:Invoking command in '/home/alexl/final_ws/build/puzzlebot_aruco_msgs': CMAKE_PREFIX_PATH=/home/alexl/ros2_ws/install/tf_examples:/home/alexl/ros2_ws/install/puzzlebot_sim:/home/alexl/ros2_ws/install/puzzlebot_gazebo:/home/alexl/ros2_ws/install/puzzlebot_description:/home/alexl/ros2_ws/install/puzzle_drone:/home/alexl/ros2_ws/install/motor_control:/home/alexl/ros2_ws/install/mobile_robotics:/home/alexl/ros2_ws/install/challenge:/home/alexl/TE3003B/install/puzzlebot:/home/alexl/ros2_ws/src/mobile_robotics/install/mobile_robotics:/opt/ros/humble /usr/bin/cmake --install /home/alexl/final_ws/build/puzzlebot_aruco_msgs
[1.193s] Level 1:colcon.colcon_core.environment:create_environment_scripts_only(puzzlebot_aruco_msgs)
[1.194s] DEBUG:colcon.colcon_core.event_handler.log_command:Invoked command in '/home/alexl/final_ws/build/puzzlebot_aruco_msgs' returned '0': CMAKE_PREFIX_PATH=/home/alexl/ros2_ws/install/tf_examples:/home/alexl/ros2_ws/install/puzzlebot_sim:/home/alexl/ros2_ws/install/puzzlebot_gazebo:/home/alexl/ros2_ws/install/puzzlebot_description:/home/alexl/ros2_ws/install/puzzle_drone:/home/alexl/ros2_ws/install/motor_control:/home/alexl/ros2_ws/install/mobile_robotics:/home/alexl/ros2_ws/install/challenge:/home/alexl/TE3003B/install/puzzlebot:/home/alexl/ros2_ws/src/mobile_robotics/install/mobile_robotics:/opt/ros/humble /usr/bin/cmake --install /home/alexl/final_ws/build/puzzlebot_aruco_msgs
[1.198s] Level 1:colcon.colcon_core.environment:checking '/home/alexl/final_ws/install/puzzlebot_aruco_msgs' for CMake module files
[1.199s] Level 1:colcon.colcon_core.environment:checking '/home/alexl/final_ws/install/puzzlebot_aruco_msgs' for CMake config files
[1.200s] Level 1:colcon.colcon_core.shell:create_environment_hook('puzzlebot_aruco_msgs', 'cmake_prefix_path')
[1.200s] INFO:colcon.colcon_core.shell:Creating environment hook '/home/alexl/final_ws/install/puzzlebot_aruco_msgs/share/puzzlebot_aruco_msgs/hook/cmake_prefix_path.ps1'
[1.201s] INFO:colcon.colcon_core.shell:Creating environment descriptor '/home/alexl/final_ws/install/puzzlebot_aruco_msgs/share/puzzlebot_aruco_msgs/hook/cmake_prefix_path.dsv'
[1.201s] INFO:colcon.colcon_core.shell:Creating environment hook '/home/alexl/final_ws/install/puzzlebot_aruco_msgs/share/puzzlebot_aruco_msgs/hook/cmake_prefix_path.sh'
[1.202s] Level 1:colcon.colcon_core.environment:checking '/home/alexl/final_ws/install/puzzlebot_aruco_msgs/lib'
[1.202s] Level 1:colcon.colcon_core.shell:create_environment_hook('puzzlebot_aruco_msgs', 'ld_library_path_lib')
[1.202s] INFO:colcon.colcon_core.shell:Creating environment hook '/home/alexl/final_ws/install/puzzlebot_aruco_msgs/share/puzzlebot_aruco_msgs/hook/ld_library_path_lib.ps1'
[1.203s] INFO:colcon.colcon_core.shell:Creating environment descriptor '/home/alexl/final_ws/install/puzzlebot_aruco_msgs/share/puzzlebot_aruco_msgs/hook/ld_library_path_lib.dsv'
[1.203s] INFO:colcon.colcon_core.shell:Creating environment hook '/home/alexl/final_ws/install/puzzlebot_aruco_msgs/share/puzzlebot_aruco_msgs/hook/ld_library_path_lib.sh'
[1.203s] Level 1:colcon.colcon_core.environment:checking '/home/alexl/final_ws/install/puzzlebot_aruco_msgs/bin'
[1.203s] Level 1:colcon.colcon_core.environment:checking '/home/alexl/final_ws/install/puzzlebot_aruco_msgs/lib/pkgconfig/puzzlebot_aruco_msgs.pc'
[1.203s] Level 1:colcon.colcon_core.environment:checking '/home/alexl/final_ws/install/puzzlebot_aruco_msgs/lib/python3.10/site-packages'
[1.204s] Level 1:colcon.colcon_core.environment:checking '/home/alexl/final_ws/install/puzzlebot_aruco_msgs/bin'
[1.204s] INFO:colcon.colcon_core.shell:Creating package script '/home/alexl/final_ws/install/puzzlebot_aruco_msgs/share/puzzlebot_aruco_msgs/package.ps1'
[1.205s] INFO:colcon.colcon_core.shell:Creating package descriptor '/home/alexl/final_ws/install/puzzlebot_aruco_msgs/share/puzzlebot_aruco_msgs/package.dsv'
[1.205s] INFO:colcon.colcon_core.shell:Creating package script '/home/alexl/final_ws/install/puzzlebot_aruco_msgs/share/puzzlebot_aruco_msgs/package.sh'
[1.206s] INFO:colcon.colcon_core.shell:Creating package script '/home/alexl/final_ws/install/puzzlebot_aruco_msgs/share/puzzlebot_aruco_msgs/package.bash'
[1.207s] INFO:colcon.colcon_core.shell:Creating package script '/home/alexl/final_ws/install/puzzlebot_aruco_msgs/share/puzzlebot_aruco_msgs/package.zsh'
[1.208s] Level 1:colcon.colcon_core.environment:create_file_with_runtime_dependencies(/home/alexl/final_ws/install/puzzlebot_aruco_msgs/share/colcon-core/packages/puzzlebot_aruco_msgs)
[1.208s] Level 1:colcon.colcon_core.environment:create_environment_scripts_only(puzzlebot_aruco_msgs)
[1.208s] Level 1:colcon.colcon_core.environment:checking '/home/alexl/final_ws/install/puzzlebot_aruco_msgs' for CMake module files
[1.209s] Level 1:colcon.colcon_core.environment:checking '/home/alexl/final_ws/install/puzzlebot_aruco_msgs' for CMake config files
[1.209s] Level 1:colcon.colcon_core.shell:create_environment_hook('puzzlebot_aruco_msgs', 'cmake_prefix_path')
[1.210s] INFO:colcon.colcon_core.shell:Creating environment hook '/home/alexl/final_ws/install/puzzlebot_aruco_msgs/share/puzzlebot_aruco_msgs/hook/cmake_prefix_path.ps1'
[1.210s] INFO:colcon.colcon_core.shell:Creating environment descriptor '/home/alexl/final_ws/install/puzzlebot_aruco_msgs/share/puzzlebot_aruco_msgs/hook/cmake_prefix_path.dsv'
[1.210s] INFO:colcon.colcon_core.shell:Creating environment hook '/home/alexl/final_ws/install/puzzlebot_aruco_msgs/share/puzzlebot_aruco_msgs/hook/cmake_prefix_path.sh'
[1.211s] Level 1:colcon.colcon_core.environment:checking '/home/alexl/final_ws/install/puzzlebot_aruco_msgs/lib'
[1.211s] Level 1:colcon.colcon_core.shell:create_environment_hook('puzzlebot_aruco_msgs', 'ld_library_path_lib')
[1.211s] INFO:colcon.colcon_core.shell:Creating environment hook '/home/alexl/final_ws/install/puzzlebot_aruco_msgs/share/puzzlebot_aruco_msgs/hook/ld_library_path_lib.ps1'
[1.212s] INFO:colcon.colcon_core.shell:Creating environment descriptor '/home/alexl/final_ws/install/puzzlebot_aruco_msgs/share/puzzlebot_aruco_msgs/hook/ld_library_path_lib.dsv'
[1.212s] INFO:colcon.colcon_core.shell:Creating environment hook '/home/alexl/final_ws/install/puzzlebot_aruco_msgs/share/puzzlebot_aruco_msgs/hook/ld_library_path_lib.sh'
[1.212s] Level 1:colcon.colcon_core.environment:checking '/home/alexl/final_ws/install/puzzlebot_aruco_msgs/bin'
[1.212s] Level 1:colcon.colcon_core.environment:checking '/home/alexl/final_ws/install/puzzlebot_aruco_msgs/lib/pkgconfig/puzzlebot_aruco_msgs.pc'
[1.213s] Level 1:colcon.colcon_core.environment:checking '/home/alexl/final_ws/install/puzzlebot_aruco_msgs/lib/python3.10/site-packages'
[1.213s] Level 1:colcon.colcon_core.environment:checking '/home/alexl/final_ws/install/puzzlebot_aruco_msgs/bin'
[1.213s] INFO:colcon.colcon_core.shell:Creating package script '/home/alexl/final_ws/install/puzzlebot_aruco_msgs/share/puzzlebot_aruco_msgs/package.ps1'
[1.214s] INFO:colcon.colcon_core.shell:Creating package descriptor '/home/alexl/final_ws/install/puzzlebot_aruco_msgs/share/puzzlebot_aruco_msgs/package.dsv'
[1.214s] INFO:colcon.colcon_core.shell:Creating package script '/home/alexl/final_ws/install/puzzlebot_aruco_msgs/share/puzzlebot_aruco_msgs/package.sh'
[1.214s] INFO:colcon.colcon_core.shell:Creating package script '/home/alexl/final_ws/install/puzzlebot_aruco_msgs/share/puzzlebot_aruco_msgs/package.bash'
[1.215s] INFO:colcon.colcon_core.shell:Creating package script '/home/alexl/final_ws/install/puzzlebot_aruco_msgs/share/puzzlebot_aruco_msgs/package.zsh'
[1.215s] Level 1:colcon.colcon_core.environment:create_file_with_runtime_dependencies(/home/alexl/final_ws/install/puzzlebot_aruco_msgs/share/colcon-core/packages/puzzlebot_aruco_msgs)
[1.219s] DEBUG:colcon.colcon_core.event_handler.log_command:Invoking command in '/home/alexl/final_ws/src/puzzlebot': PYTHONPATH=/home/alexl/final_ws/build/puzzlebot/prefix_override:/usr/lib/python3/dist-packages/colcon_core/task/python/colcon_distutils_commands:/home/alexl/final_ws/install/puzzlebot/lib/python3.10/site-packages:${PYTHONPATH} /usr/bin/python3 -W ignore:setup.py install is deprecated -W ignore:easy_install command is deprecated setup.py egg_info --egg-base ../../build/puzzlebot build --build-base /home/alexl/final_ws/build/puzzlebot/build install --record /home/alexl/final_ws/build/puzzlebot/install.log --single-version-externally-managed install_data
[1.498s] Level 1:colcon.colcon_core.environment:checking '/home/alexl/final_ws/install/puzzlebot' for CMake module files
[1.499s] DEBUG:colcon.colcon_core.event_handler.log_command:Invoked command in '/home/alexl/final_ws/src/puzzlebot' returned '0': PYTHONPATH=/home/alexl/final_ws/build/puzzlebot/prefix_override:/usr/lib/python3/dist-packages/colcon_core/task/python/colcon_distutils_commands:/home/alexl/final_ws/install/puzzlebot/lib/python3.10/site-packages:${PYTHONPATH} /usr/bin/python3 -W ignore:setup.py install is deprecated -W ignore:easy_install command is deprecated setup.py egg_info --egg-base ../../build/puzzlebot build --build-base /home/alexl/final_ws/build/puzzlebot/build install --record /home/alexl/final_ws/build/puzzlebot/install.log --single-version-externally-managed install_data
[1.499s] Level 1:colcon.colcon_core.environment:checking '/home/alexl/final_ws/install/puzzlebot' for CMake config files
[1.499s] Level 1:colcon.colcon_core.environment:checking '/home/alexl/final_ws/install/puzzlebot/lib'
[1.499s] Level 1:colcon.colcon_core.environment:checking '/home/alexl/final_ws/install/puzzlebot/bin'
[1.499s] Level 1:colcon.colcon_core.environment:checking '/home/alexl/final_ws/install/puzzlebot/lib/pkgconfig/puzzlebot.pc'
[1.500s] Level 1:colcon.colcon_core.environment:checking '/home/alexl/final_ws/install/puzzlebot/lib/python3.10/site-packages'
[1.500s] Level 1:colcon.colcon_core.shell:create_environment_hook('puzzlebot', 'pythonpath')
[1.500s] INFO:colcon.colcon_core.shell:Creating environment hook '/home/alexl/final_ws/install/puzzlebot/share/puzzlebot/hook/pythonpath.ps1'
[1.500s] INFO:colcon.colcon_core.shell:Creating environment descriptor '/home/alexl/final_ws/install/puzzlebot/share/puzzlebot/hook/pythonpath.dsv'
[1.501s] INFO:colcon.colcon_core.shell:Creating environment hook '/home/alexl/final_ws/install/puzzlebot/share/puzzlebot/hook/pythonpath.sh'
[1.501s] Level 1:colcon.colcon_core.environment:checking '/home/alexl/final_ws/install/puzzlebot/bin'
[1.501s] Level 1:colcon.colcon_core.environment:create_environment_scripts_only(puzzlebot)
[1.501s] INFO:colcon.colcon_core.shell:Creating package script '/home/alexl/final_ws/install/puzzlebot/share/puzzlebot/package.ps1'
[1.502s] INFO:colcon.colcon_core.shell:Creating package descriptor '/home/alexl/final_ws/install/puzzlebot/share/puzzlebot/package.dsv'
[1.502s] INFO:colcon.colcon_core.shell:Creating package script '/home/alexl/final_ws/install/puzzlebot/share/puzzlebot/package.sh'
[1.502s] INFO:colcon.colcon_core.shell:Creating package script '/home/alexl/final_ws/install/puzzlebot/share/puzzlebot/package.bash'
[1.503s] INFO:colcon.colcon_core.shell:Creating package script '/home/alexl/final_ws/install/puzzlebot/share/puzzlebot/package.zsh'
[1.503s] Level 1:colcon.colcon_core.environment:create_file_with_runtime_dependencies(/home/alexl/final_ws/install/puzzlebot/share/colcon-core/packages/puzzlebot)
[1.503s] DEBUG:colcon.colcon_parallel_executor.executor.parallel:closing loop
[1.504s] DEBUG:colcon.colcon_parallel_executor.executor.parallel:loop closed
[1.504s] DEBUG:colcon.colcon_parallel_executor.executor.parallel:run_until_complete finished with '0'
[1.504s] DEBUG:colcon.colcon_core.event_reactor:joining thread
[1.510s] INFO:colcon.colcon_core.plugin_system:Skipping extension 'colcon_notification.desktop_notification.terminal_notifier': Not used on non-Darwin systems
[1.510s] INFO:colcon.colcon_core.plugin_system:Skipping extension 'colcon_notification.desktop_notification.win32': Not used on non-Windows systems
[1.510s] INFO:colcon.colcon_notification.desktop_notification:Sending desktop notification using 'notify2'
[1.522s] DEBUG:colcon.colcon_core.event_reactor:joined thread
[1.522s] INFO:colcon.colcon_core.shell:Creating prefix script '/home/alexl/final_ws/install/local_setup.ps1'
[1.524s] INFO:colcon.colcon_core.shell:Creating prefix util module '/home/alexl/final_ws/install/_local_setup_util_ps1.py'
[1.525s] INFO:colcon.colcon_core.shell:Creating prefix chain script '/home/alexl/final_ws/install/setup.ps1'
[1.526s] INFO:colcon.colcon_core.shell:Creating prefix script '/home/alexl/final_ws/install/local_setup.sh'
[1.527s] INFO:colcon.colcon_core.shell:Creating prefix util module '/home/alexl/final_ws/install/_local_setup_util_sh.py'
[1.528s] INFO:colcon.colcon_core.shell:Creating prefix chain script '/home/alexl/final_ws/install/setup.sh'
[1.529s] INFO:colcon.colcon_core.shell:Creating prefix script '/home/alexl/final_ws/install/local_setup.bash'
[1.530s] INFO:colcon.colcon_core.shell:Creating prefix chain script '/home/alexl/final_ws/install/setup.bash'
[1.531s] INFO:colcon.colcon_core.shell:Creating prefix script '/home/alexl/final_ws/install/local_setup.zsh'
[1.532s] INFO:colcon.colcon_core.shell:Creating prefix chain script '/home/alexl/final_ws/install/setup.zsh'
