[0.082s] DEBUG:colcon:Command line arguments: ['/usr/bin/colcon', 'build']
[0.083s] DEBUG:colcon:Parsed command line arguments: Namespace(log_base=None, log_level=None, verb_name='build', build_base='build', install_base='install', merge_install=False, symlink_install=False, test_result_base=None, continue_on_error=False, executor='parallel', parallel_workers=8, event_handlers=None, ignore_user_meta=False, metas=['./colcon.meta'], base_paths=['.'], packages_ignore=None, packages_ignore_regex=None, paths=None, packages_up_to=None, packages_up_to_regex=None, packages_above=None, packages_above_and_dependencies=None, packages_above_depth=None, packages_select_by_dep=None, packages_skip_by_dep=None, packages_skip_up_to=None, packages_select_build_failed=False, packages_skip_build_finished=False, packages_select_test_failures=False, packages_skip_test_passed=False, packages_select=None, packages_skip=None, packages_select_regex=None, packages_skip_regex=None, packages_start=None, packages_end=None, allow_overriding=[], cmake_args=None, cmake_target=None, cmake_target_skip_unavailable=False, cmake_clean_cache=False, cmake_clean_first=False, cmake_force_configure=False, ament_cmake_args=None, catkin_cmake_args=None, catkin_skip_building_tests=False, mixin_files=None, mixin=None, verb_parser=<colcon_mixin.mixin.mixin_argument.MixinArgumentDecorator object at 0x7e0a6d488190>, verb_extension=<colcon_core.verb.build.BuildVerb object at 0x7e0a6d405a80>, main=<bound method BuildVerb.main of <colcon_core.verb.build.BuildVerb object at 0x7e0a6d405a80>>, mixin_verb=('build',))
[0.212s] Level 1:colcon.colcon_core.package_discovery:discover_packages(colcon_meta) check parameters
[0.212s] Level 1:colcon.colcon_core.package_discovery:discover_packages(recursive) check parameters
[0.212s] Level 1:colcon.colcon_core.package_discovery:discover_packages(ignore) check parameters
[0.212s] Level 1:colcon.colcon_core.package_discovery:discover_packages(path) check parameters
[0.212s] Level 1:colcon.colcon_core.package_discovery:discover_packages(colcon_meta) discover
[0.212s] Level 1:colcon.colcon_core.package_discovery:discover_packages(recursive) discover
[0.212s] INFO:colcon.colcon_core.package_discovery:Crawling recursively for packages in '/home/emeryb/ros2_ws/src/equipo6/TE3003B'
[0.212s] Level 1:colcon.colcon_core.package_identification:_identify(.) by extensions ['ignore', 'ignore_ament_install']
[0.212s] Level 1:colcon.colcon_core.package_identification:_identify(.) by extension 'ignore'
[0.212s] Level 1:colcon.colcon_core.package_identification:_identify(.) by extension 'ignore_ament_install'
[0.212s] Level 1:colcon.colcon_core.package_identification:_identify(.) by extensions ['colcon_pkg']
[0.212s] Level 1:colcon.colcon_core.package_identification:_identify(.) by extension 'colcon_pkg'
[0.212s] Level 1:colcon.colcon_core.package_identification:_identify(.) by extensions ['colcon_meta']
[0.212s] Level 1:colcon.colcon_core.package_identification:_identify(.) by extension 'colcon_meta'
[0.213s] Level 1:colcon.colcon_core.package_identification:_identify(.) by extensions ['ros']
[0.213s] Level 1:colcon.colcon_core.package_identification:_identify(.) by extension 'ros'
[0.220s] Level 1:colcon.colcon_core.package_identification:_identify(.) by extensions ['cmake', 'python']
[0.221s] Level 1:colcon.colcon_core.package_identification:_identify(.) by extension 'cmake'
[0.221s] Level 1:colcon.colcon_core.package_identification:_identify(.) by extension 'python'
[0.221s] Level 1:colcon.colcon_core.package_identification:_identify(.) by extensions ['python_setup_py']
[0.221s] Level 1:colcon.colcon_core.package_identification:_identify(.) by extension 'python_setup_py'
[0.221s] Level 1:colcon.colcon_core.package_identification:_identify(build) by extensions ['ignore', 'ignore_ament_install']
[0.221s] Level 1:colcon.colcon_core.package_identification:_identify(build) by extension 'ignore'
[0.221s] Level 1:colcon.colcon_core.package_identification:_identify(build) ignored
[0.221s] Level 1:colcon.colcon_core.package_identification:_identify(equipo6) by extensions ['ignore', 'ignore_ament_install']
[0.221s] Level 1:colcon.colcon_core.package_identification:_identify(equipo6) by extension 'ignore'
[0.221s] Level 1:colcon.colcon_core.package_identification:_identify(equipo6) by extension 'ignore_ament_install'
[0.221s] Level 1:colcon.colcon_core.package_identification:_identify(equipo6) by extensions ['colcon_pkg']
[0.221s] Level 1:colcon.colcon_core.package_identification:_identify(equipo6) by extension 'colcon_pkg'
[0.221s] Level 1:colcon.colcon_core.package_identification:_identify(equipo6) by extensions ['colcon_meta']
[0.221s] Level 1:colcon.colcon_core.package_identification:_identify(equipo6) by extension 'colcon_meta'
[0.221s] Level 1:colcon.colcon_core.package_identification:_identify(equipo6) by extensions ['ros']
[0.221s] Level 1:colcon.colcon_core.package_identification:_identify(equipo6) by extension 'ros'
[0.225s] DEBUG:colcon.colcon_core.package_identification:Package 'equipo6' with type 'ros.ament_python' and name 'equipo6'
[0.225s] Level 1:colcon.colcon_core.package_identification:_identify(install) by extensions ['ignore', 'ignore_ament_install']
[0.225s] Level 1:colcon.colcon_core.package_identification:_identify(install) by extension 'ignore'
[0.225s] Level 1:colcon.colcon_core.package_identification:_identify(install) ignored
[0.225s] Level 1:colcon.colcon_core.package_identification:_identify(log) by extensions ['ignore', 'ignore_ament_install']
[0.225s] Level 1:colcon.colcon_core.package_identification:_identify(log) by extension 'ignore'
[0.225s] Level 1:colcon.colcon_core.package_identification:_identify(log) ignored
[0.225s] Level 1:colcon.colcon_core.package_identification:_identify(puzzlebot_description) by extensions ['ignore', 'ignore_ament_install']
[0.225s] Level 1:colcon.colcon_core.package_identification:_identify(puzzlebot_description) by extension 'ignore'
[0.225s] Level 1:colcon.colcon_core.package_identification:_identify(puzzlebot_description) by extension 'ignore_ament_install'
[0.225s] Level 1:colcon.colcon_core.package_identification:_identify(puzzlebot_description) by extensions ['colcon_pkg']
[0.225s] Level 1:colcon.colcon_core.package_identification:_identify(puzzlebot_description) by extension 'colcon_pkg'
[0.225s] Level 1:colcon.colcon_core.package_identification:_identify(puzzlebot_description) by extensions ['colcon_meta']
[0.225s] Level 1:colcon.colcon_core.package_identification:_identify(puzzlebot_description) by extension 'colcon_meta'
[0.225s] Level 1:colcon.colcon_core.package_identification:_identify(puzzlebot_description) by extensions ['ros']
[0.225s] Level 1:colcon.colcon_core.package_identification:_identify(puzzlebot_description) by extension 'ros'
[0.226s] DEBUG:colcon.colcon_core.package_identification:Package 'puzzlebot_description' with type 'ros.ament_python' and name 'puzzlebot_description'
[0.226s] Level 1:colcon.colcon_core.package_discovery:discover_packages(recursive) using defaults
[0.226s] Level 1:colcon.colcon_core.package_discovery:discover_packages(ignore) discover
[0.226s] Level 1:colcon.colcon_core.package_discovery:discover_packages(ignore) using defaults
[0.226s] Level 1:colcon.colcon_core.package_discovery:discover_packages(path) discover
[0.226s] Level 1:colcon.colcon_core.package_discovery:discover_packages(path) using defaults
[0.253s] Level 1:colcon.colcon_core.package_discovery:discover_packages(prefix_path) check parameters
[0.253s] Level 1:colcon.colcon_core.package_discovery:discover_packages(prefix_path) discover
[0.254s] DEBUG:colcon.colcon_installed_package_information.package_discovery:Found 3 installed packages in /home/emeryb/ros2_utilities_ws/install
[0.254s] DEBUG:colcon.colcon_installed_package_information.package_discovery:Found 8 installed packages in /home/emeryb/ros2_ws/install
[0.255s] DEBUG:colcon.colcon_installed_package_information.package_discovery:Found 0 installed packages in /home/emeryb/install
[0.256s] DEBUG:colcon.colcon_installed_package_information.package_discovery:Found 378 installed packages in /opt/ros/humble
[0.257s] Level 1:colcon.colcon_core.package_discovery:discover_packages(prefix_path) using defaults
[0.293s] Level 5:colcon.colcon_core.verb:set package 'equipo6' build argument 'cmake_args' from command line to 'None'
[0.293s] Level 5:colcon.colcon_core.verb:set package 'equipo6' build argument 'cmake_target' from command line to 'None'
[0.293s] Level 5:colcon.colcon_core.verb:set package 'equipo6' build argument 'cmake_target_skip_unavailable' from command line to 'False'
[0.293s] Level 5:colcon.colcon_core.verb:set package 'equipo6' build argument 'cmake_clean_cache' from command line to 'False'
[0.293s] Level 5:colcon.colcon_core.verb:set package 'equipo6' build argument 'cmake_clean_first' from command line to 'False'
[0.293s] Level 5:colcon.colcon_core.verb:set package 'equipo6' build argument 'cmake_force_configure' from command line to 'False'
[0.293s] Level 5:colcon.colcon_core.verb:set package 'equipo6' build argument 'ament_cmake_args' from command line to 'None'
[0.293s] Level 5:colcon.colcon_core.verb:set package 'equipo6' build argument 'catkin_cmake_args' from command line to 'None'
[0.293s] Level 5:colcon.colcon_core.verb:set package 'equipo6' build argument 'catkin_skip_building_tests' from command line to 'False'
[0.293s] DEBUG:colcon.colcon_core.verb:Building package 'equipo6' with the following arguments: {'ament_cmake_args': None, 'build_base': '/home/emeryb/ros2_ws/src/equipo6/TE3003B/build/equipo6', 'catkin_cmake_args': None, 'catkin_skip_building_tests': False, 'cmake_args': None, 'cmake_clean_cache': False, 'cmake_clean_first': False, 'cmake_force_configure': False, 'cmake_target': None, 'cmake_target_skip_unavailable': False, 'install_base': '/home/emeryb/ros2_ws/src/equipo6/TE3003B/install/equipo6', 'merge_install': False, 'path': '/home/emeryb/ros2_ws/src/equipo6/TE3003B/equipo6', 'symlink_install': False, 'test_result_base': None}
[0.293s] Level 5:colcon.colcon_core.verb:set package 'puzzlebot_description' build argument 'cmake_args' from command line to 'None'
[0.293s] Level 5:colcon.colcon_core.verb:set package 'puzzlebot_description' build argument 'cmake_target' from command line to 'None'
[0.293s] Level 5:colcon.colcon_core.verb:set package 'puzzlebot_description' build argument 'cmake_target_skip_unavailable' from command line to 'False'
[0.293s] Level 5:colcon.colcon_core.verb:set package 'puzzlebot_description' build argument 'cmake_clean_cache' from command line to 'False'
[0.293s] Level 5:colcon.colcon_core.verb:set package 'puzzlebot_description' build argument 'cmake_clean_first' from command line to 'False'
[0.293s] Level 5:colcon.colcon_core.verb:set package 'puzzlebot_description' build argument 'cmake_force_configure' from command line to 'False'
[0.293s] Level 5:colcon.colcon_core.verb:set package 'puzzlebot_description' build argument 'ament_cmake_args' from command line to 'None'
[0.293s] Level 5:colcon.colcon_core.verb:set package 'puzzlebot_description' build argument 'catkin_cmake_args' from command line to 'None'
[0.293s] Level 5:colcon.colcon_core.verb:set package 'puzzlebot_description' build argument 'catkin_skip_building_tests' from command line to 'False'
[0.293s] DEBUG:colcon.colcon_core.verb:Building package 'puzzlebot_description' with the following arguments: {'ament_cmake_args': None, 'build_base': '/home/emeryb/ros2_ws/src/equipo6/TE3003B/build/puzzlebot_description', 'catkin_cmake_args': None, 'catkin_skip_building_tests': False, 'cmake_args': None, 'cmake_clean_cache': False, 'cmake_clean_first': False, 'cmake_force_configure': False, 'cmake_target': None, 'cmake_target_skip_unavailable': False, 'install_base': '/home/emeryb/ros2_ws/src/equipo6/TE3003B/install/puzzlebot_description', 'merge_install': False, 'path': '/home/emeryb/ros2_ws/src/equipo6/TE3003B/puzzlebot_description', 'symlink_install': False, 'test_result_base': None}
[0.293s] INFO:colcon.colcon_core.executor:Executing jobs using 'parallel' executor
[0.294s] DEBUG:colcon.colcon_parallel_executor.executor.parallel:run_until_complete
[0.295s] INFO:colcon.colcon_ros.task.ament_python.build:Building ROS package in '/home/emeryb/ros2_ws/src/equipo6/TE3003B/equipo6' with build type 'ament_python'
[0.295s] Level 1:colcon.colcon_core.shell:create_environment_hook('equipo6', 'ament_prefix_path')
[0.297s] INFO:colcon.colcon_core.plugin_system:Skipping extension 'colcon_core.shell.bat': Not used on non-Windows systems
[0.297s] INFO:colcon.colcon_core.shell:Creating environment hook '/home/emeryb/ros2_ws/src/equipo6/TE3003B/install/equipo6/share/equipo6/hook/ament_prefix_path.ps1'
[0.297s] INFO:colcon.colcon_core.shell:Creating environment descriptor '/home/emeryb/ros2_ws/src/equipo6/TE3003B/install/equipo6/share/equipo6/hook/ament_prefix_path.dsv'
[0.298s] INFO:colcon.colcon_core.shell:Creating environment hook '/home/emeryb/ros2_ws/src/equipo6/TE3003B/install/equipo6/share/equipo6/hook/ament_prefix_path.sh'
[0.298s] INFO:colcon.colcon_core.shell:Skip shell extension 'powershell' for command environment: Not usable outside of PowerShell
[0.298s] DEBUG:colcon.colcon_core.shell:Skip shell extension 'dsv' for command environment
[0.302s] INFO:colcon.colcon_ros.task.ament_python.build:Building ROS package in '/home/emeryb/ros2_ws/src/equipo6/TE3003B/puzzlebot_description' with build type 'ament_python'
[0.302s] Level 1:colcon.colcon_core.shell:create_environment_hook('puzzlebot_description', 'ament_prefix_path')
[0.302s] INFO:colcon.colcon_core.shell:Creating environment hook '/home/emeryb/ros2_ws/src/equipo6/TE3003B/install/puzzlebot_description/share/puzzlebot_description/hook/ament_prefix_path.ps1'
[0.303s] INFO:colcon.colcon_core.shell:Creating environment descriptor '/home/emeryb/ros2_ws/src/equipo6/TE3003B/install/puzzlebot_description/share/puzzlebot_description/hook/ament_prefix_path.dsv'
[0.303s] INFO:colcon.colcon_core.shell:Creating environment hook '/home/emeryb/ros2_ws/src/equipo6/TE3003B/install/puzzlebot_description/share/puzzlebot_description/hook/ament_prefix_path.sh'
[0.304s] INFO:colcon.colcon_core.shell:Skip shell extension 'powershell' for command environment: Not usable outside of PowerShell
[0.304s] DEBUG:colcon.colcon_core.shell:Skip shell extension 'dsv' for command environment
[0.545s] INFO:colcon.colcon_core.task.python.build:Building Python package in '/home/emeryb/ros2_ws/src/equipo6/TE3003B/equipo6'
[0.545s] INFO:colcon.colcon_core.shell:Skip shell extension 'powershell' for command environment: Not usable outside of PowerShell
[0.545s] DEBUG:colcon.colcon_core.shell:Skip shell extension 'dsv' for command environment
[0.761s] INFO:colcon.colcon_core.task.python.build:Building Python package in '/home/emeryb/ros2_ws/src/equipo6/TE3003B/puzzlebot_description'
[0.761s] INFO:colcon.colcon_core.shell:Skip shell extension 'powershell' for command environment: Not usable outside of PowerShell
[0.761s] DEBUG:colcon.colcon_core.shell:Skip shell extension 'dsv' for command environment
[1.057s] DEBUG:colcon.colcon_core.event_handler.log_command:Invoking command in '/home/emeryb/ros2_ws/src/equipo6/TE3003B/puzzlebot_description': PYTHONPATH=/home/emeryb/ros2_ws/src/equipo6/TE3003B/build/puzzlebot_description/prefix_override:/usr/lib/python3/dist-packages/colcon_core/task/python/colcon_distutils_commands:/home/emeryb/ros2_ws/src/equipo6/TE3003B/install/puzzlebot_description/lib/python3.10/site-packages:${PYTHONPATH} /usr/bin/python3 -W ignore:setup.py install is deprecated -W ignore:easy_install command is deprecated setup.py egg_info --egg-base ../build/puzzlebot_description build --build-base /home/emeryb/ros2_ws/src/equipo6/TE3003B/build/puzzlebot_description/build install --record /home/emeryb/ros2_ws/src/equipo6/TE3003B/build/puzzlebot_description/install.log --single-version-externally-managed install_data
[1.065s] DEBUG:colcon.colcon_core.event_handler.log_command:Invoking command in '/home/emeryb/ros2_ws/src/equipo6/TE3003B/equipo6': PYTHONPATH=/home/emeryb/ros2_ws/src/equipo6/TE3003B/build/equipo6/prefix_override:/usr/lib/python3/dist-packages/colcon_core/task/python/colcon_distutils_commands:/home/emeryb/ros2_ws/src/equipo6/TE3003B/install/equipo6/lib/python3.10/site-packages:${PYTHONPATH} /usr/bin/python3 -W ignore:setup.py install is deprecated -W ignore:easy_install command is deprecated setup.py egg_info --egg-base ../build/equipo6 build --build-base /home/emeryb/ros2_ws/src/equipo6/TE3003B/build/equipo6/build install --record /home/emeryb/ros2_ws/src/equipo6/TE3003B/build/equipo6/install.log --single-version-externally-managed install_data
[1.295s] DEBUG:colcon.colcon_core.event_handler.log_command:Invoked command in '/home/emeryb/ros2_ws/src/equipo6/TE3003B/puzzlebot_description' returned '0': PYTHONPATH=/home/emeryb/ros2_ws/src/equipo6/TE3003B/build/puzzlebot_description/prefix_override:/usr/lib/python3/dist-packages/colcon_core/task/python/colcon_distutils_commands:/home/emeryb/ros2_ws/src/equipo6/TE3003B/install/puzzlebot_description/lib/python3.10/site-packages:${PYTHONPATH} /usr/bin/python3 -W ignore:setup.py install is deprecated -W ignore:easy_install command is deprecated setup.py egg_info --egg-base ../build/puzzlebot_description build --build-base /home/emeryb/ros2_ws/src/equipo6/TE3003B/build/puzzlebot_description/build install --record /home/emeryb/ros2_ws/src/equipo6/TE3003B/build/puzzlebot_description/install.log --single-version-externally-managed install_data
[1.300s] Level 1:colcon.colcon_core.environment:checking '/home/emeryb/ros2_ws/src/equipo6/TE3003B/install/puzzlebot_description' for CMake module files
[1.301s] Level 1:colcon.colcon_core.environment:checking '/home/emeryb/ros2_ws/src/equipo6/TE3003B/install/puzzlebot_description' for CMake config files
[1.302s] Level 1:colcon.colcon_core.environment:checking '/home/emeryb/ros2_ws/src/equipo6/TE3003B/install/puzzlebot_description/lib'
[1.303s] Level 1:colcon.colcon_core.environment:checking '/home/emeryb/ros2_ws/src/equipo6/TE3003B/install/puzzlebot_description/bin'
[1.303s] Level 1:colcon.colcon_core.environment:checking '/home/emeryb/ros2_ws/src/equipo6/TE3003B/install/puzzlebot_description/lib/pkgconfig/puzzlebot_description.pc'
[1.303s] Level 1:colcon.colcon_core.environment:checking '/home/emeryb/ros2_ws/src/equipo6/TE3003B/install/puzzlebot_description/lib/python3.10/site-packages'
[1.303s] Level 1:colcon.colcon_core.shell:create_environment_hook('puzzlebot_description', 'pythonpath')
[1.304s] INFO:colcon.colcon_core.shell:Creating environment hook '/home/emeryb/ros2_ws/src/equipo6/TE3003B/install/puzzlebot_description/share/puzzlebot_description/hook/pythonpath.ps1'
[1.305s] INFO:colcon.colcon_core.shell:Creating environment descriptor '/home/emeryb/ros2_ws/src/equipo6/TE3003B/install/puzzlebot_description/share/puzzlebot_description/hook/pythonpath.dsv'
[1.305s] INFO:colcon.colcon_core.shell:Creating environment hook '/home/emeryb/ros2_ws/src/equipo6/TE3003B/install/puzzlebot_description/share/puzzlebot_description/hook/pythonpath.sh'
[1.306s] Level 1:colcon.colcon_core.environment:checking '/home/emeryb/ros2_ws/src/equipo6/TE3003B/install/puzzlebot_description/bin'
[1.307s] Level 1:colcon.colcon_core.environment:create_environment_scripts_only(puzzlebot_description)
[1.307s] INFO:colcon.colcon_core.shell:Creating package script '/home/emeryb/ros2_ws/src/equipo6/TE3003B/install/puzzlebot_description/share/puzzlebot_description/package.ps1'
[1.309s] INFO:colcon.colcon_core.shell:Creating package descriptor '/home/emeryb/ros2_ws/src/equipo6/TE3003B/install/puzzlebot_description/share/puzzlebot_description/package.dsv'
[1.310s] INFO:colcon.colcon_core.shell:Creating package script '/home/emeryb/ros2_ws/src/equipo6/TE3003B/install/puzzlebot_description/share/puzzlebot_description/package.sh'
[1.311s] INFO:colcon.colcon_core.shell:Creating package script '/home/emeryb/ros2_ws/src/equipo6/TE3003B/install/puzzlebot_description/share/puzzlebot_description/package.bash'
[1.313s] INFO:colcon.colcon_core.shell:Creating package script '/home/emeryb/ros2_ws/src/equipo6/TE3003B/install/puzzlebot_description/share/puzzlebot_description/package.zsh'
[1.315s] Level 1:colcon.colcon_core.environment:create_file_with_runtime_dependencies(/home/emeryb/ros2_ws/src/equipo6/TE3003B/install/puzzlebot_description/share/colcon-core/packages/puzzlebot_description)
[1.317s] Level 1:colcon.colcon_core.environment:checking '/home/emeryb/ros2_ws/src/equipo6/TE3003B/install/equipo6' for CMake module files
[1.318s] DEBUG:colcon.colcon_core.event_handler.log_command:Invoked command in '/home/emeryb/ros2_ws/src/equipo6/TE3003B/equipo6' returned '0': PYTHONPATH=/home/emeryb/ros2_ws/src/equipo6/TE3003B/build/equipo6/prefix_override:/usr/lib/python3/dist-packages/colcon_core/task/python/colcon_distutils_commands:/home/emeryb/ros2_ws/src/equipo6/TE3003B/install/equipo6/lib/python3.10/site-packages:${PYTHONPATH} /usr/bin/python3 -W ignore:setup.py install is deprecated -W ignore:easy_install command is deprecated setup.py egg_info --egg-base ../build/equipo6 build --build-base /home/emeryb/ros2_ws/src/equipo6/TE3003B/build/equipo6/build install --record /home/emeryb/ros2_ws/src/equipo6/TE3003B/build/equipo6/install.log --single-version-externally-managed install_data
[1.319s] Level 1:colcon.colcon_core.environment:checking '/home/emeryb/ros2_ws/src/equipo6/TE3003B/install/equipo6' for CMake config files
[1.320s] Level 1:colcon.colcon_core.environment:checking '/home/emeryb/ros2_ws/src/equipo6/TE3003B/install/equipo6/lib'
[1.320s] Level 1:colcon.colcon_core.environment:checking '/home/emeryb/ros2_ws/src/equipo6/TE3003B/install/equipo6/bin'
[1.320s] Level 1:colcon.colcon_core.environment:checking '/home/emeryb/ros2_ws/src/equipo6/TE3003B/install/equipo6/lib/pkgconfig/equipo6.pc'
[1.321s] Level 1:colcon.colcon_core.environment:checking '/home/emeryb/ros2_ws/src/equipo6/TE3003B/install/equipo6/lib/python3.10/site-packages'
[1.321s] Level 1:colcon.colcon_core.shell:create_environment_hook('equipo6', 'pythonpath')
[1.321s] INFO:colcon.colcon_core.shell:Creating environment hook '/home/emeryb/ros2_ws/src/equipo6/TE3003B/install/equipo6/share/equipo6/hook/pythonpath.ps1'
[1.322s] INFO:colcon.colcon_core.shell:Creating environment descriptor '/home/emeryb/ros2_ws/src/equipo6/TE3003B/install/equipo6/share/equipo6/hook/pythonpath.dsv'
[1.323s] INFO:colcon.colcon_core.shell:Creating environment hook '/home/emeryb/ros2_ws/src/equipo6/TE3003B/install/equipo6/share/equipo6/hook/pythonpath.sh'
[1.324s] Level 1:colcon.colcon_core.environment:checking '/home/emeryb/ros2_ws/src/equipo6/TE3003B/install/equipo6/bin'
[1.324s] Level 1:colcon.colcon_core.environment:create_environment_scripts_only(equipo6)
[1.325s] INFO:colcon.colcon_core.shell:Creating package script '/home/emeryb/ros2_ws/src/equipo6/TE3003B/install/equipo6/share/equipo6/package.ps1'
[1.326s] INFO:colcon.colcon_core.shell:Creating package descriptor '/home/emeryb/ros2_ws/src/equipo6/TE3003B/install/equipo6/share/equipo6/package.dsv'
[1.327s] INFO:colcon.colcon_core.shell:Creating package script '/home/emeryb/ros2_ws/src/equipo6/TE3003B/install/equipo6/share/equipo6/package.sh'
[1.328s] INFO:colcon.colcon_core.shell:Creating package script '/home/emeryb/ros2_ws/src/equipo6/TE3003B/install/equipo6/share/equipo6/package.bash'
[1.328s] INFO:colcon.colcon_core.shell:Creating package script '/home/emeryb/ros2_ws/src/equipo6/TE3003B/install/equipo6/share/equipo6/package.zsh'
[1.329s] Level 1:colcon.colcon_core.environment:create_file_with_runtime_dependencies(/home/emeryb/ros2_ws/src/equipo6/TE3003B/install/equipo6/share/colcon-core/packages/equipo6)
[1.329s] DEBUG:colcon.colcon_parallel_executor.executor.parallel:closing loop
[1.330s] DEBUG:colcon.colcon_parallel_executor.executor.parallel:loop closed
[1.330s] DEBUG:colcon.colcon_parallel_executor.executor.parallel:run_until_complete finished with '0'
[1.330s] DEBUG:colcon.colcon_core.event_reactor:joining thread
[1.340s] INFO:colcon.colcon_core.plugin_system:Skipping extension 'colcon_notification.desktop_notification.terminal_notifier': Not used on non-Darwin systems
[1.340s] INFO:colcon.colcon_core.plugin_system:Skipping extension 'colcon_notification.desktop_notification.win32': Not used on non-Windows systems
[1.340s] INFO:colcon.colcon_notification.desktop_notification:Sending desktop notification using 'notify2'
[1.364s] DEBUG:colcon.colcon_core.event_reactor:joined thread
[1.365s] INFO:colcon.colcon_core.shell:Creating prefix script '/home/emeryb/ros2_ws/src/equipo6/TE3003B/install/local_setup.ps1'
[1.367s] INFO:colcon.colcon_core.shell:Creating prefix util module '/home/emeryb/ros2_ws/src/equipo6/TE3003B/install/_local_setup_util_ps1.py'
[1.370s] INFO:colcon.colcon_core.shell:Creating prefix chain script '/home/emeryb/ros2_ws/src/equipo6/TE3003B/install/setup.ps1'
[1.372s] INFO:colcon.colcon_core.shell:Creating prefix script '/home/emeryb/ros2_ws/src/equipo6/TE3003B/install/local_setup.sh'
[1.374s] INFO:colcon.colcon_core.shell:Creating prefix util module '/home/emeryb/ros2_ws/src/equipo6/TE3003B/install/_local_setup_util_sh.py'
[1.375s] INFO:colcon.colcon_core.shell:Creating prefix chain script '/home/emeryb/ros2_ws/src/equipo6/TE3003B/install/setup.sh'
[1.378s] INFO:colcon.colcon_core.shell:Creating prefix script '/home/emeryb/ros2_ws/src/equipo6/TE3003B/install/local_setup.bash'
[1.379s] INFO:colcon.colcon_core.shell:Creating prefix chain script '/home/emeryb/ros2_ws/src/equipo6/TE3003B/install/setup.bash'
[1.381s] INFO:colcon.colcon_core.shell:Creating prefix script '/home/emeryb/ros2_ws/src/equipo6/TE3003B/install/local_setup.zsh'
[1.382s] INFO:colcon.colcon_core.shell:Creating prefix chain script '/home/emeryb/ros2_ws/src/equipo6/TE3003B/install/setup.zsh'
