[1.697s] Invoking command in '/home/ulisess/TE3003B/modulo_3/Act3.5/equipo6': PYTHONPATH=/home/ulisess/TE3003B/modulo_3/Act3.5/build/equipo6/prefix_override:/usr/lib/python3/dist-packages/colcon_core/task/python/colcon_distutils_commands:/home/ulisess/TE3003B/modulo_3/Act3.5/install/equipo6/lib/python3.10/site-packages:${PYTHONPATH} /usr/bin/python3 -W ignore:setup.py install is deprecated -W ignore:easy_install command is deprecated setup.py egg_info --egg-base ../build/equipo6 build --build-base /home/ulisess/TE3003B/modulo_3/Act3.5/build/equipo6/build install --record /home/ulisess/TE3003B/modulo_3/Act3.5/build/equipo6/install.log --single-version-externally-managed install_data
[2.147s] running egg_info
[2.149s] writing ../build/equipo6/equipo6.egg-info/PKG-INFO
[2.149s] writing dependency_links to ../build/equipo6/equipo6.egg-info/dependency_links.txt
[2.149s] writing entry points to ../build/equipo6/equipo6.egg-info/entry_points.txt
[2.149s] writing requirements to ../build/equipo6/equipo6.egg-info/requires.txt
[2.150s] writing top-level names to ../build/equipo6/equipo6.egg-info/top_level.txt
[2.154s] reading manifest file '../build/equipo6/equipo6.egg-info/SOURCES.txt'
[2.156s] writing manifest file '../build/equipo6/equipo6.egg-info/SOURCES.txt'
[2.156s] running build
[2.156s] running build_py
[2.158s] running install
[2.159s] running install_lib
[2.161s] running install_data
[2.161s] copying launch/spawn_puzzlebot_launch.py -> /home/ulisess/TE3003B/modulo_3/Act3.5/install/equipo6/share/equipo6/launch
[2.161s] copying launch/gazebo_world_launch.py -> /home/ulisess/TE3003B/modulo_3/Act3.5/install/equipo6/share/equipo6/launch
[2.162s] copying launch/gazebo_puzzlebot_launch.py -> /home/ulisess/TE3003B/modulo_3/Act3.5/install/equipo6/share/equipo6/launch
[2.163s] running install_egg_info
[2.167s] removing '/home/ulisess/TE3003B/modulo_3/Act3.5/install/equipo6/lib/python3.10/site-packages/equipo6-0.0.0-py3.10.egg-info' (and everything under it)
[2.167s] Copying ../build/equipo6/equipo6.egg-info to /home/ulisess/TE3003B/modulo_3/Act3.5/install/equipo6/lib/python3.10/site-packages/equipo6-0.0.0-py3.10.egg-info
[2.169s] running install_scripts
[2.209s] Installing joint_state_pub script to /home/ulisess/TE3003B/modulo_3/Act3.5/install/equipo6/lib/equipo6
[2.210s] writing list of installed files to '/home/ulisess/TE3003B/modulo_3/Act3.5/build/equipo6/install.log'
[2.275s] Invoked command in '/home/ulisess/TE3003B/modulo_3/Act3.5/equipo6' returned '0': PYTHONPATH=/home/ulisess/TE3003B/modulo_3/Act3.5/build/equipo6/prefix_override:/usr/lib/python3/dist-packages/colcon_core/task/python/colcon_distutils_commands:/home/ulisess/TE3003B/modulo_3/Act3.5/install/equipo6/lib/python3.10/site-packages:${PYTHONPATH} /usr/bin/python3 -W ignore:setup.py install is deprecated -W ignore:easy_install command is deprecated setup.py egg_info --egg-base ../build/equipo6 build --build-base /home/ulisess/TE3003B/modulo_3/Act3.5/build/equipo6/build install --record /home/ulisess/TE3003B/modulo_3/Act3.5/build/equipo6/install.log --single-version-externally-managed install_data
