[0.378s] DEBUG:colcon:Command line arguments: ['/usr/bin/colcon', 'build']
[0.378s] DEBUG:colcon:Parsed command line arguments: Namespace(log_base=None, log_level=None, verb_name='build', build_base='build', install_base='install', merge_install=False, symlink_install=False, test_result_base=None, continue_on_error=False, executor='parallel', parallel_workers=8, event_handlers=None, ignore_user_meta=False, metas=['./colcon.meta'], base_paths=['.'], packages_ignore=None, packages_ignore_regex=None, paths=None, packages_up_to=None, packages_up_to_regex=None, packages_above=None, packages_above_and_dependencies=None, packages_above_depth=None, packages_select_by_dep=None, packages_skip_by_dep=None, packages_skip_up_to=None, packages_select_build_failed=False, packages_skip_build_finished=False, packages_select_test_failures=False, packages_skip_test_passed=False, packages_select=None, packages_skip=None, packages_select_regex=None, packages_skip_regex=None, packages_start=None, packages_end=None, allow_overriding=[], cmake_args=None, cmake_target=None, cmake_target_skip_unavailable=False, cmake_clean_cache=False, cmake_clean_first=False, cmake_force_configure=False, ament_cmake_args=None, catkin_cmake_args=None, catkin_skip_building_tests=False, mixin_files=None, mixin=None, verb_parser=<colcon_mixin.mixin.mixin_argument.MixinArgumentDecorator object at 0x755697661ab0>, verb_extension=<colcon_core.verb.build.BuildVerb object at 0x755697661330>, main=<bound method BuildVerb.main of <colcon_core.verb.build.BuildVerb object at 0x755697661330>>, mixin_verb=('build',))
[0.963s] Level 1:colcon.colcon_core.package_discovery:discover_packages(colcon_meta) check parameters
[0.963s] Level 1:colcon.colcon_core.package_discovery:discover_packages(recursive) check parameters
[0.963s] Level 1:colcon.colcon_core.package_discovery:discover_packages(ignore) check parameters
[0.963s] Level 1:colcon.colcon_core.package_discovery:discover_packages(path) check parameters
[0.963s] Level 1:colcon.colcon_core.package_discovery:discover_packages(colcon_meta) discover
[0.963s] Level 1:colcon.colcon_core.package_discovery:discover_packages(recursive) discover
[0.963s] INFO:colcon.colcon_core.package_discovery:Crawling recursively for packages in '/home/ulisess/TE3003B/minichallenges/TE3003B'
[0.964s] Level 1:colcon.colcon_core.package_identification:_identify(.) by extensions ['ignore', 'ignore_ament_install']
[0.964s] Level 1:colcon.colcon_core.package_identification:_identify(.) by extension 'ignore'
[0.964s] Level 1:colcon.colcon_core.package_identification:_identify(.) by extension 'ignore_ament_install'
[0.964s] Level 1:colcon.colcon_core.package_identification:_identify(.) by extensions ['colcon_pkg']
[0.964s] Level 1:colcon.colcon_core.package_identification:_identify(.) by extension 'colcon_pkg'
[0.964s] Level 1:colcon.colcon_core.package_identification:_identify(.) by extensions ['colcon_meta']
[0.964s] Level 1:colcon.colcon_core.package_identification:_identify(.) by extension 'colcon_meta'
[0.964s] Level 1:colcon.colcon_core.package_identification:_identify(.) by extensions ['ros']
[0.964s] Level 1:colcon.colcon_core.package_identification:_identify(.) by extension 'ros'
[0.999s] DEBUG:colcon.colcon_core.package_identification:Package '.' with type 'ros.ament_python' and name 'puzzlebot'
[0.999s] Level 1:colcon.colcon_core.package_discovery:discover_packages(recursive) using defaults
[0.999s] Level 1:colcon.colcon_core.package_discovery:discover_packages(ignore) discover
[0.999s] Level 1:colcon.colcon_core.package_discovery:discover_packages(ignore) using defaults
[0.999s] Level 1:colcon.colcon_core.package_discovery:discover_packages(path) discover
[0.999s] Level 1:colcon.colcon_core.package_discovery:discover_packages(path) using defaults
[1.084s] Level 1:colcon.colcon_core.package_discovery:discover_packages(prefix_path) check parameters
[1.084s] Level 1:colcon.colcon_core.package_discovery:discover_packages(prefix_path) discover
[1.091s] DEBUG:colcon.colcon_installed_package_information.package_discovery:Found 1 installed packages in /home/ulisess/TE3003B/minichallenges/TE3003B/install
[1.095s] DEBUG:colcon.colcon_installed_package_information.package_discovery:Found 332 installed packages in /opt/ros/humble
[1.099s] Level 1:colcon.colcon_core.package_discovery:discover_packages(prefix_path) using defaults
[1.240s] Level 5:colcon.colcon_core.verb:set package 'puzzlebot' build argument 'cmake_args' from command line to 'None'
[1.240s] Level 5:colcon.colcon_core.verb:set package 'puzzlebot' build argument 'cmake_target' from command line to 'None'
[1.241s] Level 5:colcon.colcon_core.verb:set package 'puzzlebot' build argument 'cmake_target_skip_unavailable' from command line to 'False'
[1.241s] Level 5:colcon.colcon_core.verb:set package 'puzzlebot' build argument 'cmake_clean_cache' from command line to 'False'
[1.241s] Level 5:colcon.colcon_core.verb:set package 'puzzlebot' build argument 'cmake_clean_first' from command line to 'False'
[1.241s] Level 5:colcon.colcon_core.verb:set package 'puzzlebot' build argument 'cmake_force_configure' from command line to 'False'
[1.241s] Level 5:colcon.colcon_core.verb:set package 'puzzlebot' build argument 'ament_cmake_args' from command line to 'None'
[1.241s] Level 5:colcon.colcon_core.verb:set package 'puzzlebot' build argument 'catkin_cmake_args' from command line to 'None'
[1.241s] Level 5:colcon.colcon_core.verb:set package 'puzzlebot' build argument 'catkin_skip_building_tests' from command line to 'False'
[1.241s] DEBUG:colcon.colcon_core.verb:Building package 'puzzlebot' with the following arguments: {'ament_cmake_args': None, 'build_base': '/home/ulisess/TE3003B/minichallenges/TE3003B/build/puzzlebot', 'catkin_cmake_args': None, 'catkin_skip_building_tests': False, 'cmake_args': None, 'cmake_clean_cache': False, 'cmake_clean_first': False, 'cmake_force_configure': False, 'cmake_target': None, 'cmake_target_skip_unavailable': False, 'install_base': '/home/ulisess/TE3003B/minichallenges/TE3003B/install/puzzlebot', 'merge_install': False, 'path': '/home/ulisess/TE3003B/minichallenges/TE3003B', 'symlink_install': False, 'test_result_base': None}
[1.241s] INFO:colcon.colcon_core.executor:Executing jobs using 'parallel' executor
[1.244s] DEBUG:colcon.colcon_parallel_executor.executor.parallel:run_until_complete
[1.244s] INFO:colcon.colcon_ros.task.ament_python.build:Building ROS package in '/home/ulisess/TE3003B/minichallenges/TE3003B' with build type 'ament_python'
[1.245s] Level 1:colcon.colcon_core.shell:create_environment_hook('puzzlebot', 'ament_prefix_path')
[1.253s] INFO:colcon.colcon_core.plugin_system:Skipping extension 'colcon_core.shell.bat': Not used on non-Windows systems
[1.253s] INFO:colcon.colcon_core.shell:Creating environment hook '/home/ulisess/TE3003B/minichallenges/TE3003B/install/puzzlebot/share/puzzlebot/hook/ament_prefix_path.ps1'
[1.255s] INFO:colcon.colcon_core.shell:Creating environment descriptor '/home/ulisess/TE3003B/minichallenges/TE3003B/install/puzzlebot/share/puzzlebot/hook/ament_prefix_path.dsv'
[1.256s] INFO:colcon.colcon_core.shell:Creating environment hook '/home/ulisess/TE3003B/minichallenges/TE3003B/install/puzzlebot/share/puzzlebot/hook/ament_prefix_path.sh'
[1.257s] INFO:colcon.colcon_core.shell:Skip shell extension 'powershell' for command environment: Not usable outside of PowerShell
[1.258s] DEBUG:colcon.colcon_core.shell:Skip shell extension 'dsv' for command environment
[1.826s] INFO:colcon.colcon_core.task.python.build:Building Python package in '/home/ulisess/TE3003B/minichallenges/TE3003B'
[1.826s] INFO:colcon.colcon_core.shell:Skip shell extension 'powershell' for command environment: Not usable outside of PowerShell
[1.828s] DEBUG:colcon.colcon_core.shell:Skip shell extension 'dsv' for command environment
[2.783s] DEBUG:colcon.colcon_core.event_handler.log_command:Invoking command in '/home/ulisess/TE3003B/minichallenges/TE3003B': PYTHONPATH=/home/ulisess/TE3003B/minichallenges/TE3003B/build/puzzlebot/prefix_override:/usr/lib/python3/dist-packages/colcon_core/task/python/colcon_distutils_commands:/home/ulisess/TE3003B/minichallenges/TE3003B/install/puzzlebot/lib/python3.10/site-packages:${PYTHONPATH} /usr/bin/python3 -W ignore:setup.py install is deprecated -W ignore:easy_install command is deprecated setup.py egg_info --egg-base build/puzzlebot build --build-base /home/ulisess/TE3003B/minichallenges/TE3003B/build/puzzlebot/build install --record /home/ulisess/TE3003B/minichallenges/TE3003B/build/puzzlebot/install.log --single-version-externally-managed install_data
[3.456s] DEBUG:colcon.colcon_core.event_handler.log_command:Invoked command in '/home/ulisess/TE3003B/minichallenges/TE3003B' returned '0': PYTHONPATH=/home/ulisess/TE3003B/minichallenges/TE3003B/build/puzzlebot/prefix_override:/usr/lib/python3/dist-packages/colcon_core/task/python/colcon_distutils_commands:/home/ulisess/TE3003B/minichallenges/TE3003B/install/puzzlebot/lib/python3.10/site-packages:${PYTHONPATH} /usr/bin/python3 -W ignore:setup.py install is deprecated -W ignore:easy_install command is deprecated setup.py egg_info --egg-base build/puzzlebot build --build-base /home/ulisess/TE3003B/minichallenges/TE3003B/build/puzzlebot/build install --record /home/ulisess/TE3003B/minichallenges/TE3003B/build/puzzlebot/install.log --single-version-externally-managed install_data
[3.466s] Level 1:colcon.colcon_core.environment:checking '/home/ulisess/TE3003B/minichallenges/TE3003B/install/puzzlebot' for CMake module files
[3.468s] Level 1:colcon.colcon_core.environment:checking '/home/ulisess/TE3003B/minichallenges/TE3003B/install/puzzlebot' for CMake config files
[3.472s] Level 1:colcon.colcon_core.environment:checking '/home/ulisess/TE3003B/minichallenges/TE3003B/install/puzzlebot/lib'
[3.472s] Level 1:colcon.colcon_core.environment:checking '/home/ulisess/TE3003B/minichallenges/TE3003B/install/puzzlebot/bin'
[3.473s] Level 1:colcon.colcon_core.environment:checking '/home/ulisess/TE3003B/minichallenges/TE3003B/install/puzzlebot/lib/pkgconfig/puzzlebot.pc'
[3.473s] Level 1:colcon.colcon_core.environment:checking '/home/ulisess/TE3003B/minichallenges/TE3003B/install/puzzlebot/lib/python3.10/site-packages'
[3.474s] Level 1:colcon.colcon_core.shell:create_environment_hook('puzzlebot', 'pythonpath')
[3.474s] INFO:colcon.colcon_core.shell:Creating environment hook '/home/ulisess/TE3003B/minichallenges/TE3003B/install/puzzlebot/share/puzzlebot/hook/pythonpath.ps1'
[3.476s] INFO:colcon.colcon_core.shell:Creating environment descriptor '/home/ulisess/TE3003B/minichallenges/TE3003B/install/puzzlebot/share/puzzlebot/hook/pythonpath.dsv'
[3.477s] INFO:colcon.colcon_core.shell:Creating environment hook '/home/ulisess/TE3003B/minichallenges/TE3003B/install/puzzlebot/share/puzzlebot/hook/pythonpath.sh'
[3.478s] Level 1:colcon.colcon_core.environment:checking '/home/ulisess/TE3003B/minichallenges/TE3003B/install/puzzlebot/bin'
[3.478s] Level 1:colcon.colcon_core.environment:create_environment_scripts_only(puzzlebot)
[3.479s] INFO:colcon.colcon_core.shell:Creating package script '/home/ulisess/TE3003B/minichallenges/TE3003B/install/puzzlebot/share/puzzlebot/package.ps1'
[3.482s] INFO:colcon.colcon_core.shell:Creating package descriptor '/home/ulisess/TE3003B/minichallenges/TE3003B/install/puzzlebot/share/puzzlebot/package.dsv'
[3.484s] INFO:colcon.colcon_core.shell:Creating package script '/home/ulisess/TE3003B/minichallenges/TE3003B/install/puzzlebot/share/puzzlebot/package.sh'
[3.487s] INFO:colcon.colcon_core.shell:Creating package script '/home/ulisess/TE3003B/minichallenges/TE3003B/install/puzzlebot/share/puzzlebot/package.bash'
[3.490s] INFO:colcon.colcon_core.shell:Creating package script '/home/ulisess/TE3003B/minichallenges/TE3003B/install/puzzlebot/share/puzzlebot/package.zsh'
[3.493s] Level 1:colcon.colcon_core.environment:create_file_with_runtime_dependencies(/home/ulisess/TE3003B/minichallenges/TE3003B/install/puzzlebot/share/colcon-core/packages/puzzlebot)
[3.494s] DEBUG:colcon.colcon_parallel_executor.executor.parallel:closing loop
[3.495s] DEBUG:colcon.colcon_parallel_executor.executor.parallel:loop closed
[3.495s] DEBUG:colcon.colcon_parallel_executor.executor.parallel:run_until_complete finished with '0'
[3.495s] DEBUG:colcon.colcon_core.event_reactor:joining thread
[3.515s] INFO:colcon.colcon_core.plugin_system:Skipping extension 'colcon_notification.desktop_notification.terminal_notifier': Not used on non-Darwin systems
[3.516s] INFO:colcon.colcon_core.plugin_system:Skipping extension 'colcon_notification.desktop_notification.win32': Not used on non-Windows systems
[3.516s] INFO:colcon.colcon_notification.desktop_notification:Sending desktop notification using 'notify2'
[3.540s] DEBUG:colcon.colcon_core.event_reactor:joined thread
[3.540s] INFO:colcon.colcon_core.shell:Creating prefix script '/home/ulisess/TE3003B/minichallenges/TE3003B/install/local_setup.ps1'
[3.543s] INFO:colcon.colcon_core.shell:Creating prefix util module '/home/ulisess/TE3003B/minichallenges/TE3003B/install/_local_setup_util_ps1.py'
[3.547s] INFO:colcon.colcon_core.shell:Creating prefix chain script '/home/ulisess/TE3003B/minichallenges/TE3003B/install/setup.ps1'
[3.551s] INFO:colcon.colcon_core.shell:Creating prefix script '/home/ulisess/TE3003B/minichallenges/TE3003B/install/local_setup.sh'
[3.553s] INFO:colcon.colcon_core.shell:Creating prefix util module '/home/ulisess/TE3003B/minichallenges/TE3003B/install/_local_setup_util_sh.py'
[3.554s] INFO:colcon.colcon_core.shell:Creating prefix chain script '/home/ulisess/TE3003B/minichallenges/TE3003B/install/setup.sh'
[3.558s] INFO:colcon.colcon_core.shell:Creating prefix script '/home/ulisess/TE3003B/minichallenges/TE3003B/install/local_setup.bash'
[3.560s] INFO:colcon.colcon_core.shell:Creating prefix chain script '/home/ulisess/TE3003B/minichallenges/TE3003B/install/setup.bash'
[3.562s] INFO:colcon.colcon_core.shell:Creating prefix script '/home/ulisess/TE3003B/minichallenges/TE3003B/install/local_setup.zsh'
[3.563s] INFO:colcon.colcon_core.shell:Creating prefix chain script '/home/ulisess/TE3003B/minichallenges/TE3003B/install/setup.zsh'
