[0.084s] DEBUG:colcon:Command line arguments: ['/usr/bin/colcon', 'build']
[0.084s] DEBUG:colcon:Parsed command line arguments: Namespace(log_base=None, log_level=None, verb_name='build', build_base='build', install_base='install', merge_install=False, symlink_install=False, test_result_base=None, continue_on_error=False, executor='parallel', parallel_workers=8, event_handlers=None, ignore_user_meta=False, metas=['./colcon.meta'], base_paths=['.'], packages_ignore=None, packages_ignore_regex=None, paths=None, packages_up_to=None, packages_up_to_regex=None, packages_above=None, packages_above_and_dependencies=None, packages_above_depth=None, packages_select_by_dep=None, packages_skip_by_dep=None, packages_skip_up_to=None, packages_select_build_failed=False, packages_skip_build_finished=False, packages_select_test_failures=False, packages_skip_test_passed=False, packages_select=None, packages_skip=None, packages_select_regex=None, packages_skip_regex=None, packages_start=None, packages_end=None, allow_overriding=[], cmake_args=None, cmake_target=None, cmake_target_skip_unavailable=False, cmake_clean_cache=False, cmake_clean_first=False, cmake_force_configure=False, ament_cmake_args=None, catkin_cmake_args=None, catkin_skip_building_tests=False, mixin_files=None, mixin=None, verb_parser=<colcon_mixin.mixin.mixin_argument.MixinArgumentDecorator object at 0x76e476457ac0>, verb_extension=<colcon_core.verb.build.BuildVerb object at 0x76e476411840>, main=<bound method BuildVerb.main of <colcon_core.verb.build.BuildVerb object at 0x76e476411840>>, mixin_verb=('build',))
[0.216s] Level 1:colcon.colcon_core.package_discovery:discover_packages(colcon_meta) check parameters
[0.216s] Level 1:colcon.colcon_core.package_discovery:discover_packages(recursive) check parameters
[0.216s] Level 1:colcon.colcon_core.package_discovery:discover_packages(ignore) check parameters
[0.216s] Level 1:colcon.colcon_core.package_discovery:discover_packages(path) check parameters
[0.216s] Level 1:colcon.colcon_core.package_discovery:discover_packages(colcon_meta) discover
[0.216s] Level 1:colcon.colcon_core.package_discovery:discover_packages(recursive) discover
[0.216s] INFO:colcon.colcon_core.package_discovery:Crawling recursively for packages in '/home/emeryb/ros2_ws/src/equipo6/TE3003B'
[0.216s] Level 1:colcon.colcon_core.package_identification:_identify(.) by extensions ['ignore', 'ignore_ament_install']
[0.216s] Level 1:colcon.colcon_core.package_identification:_identify(.) by extension 'ignore'
[0.216s] Level 1:colcon.colcon_core.package_identification:_identify(.) by extension 'ignore_ament_install'
[0.216s] Level 1:colcon.colcon_core.package_identification:_identify(.) by extensions ['colcon_pkg']
[0.216s] Level 1:colcon.colcon_core.package_identification:_identify(.) by extension 'colcon_pkg'
[0.216s] Level 1:colcon.colcon_core.package_identification:_identify(.) by extensions ['colcon_meta']
[0.216s] Level 1:colcon.colcon_core.package_identification:_identify(.) by extension 'colcon_meta'
[0.216s] Level 1:colcon.colcon_core.package_identification:_identify(.) by extensions ['ros']
[0.216s] Level 1:colcon.colcon_core.package_identification:_identify(.) by extension 'ros'
[0.225s] Level 1:colcon.colcon_core.package_identification:_identify(.) by extensions ['cmake', 'python']
[0.225s] Level 1:colcon.colcon_core.package_identification:_identify(.) by extension 'cmake'
[0.225s] Level 1:colcon.colcon_core.package_identification:_identify(.) by extension 'python'
[0.225s] Level 1:colcon.colcon_core.package_identification:_identify(.) by extensions ['python_setup_py']
[0.225s] Level 1:colcon.colcon_core.package_identification:_identify(.) by extension 'python_setup_py'
[0.225s] Level 1:colcon.colcon_core.package_identification:_identify(build) by extensions ['ignore', 'ignore_ament_install']
[0.225s] Level 1:colcon.colcon_core.package_identification:_identify(build) by extension 'ignore'
[0.225s] Level 1:colcon.colcon_core.package_identification:_identify(build) ignored
[0.225s] Level 1:colcon.colcon_core.package_identification:_identify(equipo6) by extensions ['ignore', 'ignore_ament_install']
[0.225s] Level 1:colcon.colcon_core.package_identification:_identify(equipo6) by extension 'ignore'
[0.225s] Level 1:colcon.colcon_core.package_identification:_identify(equipo6) by extension 'ignore_ament_install'
[0.225s] Level 1:colcon.colcon_core.package_identification:_identify(equipo6) by extensions ['colcon_pkg']
[0.225s] Level 1:colcon.colcon_core.package_identification:_identify(equipo6) by extension 'colcon_pkg'
[0.225s] Level 1:colcon.colcon_core.package_identification:_identify(equipo6) by extensions ['colcon_meta']
[0.225s] Level 1:colcon.colcon_core.package_identification:_identify(equipo6) by extension 'colcon_meta'
[0.225s] Level 1:colcon.colcon_core.package_identification:_identify(equipo6) by extensions ['ros']
[0.225s] Level 1:colcon.colcon_core.package_identification:_identify(equipo6) by extension 'ros'
[0.229s] DEBUG:colcon.colcon_core.package_identification:Package 'equipo6' with type 'ros.ament_python' and name 'equipo6'
[0.229s] Level 1:colcon.colcon_core.package_identification:_identify(install) by extensions ['ignore', 'ignore_ament_install']
[0.229s] Level 1:colcon.colcon_core.package_identification:_identify(install) by extension 'ignore'
[0.229s] Level 1:colcon.colcon_core.package_identification:_identify(install) ignored
[0.229s] Level 1:colcon.colcon_core.package_identification:_identify(log) by extensions ['ignore', 'ignore_ament_install']
[0.229s] Level 1:colcon.colcon_core.package_identification:_identify(log) by extension 'ignore'
[0.229s] Level 1:colcon.colcon_core.package_identification:_identify(log) ignored
[0.229s] Level 1:colcon.colcon_core.package_identification:_identify(puzzlebot_description) by extensions ['ignore', 'ignore_ament_install']
[0.229s] Level 1:colcon.colcon_core.package_identification:_identify(puzzlebot_description) by extension 'ignore'
[0.229s] Level 1:colcon.colcon_core.package_identification:_identify(puzzlebot_description) by extension 'ignore_ament_install'
[0.229s] Level 1:colcon.colcon_core.package_identification:_identify(puzzlebot_description) by extensions ['colcon_pkg']
[0.229s] Level 1:colcon.colcon_core.package_identification:_identify(puzzlebot_description) by extension 'colcon_pkg'
[0.229s] Level 1:colcon.colcon_core.package_identification:_identify(puzzlebot_description) by extensions ['colcon_meta']
[0.229s] Level 1:colcon.colcon_core.package_identification:_identify(puzzlebot_description) by extension 'colcon_meta'
[0.230s] Level 1:colcon.colcon_core.package_identification:_identify(puzzlebot_description) by extensions ['ros']
[0.230s] Level 1:colcon.colcon_core.package_identification:_identify(puzzlebot_description) by extension 'ros'
[0.231s] DEBUG:colcon.colcon_core.package_identification:Package 'puzzlebot_description' with type 'ros.ament_python' and name 'puzzlebot_description'
[0.231s] Level 1:colcon.colcon_core.package_discovery:discover_packages(recursive) using defaults
[0.231s] Level 1:colcon.colcon_core.package_discovery:discover_packages(ignore) discover
[0.231s] Level 1:colcon.colcon_core.package_discovery:discover_packages(ignore) using defaults
[0.231s] Level 1:colcon.colcon_core.package_discovery:discover_packages(path) discover
[0.231s] Level 1:colcon.colcon_core.package_discovery:discover_packages(path) using defaults
[0.257s] Level 1:colcon.colcon_core.package_discovery:discover_packages(prefix_path) check parameters
[0.257s] Level 1:colcon.colcon_core.package_discovery:discover_packages(prefix_path) discover
[0.258s] DEBUG:colcon.colcon_installed_package_information.package_discovery:Found 2 installed packages in /home/emeryb/ros2_ws/src/equipo6/TE3003B/install
[0.259s] DEBUG:colcon.colcon_installed_package_information.package_discovery:Found 7 installed packages in /home/emeryb/ros2_ws/install
[0.259s] DEBUG:colcon.colcon_installed_package_information.package_discovery:Found 0 installed packages in /home/emeryb/install
[0.260s] DEBUG:colcon.colcon_installed_package_information.package_discovery:Found 376 installed packages in /opt/ros/humble
[0.262s] Level 1:colcon.colcon_core.package_discovery:discover_packages(prefix_path) using defaults
[0.298s] Level 5:colcon.colcon_core.verb:set package 'equipo6' build argument 'cmake_args' from command line to 'None'
[0.298s] Level 5:colcon.colcon_core.verb:set package 'equipo6' build argument 'cmake_target' from command line to 'None'
[0.298s] Level 5:colcon.colcon_core.verb:set package 'equipo6' build argument 'cmake_target_skip_unavailable' from command line to 'False'
[0.298s] Level 5:colcon.colcon_core.verb:set package 'equipo6' build argument 'cmake_clean_cache' from command line to 'False'
[0.298s] Level 5:colcon.colcon_core.verb:set package 'equipo6' build argument 'cmake_clean_first' from command line to 'False'
[0.298s] Level 5:colcon.colcon_core.verb:set package 'equipo6' build argument 'cmake_force_configure' from command line to 'False'
[0.298s] Level 5:colcon.colcon_core.verb:set package 'equipo6' build argument 'ament_cmake_args' from command line to 'None'
[0.298s] Level 5:colcon.colcon_core.verb:set package 'equipo6' build argument 'catkin_cmake_args' from command line to 'None'
[0.298s] Level 5:colcon.colcon_core.verb:set package 'equipo6' build argument 'catkin_skip_building_tests' from command line to 'False'
[0.298s] DEBUG:colcon.colcon_core.verb:Building package 'equipo6' with the following arguments: {'ament_cmake_args': None, 'build_base': '/home/emeryb/ros2_ws/src/equipo6/TE3003B/build/equipo6', 'catkin_cmake_args': None, 'catkin_skip_building_tests': False, 'cmake_args': None, 'cmake_clean_cache': False, 'cmake_clean_first': False, 'cmake_force_configure': False, 'cmake_target': None, 'cmake_target_skip_unavailable': False, 'install_base': '/home/emeryb/ros2_ws/src/equipo6/TE3003B/install/equipo6', 'merge_install': False, 'path': '/home/emeryb/ros2_ws/src/equipo6/TE3003B/equipo6', 'symlink_install': False, 'test_result_base': None}
[0.298s] Level 5:colcon.colcon_core.verb:set package 'puzzlebot_description' build argument 'cmake_args' from command line to 'None'
[0.298s] Level 5:colcon.colcon_core.verb:set package 'puzzlebot_description' build argument 'cmake_target' from command line to 'None'
[0.298s] Level 5:colcon.colcon_core.verb:set package 'puzzlebot_description' build argument 'cmake_target_skip_unavailable' from command line to 'False'
[0.298s] Level 5:colcon.colcon_core.verb:set package 'puzzlebot_description' build argument 'cmake_clean_cache' from command line to 'False'
[0.298s] Level 5:colcon.colcon_core.verb:set package 'puzzlebot_description' build argument 'cmake_clean_first' from command line to 'False'
[0.298s] Level 5:colcon.colcon_core.verb:set package 'puzzlebot_description' build argument 'cmake_force_configure' from command line to 'False'
[0.298s] Level 5:colcon.colcon_core.verb:set package 'puzzlebot_description' build argument 'ament_cmake_args' from command line to 'None'
[0.298s] Level 5:colcon.colcon_core.verb:set package 'puzzlebot_description' build argument 'catkin_cmake_args' from command line to 'None'
[0.298s] Level 5:colcon.colcon_core.verb:set package 'puzzlebot_description' build argument 'catkin_skip_building_tests' from command line to 'False'
[0.298s] DEBUG:colcon.colcon_core.verb:Building package 'puzzlebot_description' with the following arguments: {'ament_cmake_args': None, 'build_base': '/home/emeryb/ros2_ws/src/equipo6/TE3003B/build/puzzlebot_description', 'catkin_cmake_args': None, 'catkin_skip_building_tests': False, 'cmake_args': None, 'cmake_clean_cache': False, 'cmake_clean_first': False, 'cmake_force_configure': False, 'cmake_target': None, 'cmake_target_skip_unavailable': False, 'install_base': '/home/emeryb/ros2_ws/src/equipo6/TE3003B/install/puzzlebot_description', 'merge_install': False, 'path': '/home/emeryb/ros2_ws/src/equipo6/TE3003B/puzzlebot_description', 'symlink_install': False, 'test_result_base': None}
[0.298s] INFO:colcon.colcon_core.executor:Executing jobs using 'parallel' executor
[0.299s] DEBUG:colcon.colcon_parallel_executor.executor.parallel:run_until_complete
[0.300s] INFO:colcon.colcon_ros.task.ament_python.build:Building ROS package in '/home/emeryb/ros2_ws/src/equipo6/TE3003B/equipo6' with build type 'ament_python'
[0.300s] Level 1:colcon.colcon_core.shell:create_environment_hook('equipo6', 'ament_prefix_path')
[0.301s] INFO:colcon.colcon_core.plugin_system:Skipping extension 'colcon_core.shell.bat': Not used on non-Windows systems
[0.302s] INFO:colcon.colcon_core.shell:Creating environment hook '/home/emeryb/ros2_ws/src/equipo6/TE3003B/install/equipo6/share/equipo6/hook/ament_prefix_path.ps1'
[0.302s] INFO:colcon.colcon_core.shell:Creating environment descriptor '/home/emeryb/ros2_ws/src/equipo6/TE3003B/install/equipo6/share/equipo6/hook/ament_prefix_path.dsv'
[0.302s] INFO:colcon.colcon_core.shell:Creating environment hook '/home/emeryb/ros2_ws/src/equipo6/TE3003B/install/equipo6/share/equipo6/hook/ament_prefix_path.sh'
[0.303s] INFO:colcon.colcon_core.shell:Skip shell extension 'powershell' for command environment: Not usable outside of PowerShell
[0.303s] DEBUG:colcon.colcon_core.shell:Skip shell extension 'dsv' for command environment
[0.306s] INFO:colcon.colcon_ros.task.ament_python.build:Building ROS package in '/home/emeryb/ros2_ws/src/equipo6/TE3003B/puzzlebot_description' with build type 'ament_python'
[0.307s] Level 1:colcon.colcon_core.shell:create_environment_hook('puzzlebot_description', 'ament_prefix_path')
[0.307s] INFO:colcon.colcon_core.shell:Creating environment hook '/home/emeryb/ros2_ws/src/equipo6/TE3003B/install/puzzlebot_description/share/puzzlebot_description/hook/ament_prefix_path.ps1'
[0.307s] INFO:colcon.colcon_core.shell:Creating environment descriptor '/home/emeryb/ros2_ws/src/equipo6/TE3003B/install/puzzlebot_description/share/puzzlebot_description/hook/ament_prefix_path.dsv'
[0.308s] INFO:colcon.colcon_core.shell:Creating environment hook '/home/emeryb/ros2_ws/src/equipo6/TE3003B/install/puzzlebot_description/share/puzzlebot_description/hook/ament_prefix_path.sh'
[0.308s] INFO:colcon.colcon_core.shell:Skip shell extension 'powershell' for command environment: Not usable outside of PowerShell
[0.308s] DEBUG:colcon.colcon_core.shell:Skip shell extension 'dsv' for command environment
[0.530s] INFO:colcon.colcon_core.task.python.build:Building Python package in '/home/emeryb/ros2_ws/src/equipo6/TE3003B/equipo6'
[0.530s] INFO:colcon.colcon_core.shell:Skip shell extension 'powershell' for command environment: Not usable outside of PowerShell
[0.530s] DEBUG:colcon.colcon_core.shell:Skip shell extension 'dsv' for command environment
[0.747s] INFO:colcon.colcon_core.task.python.build:Building Python package in '/home/emeryb/ros2_ws/src/equipo6/TE3003B/puzzlebot_description'
[0.748s] INFO:colcon.colcon_core.shell:Skip shell extension 'powershell' for command environment: Not usable outside of PowerShell
[0.748s] DEBUG:colcon.colcon_core.shell:Skip shell extension 'dsv' for command environment
[1.094s] DEBUG:colcon.colcon_core.event_handler.log_command:Invoking command in '/home/emeryb/ros2_ws/src/equipo6/TE3003B/equipo6': PYTHONPATH=/home/emeryb/ros2_ws/src/equipo6/TE3003B/build/equipo6/prefix_override:/usr/lib/python3/dist-packages/colcon_core/task/python/colcon_distutils_commands:/home/emeryb/ros2_ws/src/equipo6/TE3003B/install/equipo6/lib/python3.10/site-packages:${PYTHONPATH} /usr/bin/python3 -W ignore:setup.py install is deprecated -W ignore:easy_install command is deprecated setup.py egg_info --egg-base ../build/equipo6 build --build-base /home/emeryb/ros2_ws/src/equipo6/TE3003B/build/equipo6/build install --record /home/emeryb/ros2_ws/src/equipo6/TE3003B/build/equipo6/install.log --single-version-externally-managed install_data
[1.097s] DEBUG:colcon.colcon_core.event_handler.log_command:Invoking command in '/home/emeryb/ros2_ws/src/equipo6/TE3003B/puzzlebot_description': PYTHONPATH=/home/emeryb/ros2_ws/src/equipo6/TE3003B/build/puzzlebot_description/prefix_override:/usr/lib/python3/dist-packages/colcon_core/task/python/colcon_distutils_commands:/home/emeryb/ros2_ws/src/equipo6/TE3003B/install/puzzlebot_description/lib/python3.10/site-packages:${PYTHONPATH} /usr/bin/python3 -W ignore:setup.py install is deprecated -W ignore:easy_install command is deprecated setup.py egg_info --egg-base ../build/puzzlebot_description build --build-base /home/emeryb/ros2_ws/src/equipo6/TE3003B/build/puzzlebot_description/build install --record /home/emeryb/ros2_ws/src/equipo6/TE3003B/build/puzzlebot_description/install.log --single-version-externally-managed install_data
[1.365s] DEBUG:colcon.colcon_core.event_handler.log_command:Invoked command in '/home/emeryb/ros2_ws/src/equipo6/TE3003B/equipo6' returned '0': PYTHONPATH=/home/emeryb/ros2_ws/src/equipo6/TE3003B/build/equipo6/prefix_override:/usr/lib/python3/dist-packages/colcon_core/task/python/colcon_distutils_commands:/home/emeryb/ros2_ws/src/equipo6/TE3003B/install/equipo6/lib/python3.10/site-packages:${PYTHONPATH} /usr/bin/python3 -W ignore:setup.py install is deprecated -W ignore:easy_install command is deprecated setup.py egg_info --egg-base ../build/equipo6 build --build-base /home/emeryb/ros2_ws/src/equipo6/TE3003B/build/equipo6/build install --record /home/emeryb/ros2_ws/src/equipo6/TE3003B/build/equipo6/install.log --single-version-externally-managed install_data
[1.368s] Level 1:colcon.colcon_core.environment:checking '/home/emeryb/ros2_ws/src/equipo6/TE3003B/install/equipo6' for CMake module files
[1.369s] Level 1:colcon.colcon_core.environment:checking '/home/emeryb/ros2_ws/src/equipo6/TE3003B/install/equipo6' for CMake config files
[1.370s] Level 1:colcon.colcon_core.environment:checking '/home/emeryb/ros2_ws/src/equipo6/TE3003B/install/equipo6/lib'
[1.370s] Level 1:colcon.colcon_core.environment:checking '/home/emeryb/ros2_ws/src/equipo6/TE3003B/install/equipo6/bin'
[1.370s] Level 1:colcon.colcon_core.environment:checking '/home/emeryb/ros2_ws/src/equipo6/TE3003B/install/equipo6/lib/pkgconfig/equipo6.pc'
[1.371s] Level 1:colcon.colcon_core.environment:checking '/home/emeryb/ros2_ws/src/equipo6/TE3003B/install/equipo6/lib/python3.10/site-packages'
[1.371s] Level 1:colcon.colcon_core.shell:create_environment_hook('equipo6', 'pythonpath')
[1.371s] INFO:colcon.colcon_core.shell:Creating environment hook '/home/emeryb/ros2_ws/src/equipo6/TE3003B/install/equipo6/share/equipo6/hook/pythonpath.ps1'
[1.372s] INFO:colcon.colcon_core.shell:Creating environment descriptor '/home/emeryb/ros2_ws/src/equipo6/TE3003B/install/equipo6/share/equipo6/hook/pythonpath.dsv'
[1.373s] INFO:colcon.colcon_core.shell:Creating environment hook '/home/emeryb/ros2_ws/src/equipo6/TE3003B/install/equipo6/share/equipo6/hook/pythonpath.sh'
[1.374s] Level 1:colcon.colcon_core.environment:checking '/home/emeryb/ros2_ws/src/equipo6/TE3003B/install/equipo6/bin'
[1.374s] Level 1:colcon.colcon_core.environment:create_environment_scripts_only(equipo6)
[1.374s] INFO:colcon.colcon_core.shell:Creating package script '/home/emeryb/ros2_ws/src/equipo6/TE3003B/install/equipo6/share/equipo6/package.ps1'
[1.376s] INFO:colcon.colcon_core.shell:Creating package descriptor '/home/emeryb/ros2_ws/src/equipo6/TE3003B/install/equipo6/share/equipo6/package.dsv'
[1.377s] INFO:colcon.colcon_core.shell:Creating package script '/home/emeryb/ros2_ws/src/equipo6/TE3003B/install/equipo6/share/equipo6/package.sh'
[1.379s] INFO:colcon.colcon_core.shell:Creating package script '/home/emeryb/ros2_ws/src/equipo6/TE3003B/install/equipo6/share/equipo6/package.bash'
[1.380s] INFO:colcon.colcon_core.shell:Creating package script '/home/emeryb/ros2_ws/src/equipo6/TE3003B/install/equipo6/share/equipo6/package.zsh'
[1.381s] Level 1:colcon.colcon_core.environment:create_file_with_runtime_dependencies(/home/emeryb/ros2_ws/src/equipo6/TE3003B/install/equipo6/share/colcon-core/packages/equipo6)
[1.383s] Level 1:colcon.colcon_core.environment:checking '/home/emeryb/ros2_ws/src/equipo6/TE3003B/install/puzzlebot_description' for CMake module files
[1.384s] DEBUG:colcon.colcon_core.event_handler.log_command:Invoked command in '/home/emeryb/ros2_ws/src/equipo6/TE3003B/puzzlebot_description' returned '0': PYTHONPATH=/home/emeryb/ros2_ws/src/equipo6/TE3003B/build/puzzlebot_description/prefix_override:/usr/lib/python3/dist-packages/colcon_core/task/python/colcon_distutils_commands:/home/emeryb/ros2_ws/src/equipo6/TE3003B/install/puzzlebot_description/lib/python3.10/site-packages:${PYTHONPATH} /usr/bin/python3 -W ignore:setup.py install is deprecated -W ignore:easy_install command is deprecated setup.py egg_info --egg-base ../build/puzzlebot_description build --build-base /home/emeryb/ros2_ws/src/equipo6/TE3003B/build/puzzlebot_description/build install --record /home/emeryb/ros2_ws/src/equipo6/TE3003B/build/puzzlebot_description/install.log --single-version-externally-managed install_data
[1.385s] Level 1:colcon.colcon_core.environment:checking '/home/emeryb/ros2_ws/src/equipo6/TE3003B/install/puzzlebot_description' for CMake config files
[1.386s] Level 1:colcon.colcon_core.environment:checking '/home/emeryb/ros2_ws/src/equipo6/TE3003B/install/puzzlebot_description/lib'
[1.386s] Level 1:colcon.colcon_core.environment:checking '/home/emeryb/ros2_ws/src/equipo6/TE3003B/install/puzzlebot_description/bin'
[1.386s] Level 1:colcon.colcon_core.environment:checking '/home/emeryb/ros2_ws/src/equipo6/TE3003B/install/puzzlebot_description/lib/pkgconfig/puzzlebot_description.pc'
[1.386s] Level 1:colcon.colcon_core.environment:checking '/home/emeryb/ros2_ws/src/equipo6/TE3003B/install/puzzlebot_description/lib/python3.10/site-packages'
[1.386s] Level 1:colcon.colcon_core.shell:create_environment_hook('puzzlebot_description', 'pythonpath')
[1.387s] INFO:colcon.colcon_core.shell:Creating environment hook '/home/emeryb/ros2_ws/src/equipo6/TE3003B/install/puzzlebot_description/share/puzzlebot_description/hook/pythonpath.ps1'
[1.387s] INFO:colcon.colcon_core.shell:Creating environment descriptor '/home/emeryb/ros2_ws/src/equipo6/TE3003B/install/puzzlebot_description/share/puzzlebot_description/hook/pythonpath.dsv'
[1.388s] INFO:colcon.colcon_core.shell:Creating environment hook '/home/emeryb/ros2_ws/src/equipo6/TE3003B/install/puzzlebot_description/share/puzzlebot_description/hook/pythonpath.sh'
[1.389s] Level 1:colcon.colcon_core.environment:checking '/home/emeryb/ros2_ws/src/equipo6/TE3003B/install/puzzlebot_description/bin'
[1.389s] Level 1:colcon.colcon_core.environment:create_environment_scripts_only(puzzlebot_description)
[1.389s] INFO:colcon.colcon_core.shell:Creating package script '/home/emeryb/ros2_ws/src/equipo6/TE3003B/install/puzzlebot_description/share/puzzlebot_description/package.ps1'
[1.390s] INFO:colcon.colcon_core.shell:Creating package descriptor '/home/emeryb/ros2_ws/src/equipo6/TE3003B/install/puzzlebot_description/share/puzzlebot_description/package.dsv'
[1.390s] INFO:colcon.colcon_core.shell:Creating package script '/home/emeryb/ros2_ws/src/equipo6/TE3003B/install/puzzlebot_description/share/puzzlebot_description/package.sh'
[1.391s] INFO:colcon.colcon_core.shell:Creating package script '/home/emeryb/ros2_ws/src/equipo6/TE3003B/install/puzzlebot_description/share/puzzlebot_description/package.bash'
[1.392s] INFO:colcon.colcon_core.shell:Creating package script '/home/emeryb/ros2_ws/src/equipo6/TE3003B/install/puzzlebot_description/share/puzzlebot_description/package.zsh'
[1.392s] Level 1:colcon.colcon_core.environment:create_file_with_runtime_dependencies(/home/emeryb/ros2_ws/src/equipo6/TE3003B/install/puzzlebot_description/share/colcon-core/packages/puzzlebot_description)
[1.392s] DEBUG:colcon.colcon_parallel_executor.executor.parallel:closing loop
[1.393s] DEBUG:colcon.colcon_parallel_executor.executor.parallel:loop closed
[1.393s] DEBUG:colcon.colcon_parallel_executor.executor.parallel:run_until_complete finished with '0'
[1.393s] DEBUG:colcon.colcon_core.event_reactor:joining thread
[1.401s] INFO:colcon.colcon_core.plugin_system:Skipping extension 'colcon_notification.desktop_notification.terminal_notifier': Not used on non-Darwin systems
[1.401s] INFO:colcon.colcon_core.plugin_system:Skipping extension 'colcon_notification.desktop_notification.win32': Not used on non-Windows systems
[1.401s] INFO:colcon.colcon_notification.desktop_notification:Sending desktop notification using 'notify2'
[1.419s] DEBUG:colcon.colcon_core.event_reactor:joined thread
[1.420s] INFO:colcon.colcon_core.shell:Creating prefix script '/home/emeryb/ros2_ws/src/equipo6/TE3003B/install/local_setup.ps1'
[1.422s] INFO:colcon.colcon_core.shell:Creating prefix util module '/home/emeryb/ros2_ws/src/equipo6/TE3003B/install/_local_setup_util_ps1.py'
[1.424s] INFO:colcon.colcon_core.shell:Creating prefix chain script '/home/emeryb/ros2_ws/src/equipo6/TE3003B/install/setup.ps1'
[1.427s] INFO:colcon.colcon_core.shell:Creating prefix script '/home/emeryb/ros2_ws/src/equipo6/TE3003B/install/local_setup.sh'
[1.428s] INFO:colcon.colcon_core.shell:Creating prefix util module '/home/emeryb/ros2_ws/src/equipo6/TE3003B/install/_local_setup_util_sh.py'
[1.429s] INFO:colcon.colcon_core.shell:Creating prefix chain script '/home/emeryb/ros2_ws/src/equipo6/TE3003B/install/setup.sh'
[1.432s] INFO:colcon.colcon_core.shell:Creating prefix script '/home/emeryb/ros2_ws/src/equipo6/TE3003B/install/local_setup.bash'
[1.433s] INFO:colcon.colcon_core.shell:Creating prefix chain script '/home/emeryb/ros2_ws/src/equipo6/TE3003B/install/setup.bash'
[1.435s] INFO:colcon.colcon_core.shell:Creating prefix script '/home/emeryb/ros2_ws/src/equipo6/TE3003B/install/local_setup.zsh'
[1.436s] INFO:colcon.colcon_core.shell:Creating prefix chain script '/home/emeryb/ros2_ws/src/equipo6/TE3003B/install/setup.zsh'
