[1.281s] Invoking command in '/home/emeryb/ros2_ws/src/equipo6/TE3003B/equipo6': PYTHONPATH=/home/emeryb/ros2_ws/src/equipo6/TE3003B/build/equipo6/prefix_override:/usr/lib/python3/dist-packages/colcon_core/task/python/colcon_distutils_commands:/home/emeryb/ros2_ws/src/equipo6/TE3003B/install/equipo6/lib/python3.10/site-packages:${PYTHONPATH} /usr/bin/python3 -W ignore:setup.py install is deprecated -W ignore:easy_install command is deprecated setup.py egg_info --egg-base ../build/equipo6 build --build-base /home/emeryb/ros2_ws/src/equipo6/TE3003B/build/equipo6/build install --record /home/emeryb/ros2_ws/src/equipo6/TE3003B/build/equipo6/install.log --single-version-externally-managed install_data
[1.601s] running egg_info
[1.602s] writing ../build/equipo6/equipo6.egg-info/PKG-INFO
[1.602s] writing dependency_links to ../build/equipo6/equipo6.egg-info/dependency_links.txt
[1.603s] writing entry points to ../build/equipo6/equipo6.egg-info/entry_points.txt
[1.603s] writing requirements to ../build/equipo6/equipo6.egg-info/requires.txt
[1.603s] writing top-level names to ../build/equipo6/equipo6.egg-info/top_level.txt
[1.605s] reading manifest file '../build/equipo6/equipo6.egg-info/SOURCES.txt'
[1.607s] writing manifest file '../build/equipo6/equipo6.egg-info/SOURCES.txt'
[1.608s] running build
[1.608s] running build_py
[1.608s] running install
[1.609s] running install_lib
[1.610s] running install_data
[1.610s] running install_egg_info
[1.613s] removing '/home/emeryb/ros2_ws/src/equipo6/TE3003B/install/equipo6/lib/python3.10/site-packages/equipo6-0.0.0-py3.10.egg-info' (and everything under it)
[1.613s] Copying ../build/equipo6/equipo6.egg-info to /home/emeryb/ros2_ws/src/equipo6/TE3003B/install/equipo6/lib/python3.10/site-packages/equipo6-0.0.0-py3.10.egg-info
[1.614s] running install_scripts
[1.642s] Installing odometry_publisher script to /home/emeryb/ros2_ws/src/equipo6/TE3003B/install/equipo6/lib/equipo6
[1.643s] writing list of installed files to '/home/emeryb/ros2_ws/src/equipo6/TE3003B/build/equipo6/install.log'
[1.696s] Invoked command in '/home/emeryb/ros2_ws/src/equipo6/TE3003B/equipo6' returned '0': PYTHONPATH=/home/emeryb/ros2_ws/src/equipo6/TE3003B/build/equipo6/prefix_override:/usr/lib/python3/dist-packages/colcon_core/task/python/colcon_distutils_commands:/home/emeryb/ros2_ws/src/equipo6/TE3003B/install/equipo6/lib/python3.10/site-packages:${PYTHONPATH} /usr/bin/python3 -W ignore:setup.py install is deprecated -W ignore:easy_install command is deprecated setup.py egg_info --egg-base ../build/equipo6 build --build-base /home/emeryb/ros2_ws/src/equipo6/TE3003B/build/equipo6/build install --record /home/emeryb/ros2_ws/src/equipo6/TE3003B/build/equipo6/install.log --single-version-externally-managed install_data
