[0.893s] Invoking command in '/home/ulisess/TE3003B/equipo6': PYTHONPATH=/home/ulisess/TE3003B/build/equipo6/prefix_override:/usr/lib/python3/dist-packages/colcon_core/task/python/colcon_distutils_commands:/home/ulisess/TE3003B/install/equipo6/lib/python3.10/site-packages:${PYTHONPATH} /usr/bin/python3 -W ignore:setup.py install is deprecated -W ignore:easy_install command is deprecated setup.py egg_info --egg-base ../build/equipo6 build --build-base /home/ulisess/TE3003B/build/equipo6/build install --record /home/ulisess/TE3003B/build/equipo6/install.log --single-version-externally-managed install_data
[1.216s] running egg_info
[1.217s] writing ../build/equipo6/equipo6.egg-info/PKG-INFO
[1.218s] writing dependency_links to ../build/equipo6/equipo6.egg-info/dependency_links.txt
[1.218s] writing entry points to ../build/equipo6/equipo6.egg-info/entry_points.txt
[1.218s] writing requirements to ../build/equipo6/equipo6.egg-info/requires.txt
[1.218s] writing top-level names to ../build/equipo6/equipo6.egg-info/top_level.txt
[1.221s] reading manifest file '../build/equipo6/equipo6.egg-info/SOURCES.txt'
[1.222s] writing manifest file '../build/equipo6/equipo6.egg-info/SOURCES.txt'
[1.223s] running build
[1.223s] running build_py
[1.223s] running install
[1.223s] running install_lib
[1.225s] running install_data
[1.225s] copying urdf/puzzlebot.urdf -> /home/ulisess/TE3003B/install/equipo6/share/equipo6/urdf
[1.226s] running install_egg_info
[1.228s] removing '/home/ulisess/TE3003B/install/equipo6/lib/python3.10/site-packages/equipo6-0.0.0-py3.10.egg-info' (and everything under it)
[1.228s] Copying ../build/equipo6/equipo6.egg-info to /home/ulisess/TE3003B/install/equipo6/lib/python3.10/site-packages/equipo6-0.0.0-py3.10.egg-info
[1.230s] running install_scripts
[1.255s] writing list of installed files to '/home/ulisess/TE3003B/build/equipo6/install.log'
[1.299s] Invoked command in '/home/ulisess/TE3003B/equipo6' returned '0': PYTHONPATH=/home/ulisess/TE3003B/build/equipo6/prefix_override:/usr/lib/python3/dist-packages/colcon_core/task/python/colcon_distutils_commands:/home/ulisess/TE3003B/install/equipo6/lib/python3.10/site-packages:${PYTHONPATH} /usr/bin/python3 -W ignore:setup.py install is deprecated -W ignore:easy_install command is deprecated setup.py egg_info --egg-base ../build/equipo6 build --build-base /home/ulisess/TE3003B/build/equipo6/build install --record /home/ulisess/TE3003B/build/equipo6/install.log --single-version-externally-managed install_data
