[0.848s] Invoking command in '/home/emeryb/ros2_ws/src/equipo6/TE3003B/puzzlebot_description': PYTHONPATH=/home/emeryb/ros2_ws/src/equipo6/TE3003B/build/puzzlebot_description/prefix_override:/usr/lib/python3/dist-packages/colcon_core/task/python/colcon_distutils_commands:/home/emeryb/ros2_ws/src/equipo6/TE3003B/install/puzzlebot_description/lib/python3.10/site-packages:${PYTHONPATH} /usr/bin/python3 -W ignore:setup.py install is deprecated -W ignore:easy_install command is deprecated setup.py egg_info --egg-base ../build/puzzlebot_description build --build-base /home/emeryb/ros2_ws/src/equipo6/TE3003B/build/puzzlebot_description/build install --record /home/emeryb/ros2_ws/src/equipo6/TE3003B/build/puzzlebot_description/install.log --single-version-externally-managed install_data
[1.043s] running egg_info
[1.043s] writing ../build/puzzlebot_description/puzzlebot_description.egg-info/PKG-INFO
[1.045s] writing dependency_links to ../build/puzzlebot_description/puzzlebot_description.egg-info/dependency_links.txt
[1.045s] writing entry points to ../build/puzzlebot_description/puzzlebot_description.egg-info/entry_points.txt
[1.045s] writing requirements to ../build/puzzlebot_description/puzzlebot_description.egg-info/requires.txt
[1.045s] writing top-level names to ../build/puzzlebot_description/puzzlebot_description.egg-info/top_level.txt
[1.047s] reading manifest file '../build/puzzlebot_description/puzzlebot_description.egg-info/SOURCES.txt'
[1.047s] adding license file 'LICENSE'
[1.048s] writing manifest file '../build/puzzlebot_description/puzzlebot_description.egg-info/SOURCES.txt'
[1.048s] running build
[1.048s] running build_py
[1.049s] running install
[1.049s] running install_lib
[1.050s] running install_data
[1.054s] running install_egg_info
[1.055s] removing '/home/emeryb/ros2_ws/src/equipo6/TE3003B/install/puzzlebot_description/lib/python3.10/site-packages/puzzlebot_description-0.0.0-py3.10.egg-info' (and everything under it)
[1.055s] Copying ../build/puzzlebot_description/puzzlebot_description.egg-info to /home/emeryb/ros2_ws/src/equipo6/TE3003B/install/puzzlebot_description/lib/python3.10/site-packages/puzzlebot_description-0.0.0-py3.10.egg-info
[1.056s] running install_scripts
[1.071s] Installing joint_state_publisher script to /home/emeryb/ros2_ws/src/equipo6/TE3003B/install/puzzlebot_description/lib/puzzlebot_description
[1.072s] writing list of installed files to '/home/emeryb/ros2_ws/src/equipo6/TE3003B/build/puzzlebot_description/install.log'
[1.112s] Invoked command in '/home/emeryb/ros2_ws/src/equipo6/TE3003B/puzzlebot_description' returned '0': PYTHONPATH=/home/emeryb/ros2_ws/src/equipo6/TE3003B/build/puzzlebot_description/prefix_override:/usr/lib/python3/dist-packages/colcon_core/task/python/colcon_distutils_commands:/home/emeryb/ros2_ws/src/equipo6/TE3003B/install/puzzlebot_description/lib/python3.10/site-packages:${PYTHONPATH} /usr/bin/python3 -W ignore:setup.py install is deprecated -W ignore:easy_install command is deprecated setup.py egg_info --egg-base ../build/puzzlebot_description build --build-base /home/emeryb/ros2_ws/src/equipo6/TE3003B/build/puzzlebot_description/build install --record /home/emeryb/ros2_ws/src/equipo6/TE3003B/build/puzzlebot_description/install.log --single-version-externally-managed install_data
