/home/alexl/ros2_ws/src/challenge/install/challenge/lib/python3.10/site-packages/challenge/__init__.py
/home/alexl/ros2_ws/src/challenge/install/challenge/lib/python3.10/site-packages/challenge/dynamic_tf_publisher.py
/home/alexl/ros2_ws/src/challenge/install/challenge/lib/python3.10/site-packages/challenge/__pycache__/__init__.cpython-310.pyc
/home/alexl/ros2_ws/src/challenge/install/challenge/lib/python3.10/site-packages/challenge/__pycache__/dynamic_tf_publisher.cpython-310.pyc
/home/alexl/ros2_ws/src/challenge/install/challenge/share/ament_index/resource_index/packages/challenge
/home/alexl/ros2_ws/src/challenge/install/challenge/share/challenge/package.xml
/home/alexl/ros2_ws/src/challenge/install/challenge/share/challenge/launch/launch.py
/home/alexl/ros2_ws/src/challenge/install/challenge/share/challenge/urdf/puzzlebot.urdf
/home/alexl/ros2_ws/src/challenge/install/challenge/share/challenge/meshes/Puzzlebot_Wheel.stl
/home/alexl/ros2_ws/src/challenge/install/challenge/share/challenge/meshes/Puzzlebot_Jetson_Lidar_Edition_Base.stl
/home/alexl/ros2_ws/src/challenge/install/challenge/share/challenge/meshes/Puzzlebot_Caster_Wheel.stl
/home/alexl/ros2_ws/src/challenge/install/challenge/share/challenge/rviz
/home/alexl/ros2_ws/src/challenge/install/challenge/lib/python3.10/site-packages/challenge-0.0.0-py3.10.egg-info/SOURCES.txt
/home/alexl/ros2_ws/src/challenge/install/challenge/lib/python3.10/site-packages/challenge-0.0.0-py3.10.egg-info/top_level.txt
/home/alexl/ros2_ws/src/challenge/install/challenge/lib/python3.10/site-packages/challenge-0.0.0-py3.10.egg-info/entry_points.txt
/home/alexl/ros2_ws/src/challenge/install/challenge/lib/python3.10/site-packages/challenge-0.0.0-py3.10.egg-info/requires.txt
/home/alexl/ros2_ws/src/challenge/install/challenge/lib/python3.10/site-packages/challenge-0.0.0-py3.10.egg-info/dependency_links.txt
/home/alexl/ros2_ws/src/challenge/install/challenge/lib/python3.10/site-packages/challenge-0.0.0-py3.10.egg-info/zip-safe
/home/alexl/ros2_ws/src/challenge/install/challenge/lib/python3.10/site-packages/challenge-0.0.0-py3.10.egg-info/PKG-INFO
/home/alexl/ros2_ws/src/challenge/install/challenge/lib/challenge/dynamic_tf_publisher
/home/alexl/ros2_ws/src/challenge/install/challenge/lib/challenge/static_tf
/home/alexl/ros2_ws/src/challenge/install/challenge/lib/challenge/tf_broadcaster
