[1.301s] Invoking command in '/home/ulisess/TE3003B/equipo6': PYTHONPATH=/home/ulisess/TE3003B/build/equipo6/prefix_override:/usr/lib/python3/dist-packages/colcon_core/task/python/colcon_distutils_commands:/home/ulisess/TE3003B/install/equipo6/lib/python3.10/site-packages:${PYTHONPATH} /usr/bin/python3 -W ignore:setup.py install is deprecated -W ignore:easy_install command is deprecated setup.py egg_info --egg-base ../build/equipo6 build --build-base /home/ulisess/TE3003B/build/equipo6/build install --record /home/ulisess/TE3003B/build/equipo6/install.log --single-version-externally-managed install_data
[1.767s] running egg_info
[1.768s] writing ../build/equipo6/equipo6.egg-info/PKG-INFO
[1.769s] writing dependency_links to ../build/equipo6/equipo6.egg-info/dependency_links.txt
[1.769s] writing entry points to ../build/equipo6/equipo6.egg-info/entry_points.txt
[1.769s] writing requirements to ../build/equipo6/equipo6.egg-info/requires.txt
[1.770s] writing top-level names to ../build/equipo6/equipo6.egg-info/top_level.txt
[1.774s] reading manifest file '../build/equipo6/equipo6.egg-info/SOURCES.txt'
[1.775s] writing manifest file '../build/equipo6/equipo6.egg-info/SOURCES.txt'
[1.776s] running build
[1.776s] running build_py
[1.776s] running install
[1.776s] running install_lib
[1.779s] running install_data
[1.780s] copying launch/robot_state_pub_launch.py -> /home/ulisess/TE3003B/install/equipo6/share/equipo6/launch
[1.780s] copying launch/minichallenge1_launch.py -> /home/ulisess/TE3003B/install/equipo6/share/equipo6/launch
[1.780s] creating /home/ulisess/TE3003B/install/equipo6/share/equipo6/worlds
[1.781s] copying worlds/act3_4.world -> /home/ulisess/TE3003B/install/equipo6/share/equipo6/worlds
[1.781s] running install_egg_info
[1.784s] removing '/home/ulisess/TE3003B/install/equipo6/lib/python3.10/site-packages/equipo6-0.0.0-py3.10.egg-info' (and everything under it)
[1.785s] Copying ../build/equipo6/equipo6.egg-info to /home/ulisess/TE3003B/install/equipo6/lib/python3.10/site-packages/equipo6-0.0.0-py3.10.egg-info
[1.787s] running install_scripts
[1.824s] writing list of installed files to '/home/ulisess/TE3003B/build/equipo6/install.log'
[1.882s] Invoked command in '/home/ulisess/TE3003B/equipo6' returned '0': PYTHONPATH=/home/ulisess/TE3003B/build/equipo6/prefix_override:/usr/lib/python3/dist-packages/colcon_core/task/python/colcon_distutils_commands:/home/ulisess/TE3003B/install/equipo6/lib/python3.10/site-packages:${PYTHONPATH} /usr/bin/python3 -W ignore:setup.py install is deprecated -W ignore:easy_install command is deprecated setup.py egg_info --egg-base ../build/equipo6 build --build-base /home/ulisess/TE3003B/build/equipo6/build install --record /home/ulisess/TE3003B/build/equipo6/install.log --single-version-externally-managed install_data
