/home/alexl/final_ws/install/puzzlebot/lib/python3.10/site-packages/puzzlebot/localisation.py
/home/alexl/final_ws/install/puzzlebot/lib/python3.10/site-packages/puzzlebot/maths.py
/home/alexl/final_ws/install/puzzlebot/lib/python3.10/site-packages/puzzlebot/puzzlebot_kinematic_model.py
/home/alexl/final_ws/install/puzzlebot/lib/python3.10/site-packages/puzzlebot/__init__.py
/home/alexl/final_ws/install/puzzlebot/lib/python3.10/site-packages/puzzlebot/aruco_detection.py
/home/alexl/final_ws/install/puzzlebot/lib/python3.10/site-packages/puzzlebot/aruco.py
/home/alexl/final_ws/install/puzzlebot/lib/python3.10/site-packages/puzzlebot/bug2.py
/home/alexl/final_ws/install/puzzlebot/lib/python3.10/site-packages/puzzlebot/eyes.py
/home/alexl/final_ws/install/puzzlebot/lib/python3.10/site-packages/puzzlebot/joint_state_pub.py
/home/alexl/final_ws/install/puzzlebot/lib/python3.10/site-packages/puzzlebot/bug0.py
/home/alexl/final_ws/install/puzzlebot/lib/python3.10/site-packages/puzzlebot/__pycache__/localisation.cpython-310.pyc
/home/alexl/final_ws/install/puzzlebot/lib/python3.10/site-packages/puzzlebot/__pycache__/maths.cpython-310.pyc
/home/alexl/final_ws/install/puzzlebot/lib/python3.10/site-packages/puzzlebot/__pycache__/puzzlebot_kinematic_model.cpython-310.pyc
/home/alexl/final_ws/install/puzzlebot/lib/python3.10/site-packages/puzzlebot/__pycache__/__init__.cpython-310.pyc
/home/alexl/final_ws/install/puzzlebot/lib/python3.10/site-packages/puzzlebot/__pycache__/aruco_detection.cpython-310.pyc
/home/alexl/final_ws/install/puzzlebot/lib/python3.10/site-packages/puzzlebot/__pycache__/aruco.cpython-310.pyc
/home/alexl/final_ws/install/puzzlebot/lib/python3.10/site-packages/puzzlebot/__pycache__/bug2.cpython-310.pyc
/home/alexl/final_ws/install/puzzlebot/lib/python3.10/site-packages/puzzlebot/__pycache__/eyes.cpython-310.pyc
/home/alexl/final_ws/install/puzzlebot/lib/python3.10/site-packages/puzzlebot/__pycache__/joint_state_pub.cpython-310.pyc
/home/alexl/final_ws/install/puzzlebot/lib/python3.10/site-packages/puzzlebot/__pycache__/bug0.cpython-310.pyc
/home/alexl/final_ws/install/puzzlebot/share/ament_index/resource_index/packages/puzzlebot
/home/alexl/final_ws/install/puzzlebot/share/puzzlebot/package.xml
/home/alexl/final_ws/install/puzzlebot/share/puzzlebot/launch/main_launch.py
/home/alexl/final_ws/install/puzzlebot/share/puzzlebot/config/puzzlebot_jetson_ed.yaml
/home/alexl/final_ws/install/puzzlebot/share/puzzlebot/config/puzzlebot_hacker_ed.yaml
/home/alexl/final_ws/install/puzzlebot/share/puzzlebot/config/puzzlebot_jetson_lidar_ed.yaml
/home/alexl/final_ws/install/puzzlebot/share/puzzlebot/rviz/odometry_puzzlebot_rviz.rviz
/home/alexl/final_ws/install/puzzlebot/share/puzzlebot/urdf/puzzlebot.urdf
/home/alexl/final_ws/install/puzzlebot/share/puzzlebot/meshes/Puzzlebot_Wheel.stl
/home/alexl/final_ws/install/puzzlebot/share/puzzlebot/meshes/Puzzlebot_Jetson_Lidar_Edition_Base.stl
/home/alexl/final_ws/install/puzzlebot/share/puzzlebot/meshes/Puzzlebot_Caster_Wheel.stl
/home/alexl/final_ws/install/puzzlebot/share/puzzlebot/meshes/meshes_old/MCR2_puzzlebot_jetson_base.stl
/home/alexl/final_ws/install/puzzlebot/share/puzzlebot/meshes/meshes_old/MCR2_wheel.stl
/home/alexl/final_ws/install/puzzlebot/share/puzzlebot/meshes/meshes_old/MCR2_puzzlebot_jetson_lidar_base.stl
/home/alexl/final_ws/install/puzzlebot/share/puzzlebot/meshes/meshes_old/MCR2_caster_wheel.stl
/home/alexl/final_ws/install/puzzlebot/share/puzzlebot/meshes/meshes_old/MCR2_puzzlebot_base.stl
/home/alexl/final_ws/install/puzzlebot/share/puzzlebot/models/modulo3_world/model.sdf
/home/alexl/final_ws/install/puzzlebot/share/puzzlebot/models/modulo3_world/model.config
/home/alexl/final_ws/install/puzzlebot/share/puzzlebot/plugins/libDiffDynamicPlugin.so
/home/alexl/final_ws/install/puzzlebot/lib/python3.10/site-packages/puzzlebot-0.0.0-py3.10.egg-info/SOURCES.txt
/home/alexl/final_ws/install/puzzlebot/lib/python3.10/site-packages/puzzlebot-0.0.0-py3.10.egg-info/top_level.txt
/home/alexl/final_ws/install/puzzlebot/lib/python3.10/site-packages/puzzlebot-0.0.0-py3.10.egg-info/entry_points.txt
/home/alexl/final_ws/install/puzzlebot/lib/python3.10/site-packages/puzzlebot-0.0.0-py3.10.egg-info/requires.txt
/home/alexl/final_ws/install/puzzlebot/lib/python3.10/site-packages/puzzlebot-0.0.0-py3.10.egg-info/dependency_links.txt
/home/alexl/final_ws/install/puzzlebot/lib/python3.10/site-packages/puzzlebot-0.0.0-py3.10.egg-info/zip-safe
/home/alexl/final_ws/install/puzzlebot/lib/python3.10/site-packages/puzzlebot-0.0.0-py3.10.egg-info/PKG-INFO
/home/alexl/final_ws/install/puzzlebot/lib/puzzlebot/aruco
/home/alexl/final_ws/install/puzzlebot/lib/puzzlebot/bug0
/home/alexl/final_ws/install/puzzlebot/lib/puzzlebot/bug2
/home/alexl/final_ws/install/puzzlebot/lib/puzzlebot/joint_state_pub
/home/alexl/final_ws/install/puzzlebot/lib/puzzlebot/localisation
/home/alexl/final_ws/install/puzzlebot/lib/puzzlebot/localisatonv2
/home/alexl/final_ws/install/puzzlebot/lib/puzzlebot/pose_estimation
/home/alexl/final_ws/install/puzzlebot/lib/puzzlebot/publish_odom
/home/alexl/final_ws/install/puzzlebot/lib/puzzlebot/puzzlebot_kinematic_model
