[1.195s] Invoking command in '/home/alexl/final_ws/src/puzzlebot': PYTHONPATH=/home/alexl/final_ws/build/puzzlebot/prefix_override:/usr/lib/python3/dist-packages/colcon_core/task/python/colcon_distutils_commands:/home/alexl/final_ws/install/puzzlebot/lib/python3.10/site-packages:${PYTHONPATH} /usr/bin/python3 -W ignore:setup.py install is deprecated -W ignore:easy_install command is deprecated setup.py egg_info --egg-base ../../build/puzzlebot build --build-base /home/alexl/final_ws/build/puzzlebot/build install --record /home/alexl/final_ws/build/puzzlebot/install.log --single-version-externally-managed install_data
[1.551s] running egg_info
[1.552s] writing ../../build/puzzlebot/puzzlebot.egg-info/PKG-INFO
[1.553s] writing dependency_links to ../../build/puzzlebot/puzzlebot.egg-info/dependency_links.txt
[1.553s] writing entry points to ../../build/puzzlebot/puzzlebot.egg-info/entry_points.txt
[1.553s] writing requirements to ../../build/puzzlebot/puzzlebot.egg-info/requires.txt
[1.553s] writing top-level names to ../../build/puzzlebot/puzzlebot.egg-info/top_level.txt
[1.565s] reading manifest file '../../build/puzzlebot/puzzlebot.egg-info/SOURCES.txt'
[1.567s] writing manifest file '../../build/puzzlebot/puzzlebot.egg-info/SOURCES.txt'
[1.567s] running build
[1.567s] running build_py
[1.568s] running install
[1.569s] running install_lib
[1.571s] running install_data
[1.571s] running install_egg_info
[1.573s] removing '/home/alexl/final_ws/install/puzzlebot/lib/python3.10/site-packages/puzzlebot-0.0.0-py3.10.egg-info' (and everything under it)
[1.574s] Copying ../../build/puzzlebot/puzzlebot.egg-info to /home/alexl/final_ws/install/puzzlebot/lib/python3.10/site-packages/puzzlebot-0.0.0-py3.10.egg-info
[1.575s] running install_scripts
[1.607s] Installing aruco script to /home/alexl/final_ws/install/puzzlebot/lib/puzzlebot
[1.607s] Installing bug0 script to /home/alexl/final_ws/install/puzzlebot/lib/puzzlebot
[1.607s] Installing bug2 script to /home/alexl/final_ws/install/puzzlebot/lib/puzzlebot
[1.607s] Installing joint_state_pub script to /home/alexl/final_ws/install/puzzlebot/lib/puzzlebot
[1.608s] Installing localisation script to /home/alexl/final_ws/install/puzzlebot/lib/puzzlebot
[1.608s] Installing localisatonv2 script to /home/alexl/final_ws/install/puzzlebot/lib/puzzlebot
[1.608s] Installing pose_estimation script to /home/alexl/final_ws/install/puzzlebot/lib/puzzlebot
[1.608s] Installing publish_odom script to /home/alexl/final_ws/install/puzzlebot/lib/puzzlebot
[1.608s] Installing puzzlebot_kinematic_model script to /home/alexl/final_ws/install/puzzlebot/lib/puzzlebot
[1.609s] writing list of installed files to '/home/alexl/final_ws/build/puzzlebot/install.log'
[1.674s] Invoked command in '/home/alexl/final_ws/src/puzzlebot' returned '0': PYTHONPATH=/home/alexl/final_ws/build/puzzlebot/prefix_override:/usr/lib/python3/dist-packages/colcon_core/task/python/colcon_distutils_commands:/home/alexl/final_ws/install/puzzlebot/lib/python3.10/site-packages:${PYTHONPATH} /usr/bin/python3 -W ignore:setup.py install is deprecated -W ignore:easy_install command is deprecated setup.py egg_info --egg-base ../../build/puzzlebot build --build-base /home/alexl/final_ws/build/puzzlebot/build install --record /home/alexl/final_ws/build/puzzlebot/install.log --single-version-externally-managed install_data
