running egg_info
creating ../../build/puzzlebot_sim/puzzlebot_sim.egg-info
writing ../../build/puzzlebot_sim/puzzlebot_sim.egg-info/PKG-INFO
writing dependency_links to ../../build/puzzlebot_sim/puzzlebot_sim.egg-info/dependency_links.txt
writing entry points to ../../build/puzzlebot_sim/puzzlebot_sim.egg-info/entry_points.txt
writing requirements to ../../build/puzzlebot_sim/puzzlebot_sim.egg-info/requires.txt
writing top-level names to ../../build/puzzlebot_sim/puzzlebot_sim.egg-info/top_level.txt
writing manifest file '../../build/puzzlebot_sim/puzzlebot_sim.egg-info/SOURCES.txt'
reading manifest file '../../build/puzzlebot_sim/puzzlebot_sim.egg-info/SOURCES.txt'
adding license file 'LICENSE'
writing manifest file '../../build/puzzlebot_sim/puzzlebot_sim.egg-info/SOURCES.txt'
running build
running build_py
creating /home/alexl/test/TE3003B_Integration_of_Robotics_and_Intelligent_Systems_2025/Week5/build/puzzlebot_sim/build
creating /home/alexl/test/TE3003B_Integration_of_Robotics_and_Intelligent_Systems_2025/Week5/build/puzzlebot_sim/build/lib
creating /home/alexl/test/TE3003B_Integration_of_Robotics_and_Intelligent_Systems_2025/Week5/build/puzzlebot_sim/build/lib/puzzlebot_sim
copying puzzlebot_sim/puzzlebot_sim.py -> /home/alexl/test/TE3003B_Integration_of_Robotics_and_Intelligent_Systems_2025/Week5/build/puzzlebot_sim/build/lib/puzzlebot_sim
copying puzzlebot_sim/__init__.py -> /home/alexl/test/TE3003B_Integration_of_Robotics_and_Intelligent_Systems_2025/Week5/build/puzzlebot_sim/build/lib/puzzlebot_sim
running install
running install_lib
creating /home/alexl/test/TE3003B_Integration_of_Robotics_and_Intelligent_Systems_2025/Week5/install/puzzlebot_sim/lib/python3.10/site-packages/puzzlebot_sim
copying /home/alexl/test/TE3003B_Integration_of_Robotics_and_Intelligent_Systems_2025/Week5/build/puzzlebot_sim/build/lib/puzzlebot_sim/puzzlebot_sim.py -> /home/alexl/test/TE3003B_Integration_of_Robotics_and_Intelligent_Systems_2025/Week5/install/puzzlebot_sim/lib/python3.10/site-packages/puzzlebot_sim
copying /home/alexl/test/TE3003B_Integration_of_Robotics_and_Intelligent_Systems_2025/Week5/build/puzzlebot_sim/build/lib/puzzlebot_sim/__init__.py -> /home/alexl/test/TE3003B_Integration_of_Robotics_and_Intelligent_Systems_2025/Week5/install/puzzlebot_sim/lib/python3.10/site-packages/puzzlebot_sim
byte-compiling /home/alexl/test/TE3003B_Integration_of_Robotics_and_Intelligent_Systems_2025/Week5/install/puzzlebot_sim/lib/python3.10/site-packages/puzzlebot_sim/puzzlebot_sim.py to puzzlebot_sim.cpython-310.pyc
byte-compiling /home/alexl/test/TE3003B_Integration_of_Robotics_and_Intelligent_Systems_2025/Week5/install/puzzlebot_sim/lib/python3.10/site-packages/puzzlebot_sim/__init__.py to __init__.cpython-310.pyc
running install_data
creating /home/alexl/test/TE3003B_Integration_of_Robotics_and_Intelligent_Systems_2025/Week5/install/puzzlebot_sim/share/ament_index
creating /home/alexl/test/TE3003B_Integration_of_Robotics_and_Intelligent_Systems_2025/Week5/install/puzzlebot_sim/share/ament_index/resource_index
creating /home/alexl/test/TE3003B_Integration_of_Robotics_and_Intelligent_Systems_2025/Week5/install/puzzlebot_sim/share/ament_index/resource_index/packages
copying resource/puzzlebot_sim -> /home/alexl/test/TE3003B_Integration_of_Robotics_and_Intelligent_Systems_2025/Week5/install/puzzlebot_sim/share/ament_index/resource_index/packages
copying package.xml -> /home/alexl/test/TE3003B_Integration_of_Robotics_and_Intelligent_Systems_2025/Week5/install/puzzlebot_sim/share/puzzlebot_sim
creating /home/alexl/test/TE3003B_Integration_of_Robotics_and_Intelligent_Systems_2025/Week5/install/puzzlebot_sim/share/puzzlebot_sim/launch
creating /home/alexl/test/TE3003B_Integration_of_Robotics_and_Intelligent_Systems_2025/Week5/install/puzzlebot_sim/share/puzzlebot_sim/config
creating /home/alexl/test/TE3003B_Integration_of_Robotics_and_Intelligent_Systems_2025/Week5/install/puzzlebot_sim/share/puzzlebot_sim/rviz
creating /home/alexl/test/TE3003B_Integration_of_Robotics_and_Intelligent_Systems_2025/Week5/install/puzzlebot_sim/share/puzzlebot_sim/meshes
creating /home/alexl/test/TE3003B_Integration_of_Robotics_and_Intelligent_Systems_2025/Week5/install/puzzlebot_sim/share/puzzlebot_sim/urdf
running install_egg_info
Copying ../../build/puzzlebot_sim/puzzlebot_sim.egg-info to /home/alexl/test/TE3003B_Integration_of_Robotics_and_Intelligent_Systems_2025/Week5/install/puzzlebot_sim/lib/python3.10/site-packages/puzzlebot_sim-0.0.0-py3.10.egg-info
running install_scripts
Installing puzzlebot_sim script to /home/alexl/test/TE3003B_Integration_of_Robotics_and_Intelligent_Systems_2025/Week5/install/puzzlebot_sim/lib/puzzlebot_sim
writing list of installed files to '/home/alexl/test/TE3003B_Integration_of_Robotics_and_Intelligent_Systems_2025/Week5/build/puzzlebot_sim/install.log'
