[0.257s] Invoking command in '/home/alexl/final_ws/build/puzzlebot_aruco_msgs': CMAKE_PREFIX_PATH=/home/alexl/ros2_ws/install/tf_examples:/home/alexl/ros2_ws/install/puzzlebot_sim:/home/alexl/ros2_ws/install/puzzlebot_gazebo:/home/alexl/ros2_ws/install/puzzlebot_description:/home/alexl/ros2_ws/install/puzzle_drone:/home/alexl/ros2_ws/install/motor_control:/home/alexl/ros2_ws/install/mobile_robotics:/home/alexl/ros2_ws/install/challenge:/home/alexl/TE3003B/install/puzzlebot:/home/alexl/ros2_ws/src/mobile_robotics/install/mobile_robotics:/opt/ros/humble /usr/bin/cmake --build /home/alexl/final_ws/build/puzzlebot_aruco_msgs -- -j12 -l12
[0.300s] [35m[1mConsolidate compiler generated dependencies of target puzzlebot_aruco_msgs__rosidl_generator_c[0m
[0.312s] [ 12%] Built target puzzlebot_aruco_msgs__cpp
[0.312s] [ 12%] Built target puzzlebot_aruco_msgs__rosidl_generator_c
[0.327s] [ 12%] Built target ament_cmake_python_copy_puzzlebot_aruco_msgs
[0.327s] [35m[1mConsolidate compiler generated dependencies of target puzzlebot_aruco_msgs__rosidl_typesupport_c[0m
[0.327s] [35m[1mConsolidate compiler generated dependencies of target puzzlebot_aruco_msgs__rosidl_typesupport_introspection_c[0m
[0.327s] [35m[1mConsolidate compiler generated dependencies of target puzzlebot_aruco_msgs__rosidl_typesupport_fastrtps_cpp[0m
[0.327s] [35m[1mConsolidate compiler generated dependencies of target puzzlebot_aruco_msgs__rosidl_typesupport_introspection_cpp[0m
[0.327s] [35m[1mConsolidate compiler generated dependencies of target puzzlebot_aruco_msgs__rosidl_typesupport_cpp[0m
[0.327s] [35m[1mConsolidate compiler generated dependencies of target puzzlebot_aruco_msgs__rosidl_typesupport_fastrtps_c[0m
[0.346s] [ 22%] Built target puzzlebot_aruco_msgs__rosidl_typesupport_introspection_c
[0.346s] [ 32%] Built target puzzlebot_aruco_msgs__rosidl_typesupport_c
[0.348s] [ 64%] Built target puzzlebot_aruco_msgs__rosidl_typesupport_fastrtps_c
[0.348s] [ 64%] Built target puzzlebot_aruco_msgs__rosidl_typesupport_cpp
[0.348s] [ 64%] Built target puzzlebot_aruco_msgs__rosidl_typesupport_introspection_cpp
[0.348s] [ 70%] Built target puzzlebot_aruco_msgs__rosidl_typesupport_fastrtps_cpp
[0.371s] [ 70%] Built target puzzlebot_aruco_msgs
[0.395s] [ 74%] Built target puzzlebot_aruco_msgs__py
[0.406s] [35m[1mConsolidate compiler generated dependencies of target puzzlebot_aruco_msgs__rosidl_generator_py[0m
[0.422s] [ 80%] Built target puzzlebot_aruco_msgs__rosidl_generator_py
[0.434s] [35m[1mConsolidate compiler generated dependencies of target puzzlebot_aruco_msgs__rosidl_typesupport_fastrtps_c__pyext[0m
[0.434s] [35m[1mConsolidate compiler generated dependencies of target puzzlebot_aruco_msgs__rosidl_typesupport_introspection_c__pyext[0m
[0.435s] [35m[1mConsolidate compiler generated dependencies of target puzzlebot_aruco_msgs__rosidl_typesupport_c__pyext[0m
[0.450s] [ 93%] Built target puzzlebot_aruco_msgs__rosidl_typesupport_introspection_c__pyext
[0.451s] [ 93%] Built target puzzlebot_aruco_msgs__rosidl_typesupport_fastrtps_c__pyext
[0.453s] [100%] Built target puzzlebot_aruco_msgs__rosidl_typesupport_c__pyext
[0.582s] running egg_info
[0.583s] writing puzzlebot_aruco_msgs.egg-info/PKG-INFO
[0.583s] writing dependency_links to puzzlebot_aruco_msgs.egg-info/dependency_links.txt
[0.583s] writing top-level names to puzzlebot_aruco_msgs.egg-info/top_level.txt
[0.586s] reading manifest file 'puzzlebot_aruco_msgs.egg-info/SOURCES.txt'
[0.586s] writing manifest file 'puzzlebot_aruco_msgs.egg-info/SOURCES.txt'
[0.629s] [100%] Built target ament_cmake_python_build_puzzlebot_aruco_msgs_egg
[0.648s] Invoked command in '/home/alexl/final_ws/build/puzzlebot_aruco_msgs' returned '0': CMAKE_PREFIX_PATH=/home/alexl/ros2_ws/install/tf_examples:/home/alexl/ros2_ws/install/puzzlebot_sim:/home/alexl/ros2_ws/install/puzzlebot_gazebo:/home/alexl/ros2_ws/install/puzzlebot_description:/home/alexl/ros2_ws/install/puzzle_drone:/home/alexl/ros2_ws/install/motor_control:/home/alexl/ros2_ws/install/mobile_robotics:/home/alexl/ros2_ws/install/challenge:/home/alexl/TE3003B/install/puzzlebot:/home/alexl/ros2_ws/src/mobile_robotics/install/mobile_robotics:/opt/ros/humble /usr/bin/cmake --build /home/alexl/final_ws/build/puzzlebot_aruco_msgs -- -j12 -l12
[0.660s] Invoking command in '/home/alexl/final_ws/build/puzzlebot_aruco_msgs': CMAKE_PREFIX_PATH=/home/alexl/ros2_ws/install/tf_examples:/home/alexl/ros2_ws/install/puzzlebot_sim:/home/alexl/ros2_ws/install/puzzlebot_gazebo:/home/alexl/ros2_ws/install/puzzlebot_description:/home/alexl/ros2_ws/install/puzzle_drone:/home/alexl/ros2_ws/install/motor_control:/home/alexl/ros2_ws/install/mobile_robotics:/home/alexl/ros2_ws/install/challenge:/home/alexl/TE3003B/install/puzzlebot:/home/alexl/ros2_ws/src/mobile_robotics/install/mobile_robotics:/opt/ros/humble /usr/bin/cmake --install /home/alexl/final_ws/build/puzzlebot_aruco_msgs
[0.668s] -- Install configuration: ""
[0.668s] -- Up-to-date: /home/alexl/final_ws/install/puzzlebot_aruco_msgs/share/ament_index/resource_index/rosidl_interfaces/puzzlebot_aruco_msgs
[0.669s] -- Up-to-date: /home/alexl/final_ws/install/puzzlebot_aruco_msgs/include/puzzlebot_aruco_msgs/puzzlebot_aruco_msgs
[0.669s] -- Up-to-date: /home/alexl/final_ws/install/puzzlebot_aruco_msgs/include/puzzlebot_aruco_msgs/puzzlebot_aruco_msgs/msg
[0.669s] -- Up-to-date: /home/alexl/final_ws/install/puzzlebot_aruco_msgs/include/puzzlebot_aruco_msgs/puzzlebot_aruco_msgs/msg/aruco_observation.h
[0.669s] -- Up-to-date: /home/alexl/final_ws/install/puzzlebot_aruco_msgs/include/puzzlebot_aruco_msgs/puzzlebot_aruco_msgs/msg/detail
[0.669s] -- Up-to-date: /home/alexl/final_ws/install/puzzlebot_aruco_msgs/include/puzzlebot_aruco_msgs/puzzlebot_aruco_msgs/msg/detail/aruco_observation__struct.h
[0.669s] -- Up-to-date: /home/alexl/final_ws/install/puzzlebot_aruco_msgs/include/puzzlebot_aruco_msgs/puzzlebot_aruco_msgs/msg/detail/aruco_observation__functions.h
[0.670s] -- Up-to-date: /home/alexl/final_ws/install/puzzlebot_aruco_msgs/include/puzzlebot_aruco_msgs/puzzlebot_aruco_msgs/msg/detail/aruco_observation__functions.c
[0.670s] -- Up-to-date: /home/alexl/final_ws/install/puzzlebot_aruco_msgs/include/puzzlebot_aruco_msgs/puzzlebot_aruco_msgs/msg/detail/aruco_observation__type_support.h
[0.670s] -- Up-to-date: /home/alexl/final_ws/install/puzzlebot_aruco_msgs/include/puzzlebot_aruco_msgs/puzzlebot_aruco_msgs/msg/rosidl_generator_c__visibility_control.h
[0.670s] -- Up-to-date: /home/alexl/final_ws/install/puzzlebot_aruco_msgs/share/puzzlebot_aruco_msgs/environment/library_path.sh
[0.670s] -- Up-to-date: /home/alexl/final_ws/install/puzzlebot_aruco_msgs/share/puzzlebot_aruco_msgs/environment/library_path.dsv
[0.670s] -- Up-to-date: /home/alexl/final_ws/install/puzzlebot_aruco_msgs/lib/libpuzzlebot_aruco_msgs__rosidl_generator_c.so
[0.671s] -- Up-to-date: /home/alexl/final_ws/install/puzzlebot_aruco_msgs/include/puzzlebot_aruco_msgs/puzzlebot_aruco_msgs
[0.671s] -- Up-to-date: /home/alexl/final_ws/install/puzzlebot_aruco_msgs/include/puzzlebot_aruco_msgs/puzzlebot_aruco_msgs/msg
[0.671s] -- Up-to-date: /home/alexl/final_ws/install/puzzlebot_aruco_msgs/include/puzzlebot_aruco_msgs/puzzlebot_aruco_msgs/msg/rosidl_typesupport_fastrtps_c__visibility_control.h
[0.671s] -- Up-to-date: /home/alexl/final_ws/install/puzzlebot_aruco_msgs/include/puzzlebot_aruco_msgs/puzzlebot_aruco_msgs/msg/detail
[0.671s] -- Up-to-date: /home/alexl/final_ws/install/puzzlebot_aruco_msgs/include/puzzlebot_aruco_msgs/puzzlebot_aruco_msgs/msg/detail/aruco_observation__rosidl_typesupport_fastrtps_c.h
[0.671s] -- Up-to-date: /home/alexl/final_ws/install/puzzlebot_aruco_msgs/lib/libpuzzlebot_aruco_msgs__rosidl_typesupport_fastrtps_c.so
[0.671s] -- Up-to-date: /home/alexl/final_ws/install/puzzlebot_aruco_msgs/include/puzzlebot_aruco_msgs/puzzlebot_aruco_msgs
[0.671s] -- Up-to-date: /home/alexl/final_ws/install/puzzlebot_aruco_msgs/include/puzzlebot_aruco_msgs/puzzlebot_aruco_msgs/msg
[0.671s] -- Up-to-date: /home/alexl/final_ws/install/puzzlebot_aruco_msgs/include/puzzlebot_aruco_msgs/puzzlebot_aruco_msgs/msg/aruco_observation.hpp
[0.671s] -- Up-to-date: /home/alexl/final_ws/install/puzzlebot_aruco_msgs/include/puzzlebot_aruco_msgs/puzzlebot_aruco_msgs/msg/rosidl_generator_cpp__visibility_control.hpp
[0.671s] -- Up-to-date: /home/alexl/final_ws/install/puzzlebot_aruco_msgs/include/puzzlebot_aruco_msgs/puzzlebot_aruco_msgs/msg/detail
[0.671s] -- Up-to-date: /home/alexl/final_ws/install/puzzlebot_aruco_msgs/include/puzzlebot_aruco_msgs/puzzlebot_aruco_msgs/msg/detail/aruco_observation__type_support.hpp
[0.671s] -- Up-to-date: /home/alexl/final_ws/install/puzzlebot_aruco_msgs/include/puzzlebot_aruco_msgs/puzzlebot_aruco_msgs/msg/detail/aruco_observation__traits.hpp
[0.671s] -- Up-to-date: /home/alexl/final_ws/install/puzzlebot_aruco_msgs/include/puzzlebot_aruco_msgs/puzzlebot_aruco_msgs/msg/detail/aruco_observation__struct.hpp
[0.671s] -- Up-to-date: /home/alexl/final_ws/install/puzzlebot_aruco_msgs/include/puzzlebot_aruco_msgs/puzzlebot_aruco_msgs/msg/detail/aruco_observation__builder.hpp
[0.671s] -- Up-to-date: /home/alexl/final_ws/install/puzzlebot_aruco_msgs/include/puzzlebot_aruco_msgs/puzzlebot_aruco_msgs
[0.671s] -- Up-to-date: /home/alexl/final_ws/install/puzzlebot_aruco_msgs/include/puzzlebot_aruco_msgs/puzzlebot_aruco_msgs/msg
[0.671s] -- Up-to-date: /home/alexl/final_ws/install/puzzlebot_aruco_msgs/include/puzzlebot_aruco_msgs/puzzlebot_aruco_msgs/msg/rosidl_typesupport_fastrtps_cpp__visibility_control.h
[0.672s] -- Up-to-date: /home/alexl/final_ws/install/puzzlebot_aruco_msgs/include/puzzlebot_aruco_msgs/puzzlebot_aruco_msgs/msg/detail
[0.672s] -- Up-to-date: /home/alexl/final_ws/install/puzzlebot_aruco_msgs/include/puzzlebot_aruco_msgs/puzzlebot_aruco_msgs/msg/detail/dds_fastrtps
[0.672s] -- Up-to-date: /home/alexl/final_ws/install/puzzlebot_aruco_msgs/include/puzzlebot_aruco_msgs/puzzlebot_aruco_msgs/msg/detail/aruco_observation__rosidl_typesupport_fastrtps_cpp.hpp
[0.672s] -- Up-to-date: /home/alexl/final_ws/install/puzzlebot_aruco_msgs/lib/libpuzzlebot_aruco_msgs__rosidl_typesupport_fastrtps_cpp.so
[0.672s] -- Up-to-date: /home/alexl/final_ws/install/puzzlebot_aruco_msgs/include/puzzlebot_aruco_msgs/puzzlebot_aruco_msgs
[0.672s] -- Up-to-date: /home/alexl/final_ws/install/puzzlebot_aruco_msgs/include/puzzlebot_aruco_msgs/puzzlebot_aruco_msgs/msg
[0.672s] -- Up-to-date: /home/alexl/final_ws/install/puzzlebot_aruco_msgs/include/puzzlebot_aruco_msgs/puzzlebot_aruco_msgs/msg/rosidl_typesupport_introspection_c__visibility_control.h
[0.672s] -- Up-to-date: /home/alexl/final_ws/install/puzzlebot_aruco_msgs/include/puzzlebot_aruco_msgs/puzzlebot_aruco_msgs/msg/detail
[0.672s] -- Up-to-date: /home/alexl/final_ws/install/puzzlebot_aruco_msgs/include/puzzlebot_aruco_msgs/puzzlebot_aruco_msgs/msg/detail/aruco_observation__rosidl_typesupport_introspection_c.h
[0.672s] -- Up-to-date: /home/alexl/final_ws/install/puzzlebot_aruco_msgs/include/puzzlebot_aruco_msgs/puzzlebot_aruco_msgs/msg/detail/aruco_observation__type_support.c
[0.672s] -- Up-to-date: /home/alexl/final_ws/install/puzzlebot_aruco_msgs/lib/libpuzzlebot_aruco_msgs__rosidl_typesupport_introspection_c.so
[0.672s] -- Up-to-date: /home/alexl/final_ws/install/puzzlebot_aruco_msgs/lib/libpuzzlebot_aruco_msgs__rosidl_typesupport_c.so
[0.672s] -- Up-to-date: /home/alexl/final_ws/install/puzzlebot_aruco_msgs/include/puzzlebot_aruco_msgs/puzzlebot_aruco_msgs
[0.672s] -- Up-to-date: /home/alexl/final_ws/install/puzzlebot_aruco_msgs/include/puzzlebot_aruco_msgs/puzzlebot_aruco_msgs/msg
[0.672s] -- Up-to-date: /home/alexl/final_ws/install/puzzlebot_aruco_msgs/include/puzzlebot_aruco_msgs/puzzlebot_aruco_msgs/msg/detail
[0.672s] -- Up-to-date: /home/alexl/final_ws/install/puzzlebot_aruco_msgs/include/puzzlebot_aruco_msgs/puzzlebot_aruco_msgs/msg/detail/aruco_observation__rosidl_typesupport_introspection_cpp.hpp
[0.672s] -- Up-to-date: /home/alexl/final_ws/install/puzzlebot_aruco_msgs/include/puzzlebot_aruco_msgs/puzzlebot_aruco_msgs/msg/detail/aruco_observation__type_support.cpp
[0.672s] -- Up-to-date: /home/alexl/final_ws/install/puzzlebot_aruco_msgs/lib/libpuzzlebot_aruco_msgs__rosidl_typesupport_introspection_cpp.so
[0.673s] -- Up-to-date: /home/alexl/final_ws/install/puzzlebot_aruco_msgs/lib/libpuzzlebot_aruco_msgs__rosidl_typesupport_cpp.so
[0.673s] -- Up-to-date: /home/alexl/final_ws/install/puzzlebot_aruco_msgs/share/puzzlebot_aruco_msgs/environment/pythonpath.sh
[0.673s] -- Up-to-date: /home/alexl/final_ws/install/puzzlebot_aruco_msgs/share/puzzlebot_aruco_msgs/environment/pythonpath.dsv
[0.673s] -- Up-to-date: /home/alexl/final_ws/install/puzzlebot_aruco_msgs/local/lib/python3.10/dist-packages/puzzlebot_aruco_msgs-0.0.0-py3.10.egg-info
[0.673s] -- Installing: /home/alexl/final_ws/install/puzzlebot_aruco_msgs/local/lib/python3.10/dist-packages/puzzlebot_aruco_msgs-0.0.0-py3.10.egg-info/SOURCES.txt
[0.673s] -- Installing: /home/alexl/final_ws/install/puzzlebot_aruco_msgs/local/lib/python3.10/dist-packages/puzzlebot_aruco_msgs-0.0.0-py3.10.egg-info/top_level.txt
[0.673s] -- Installing: /home/alexl/final_ws/install/puzzlebot_aruco_msgs/local/lib/python3.10/dist-packages/puzzlebot_aruco_msgs-0.0.0-py3.10.egg-info/dependency_links.txt
[0.673s] -- Installing: /home/alexl/final_ws/install/puzzlebot_aruco_msgs/local/lib/python3.10/dist-packages/puzzlebot_aruco_msgs-0.0.0-py3.10.egg-info/PKG-INFO
[0.673s] -- Up-to-date: /home/alexl/final_ws/install/puzzlebot_aruco_msgs/local/lib/python3.10/dist-packages/puzzlebot_aruco_msgs
[0.673s] -- Up-to-date: /home/alexl/final_ws/install/puzzlebot_aruco_msgs/local/lib/python3.10/dist-packages/puzzlebot_aruco_msgs/_puzzlebot_aruco_msgs_s.ep.rosidl_typesupport_c.c
[0.673s] -- Up-to-date: /home/alexl/final_ws/install/puzzlebot_aruco_msgs/local/lib/python3.10/dist-packages/puzzlebot_aruco_msgs/_puzzlebot_aruco_msgs_s.ep.rosidl_typesupport_introspection_c.c
[0.673s] -- Up-to-date: /home/alexl/final_ws/install/puzzlebot_aruco_msgs/local/lib/python3.10/dist-packages/puzzlebot_aruco_msgs/__init__.py
[0.673s] -- Up-to-date: /home/alexl/final_ws/install/puzzlebot_aruco_msgs/local/lib/python3.10/dist-packages/puzzlebot_aruco_msgs/libpuzzlebot_aruco_msgs__rosidl_generator_py.so
[0.673s] -- Up-to-date: /home/alexl/final_ws/install/puzzlebot_aruco_msgs/local/lib/python3.10/dist-packages/puzzlebot_aruco_msgs/msg
[0.673s] -- Up-to-date: /home/alexl/final_ws/install/puzzlebot_aruco_msgs/local/lib/python3.10/dist-packages/puzzlebot_aruco_msgs/msg/_aruco_observation.py
[0.673s] -- Up-to-date: /home/alexl/final_ws/install/puzzlebot_aruco_msgs/local/lib/python3.10/dist-packages/puzzlebot_aruco_msgs/msg/__init__.py
[0.673s] -- Up-to-date: /home/alexl/final_ws/install/puzzlebot_aruco_msgs/local/lib/python3.10/dist-packages/puzzlebot_aruco_msgs/msg/_aruco_observation_s.c
[0.673s] -- Up-to-date: /home/alexl/final_ws/install/puzzlebot_aruco_msgs/local/lib/python3.10/dist-packages/puzzlebot_aruco_msgs/puzzlebot_aruco_msgs_s__rosidl_typesupport_introspection_c.cpython-310-x86_64-linux-gnu.so
[0.674s] -- Up-to-date: /home/alexl/final_ws/install/puzzlebot_aruco_msgs/local/lib/python3.10/dist-packages/puzzlebot_aruco_msgs/_puzzlebot_aruco_msgs_s.ep.rosidl_typesupport_fastrtps_c.c
[0.674s] -- Up-to-date: /home/alexl/final_ws/install/puzzlebot_aruco_msgs/local/lib/python3.10/dist-packages/puzzlebot_aruco_msgs/puzzlebot_aruco_msgs_s__rosidl_typesupport_c.cpython-310-x86_64-linux-gnu.so
[0.674s] -- Up-to-date: /home/alexl/final_ws/install/puzzlebot_aruco_msgs/local/lib/python3.10/dist-packages/puzzlebot_aruco_msgs/puzzlebot_aruco_msgs_s__rosidl_typesupport_fastrtps_c.cpython-310-x86_64-linux-gnu.so
[0.705s] Listing '/home/alexl/final_ws/install/puzzlebot_aruco_msgs/local/lib/python3.10/dist-packages/puzzlebot_aruco_msgs'...
[0.705s] Listing '/home/alexl/final_ws/install/puzzlebot_aruco_msgs/local/lib/python3.10/dist-packages/puzzlebot_aruco_msgs/msg'...
[0.710s] -- Up-to-date: /home/alexl/final_ws/install/puzzlebot_aruco_msgs/local/lib/python3.10/dist-packages/puzzlebot_aruco_msgs/puzzlebot_aruco_msgs_s__rosidl_typesupport_fastrtps_c.cpython-310-x86_64-linux-gnu.so
[0.710s] -- Up-to-date: /home/alexl/final_ws/install/puzzlebot_aruco_msgs/local/lib/python3.10/dist-packages/puzzlebot_aruco_msgs/puzzlebot_aruco_msgs_s__rosidl_typesupport_introspection_c.cpython-310-x86_64-linux-gnu.so
[0.710s] -- Up-to-date: /home/alexl/final_ws/install/puzzlebot_aruco_msgs/local/lib/python3.10/dist-packages/puzzlebot_aruco_msgs/puzzlebot_aruco_msgs_s__rosidl_typesupport_c.cpython-310-x86_64-linux-gnu.so
[0.710s] -- Up-to-date: /home/alexl/final_ws/install/puzzlebot_aruco_msgs/lib/libpuzzlebot_aruco_msgs__rosidl_generator_py.so
[0.711s] -- Up-to-date: /home/alexl/final_ws/install/puzzlebot_aruco_msgs/share/puzzlebot_aruco_msgs/msg/ArucoObservation.idl
[0.711s] -- Up-to-date: /home/alexl/final_ws/install/puzzlebot_aruco_msgs/share/puzzlebot_aruco_msgs/msg/ArucoObservation.msg
[0.711s] -- Up-to-date: /home/alexl/final_ws/install/puzzlebot_aruco_msgs/share/ament_index/resource_index/package_run_dependencies/puzzlebot_aruco_msgs
[0.711s] -- Up-to-date: /home/alexl/final_ws/install/puzzlebot_aruco_msgs/share/ament_index/resource_index/parent_prefix_path/puzzlebot_aruco_msgs
[0.711s] -- Up-to-date: /home/alexl/final_ws/install/puzzlebot_aruco_msgs/share/puzzlebot_aruco_msgs/environment/ament_prefix_path.sh
[0.711s] -- Up-to-date: /home/alexl/final_ws/install/puzzlebot_aruco_msgs/share/puzzlebot_aruco_msgs/environment/ament_prefix_path.dsv
[0.711s] -- Up-to-date: /home/alexl/final_ws/install/puzzlebot_aruco_msgs/share/puzzlebot_aruco_msgs/environment/path.sh
[0.711s] -- Up-to-date: /home/alexl/final_ws/install/puzzlebot_aruco_msgs/share/puzzlebot_aruco_msgs/environment/path.dsv
[0.711s] -- Up-to-date: /home/alexl/final_ws/install/puzzlebot_aruco_msgs/share/puzzlebot_aruco_msgs/local_setup.bash
[0.711s] -- Up-to-date: /home/alexl/final_ws/install/puzzlebot_aruco_msgs/share/puzzlebot_aruco_msgs/local_setup.sh
[0.711s] -- Up-to-date: /home/alexl/final_ws/install/puzzlebot_aruco_msgs/share/puzzlebot_aruco_msgs/local_setup.zsh
[0.711s] -- Up-to-date: /home/alexl/final_ws/install/puzzlebot_aruco_msgs/share/puzzlebot_aruco_msgs/local_setup.dsv
[0.711s] -- Installing: /home/alexl/final_ws/install/puzzlebot_aruco_msgs/share/puzzlebot_aruco_msgs/package.dsv
[0.711s] -- Up-to-date: /home/alexl/final_ws/install/puzzlebot_aruco_msgs/share/ament_index/resource_index/packages/puzzlebot_aruco_msgs
[0.711s] -- Up-to-date: /home/alexl/final_ws/install/puzzlebot_aruco_msgs/share/puzzlebot_aruco_msgs/cmake/export_puzzlebot_aruco_msgs__rosidl_generator_cExport.cmake
[0.712s] -- Up-to-date: /home/alexl/final_ws/install/puzzlebot_aruco_msgs/share/puzzlebot_aruco_msgs/cmake/export_puzzlebot_aruco_msgs__rosidl_generator_cExport-noconfig.cmake
[0.712s] -- Up-to-date: /home/alexl/final_ws/install/puzzlebot_aruco_msgs/share/puzzlebot_aruco_msgs/cmake/export_puzzlebot_aruco_msgs__rosidl_typesupport_fastrtps_cExport.cmake
[0.712s] -- Up-to-date: /home/alexl/final_ws/install/puzzlebot_aruco_msgs/share/puzzlebot_aruco_msgs/cmake/export_puzzlebot_aruco_msgs__rosidl_typesupport_fastrtps_cExport-noconfig.cmake
[0.712s] -- Up-to-date: /home/alexl/final_ws/install/puzzlebot_aruco_msgs/share/puzzlebot_aruco_msgs/cmake/export_puzzlebot_aruco_msgs__rosidl_generator_cppExport.cmake
[0.712s] -- Up-to-date: /home/alexl/final_ws/install/puzzlebot_aruco_msgs/share/puzzlebot_aruco_msgs/cmake/export_puzzlebot_aruco_msgs__rosidl_typesupport_fastrtps_cppExport.cmake
[0.712s] -- Up-to-date: /home/alexl/final_ws/install/puzzlebot_aruco_msgs/share/puzzlebot_aruco_msgs/cmake/export_puzzlebot_aruco_msgs__rosidl_typesupport_fastrtps_cppExport-noconfig.cmake
[0.712s] -- Up-to-date: /home/alexl/final_ws/install/puzzlebot_aruco_msgs/share/puzzlebot_aruco_msgs/cmake/puzzlebot_aruco_msgs__rosidl_typesupport_introspection_cExport.cmake
[0.712s] -- Up-to-date: /home/alexl/final_ws/install/puzzlebot_aruco_msgs/share/puzzlebot_aruco_msgs/cmake/puzzlebot_aruco_msgs__rosidl_typesupport_introspection_cExport-noconfig.cmake
[0.712s] -- Up-to-date: /home/alexl/final_ws/install/puzzlebot_aruco_msgs/share/puzzlebot_aruco_msgs/cmake/puzzlebot_aruco_msgs__rosidl_typesupport_cExport.cmake
[0.712s] -- Up-to-date: /home/alexl/final_ws/install/puzzlebot_aruco_msgs/share/puzzlebot_aruco_msgs/cmake/puzzlebot_aruco_msgs__rosidl_typesupport_cExport-noconfig.cmake
[0.712s] -- Up-to-date: /home/alexl/final_ws/install/puzzlebot_aruco_msgs/share/puzzlebot_aruco_msgs/cmake/puzzlebot_aruco_msgs__rosidl_typesupport_introspection_cppExport.cmake
[0.712s] -- Up-to-date: /home/alexl/final_ws/install/puzzlebot_aruco_msgs/share/puzzlebot_aruco_msgs/cmake/puzzlebot_aruco_msgs__rosidl_typesupport_introspection_cppExport-noconfig.cmake
[0.712s] -- Up-to-date: /home/alexl/final_ws/install/puzzlebot_aruco_msgs/share/puzzlebot_aruco_msgs/cmake/puzzlebot_aruco_msgs__rosidl_typesupport_cppExport.cmake
[0.712s] -- Up-to-date: /home/alexl/final_ws/install/puzzlebot_aruco_msgs/share/puzzlebot_aruco_msgs/cmake/puzzlebot_aruco_msgs__rosidl_typesupport_cppExport-noconfig.cmake
[0.712s] -- Up-to-date: /home/alexl/final_ws/install/puzzlebot_aruco_msgs/share/puzzlebot_aruco_msgs/cmake/export_puzzlebot_aruco_msgs__rosidl_generator_pyExport.cmake
[0.712s] -- Up-to-date: /home/alexl/final_ws/install/puzzlebot_aruco_msgs/share/puzzlebot_aruco_msgs/cmake/export_puzzlebot_aruco_msgs__rosidl_generator_pyExport-noconfig.cmake
[0.713s] -- Up-to-date: /home/alexl/final_ws/install/puzzlebot_aruco_msgs/share/puzzlebot_aruco_msgs/cmake/rosidl_cmake-extras.cmake
[0.713s] -- Up-to-date: /home/alexl/final_ws/install/puzzlebot_aruco_msgs/share/puzzlebot_aruco_msgs/cmake/ament_cmake_export_include_directories-extras.cmake
[0.713s] -- Up-to-date: /home/alexl/final_ws/install/puzzlebot_aruco_msgs/share/puzzlebot_aruco_msgs/cmake/ament_cmake_export_libraries-extras.cmake
[0.713s] -- Up-to-date: /home/alexl/final_ws/install/puzzlebot_aruco_msgs/share/puzzlebot_aruco_msgs/cmake/ament_cmake_export_targets-extras.cmake
[0.713s] -- Up-to-date: /home/alexl/final_ws/install/puzzlebot_aruco_msgs/share/puzzlebot_aruco_msgs/cmake/rosidl_cmake_export_typesupport_targets-extras.cmake
[0.713s] -- Up-to-date: /home/alexl/final_ws/install/puzzlebot_aruco_msgs/share/puzzlebot_aruco_msgs/cmake/ament_cmake_export_dependencies-extras.cmake
[0.713s] -- Up-to-date: /home/alexl/final_ws/install/puzzlebot_aruco_msgs/share/puzzlebot_aruco_msgs/cmake/rosidl_cmake_export_typesupport_libraries-extras.cmake
[0.713s] -- Up-to-date: /home/alexl/final_ws/install/puzzlebot_aruco_msgs/share/puzzlebot_aruco_msgs/cmake/puzzlebot_aruco_msgsConfig.cmake
[0.713s] -- Up-to-date: /home/alexl/final_ws/install/puzzlebot_aruco_msgs/share/puzzlebot_aruco_msgs/cmake/puzzlebot_aruco_msgsConfig-version.cmake
[0.713s] -- Up-to-date: /home/alexl/final_ws/install/puzzlebot_aruco_msgs/share/puzzlebot_aruco_msgs/package.xml
[0.716s] Invoked command in '/home/alexl/final_ws/build/puzzlebot_aruco_msgs' returned '0': CMAKE_PREFIX_PATH=/home/alexl/ros2_ws/install/tf_examples:/home/alexl/ros2_ws/install/puzzlebot_sim:/home/alexl/ros2_ws/install/puzzlebot_gazebo:/home/alexl/ros2_ws/install/puzzlebot_description:/home/alexl/ros2_ws/install/puzzle_drone:/home/alexl/ros2_ws/install/motor_control:/home/alexl/ros2_ws/install/mobile_robotics:/home/alexl/ros2_ws/install/challenge:/home/alexl/TE3003B/install/puzzlebot:/home/alexl/ros2_ws/src/mobile_robotics/install/mobile_robotics:/opt/ros/humble /usr/bin/cmake --install /home/alexl/final_ws/build/puzzlebot_aruco_msgs
