[1.829s] Invoking command in '/home/ulisess/TE3003B/modulo_3/Act3.5/equipo6': PYTHONPATH=/home/ulisess/TE3003B/modulo_3/Act3.5/build/equipo6/prefix_override:/usr/lib/python3/dist-packages/colcon_core/task/python/colcon_distutils_commands:/home/ulisess/TE3003B/modulo_3/Act3.5/install/equipo6/lib/python3.10/site-packages:${PYTHONPATH} /usr/bin/python3 -W ignore:setup.py install is deprecated -W ignore:easy_install command is deprecated setup.py egg_info --egg-base ../build/equipo6 build --build-base /home/ulisess/TE3003B/modulo_3/Act3.5/build/equipo6/build install --record /home/ulisess/TE3003B/modulo_3/Act3.5/build/equipo6/install.log --single-version-externally-managed install_data
[2.281s] running egg_info
[2.282s] writing ../build/equipo6/equipo6.egg-info/PKG-INFO
[2.283s] writing dependency_links to ../build/equipo6/equipo6.egg-info/dependency_links.txt
[2.283s] writing entry points to ../build/equipo6/equipo6.egg-info/entry_points.txt
[2.283s] writing requirements to ../build/equipo6/equipo6.egg-info/requires.txt
[2.284s] writing top-level names to ../build/equipo6/equipo6.egg-info/top_level.txt
[2.287s] reading manifest file '../build/equipo6/equipo6.egg-info/SOURCES.txt'
[2.289s] writing manifest file '../build/equipo6/equipo6.egg-info/SOURCES.txt'
[2.289s] running build
[2.289s] running build_py
[2.291s] running install
[2.292s] running install_lib
[2.294s] running install_data
[2.296s] running install_egg_info
[2.299s] removing '/home/ulisess/TE3003B/modulo_3/Act3.5/install/equipo6/lib/python3.10/site-packages/equipo6-0.0.0-py3.10.egg-info' (and everything under it)
[2.300s] Copying ../build/equipo6/equipo6.egg-info to /home/ulisess/TE3003B/modulo_3/Act3.5/install/equipo6/lib/python3.10/site-packages/equipo6-0.0.0-py3.10.egg-info
[2.302s] running install_scripts
[2.341s] writing list of installed files to '/home/ulisess/TE3003B/modulo_3/Act3.5/build/equipo6/install.log'
[2.401s] Invoked command in '/home/ulisess/TE3003B/modulo_3/Act3.5/equipo6' returned '0': PYTHONPATH=/home/ulisess/TE3003B/modulo_3/Act3.5/build/equipo6/prefix_override:/usr/lib/python3/dist-packages/colcon_core/task/python/colcon_distutils_commands:/home/ulisess/TE3003B/modulo_3/Act3.5/install/equipo6/lib/python3.10/site-packages:${PYTHONPATH} /usr/bin/python3 -W ignore:setup.py install is deprecated -W ignore:easy_install command is deprecated setup.py egg_info --egg-base ../build/equipo6 build --build-base /home/ulisess/TE3003B/modulo_3/Act3.5/build/equipo6/build install --record /home/ulisess/TE3003B/modulo_3/Act3.5/build/equipo6/install.log --single-version-externally-managed install_data
