[0.113s] DEBUG:colcon:Command line arguments: ['/usr/bin/colcon', 'build']
[0.113s] DEBUG:colcon:Parsed command line arguments: Namespace(log_base=None, log_level=None, verb_name='build', build_base='build', install_base='install', merge_install=False, symlink_install=False, test_result_base=None, continue_on_error=False, executor='parallel', parallel_workers=8, event_handlers=None, ignore_user_meta=False, metas=['./colcon.meta'], base_paths=['.'], packages_ignore=None, packages_ignore_regex=None, paths=None, packages_up_to=None, packages_up_to_regex=None, packages_above=None, packages_above_and_dependencies=None, packages_above_depth=None, packages_select_by_dep=None, packages_skip_by_dep=None, packages_skip_up_to=None, packages_select_build_failed=False, packages_skip_build_finished=False, packages_select_test_failures=False, packages_skip_test_passed=False, packages_select=None, packages_skip=None, packages_select_regex=None, packages_skip_regex=None, packages_start=None, packages_end=None, allow_overriding=[], cmake_args=None, cmake_target=None, cmake_target_skip_unavailable=False, cmake_clean_cache=False, cmake_clean_first=False, cmake_force_configure=False, ament_cmake_args=None, catkin_cmake_args=None, catkin_skip_building_tests=False, mixin_files=None, mixin=None, verb_parser=<colcon_mixin.mixin.mixin_argument.MixinArgumentDecorator object at 0x7a4685d5d9c0>, verb_extension=<colcon_core.verb.build.BuildVerb object at 0x7a4685d5d240>, main=<bound method BuildVerb.main of <colcon_core.verb.build.BuildVerb object at 0x7a4685d5d240>>, mixin_verb=('build',))
[0.291s] Level 1:colcon.colcon_core.package_discovery:discover_packages(colcon_meta) check parameters
[0.291s] Level 1:colcon.colcon_core.package_discovery:discover_packages(recursive) check parameters
[0.291s] Level 1:colcon.colcon_core.package_discovery:discover_packages(ignore) check parameters
[0.291s] Level 1:colcon.colcon_core.package_discovery:discover_packages(path) check parameters
[0.291s] Level 1:colcon.colcon_core.package_discovery:discover_packages(colcon_meta) discover
[0.291s] Level 1:colcon.colcon_core.package_discovery:discover_packages(recursive) discover
[0.291s] INFO:colcon.colcon_core.package_discovery:Crawling recursively for packages in '/home/ulisess/TE3003B/modulo_3/Act3.5'
[0.291s] Level 1:colcon.colcon_core.package_identification:_identify(.) by extensions ['ignore', 'ignore_ament_install']
[0.291s] Level 1:colcon.colcon_core.package_identification:_identify(.) by extension 'ignore'
[0.291s] Level 1:colcon.colcon_core.package_identification:_identify(.) by extension 'ignore_ament_install'
[0.291s] Level 1:colcon.colcon_core.package_identification:_identify(.) by extensions ['colcon_pkg']
[0.292s] Level 1:colcon.colcon_core.package_identification:_identify(.) by extension 'colcon_pkg'
[0.292s] Level 1:colcon.colcon_core.package_identification:_identify(.) by extensions ['colcon_meta']
[0.292s] Level 1:colcon.colcon_core.package_identification:_identify(.) by extension 'colcon_meta'
[0.292s] Level 1:colcon.colcon_core.package_identification:_identify(.) by extensions ['ros']
[0.292s] Level 1:colcon.colcon_core.package_identification:_identify(.) by extension 'ros'
[0.303s] Level 1:colcon.colcon_core.package_identification:_identify(.) by extensions ['cmake', 'python']
[0.303s] Level 1:colcon.colcon_core.package_identification:_identify(.) by extension 'cmake'
[0.303s] Level 1:colcon.colcon_core.package_identification:_identify(.) by extension 'python'
[0.303s] Level 1:colcon.colcon_core.package_identification:_identify(.) by extensions ['python_setup_py']
[0.303s] Level 1:colcon.colcon_core.package_identification:_identify(.) by extension 'python_setup_py'
[0.303s] Level 1:colcon.colcon_core.package_identification:_identify(build) by extensions ['ignore', 'ignore_ament_install']
[0.304s] Level 1:colcon.colcon_core.package_identification:_identify(build) by extension 'ignore'
[0.304s] Level 1:colcon.colcon_core.package_identification:_identify(build) ignored
[0.304s] Level 1:colcon.colcon_core.package_identification:_identify(equipo6) by extensions ['ignore', 'ignore_ament_install']
[0.304s] Level 1:colcon.colcon_core.package_identification:_identify(equipo6) by extension 'ignore'
[0.304s] Level 1:colcon.colcon_core.package_identification:_identify(equipo6) by extension 'ignore_ament_install'
[0.304s] Level 1:colcon.colcon_core.package_identification:_identify(equipo6) by extensions ['colcon_pkg']
[0.304s] Level 1:colcon.colcon_core.package_identification:_identify(equipo6) by extension 'colcon_pkg'
[0.304s] Level 1:colcon.colcon_core.package_identification:_identify(equipo6) by extensions ['colcon_meta']
[0.304s] Level 1:colcon.colcon_core.package_identification:_identify(equipo6) by extension 'colcon_meta'
[0.304s] Level 1:colcon.colcon_core.package_identification:_identify(equipo6) by extensions ['ros']
[0.304s] Level 1:colcon.colcon_core.package_identification:_identify(equipo6) by extension 'ros'
[0.308s] DEBUG:colcon.colcon_core.package_identification:Package 'equipo6' with type 'ros.ament_python' and name 'equipo6'
[0.308s] Level 1:colcon.colcon_core.package_identification:_identify(install) by extensions ['ignore', 'ignore_ament_install']
[0.308s] Level 1:colcon.colcon_core.package_identification:_identify(install) by extension 'ignore'
[0.308s] Level 1:colcon.colcon_core.package_identification:_identify(install) ignored
[0.308s] Level 1:colcon.colcon_core.package_identification:_identify(log) by extensions ['ignore', 'ignore_ament_install']
[0.308s] Level 1:colcon.colcon_core.package_identification:_identify(log) by extension 'ignore'
[0.308s] Level 1:colcon.colcon_core.package_identification:_identify(log) ignored
[0.308s] Level 1:colcon.colcon_core.package_identification:_identify(puzzlebot_description) by extensions ['ignore', 'ignore_ament_install']
[0.308s] Level 1:colcon.colcon_core.package_identification:_identify(puzzlebot_description) by extension 'ignore'
[0.308s] Level 1:colcon.colcon_core.package_identification:_identify(puzzlebot_description) by extension 'ignore_ament_install'
[0.308s] Level 1:colcon.colcon_core.package_identification:_identify(puzzlebot_description) by extensions ['colcon_pkg']
[0.308s] Level 1:colcon.colcon_core.package_identification:_identify(puzzlebot_description) by extension 'colcon_pkg'
[0.309s] Level 1:colcon.colcon_core.package_identification:_identify(puzzlebot_description) by extensions ['colcon_meta']
[0.309s] Level 1:colcon.colcon_core.package_identification:_identify(puzzlebot_description) by extension 'colcon_meta'
[0.309s] Level 1:colcon.colcon_core.package_identification:_identify(puzzlebot_description) by extensions ['ros']
[0.309s] Level 1:colcon.colcon_core.package_identification:_identify(puzzlebot_description) by extension 'ros'
[0.310s] DEBUG:colcon.colcon_core.package_identification:Package 'puzzlebot_description' with type 'ros.ament_python' and name 'puzzlebot_description'
[0.310s] Level 1:colcon.colcon_core.package_discovery:discover_packages(recursive) using defaults
[0.310s] Level 1:colcon.colcon_core.package_discovery:discover_packages(ignore) discover
[0.310s] Level 1:colcon.colcon_core.package_discovery:discover_packages(ignore) using defaults
[0.310s] Level 1:colcon.colcon_core.package_discovery:discover_packages(path) discover
[0.310s] Level 1:colcon.colcon_core.package_discovery:discover_packages(path) using defaults
[0.345s] Level 1:colcon.colcon_core.package_discovery:discover_packages(prefix_path) check parameters
[0.345s] Level 1:colcon.colcon_core.package_discovery:discover_packages(prefix_path) discover
[0.347s] DEBUG:colcon.colcon_installed_package_information.package_discovery:Found 2 installed packages in /home/ulisess/TE3003B/modulo_3/Act3.5/install
[0.348s] DEBUG:colcon.colcon_installed_package_information.package_discovery:Found 281 installed packages in /opt/ros/humble
[0.350s] Level 1:colcon.colcon_core.package_discovery:discover_packages(prefix_path) using defaults
[0.387s] Level 5:colcon.colcon_core.verb:set package 'equipo6' build argument 'cmake_args' from command line to 'None'
[0.387s] Level 5:colcon.colcon_core.verb:set package 'equipo6' build argument 'cmake_target' from command line to 'None'
[0.387s] Level 5:colcon.colcon_core.verb:set package 'equipo6' build argument 'cmake_target_skip_unavailable' from command line to 'False'
[0.387s] Level 5:colcon.colcon_core.verb:set package 'equipo6' build argument 'cmake_clean_cache' from command line to 'False'
[0.387s] Level 5:colcon.colcon_core.verb:set package 'equipo6' build argument 'cmake_clean_first' from command line to 'False'
[0.387s] Level 5:colcon.colcon_core.verb:set package 'equipo6' build argument 'cmake_force_configure' from command line to 'False'
[0.387s] Level 5:colcon.colcon_core.verb:set package 'equipo6' build argument 'ament_cmake_args' from command line to 'None'
[0.387s] Level 5:colcon.colcon_core.verb:set package 'equipo6' build argument 'catkin_cmake_args' from command line to 'None'
[0.387s] Level 5:colcon.colcon_core.verb:set package 'equipo6' build argument 'catkin_skip_building_tests' from command line to 'False'
[0.387s] DEBUG:colcon.colcon_core.verb:Building package 'equipo6' with the following arguments: {'ament_cmake_args': None, 'build_base': '/home/ulisess/TE3003B/modulo_3/Act3.5/build/equipo6', 'catkin_cmake_args': None, 'catkin_skip_building_tests': False, 'cmake_args': None, 'cmake_clean_cache': False, 'cmake_clean_first': False, 'cmake_force_configure': False, 'cmake_target': None, 'cmake_target_skip_unavailable': False, 'install_base': '/home/ulisess/TE3003B/modulo_3/Act3.5/install/equipo6', 'merge_install': False, 'path': '/home/ulisess/TE3003B/modulo_3/Act3.5/equipo6', 'symlink_install': False, 'test_result_base': None}
[0.388s] Level 5:colcon.colcon_core.verb:set package 'puzzlebot_description' build argument 'cmake_args' from command line to 'None'
[0.388s] Level 5:colcon.colcon_core.verb:set package 'puzzlebot_description' build argument 'cmake_target' from command line to 'None'
[0.388s] Level 5:colcon.colcon_core.verb:set package 'puzzlebot_description' build argument 'cmake_target_skip_unavailable' from command line to 'False'
[0.388s] Level 5:colcon.colcon_core.verb:set package 'puzzlebot_description' build argument 'cmake_clean_cache' from command line to 'False'
[0.388s] Level 5:colcon.colcon_core.verb:set package 'puzzlebot_description' build argument 'cmake_clean_first' from command line to 'False'
[0.388s] Level 5:colcon.colcon_core.verb:set package 'puzzlebot_description' build argument 'cmake_force_configure' from command line to 'False'
[0.388s] Level 5:colcon.colcon_core.verb:set package 'puzzlebot_description' build argument 'ament_cmake_args' from command line to 'None'
[0.388s] Level 5:colcon.colcon_core.verb:set package 'puzzlebot_description' build argument 'catkin_cmake_args' from command line to 'None'
[0.388s] Level 5:colcon.colcon_core.verb:set package 'puzzlebot_description' build argument 'catkin_skip_building_tests' from command line to 'False'
[0.388s] DEBUG:colcon.colcon_core.verb:Building package 'puzzlebot_description' with the following arguments: {'ament_cmake_args': None, 'build_base': '/home/ulisess/TE3003B/modulo_3/Act3.5/build/puzzlebot_description', 'catkin_cmake_args': None, 'catkin_skip_building_tests': False, 'cmake_args': None, 'cmake_clean_cache': False, 'cmake_clean_first': False, 'cmake_force_configure': False, 'cmake_target': None, 'cmake_target_skip_unavailable': False, 'install_base': '/home/ulisess/TE3003B/modulo_3/Act3.5/install/puzzlebot_description', 'merge_install': False, 'path': '/home/ulisess/TE3003B/modulo_3/Act3.5/puzzlebot_description', 'symlink_install': False, 'test_result_base': None}
[0.388s] INFO:colcon.colcon_core.executor:Executing jobs using 'parallel' executor
[0.390s] DEBUG:colcon.colcon_parallel_executor.executor.parallel:run_until_complete
[0.390s] INFO:colcon.colcon_ros.task.ament_python.build:Building ROS package in '/home/ulisess/TE3003B/modulo_3/Act3.5/equipo6' with build type 'ament_python'
[0.390s] Level 1:colcon.colcon_core.shell:create_environment_hook('equipo6', 'ament_prefix_path')
[0.392s] INFO:colcon.colcon_core.plugin_system:Skipping extension 'colcon_core.shell.bat': Not used on non-Windows systems
[0.392s] INFO:colcon.colcon_core.shell:Creating environment hook '/home/ulisess/TE3003B/modulo_3/Act3.5/install/equipo6/share/equipo6/hook/ament_prefix_path.ps1'
[0.393s] INFO:colcon.colcon_core.shell:Creating environment descriptor '/home/ulisess/TE3003B/modulo_3/Act3.5/install/equipo6/share/equipo6/hook/ament_prefix_path.dsv'
[0.394s] INFO:colcon.colcon_core.shell:Creating environment hook '/home/ulisess/TE3003B/modulo_3/Act3.5/install/equipo6/share/equipo6/hook/ament_prefix_path.sh'
[0.394s] INFO:colcon.colcon_core.shell:Skip shell extension 'powershell' for command environment: Not usable outside of PowerShell
[0.395s] DEBUG:colcon.colcon_core.shell:Skip shell extension 'dsv' for command environment
[0.398s] INFO:colcon.colcon_ros.task.ament_python.build:Building ROS package in '/home/ulisess/TE3003B/modulo_3/Act3.5/puzzlebot_description' with build type 'ament_python'
[0.399s] Level 1:colcon.colcon_core.shell:create_environment_hook('puzzlebot_description', 'ament_prefix_path')
[0.399s] INFO:colcon.colcon_core.shell:Creating environment hook '/home/ulisess/TE3003B/modulo_3/Act3.5/install/puzzlebot_description/share/puzzlebot_description/hook/ament_prefix_path.ps1'
[0.400s] INFO:colcon.colcon_core.shell:Creating environment descriptor '/home/ulisess/TE3003B/modulo_3/Act3.5/install/puzzlebot_description/share/puzzlebot_description/hook/ament_prefix_path.dsv'
[0.400s] INFO:colcon.colcon_core.shell:Creating environment hook '/home/ulisess/TE3003B/modulo_3/Act3.5/install/puzzlebot_description/share/puzzlebot_description/hook/ament_prefix_path.sh'
[0.401s] INFO:colcon.colcon_core.shell:Skip shell extension 'powershell' for command environment: Not usable outside of PowerShell
[0.401s] DEBUG:colcon.colcon_core.shell:Skip shell extension 'dsv' for command environment
[0.690s] INFO:colcon.colcon_core.task.python.build:Building Python package in '/home/ulisess/TE3003B/modulo_3/Act3.5/equipo6'
[0.691s] INFO:colcon.colcon_core.shell:Skip shell extension 'powershell' for command environment: Not usable outside of PowerShell
[0.691s] DEBUG:colcon.colcon_core.shell:Skip shell extension 'dsv' for command environment
[1.005s] INFO:colcon.colcon_core.task.python.build:Building Python package in '/home/ulisess/TE3003B/modulo_3/Act3.5/puzzlebot_description'
[1.005s] INFO:colcon.colcon_core.shell:Skip shell extension 'powershell' for command environment: Not usable outside of PowerShell
[1.005s] DEBUG:colcon.colcon_core.shell:Skip shell extension 'dsv' for command environment
[1.460s] DEBUG:colcon.colcon_core.event_handler.log_command:Invoking command in '/home/ulisess/TE3003B/modulo_3/Act3.5/puzzlebot_description': PYTHONPATH=/home/ulisess/TE3003B/modulo_3/Act3.5/build/puzzlebot_description/prefix_override:/usr/lib/python3/dist-packages/colcon_core/task/python/colcon_distutils_commands:/home/ulisess/TE3003B/modulo_3/Act3.5/install/puzzlebot_description/lib/python3.10/site-packages:${PYTHONPATH} /usr/bin/python3 -W ignore:setup.py install is deprecated -W ignore:easy_install command is deprecated setup.py egg_info --egg-base ../build/puzzlebot_description build --build-base /home/ulisess/TE3003B/modulo_3/Act3.5/build/puzzlebot_description/build install --record /home/ulisess/TE3003B/modulo_3/Act3.5/build/puzzlebot_description/install.log --single-version-externally-managed install_data
[1.466s] DEBUG:colcon.colcon_core.event_handler.log_command:Invoking command in '/home/ulisess/TE3003B/modulo_3/Act3.5/equipo6': PYTHONPATH=/home/ulisess/TE3003B/modulo_3/Act3.5/build/equipo6/prefix_override:/usr/lib/python3/dist-packages/colcon_core/task/python/colcon_distutils_commands:/home/ulisess/TE3003B/modulo_3/Act3.5/install/equipo6/lib/python3.10/site-packages:${PYTHONPATH} /usr/bin/python3 -W ignore:setup.py install is deprecated -W ignore:easy_install command is deprecated setup.py egg_info --egg-base ../build/equipo6 build --build-base /home/ulisess/TE3003B/modulo_3/Act3.5/build/equipo6/build install --record /home/ulisess/TE3003B/modulo_3/Act3.5/build/equipo6/install.log --single-version-externally-managed install_data
[1.820s] DEBUG:colcon.colcon_core.event_handler.log_command:Invoked command in '/home/ulisess/TE3003B/modulo_3/Act3.5/puzzlebot_description' returned '0': PYTHONPATH=/home/ulisess/TE3003B/modulo_3/Act3.5/build/puzzlebot_description/prefix_override:/usr/lib/python3/dist-packages/colcon_core/task/python/colcon_distutils_commands:/home/ulisess/TE3003B/modulo_3/Act3.5/install/puzzlebot_description/lib/python3.10/site-packages:${PYTHONPATH} /usr/bin/python3 -W ignore:setup.py install is deprecated -W ignore:easy_install command is deprecated setup.py egg_info --egg-base ../build/puzzlebot_description build --build-base /home/ulisess/TE3003B/modulo_3/Act3.5/build/puzzlebot_description/build install --record /home/ulisess/TE3003B/modulo_3/Act3.5/build/puzzlebot_description/install.log --single-version-externally-managed install_data
[1.823s] Level 1:colcon.colcon_core.environment:checking '/home/ulisess/TE3003B/modulo_3/Act3.5/install/puzzlebot_description' for CMake module files
[1.823s] Level 1:colcon.colcon_core.environment:checking '/home/ulisess/TE3003B/modulo_3/Act3.5/install/puzzlebot_description' for CMake config files
[1.825s] Level 1:colcon.colcon_core.environment:checking '/home/ulisess/TE3003B/modulo_3/Act3.5/install/puzzlebot_description/lib'
[1.825s] Level 1:colcon.colcon_core.environment:checking '/home/ulisess/TE3003B/modulo_3/Act3.5/install/puzzlebot_description/bin'
[1.825s] Level 1:colcon.colcon_core.environment:checking '/home/ulisess/TE3003B/modulo_3/Act3.5/install/puzzlebot_description/lib/pkgconfig/puzzlebot_description.pc'
[1.825s] Level 1:colcon.colcon_core.environment:checking '/home/ulisess/TE3003B/modulo_3/Act3.5/install/puzzlebot_description/lib/python3.10/site-packages'
[1.825s] Level 1:colcon.colcon_core.shell:create_environment_hook('puzzlebot_description', 'pythonpath')
[1.826s] INFO:colcon.colcon_core.shell:Creating environment hook '/home/ulisess/TE3003B/modulo_3/Act3.5/install/puzzlebot_description/share/puzzlebot_description/hook/pythonpath.ps1'
[1.826s] INFO:colcon.colcon_core.shell:Creating environment descriptor '/home/ulisess/TE3003B/modulo_3/Act3.5/install/puzzlebot_description/share/puzzlebot_description/hook/pythonpath.dsv'
[1.826s] INFO:colcon.colcon_core.shell:Creating environment hook '/home/ulisess/TE3003B/modulo_3/Act3.5/install/puzzlebot_description/share/puzzlebot_description/hook/pythonpath.sh'
[1.827s] Level 1:colcon.colcon_core.environment:checking '/home/ulisess/TE3003B/modulo_3/Act3.5/install/puzzlebot_description/bin'
[1.827s] Level 1:colcon.colcon_core.environment:create_environment_scripts_only(puzzlebot_description)
[1.827s] INFO:colcon.colcon_core.shell:Creating package script '/home/ulisess/TE3003B/modulo_3/Act3.5/install/puzzlebot_description/share/puzzlebot_description/package.ps1'
[1.828s] INFO:colcon.colcon_core.shell:Creating package descriptor '/home/ulisess/TE3003B/modulo_3/Act3.5/install/puzzlebot_description/share/puzzlebot_description/package.dsv'
[1.829s] INFO:colcon.colcon_core.shell:Creating package script '/home/ulisess/TE3003B/modulo_3/Act3.5/install/puzzlebot_description/share/puzzlebot_description/package.sh'
[1.830s] INFO:colcon.colcon_core.shell:Creating package script '/home/ulisess/TE3003B/modulo_3/Act3.5/install/puzzlebot_description/share/puzzlebot_description/package.bash'
[1.831s] INFO:colcon.colcon_core.shell:Creating package script '/home/ulisess/TE3003B/modulo_3/Act3.5/install/puzzlebot_description/share/puzzlebot_description/package.zsh'
[1.831s] Level 1:colcon.colcon_core.environment:create_file_with_runtime_dependencies(/home/ulisess/TE3003B/modulo_3/Act3.5/install/puzzlebot_description/share/colcon-core/packages/puzzlebot_description)
[1.833s] Level 1:colcon.colcon_core.environment:checking '/home/ulisess/TE3003B/modulo_3/Act3.5/install/equipo6' for CMake module files
[1.834s] Level 1:colcon.colcon_core.environment:checking '/home/ulisess/TE3003B/modulo_3/Act3.5/install/equipo6' for CMake config files
[1.835s] DEBUG:colcon.colcon_core.event_handler.log_command:Invoked command in '/home/ulisess/TE3003B/modulo_3/Act3.5/equipo6' returned '0': PYTHONPATH=/home/ulisess/TE3003B/modulo_3/Act3.5/build/equipo6/prefix_override:/usr/lib/python3/dist-packages/colcon_core/task/python/colcon_distutils_commands:/home/ulisess/TE3003B/modulo_3/Act3.5/install/equipo6/lib/python3.10/site-packages:${PYTHONPATH} /usr/bin/python3 -W ignore:setup.py install is deprecated -W ignore:easy_install command is deprecated setup.py egg_info --egg-base ../build/equipo6 build --build-base /home/ulisess/TE3003B/modulo_3/Act3.5/build/equipo6/build install --record /home/ulisess/TE3003B/modulo_3/Act3.5/build/equipo6/install.log --single-version-externally-managed install_data
[1.836s] Level 1:colcon.colcon_core.environment:checking '/home/ulisess/TE3003B/modulo_3/Act3.5/install/equipo6/lib'
[1.836s] Level 1:colcon.colcon_core.environment:checking '/home/ulisess/TE3003B/modulo_3/Act3.5/install/equipo6/bin'
[1.836s] Level 1:colcon.colcon_core.environment:checking '/home/ulisess/TE3003B/modulo_3/Act3.5/install/equipo6/lib/pkgconfig/equipo6.pc'
[1.836s] Level 1:colcon.colcon_core.environment:checking '/home/ulisess/TE3003B/modulo_3/Act3.5/install/equipo6/lib/python3.10/site-packages'
[1.836s] Level 1:colcon.colcon_core.shell:create_environment_hook('equipo6', 'pythonpath')
[1.836s] INFO:colcon.colcon_core.shell:Creating environment hook '/home/ulisess/TE3003B/modulo_3/Act3.5/install/equipo6/share/equipo6/hook/pythonpath.ps1'
[1.837s] INFO:colcon.colcon_core.shell:Creating environment descriptor '/home/ulisess/TE3003B/modulo_3/Act3.5/install/equipo6/share/equipo6/hook/pythonpath.dsv'
[1.838s] INFO:colcon.colcon_core.shell:Creating environment hook '/home/ulisess/TE3003B/modulo_3/Act3.5/install/equipo6/share/equipo6/hook/pythonpath.sh'
[1.839s] Level 1:colcon.colcon_core.environment:checking '/home/ulisess/TE3003B/modulo_3/Act3.5/install/equipo6/bin'
[1.839s] Level 1:colcon.colcon_core.environment:create_environment_scripts_only(equipo6)
[1.840s] INFO:colcon.colcon_core.shell:Creating package script '/home/ulisess/TE3003B/modulo_3/Act3.5/install/equipo6/share/equipo6/package.ps1'
[1.841s] INFO:colcon.colcon_core.shell:Creating package descriptor '/home/ulisess/TE3003B/modulo_3/Act3.5/install/equipo6/share/equipo6/package.dsv'
[1.842s] INFO:colcon.colcon_core.shell:Creating package script '/home/ulisess/TE3003B/modulo_3/Act3.5/install/equipo6/share/equipo6/package.sh'
[1.843s] INFO:colcon.colcon_core.shell:Creating package script '/home/ulisess/TE3003B/modulo_3/Act3.5/install/equipo6/share/equipo6/package.bash'
[1.844s] INFO:colcon.colcon_core.shell:Creating package script '/home/ulisess/TE3003B/modulo_3/Act3.5/install/equipo6/share/equipo6/package.zsh'
[1.845s] Level 1:colcon.colcon_core.environment:create_file_with_runtime_dependencies(/home/ulisess/TE3003B/modulo_3/Act3.5/install/equipo6/share/colcon-core/packages/equipo6)
[1.846s] DEBUG:colcon.colcon_parallel_executor.executor.parallel:closing loop
[1.847s] DEBUG:colcon.colcon_parallel_executor.executor.parallel:loop closed
[1.847s] DEBUG:colcon.colcon_parallel_executor.executor.parallel:run_until_complete finished with '0'
[1.847s] DEBUG:colcon.colcon_core.event_reactor:joining thread
[1.861s] INFO:colcon.colcon_core.plugin_system:Skipping extension 'colcon_notification.desktop_notification.terminal_notifier': Not used on non-Darwin systems
[1.862s] INFO:colcon.colcon_core.plugin_system:Skipping extension 'colcon_notification.desktop_notification.win32': Not used on non-Windows systems
[1.862s] INFO:colcon.colcon_notification.desktop_notification:Sending desktop notification using 'notify2'
[1.892s] DEBUG:colcon.colcon_core.event_reactor:joined thread
[1.893s] INFO:colcon.colcon_core.shell:Creating prefix script '/home/ulisess/TE3003B/modulo_3/Act3.5/install/local_setup.ps1'
[1.896s] INFO:colcon.colcon_core.shell:Creating prefix util module '/home/ulisess/TE3003B/modulo_3/Act3.5/install/_local_setup_util_ps1.py'
[1.901s] INFO:colcon.colcon_core.shell:Creating prefix chain script '/home/ulisess/TE3003B/modulo_3/Act3.5/install/setup.ps1'
[1.904s] INFO:colcon.colcon_core.shell:Creating prefix script '/home/ulisess/TE3003B/modulo_3/Act3.5/install/local_setup.sh'
[1.907s] INFO:colcon.colcon_core.shell:Creating prefix util module '/home/ulisess/TE3003B/modulo_3/Act3.5/install/_local_setup_util_sh.py'
[1.909s] INFO:colcon.colcon_core.shell:Creating prefix chain script '/home/ulisess/TE3003B/modulo_3/Act3.5/install/setup.sh'
[1.913s] INFO:colcon.colcon_core.shell:Creating prefix script '/home/ulisess/TE3003B/modulo_3/Act3.5/install/local_setup.bash'
[1.914s] INFO:colcon.colcon_core.shell:Creating prefix chain script '/home/ulisess/TE3003B/modulo_3/Act3.5/install/setup.bash'
[1.917s] INFO:colcon.colcon_core.shell:Creating prefix script '/home/ulisess/TE3003B/modulo_3/Act3.5/install/local_setup.zsh'
[1.919s] INFO:colcon.colcon_core.shell:Creating prefix chain script '/home/ulisess/TE3003B/modulo_3/Act3.5/install/setup.zsh'
