[2.074s] Invoking command in '/home/ulisess/TE3003B/minichallenges/TE3003B': PYTHONPATH=/home/ulisess/TE3003B/minichallenges/TE3003B/build/puzzlebot/prefix_override:/usr/lib/python3/dist-packages/colcon_core/task/python/colcon_distutils_commands:/home/ulisess/TE3003B/minichallenges/TE3003B/install/puzzlebot/lib/python3.10/site-packages:${PYTHONPATH} /usr/bin/python3 -W ignore:setup.py install is deprecated -W ignore:easy_install command is deprecated setup.py egg_info --egg-base build/puzzlebot build --build-base /home/ulisess/TE3003B/minichallenges/TE3003B/build/puzzlebot/build install --record /home/ulisess/TE3003B/minichallenges/TE3003B/build/puzzlebot/install.log --single-version-externally-managed install_data
[2.773s] running egg_info
[2.776s] writing build/puzzlebot/puzzlebot.egg-info/PKG-INFO
[2.776s] writing dependency_links to build/puzzlebot/puzzlebot.egg-info/dependency_links.txt
[2.777s] writing entry points to build/puzzlebot/puzzlebot.egg-info/entry_points.txt
[2.777s] writing requirements to build/puzzlebot/puzzlebot.egg-info/requires.txt
[2.778s] writing top-level names to build/puzzlebot/puzzlebot.egg-info/top_level.txt
[2.790s] reading manifest file 'build/puzzlebot/puzzlebot.egg-info/SOURCES.txt'
[2.793s] adding license file 'LICENSE'
[2.800s] writing manifest file 'build/puzzlebot/puzzlebot.egg-info/SOURCES.txt'
[2.800s] running build
[2.800s] running build_py
[2.801s] copying puzzlebot/pose_estimation.py -> /home/ulisess/TE3003B/minichallenges/TE3003B/build/puzzlebot/build/lib/puzzlebot
[2.803s] running install
[2.804s] running install_lib
[2.807s] copying /home/ulisess/TE3003B/minichallenges/TE3003B/build/puzzlebot/build/lib/puzzlebot/pose_estimation.py -> /home/ulisess/TE3003B/minichallenges/TE3003B/install/puzzlebot/lib/python3.10/site-packages/puzzlebot
[2.810s] byte-compiling /home/ulisess/TE3003B/minichallenges/TE3003B/install/puzzlebot/lib/python3.10/site-packages/puzzlebot/pose_estimation.py to pose_estimation.cpython-310.pyc
[2.815s] running install_data
[2.815s] copying package.xml -> /home/ulisess/TE3003B/minichallenges/TE3003B/install/puzzlebot/share/puzzlebot
[2.830s] running install_egg_info
[2.835s] removing '/home/ulisess/TE3003B/minichallenges/TE3003B/install/puzzlebot/lib/python3.10/site-packages/puzzlebot-0.0.0-py3.10.egg-info' (and everything under it)
[2.836s] Copying build/puzzlebot/puzzlebot.egg-info to /home/ulisess/TE3003B/minichallenges/TE3003B/install/puzzlebot/lib/python3.10/site-packages/puzzlebot-0.0.0-py3.10.egg-info
[2.839s] running install_scripts
[2.894s] Installing aruco_detection script to /home/ulisess/TE3003B/minichallenges/TE3003B/install/puzzlebot/lib/puzzlebot
[2.896s] Installing bug0 script to /home/ulisess/TE3003B/minichallenges/TE3003B/install/puzzlebot/lib/puzzlebot
[2.897s] Installing bug2 script to /home/ulisess/TE3003B/minichallenges/TE3003B/install/puzzlebot/lib/puzzlebot
[2.898s] Installing joint_state_pub script to /home/ulisess/TE3003B/minichallenges/TE3003B/install/puzzlebot/lib/puzzlebot
[2.900s] Installing localisation script to /home/ulisess/TE3003B/minichallenges/TE3003B/install/puzzlebot/lib/puzzlebot
[2.900s] Installing localisatonv2 script to /home/ulisess/TE3003B/minichallenges/TE3003B/install/puzzlebot/lib/puzzlebot
[2.901s] Installing pose_estimation script to /home/ulisess/TE3003B/minichallenges/TE3003B/install/puzzlebot/lib/puzzlebot
[2.903s] Installing publish_odom script to /home/ulisess/TE3003B/minichallenges/TE3003B/install/puzzlebot/lib/puzzlebot
[2.903s] Installing puzzlebot_kinematic_model script to /home/ulisess/TE3003B/minichallenges/TE3003B/install/puzzlebot/lib/puzzlebot
[2.905s] writing list of installed files to '/home/ulisess/TE3003B/minichallenges/TE3003B/build/puzzlebot/install.log'
[3.016s] Invoked command in '/home/ulisess/TE3003B/minichallenges/TE3003B' returned '0': PYTHONPATH=/home/ulisess/TE3003B/minichallenges/TE3003B/build/puzzlebot/prefix_override:/usr/lib/python3/dist-packages/colcon_core/task/python/colcon_distutils_commands:/home/ulisess/TE3003B/minichallenges/TE3003B/install/puzzlebot/lib/python3.10/site-packages:${PYTHONPATH} /usr/bin/python3 -W ignore:setup.py install is deprecated -W ignore:easy_install command is deprecated setup.py egg_info --egg-base build/puzzlebot build --build-base /home/ulisess/TE3003B/minichallenges/TE3003B/build/puzzlebot/build install --record /home/ulisess/TE3003B/minichallenges/TE3003B/build/puzzlebot/install.log --single-version-externally-managed install_data
