[0.814s] Invoking command in '/home/ulisess/TE3003B/minichallenges/TE3003B': PYTHONPATH=/home/ulisess/TE3003B/minichallenges/TE3003B/build/puzzlebot/prefix_override:/usr/lib/python3/dist-packages/colcon_core/task/python/colcon_distutils_commands:/home/ulisess/TE3003B/minichallenges/TE3003B/install/puzzlebot/lib/python3.10/site-packages:${PYTHONPATH} /usr/bin/python3 -W ignore:setup.py install is deprecated -W ignore:easy_install command is deprecated setup.py egg_info --egg-base build/puzzlebot build --build-base /home/ulisess/TE3003B/minichallenges/TE3003B/build/puzzlebot/build install --record /home/ulisess/TE3003B/minichallenges/TE3003B/build/puzzlebot/install.log --single-version-externally-managed install_data
[1.069s] running egg_info
[1.069s] creating build/puzzlebot/puzzlebot.egg-info
[1.070s] writing build/puzzlebot/puzzlebot.egg-info/PKG-INFO
[1.070s] writing dependency_links to build/puzzlebot/puzzlebot.egg-info/dependency_links.txt
[1.071s] writing entry points to build/puzzlebot/puzzlebot.egg-info/entry_points.txt
[1.071s] writing requirements to build/puzzlebot/puzzlebot.egg-info/requires.txt
[1.071s] writing top-level names to build/puzzlebot/puzzlebot.egg-info/top_level.txt
[1.072s] writing manifest file 'build/puzzlebot/puzzlebot.egg-info/SOURCES.txt'
[1.073s] reading manifest file 'build/puzzlebot/puzzlebot.egg-info/SOURCES.txt'
[1.073s] adding license file 'LICENSE'
[1.074s] writing manifest file 'build/puzzlebot/puzzlebot.egg-info/SOURCES.txt'
[1.074s] running build
[1.074s] running build_py
[1.074s] creating /home/ulisess/TE3003B/minichallenges/TE3003B/build/puzzlebot/build
[1.074s] creating /home/ulisess/TE3003B/minichallenges/TE3003B/build/puzzlebot/build/lib
[1.075s] creating /home/ulisess/TE3003B/minichallenges/TE3003B/build/puzzlebot/build/lib/puzzlebot
[1.075s] copying puzzlebot/joint_state_pub.py -> /home/ulisess/TE3003B/minichallenges/TE3003B/build/puzzlebot/build/lib/puzzlebot
[1.075s] copying puzzlebot/puzzlebot_kinematic_model.py -> /home/ulisess/TE3003B/minichallenges/TE3003B/build/puzzlebot/build/lib/puzzlebot
[1.075s] copying puzzlebot/localisation.py -> /home/ulisess/TE3003B/minichallenges/TE3003B/build/puzzlebot/build/lib/puzzlebot
[1.076s] copying puzzlebot/__init__.py -> /home/ulisess/TE3003B/minichallenges/TE3003B/build/puzzlebot/build/lib/puzzlebot
[1.076s] copying puzzlebot/controller.py -> /home/ulisess/TE3003B/minichallenges/TE3003B/build/puzzlebot/build/lib/puzzlebot
[1.076s] running install
[1.076s] running install_lib
[1.077s] creating /home/ulisess/TE3003B/minichallenges/TE3003B/install/puzzlebot/lib/python3.10/site-packages/puzzlebot
[1.077s] copying /home/ulisess/TE3003B/minichallenges/TE3003B/build/puzzlebot/build/lib/puzzlebot/joint_state_pub.py -> /home/ulisess/TE3003B/minichallenges/TE3003B/install/puzzlebot/lib/python3.10/site-packages/puzzlebot
[1.077s] copying /home/ulisess/TE3003B/minichallenges/TE3003B/build/puzzlebot/build/lib/puzzlebot/puzzlebot_kinematic_model.py -> /home/ulisess/TE3003B/minichallenges/TE3003B/install/puzzlebot/lib/python3.10/site-packages/puzzlebot
[1.078s] copying /home/ulisess/TE3003B/minichallenges/TE3003B/build/puzzlebot/build/lib/puzzlebot/localisation.py -> /home/ulisess/TE3003B/minichallenges/TE3003B/install/puzzlebot/lib/python3.10/site-packages/puzzlebot
[1.078s] copying /home/ulisess/TE3003B/minichallenges/TE3003B/build/puzzlebot/build/lib/puzzlebot/__init__.py -> /home/ulisess/TE3003B/minichallenges/TE3003B/install/puzzlebot/lib/python3.10/site-packages/puzzlebot
[1.078s] copying /home/ulisess/TE3003B/minichallenges/TE3003B/build/puzzlebot/build/lib/puzzlebot/controller.py -> /home/ulisess/TE3003B/minichallenges/TE3003B/install/puzzlebot/lib/python3.10/site-packages/puzzlebot
[1.078s] byte-compiling /home/ulisess/TE3003B/minichallenges/TE3003B/install/puzzlebot/lib/python3.10/site-packages/puzzlebot/joint_state_pub.py to joint_state_pub.cpython-310.pyc
[1.079s] byte-compiling /home/ulisess/TE3003B/minichallenges/TE3003B/install/puzzlebot/lib/python3.10/site-packages/puzzlebot/puzzlebot_kinematic_model.py to puzzlebot_kinematic_model.cpython-310.pyc
[1.079s] byte-compiling /home/ulisess/TE3003B/minichallenges/TE3003B/install/puzzlebot/lib/python3.10/site-packages/puzzlebot/localisation.py to localisation.cpython-310.pyc
[1.080s] byte-compiling /home/ulisess/TE3003B/minichallenges/TE3003B/install/puzzlebot/lib/python3.10/site-packages/puzzlebot/__init__.py to __init__.cpython-310.pyc
[1.080s] byte-compiling /home/ulisess/TE3003B/minichallenges/TE3003B/install/puzzlebot/lib/python3.10/site-packages/puzzlebot/controller.py to controller.cpython-310.pyc
[1.081s] running install_data
[1.081s] creating /home/ulisess/TE3003B/minichallenges/TE3003B/install/puzzlebot/share/ament_index
[1.081s] creating /home/ulisess/TE3003B/minichallenges/TE3003B/install/puzzlebot/share/ament_index/resource_index
[1.082s] creating /home/ulisess/TE3003B/minichallenges/TE3003B/install/puzzlebot/share/ament_index/resource_index/packages
[1.082s] copying resource/puzzlebot -> /home/ulisess/TE3003B/minichallenges/TE3003B/install/puzzlebot/share/ament_index/resource_index/packages
[1.082s] copying package.xml -> /home/ulisess/TE3003B/minichallenges/TE3003B/install/puzzlebot/share/puzzlebot
[1.083s] creating /home/ulisess/TE3003B/minichallenges/TE3003B/install/puzzlebot/share/puzzlebot/launch
[1.083s] copying launch/controllers_launch.py -> /home/ulisess/TE3003B/minichallenges/TE3003B/install/puzzlebot/share/puzzlebot/launch
[1.083s] copying launch/minichallenge3_launch.py -> /home/ulisess/TE3003B/minichallenges/TE3003B/install/puzzlebot/share/puzzlebot/launch
[1.083s] creating /home/ulisess/TE3003B/minichallenges/TE3003B/install/puzzlebot/share/puzzlebot/config
[1.083s] creating /home/ulisess/TE3003B/minichallenges/TE3003B/install/puzzlebot/share/puzzlebot/rviz
[1.083s] copying rviz/puzzlebot_rviz.rviz -> /home/ulisess/TE3003B/minichallenges/TE3003B/install/puzzlebot/share/puzzlebot/rviz
[1.084s] copying rviz/simple_puzzlebot_rviz.rviz -> /home/ulisess/TE3003B/minichallenges/TE3003B/install/puzzlebot/share/puzzlebot/rviz
[1.084s] copying rviz/multi_puzzlebot_rviz.rviz -> /home/ulisess/TE3003B/minichallenges/TE3003B/install/puzzlebot/share/puzzlebot/rviz
[1.084s] creating /home/ulisess/TE3003B/minichallenges/TE3003B/install/puzzlebot/share/puzzlebot/meshes
[1.084s] copying meshes/Puzzlebot_Caster_Wheel.stl -> /home/ulisess/TE3003B/minichallenges/TE3003B/install/puzzlebot/share/puzzlebot/meshes
[1.084s] copying meshes/Puzzlebot_Jetson_Lidar_Edition_Base.stl -> /home/ulisess/TE3003B/minichallenges/TE3003B/install/puzzlebot/share/puzzlebot/meshes
[1.084s] copying meshes/Puzzlebot_Wheel.stl -> /home/ulisess/TE3003B/minichallenges/TE3003B/install/puzzlebot/share/puzzlebot/meshes
[1.085s] creating /home/ulisess/TE3003B/minichallenges/TE3003B/install/puzzlebot/share/puzzlebot/urdf
[1.085s] copying urdf/puzzlebot.urdf -> /home/ulisess/TE3003B/minichallenges/TE3003B/install/puzzlebot/share/puzzlebot/urdf
[1.085s] running install_egg_info
[1.089s] Copying build/puzzlebot/puzzlebot.egg-info to /home/ulisess/TE3003B/minichallenges/TE3003B/install/puzzlebot/lib/python3.10/site-packages/puzzlebot-0.0.0-py3.10.egg-info
[1.090s] running install_scripts
[1.111s] Installing controller script to /home/ulisess/TE3003B/minichallenges/TE3003B/install/puzzlebot/lib/puzzlebot
[1.111s] Installing joint_state_pub script to /home/ulisess/TE3003B/minichallenges/TE3003B/install/puzzlebot/lib/puzzlebot
[1.111s] Installing localisation script to /home/ulisess/TE3003B/minichallenges/TE3003B/install/puzzlebot/lib/puzzlebot
[1.111s] Installing minichallenge1 script to /home/ulisess/TE3003B/minichallenges/TE3003B/install/puzzlebot/lib/puzzlebot
[1.112s] Installing move_forward script to /home/ulisess/TE3003B/minichallenges/TE3003B/install/puzzlebot/lib/puzzlebot
[1.112s] Installing point_stabilisation_control script to /home/ulisess/TE3003B/minichallenges/TE3003B/install/puzzlebot/lib/puzzlebot
[1.112s] Installing puzzlebot_kinematic_model script to /home/ulisess/TE3003B/minichallenges/TE3003B/install/puzzlebot/lib/puzzlebot
[1.112s] writing list of installed files to '/home/ulisess/TE3003B/minichallenges/TE3003B/build/puzzlebot/install.log'
[1.146s] Invoked command in '/home/ulisess/TE3003B/minichallenges/TE3003B' returned '0': PYTHONPATH=/home/ulisess/TE3003B/minichallenges/TE3003B/build/puzzlebot/prefix_override:/usr/lib/python3/dist-packages/colcon_core/task/python/colcon_distutils_commands:/home/ulisess/TE3003B/minichallenges/TE3003B/install/puzzlebot/lib/python3.10/site-packages:${PYTHONPATH} /usr/bin/python3 -W ignore:setup.py install is deprecated -W ignore:easy_install command is deprecated setup.py egg_info --egg-base build/puzzlebot build --build-base /home/ulisess/TE3003B/minichallenges/TE3003B/build/puzzlebot/build install --record /home/ulisess/TE3003B/minichallenges/TE3003B/build/puzzlebot/install.log --single-version-externally-managed install_data
