[0.811s] Invoking command in '/home/ulisess/TE3003B/equipo6': PYTHONPATH=/home/ulisess/TE3003B/build/equipo6/prefix_override:/usr/lib/python3/dist-packages/colcon_core/task/python/colcon_distutils_commands:/home/ulisess/TE3003B/install/equipo6/lib/python3.10/site-packages:${PYTHONPATH} /usr/bin/python3 -W ignore:setup.py install is deprecated -W ignore:easy_install command is deprecated setup.py egg_info --egg-base ../build/equipo6 build --build-base /home/ulisess/TE3003B/build/equipo6/build install --record /home/ulisess/TE3003B/build/equipo6/install.log --single-version-externally-managed install_data
[1.131s] running egg_info
[1.132s] writing ../build/equipo6/equipo6.egg-info/PKG-INFO
[1.132s] writing dependency_links to ../build/equipo6/equipo6.egg-info/dependency_links.txt
[1.132s] writing entry points to ../build/equipo6/equipo6.egg-info/entry_points.txt
[1.133s] writing requirements to ../build/equipo6/equipo6.egg-info/requires.txt
[1.133s] writing top-level names to ../build/equipo6/equipo6.egg-info/top_level.txt
[1.136s] reading manifest file '../build/equipo6/equipo6.egg-info/SOURCES.txt'
[1.137s] writing manifest file '../build/equipo6/equipo6.egg-info/SOURCES.txt'
[1.138s] running build
[1.138s] running build_py
[1.138s] running install
[1.138s] running install_lib
[1.140s] running install_data
[1.140s] copying launch/minichallenge1_launch.py -> /home/ulisess/TE3003B/install/equipo6/share/equipo6/launch
[1.140s] running install_egg_info
[1.142s] removing '/home/ulisess/TE3003B/install/equipo6/lib/python3.10/site-packages/equipo6-0.0.0-py3.10.egg-info' (and everything under it)
[1.143s] Copying ../build/equipo6/equipo6.egg-info to /home/ulisess/TE3003B/install/equipo6/lib/python3.10/site-packages/equipo6-0.0.0-py3.10.egg-info
[1.144s] running install_scripts
[1.166s] writing list of installed files to '/home/ulisess/TE3003B/build/equipo6/install.log'
[1.201s] Invoked command in '/home/ulisess/TE3003B/equipo6' returned '0': PYTHONPATH=/home/ulisess/TE3003B/build/equipo6/prefix_override:/usr/lib/python3/dist-packages/colcon_core/task/python/colcon_distutils_commands:/home/ulisess/TE3003B/install/equipo6/lib/python3.10/site-packages:${PYTHONPATH} /usr/bin/python3 -W ignore:setup.py install is deprecated -W ignore:easy_install command is deprecated setup.py egg_info --egg-base ../build/equipo6 build --build-base /home/ulisess/TE3003B/build/equipo6/build install --record /home/ulisess/TE3003B/build/equipo6/install.log --single-version-externally-managed install_data
