running egg_info
writing build/puzzlebot/puzzlebot.egg-info/PKG-INFO
writing dependency_links to build/puzzlebot/puzzlebot.egg-info/dependency_links.txt
writing entry points to build/puzzlebot/puzzlebot.egg-info/entry_points.txt
writing requirements to build/puzzlebot/puzzlebot.egg-info/requires.txt
writing top-level names to build/puzzlebot/puzzlebot.egg-info/top_level.txt
reading manifest file 'build/puzzlebot/puzzlebot.egg-info/SOURCES.txt'
adding license file 'LICENSE'
writing manifest file 'build/puzzlebot/puzzlebot.egg-info/SOURCES.txt'
running build
running build_py
running install
running install_lib
running install_data
creating /home/ulisess/TE3003B/minichallenges/TE3003B/install/puzzlebot/share/puzzlebot/models/goal_marker_4
copying models/goal_marker_4/model.sdf -> /home/ulisess/TE3003B/minichallenges/TE3003B/install/puzzlebot/share/puzzlebot/models/goal_marker_4
copying models/goal_marker_4/model.config -> /home/ulisess/TE3003B/minichallenges/TE3003B/install/puzzlebot/share/puzzlebot/models/goal_marker_4
creating /home/ulisess/TE3003B/minichallenges/TE3003B/install/puzzlebot/share/puzzlebot/models/goal_marker_4/materials
creating /home/ulisess/TE3003B/minichallenges/TE3003B/install/puzzlebot/share/puzzlebot/models/goal_marker_4/materials/textures
copying models/goal_marker_4/materials/textures/mcr2_goal_4.png -> /home/ulisess/TE3003B/minichallenges/TE3003B/install/puzzlebot/share/puzzlebot/models/goal_marker_4/materials/textures
creating /home/ulisess/TE3003B/minichallenges/TE3003B/install/puzzlebot/share/puzzlebot/models/aruco000
copying models/aruco000/model.sdf -> /home/ulisess/TE3003B/minichallenges/TE3003B/install/puzzlebot/share/puzzlebot/models/aruco000
copying models/aruco000/model.config -> /home/ulisess/TE3003B/minichallenges/TE3003B/install/puzzlebot/share/puzzlebot/models/aruco000
creating /home/ulisess/TE3003B/minichallenges/TE3003B/install/puzzlebot/share/puzzlebot/models/aruco000/materials
creating /home/ulisess/TE3003B/minichallenges/TE3003B/install/puzzlebot/share/puzzlebot/models/aruco000/materials/textures
copying models/aruco000/materials/textures/16h3_000.png -> /home/ulisess/TE3003B/minichallenges/TE3003B/install/puzzlebot/share/puzzlebot/models/aruco000/materials/textures
creating /home/ulisess/TE3003B/minichallenges/TE3003B/install/puzzlebot/share/puzzlebot/models/aruco000/meshes
copying models/aruco000/meshes/aruco000.dae -> /home/ulisess/TE3003B/minichallenges/TE3003B/install/puzzlebot/share/puzzlebot/models/aruco000/meshes
creating /home/ulisess/TE3003B/minichallenges/TE3003B/install/puzzlebot/share/puzzlebot/models/goal_marker_1
copying models/goal_marker_1/model.sdf -> /home/ulisess/TE3003B/minichallenges/TE3003B/install/puzzlebot/share/puzzlebot/models/goal_marker_1
copying models/goal_marker_1/model.config -> /home/ulisess/TE3003B/minichallenges/TE3003B/install/puzzlebot/share/puzzlebot/models/goal_marker_1
creating /home/ulisess/TE3003B/minichallenges/TE3003B/install/puzzlebot/share/puzzlebot/models/goal_marker_1/materials
creating /home/ulisess/TE3003B/minichallenges/TE3003B/install/puzzlebot/share/puzzlebot/models/goal_marker_1/materials/textures
copying models/goal_marker_1/materials/textures/mcr2_goal_1.png -> /home/ulisess/TE3003B/minichallenges/TE3003B/install/puzzlebot/share/puzzlebot/models/goal_marker_1/materials/textures
creating /home/ulisess/TE3003B/minichallenges/TE3003B/install/puzzlebot/share/puzzlebot/models/empty
copying models/empty/model.sdf -> /home/ulisess/TE3003B/minichallenges/TE3003B/install/puzzlebot/share/puzzlebot/models/empty
copying models/empty/model.config -> /home/ulisess/TE3003B/minichallenges/TE3003B/install/puzzlebot/share/puzzlebot/models/empty
creating /home/ulisess/TE3003B/minichallenges/TE3003B/install/puzzlebot/share/puzzlebot/models/aruco_marker_3
copying models/aruco_marker_3/model.sdf -> /home/ulisess/TE3003B/minichallenges/TE3003B/install/puzzlebot/share/puzzlebot/models/aruco_marker_3
copying models/aruco_marker_3/model.config -> /home/ulisess/TE3003B/minichallenges/TE3003B/install/puzzlebot/share/puzzlebot/models/aruco_marker_3
creating /home/ulisess/TE3003B/minichallenges/TE3003B/install/puzzlebot/share/puzzlebot/models/aruco_marker_3/materials
creating /home/ulisess/TE3003B/minichallenges/TE3003B/install/puzzlebot/share/puzzlebot/models/aruco_marker_3/materials/textures
copying models/aruco_marker_3/materials/textures/marker3.png -> /home/ulisess/TE3003B/minichallenges/TE3003B/install/puzzlebot/share/puzzlebot/models/aruco_marker_3/materials/textures
creating /home/ulisess/TE3003B/minichallenges/TE3003B/install/puzzlebot/share/puzzlebot/models/aruco002
copying models/aruco002/model.sdf -> /home/ulisess/TE3003B/minichallenges/TE3003B/install/puzzlebot/share/puzzlebot/models/aruco002
copying models/aruco002/model.config -> /home/ulisess/TE3003B/minichallenges/TE3003B/install/puzzlebot/share/puzzlebot/models/aruco002
creating /home/ulisess/TE3003B/minichallenges/TE3003B/install/puzzlebot/share/puzzlebot/models/aruco002/materials
creating /home/ulisess/TE3003B/minichallenges/TE3003B/install/puzzlebot/share/puzzlebot/models/aruco002/materials/textures
copying models/aruco002/materials/textures/16h3_002.png -> /home/ulisess/TE3003B/minichallenges/TE3003B/install/puzzlebot/share/puzzlebot/models/aruco002/materials/textures
creating /home/ulisess/TE3003B/minichallenges/TE3003B/install/puzzlebot/share/puzzlebot/models/aruco002/meshes
copying models/aruco002/meshes/aruco002.dae -> /home/ulisess/TE3003B/minichallenges/TE3003B/install/puzzlebot/share/puzzlebot/models/aruco002/meshes
creating /home/ulisess/TE3003B/minichallenges/TE3003B/install/puzzlebot/share/puzzlebot/models/goal_marker_3
copying models/goal_marker_3/model.sdf -> /home/ulisess/TE3003B/minichallenges/TE3003B/install/puzzlebot/share/puzzlebot/models/goal_marker_3
copying models/goal_marker_3/model.config -> /home/ulisess/TE3003B/minichallenges/TE3003B/install/puzzlebot/share/puzzlebot/models/goal_marker_3
creating /home/ulisess/TE3003B/minichallenges/TE3003B/install/puzzlebot/share/puzzlebot/models/goal_marker_3/materials
creating /home/ulisess/TE3003B/minichallenges/TE3003B/install/puzzlebot/share/puzzlebot/models/goal_marker_3/materials/textures
copying models/goal_marker_3/materials/textures/mcr2_goal_3.png -> /home/ulisess/TE3003B/minichallenges/TE3003B/install/puzzlebot/share/puzzlebot/models/goal_marker_3/materials/textures
creating /home/ulisess/TE3003B/minichallenges/TE3003B/install/puzzlebot/share/puzzlebot/models/blue_colored_box
copying models/blue_colored_box/model.sdf -> /home/ulisess/TE3003B/minichallenges/TE3003B/install/puzzlebot/share/puzzlebot/models/blue_colored_box
copying models/blue_colored_box/model.config -> /home/ulisess/TE3003B/minichallenges/TE3003B/install/puzzlebot/share/puzzlebot/models/blue_colored_box
creating /home/ulisess/TE3003B/minichallenges/TE3003B/install/puzzlebot/share/puzzlebot/models/aruco001_cv
copying models/aruco001_cv/model.sdf -> /home/ulisess/TE3003B/minichallenges/TE3003B/install/puzzlebot/share/puzzlebot/models/aruco001_cv
copying models/aruco001_cv/model.config -> /home/ulisess/TE3003B/minichallenges/TE3003B/install/puzzlebot/share/puzzlebot/models/aruco001_cv
creating /home/ulisess/TE3003B/minichallenges/TE3003B/install/puzzlebot/share/puzzlebot/models/aruco001_cv/materials
creating /home/ulisess/TE3003B/minichallenges/TE3003B/install/puzzlebot/share/puzzlebot/models/aruco001_cv/materials/textures
copying models/aruco001_cv/materials/textures/4x4_50_001.png -> /home/ulisess/TE3003B/minichallenges/TE3003B/install/puzzlebot/share/puzzlebot/models/aruco001_cv/materials/textures
creating /home/ulisess/TE3003B/minichallenges/TE3003B/install/puzzlebot/share/puzzlebot/models/aruco001_cv/meshes
copying models/aruco001_cv/meshes/aruco001.dae -> /home/ulisess/TE3003B/minichallenges/TE3003B/install/puzzlebot/share/puzzlebot/models/aruco001_cv/meshes
creating /home/ulisess/TE3003B/minichallenges/TE3003B/install/puzzlebot/share/puzzlebot/models/goal_marker_2
copying models/goal_marker_2/model.sdf -> /home/ulisess/TE3003B/minichallenges/TE3003B/install/puzzlebot/share/puzzlebot/models/goal_marker_2
copying models/goal_marker_2/model.config -> /home/ulisess/TE3003B/minichallenges/TE3003B/install/puzzlebot/share/puzzlebot/models/goal_marker_2
creating /home/ulisess/TE3003B/minichallenges/TE3003B/install/puzzlebot/share/puzzlebot/models/goal_marker_2/materials
creating /home/ulisess/TE3003B/minichallenges/TE3003B/install/puzzlebot/share/puzzlebot/models/goal_marker_2/materials/textures
copying models/goal_marker_2/materials/textures/mcr2_goal_2.png -> /home/ulisess/TE3003B/minichallenges/TE3003B/install/puzzlebot/share/puzzlebot/models/goal_marker_2/materials/textures
creating /home/ulisess/TE3003B/minichallenges/TE3003B/install/puzzlebot/share/puzzlebot/models/aruco002_cv
copying models/aruco002_cv/model.sdf -> /home/ulisess/TE3003B/minichallenges/TE3003B/install/puzzlebot/share/puzzlebot/models/aruco002_cv
copying models/aruco002_cv/model.config -> /home/ulisess/TE3003B/minichallenges/TE3003B/install/puzzlebot/share/puzzlebot/models/aruco002_cv
creating /home/ulisess/TE3003B/minichallenges/TE3003B/install/puzzlebot/share/puzzlebot/models/aruco002_cv/materials
creating /home/ulisess/TE3003B/minichallenges/TE3003B/install/puzzlebot/share/puzzlebot/models/aruco002_cv/materials/textures
copying models/aruco002_cv/materials/textures/4x4_50_002.png -> /home/ulisess/TE3003B/minichallenges/TE3003B/install/puzzlebot/share/puzzlebot/models/aruco002_cv/materials/textures
creating /home/ulisess/TE3003B/minichallenges/TE3003B/install/puzzlebot/share/puzzlebot/models/aruco002_cv/meshes
copying models/aruco002_cv/meshes/aruco002.dae -> /home/ulisess/TE3003B/minichallenges/TE3003B/install/puzzlebot/share/puzzlebot/models/aruco002_cv/meshes
creating /home/ulisess/TE3003B/minichallenges/TE3003B/install/puzzlebot/share/puzzlebot/models/arena_a_frame
copying models/arena_a_frame/model.sdf -> /home/ulisess/TE3003B/minichallenges/TE3003B/install/puzzlebot/share/puzzlebot/models/arena_a_frame
copying models/arena_a_frame/model.config -> /home/ulisess/TE3003B/minichallenges/TE3003B/install/puzzlebot/share/puzzlebot/models/arena_a_frame
creating /home/ulisess/TE3003B/minichallenges/TE3003B/install/puzzlebot/share/puzzlebot/models/arena_a_frame/materials
creating /home/ulisess/TE3003B/minichallenges/TE3003B/install/puzzlebot/share/puzzlebot/models/arena_a_frame/materials/textures
copying models/arena_a_frame/materials/textures/mcr2_banner.png -> /home/ulisess/TE3003B/minichallenges/TE3003B/install/puzzlebot/share/puzzlebot/models/arena_a_frame/materials/textures
creating /home/ulisess/TE3003B/minichallenges/TE3003B/install/puzzlebot/share/puzzlebot/models/arena_a_frame/meshes
copying models/arena_a_frame/meshes/MCR2_arena_side.stl -> /home/ulisess/TE3003B/minichallenges/TE3003B/install/puzzlebot/share/puzzlebot/models/arena_a_frame/meshes
creating /home/ulisess/TE3003B/minichallenges/TE3003B/install/puzzlebot/share/puzzlebot/models/aruco_marker_0
copying models/aruco_marker_0/model.sdf -> /home/ulisess/TE3003B/minichallenges/TE3003B/install/puzzlebot/share/puzzlebot/models/aruco_marker_0
copying models/aruco_marker_0/model.config -> /home/ulisess/TE3003B/minichallenges/TE3003B/install/puzzlebot/share/puzzlebot/models/aruco_marker_0
creating /home/ulisess/TE3003B/minichallenges/TE3003B/install/puzzlebot/share/puzzlebot/models/aruco_marker_0/materials
creating /home/ulisess/TE3003B/minichallenges/TE3003B/install/puzzlebot/share/puzzlebot/models/aruco_marker_0/materials/textures
copying models/aruco_marker_0/materials/textures/marker0.png -> /home/ulisess/TE3003B/minichallenges/TE3003B/install/puzzlebot/share/puzzlebot/models/aruco_marker_0/materials/textures
creating /home/ulisess/TE3003B/minichallenges/TE3003B/install/puzzlebot/share/puzzlebot/models/avoidance_world_3
copying models/avoidance_world_3/model.sdf -> /home/ulisess/TE3003B/minichallenges/TE3003B/install/puzzlebot/share/puzzlebot/models/avoidance_world_3
copying models/avoidance_world_3/model.config -> /home/ulisess/TE3003B/minichallenges/TE3003B/install/puzzlebot/share/puzzlebot/models/avoidance_world_3
creating /home/ulisess/TE3003B/minichallenges/TE3003B/install/puzzlebot/share/puzzlebot/models/plugins
copying models/plugins/libDiffDynamicPlugin.so -> /home/ulisess/TE3003B/minichallenges/TE3003B/install/puzzlebot/share/puzzlebot/models/plugins
creating /home/ulisess/TE3003B/minichallenges/TE3003B/install/puzzlebot/share/puzzlebot/models/aruco_box
copying models/aruco_box/model.sdf -> /home/ulisess/TE3003B/minichallenges/TE3003B/install/puzzlebot/share/puzzlebot/models/aruco_box
copying models/aruco_box/model.config -> /home/ulisess/TE3003B/minichallenges/TE3003B/install/puzzlebot/share/puzzlebot/models/aruco_box
creating /home/ulisess/TE3003B/minichallenges/TE3003B/install/puzzlebot/share/puzzlebot/models/aruco_box/materials
creating /home/ulisess/TE3003B/minichallenges/TE3003B/install/puzzlebot/share/puzzlebot/models/aruco_box/materials/textures
copying models/aruco_box/materials/textures/marker4.png -> /home/ulisess/TE3003B/minichallenges/TE3003B/install/puzzlebot/share/puzzlebot/models/aruco_box/materials/textures
copying models/aruco_box/materials/textures/marker1.png -> /home/ulisess/TE3003B/minichallenges/TE3003B/install/puzzlebot/share/puzzlebot/models/aruco_box/materials/textures
copying models/aruco_box/materials/textures/marker0.png -> /home/ulisess/TE3003B/minichallenges/TE3003B/install/puzzlebot/share/puzzlebot/models/aruco_box/materials/textures
copying models/aruco_box/materials/textures/marker2.png -> /home/ulisess/TE3003B/minichallenges/TE3003B/install/puzzlebot/share/puzzlebot/models/aruco_box/materials/textures
copying models/aruco_box/materials/textures/marker5.png -> /home/ulisess/TE3003B/minichallenges/TE3003B/install/puzzlebot/share/puzzlebot/models/aruco_box/materials/textures
copying models/aruco_box/materials/textures/marker3.png -> /home/ulisess/TE3003B/minichallenges/TE3003B/install/puzzlebot/share/puzzlebot/models/aruco_box/materials/textures
creating /home/ulisess/TE3003B/minichallenges/TE3003B/install/puzzlebot/share/puzzlebot/models/avoidance_world_1
copying models/avoidance_world_1/model.sdf -> /home/ulisess/TE3003B/minichallenges/TE3003B/install/puzzlebot/share/puzzlebot/models/avoidance_world_1
copying models/avoidance_world_1/model.config -> /home/ulisess/TE3003B/minichallenges/TE3003B/install/puzzlebot/share/puzzlebot/models/avoidance_world_1
creating /home/ulisess/TE3003B/minichallenges/TE3003B/install/puzzlebot/share/puzzlebot/models/avoidance_world_4
copying models/avoidance_world_4/model.sdf -> /home/ulisess/TE3003B/minichallenges/TE3003B/install/puzzlebot/share/puzzlebot/models/avoidance_world_4
copying models/avoidance_world_4/model.config -> /home/ulisess/TE3003B/minichallenges/TE3003B/install/puzzlebot/share/puzzlebot/models/avoidance_world_4
creating /home/ulisess/TE3003B/minichallenges/TE3003B/install/puzzlebot/share/puzzlebot/models/aruco_marker_2
copying models/aruco_marker_2/model.sdf -> /home/ulisess/TE3003B/minichallenges/TE3003B/install/puzzlebot/share/puzzlebot/models/aruco_marker_2
copying models/aruco_marker_2/model.config -> /home/ulisess/TE3003B/minichallenges/TE3003B/install/puzzlebot/share/puzzlebot/models/aruco_marker_2
creating /home/ulisess/TE3003B/minichallenges/TE3003B/install/puzzlebot/share/puzzlebot/models/aruco_marker_2/materials
creating /home/ulisess/TE3003B/minichallenges/TE3003B/install/puzzlebot/share/puzzlebot/models/aruco_marker_2/materials/textures
copying models/aruco_marker_2/materials/textures/marker2.png -> /home/ulisess/TE3003B/minichallenges/TE3003B/install/puzzlebot/share/puzzlebot/models/aruco_marker_2/materials/textures
creating /home/ulisess/TE3003B/minichallenges/TE3003B/install/puzzlebot/share/puzzlebot/models/office_model
copying models/office_model/model.sdf -> /home/ulisess/TE3003B/minichallenges/TE3003B/install/puzzlebot/share/puzzlebot/models/office_model
copying models/office_model/model.config -> /home/ulisess/TE3003B/minichallenges/TE3003B/install/puzzlebot/share/puzzlebot/models/office_model
creating /home/ulisess/TE3003B/minichallenges/TE3003B/install/puzzlebot/share/puzzlebot/models/aruco003
copying models/aruco003/model.sdf -> /home/ulisess/TE3003B/minichallenges/TE3003B/install/puzzlebot/share/puzzlebot/models/aruco003
copying models/aruco003/model.config -> /home/ulisess/TE3003B/minichallenges/TE3003B/install/puzzlebot/share/puzzlebot/models/aruco003
creating /home/ulisess/TE3003B/minichallenges/TE3003B/install/puzzlebot/share/puzzlebot/models/aruco003/materials
creating /home/ulisess/TE3003B/minichallenges/TE3003B/install/puzzlebot/share/puzzlebot/models/aruco003/materials/textures
copying models/aruco003/materials/textures/16h3_003.png -> /home/ulisess/TE3003B/minichallenges/TE3003B/install/puzzlebot/share/puzzlebot/models/aruco003/materials/textures
creating /home/ulisess/TE3003B/minichallenges/TE3003B/install/puzzlebot/share/puzzlebot/models/aruco003/meshes
copying models/aruco003/meshes/aruco003.dae -> /home/ulisess/TE3003B/minichallenges/TE3003B/install/puzzlebot/share/puzzlebot/models/aruco003/meshes
creating /home/ulisess/TE3003B/minichallenges/TE3003B/install/puzzlebot/share/puzzlebot/models/goal_marker_5
copying models/goal_marker_5/model.sdf -> /home/ulisess/TE3003B/minichallenges/TE3003B/install/puzzlebot/share/puzzlebot/models/goal_marker_5
copying models/goal_marker_5/model.config -> /home/ulisess/TE3003B/minichallenges/TE3003B/install/puzzlebot/share/puzzlebot/models/goal_marker_5
creating /home/ulisess/TE3003B/minichallenges/TE3003B/install/puzzlebot/share/puzzlebot/models/goal_marker_5/materials
creating /home/ulisess/TE3003B/minichallenges/TE3003B/install/puzzlebot/share/puzzlebot/models/goal_marker_5/materials/textures
copying models/goal_marker_5/materials/textures/mcr2_goal_5.png -> /home/ulisess/TE3003B/minichallenges/TE3003B/install/puzzlebot/share/puzzlebot/models/goal_marker_5/materials/textures
creating /home/ulisess/TE3003B/minichallenges/TE3003B/install/puzzlebot/share/puzzlebot/models/aruco_marker_4
copying models/aruco_marker_4/model.sdf -> /home/ulisess/TE3003B/minichallenges/TE3003B/install/puzzlebot/share/puzzlebot/models/aruco_marker_4
copying models/aruco_marker_4/model.config -> /home/ulisess/TE3003B/minichallenges/TE3003B/install/puzzlebot/share/puzzlebot/models/aruco_marker_4
creating /home/ulisess/TE3003B/minichallenges/TE3003B/install/puzzlebot/share/puzzlebot/models/aruco_marker_4/materials
creating /home/ulisess/TE3003B/minichallenges/TE3003B/install/puzzlebot/share/puzzlebot/models/aruco_marker_4/materials/textures
copying models/aruco_marker_4/materials/textures/marker4.png -> /home/ulisess/TE3003B/minichallenges/TE3003B/install/puzzlebot/share/puzzlebot/models/aruco_marker_4/materials/textures
creating /home/ulisess/TE3003B/minichallenges/TE3003B/install/puzzlebot/share/puzzlebot/models/aruco_marker_1
copying models/aruco_marker_1/model.sdf -> /home/ulisess/TE3003B/minichallenges/TE3003B/install/puzzlebot/share/puzzlebot/models/aruco_marker_1
copying models/aruco_marker_1/model.config -> /home/ulisess/TE3003B/minichallenges/TE3003B/install/puzzlebot/share/puzzlebot/models/aruco_marker_1
creating /home/ulisess/TE3003B/minichallenges/TE3003B/install/puzzlebot/share/puzzlebot/models/aruco_marker_1/materials
creating /home/ulisess/TE3003B/minichallenges/TE3003B/install/puzzlebot/share/puzzlebot/models/aruco_marker_1/materials/textures
copying models/aruco_marker_1/materials/textures/marker1.png -> /home/ulisess/TE3003B/minichallenges/TE3003B/install/puzzlebot/share/puzzlebot/models/aruco_marker_1/materials/textures
creating /home/ulisess/TE3003B/minichallenges/TE3003B/install/puzzlebot/share/puzzlebot/models/box_brick
copying models/box_brick/model.sdf -> /home/ulisess/TE3003B/minichallenges/TE3003B/install/puzzlebot/share/puzzlebot/models/box_brick
copying models/box_brick/model.config -> /home/ulisess/TE3003B/minichallenges/TE3003B/install/puzzlebot/share/puzzlebot/models/box_brick
creating /home/ulisess/TE3003B/minichallenges/TE3003B/install/puzzlebot/share/puzzlebot/models/box_brick/materials
creating /home/ulisess/TE3003B/minichallenges/TE3003B/install/puzzlebot/share/puzzlebot/models/box_brick/materials/textures
copying models/box_brick/materials/textures/0032-512x512.jpg -> /home/ulisess/TE3003B/minichallenges/TE3003B/install/puzzlebot/share/puzzlebot/models/box_brick/materials/textures
creating /home/ulisess/TE3003B/minichallenges/TE3003B/install/puzzlebot/share/puzzlebot/models/box_brick/meshes
copying models/box_brick/meshes/box_brick.dae -> /home/ulisess/TE3003B/minichallenges/TE3003B/install/puzzlebot/share/puzzlebot/models/box_brick/meshes
creating /home/ulisess/TE3003B/minichallenges/TE3003B/install/puzzlebot/share/puzzlebot/models/avoidance_world_2
copying models/avoidance_world_2/model.sdf -> /home/ulisess/TE3003B/minichallenges/TE3003B/install/puzzlebot/share/puzzlebot/models/avoidance_world_2
copying models/avoidance_world_2/model.config -> /home/ulisess/TE3003B/minichallenges/TE3003B/install/puzzlebot/share/puzzlebot/models/avoidance_world_2
creating /home/ulisess/TE3003B/minichallenges/TE3003B/install/puzzlebot/share/puzzlebot/models/aruco001
copying models/aruco001/model.sdf -> /home/ulisess/TE3003B/minichallenges/TE3003B/install/puzzlebot/share/puzzlebot/models/aruco001
copying models/aruco001/model.config -> /home/ulisess/TE3003B/minichallenges/TE3003B/install/puzzlebot/share/puzzlebot/models/aruco001
creating /home/ulisess/TE3003B/minichallenges/TE3003B/install/puzzlebot/share/puzzlebot/models/aruco001/materials
creating /home/ulisess/TE3003B/minichallenges/TE3003B/install/puzzlebot/share/puzzlebot/models/aruco001/materials/textures
copying models/aruco001/materials/textures/16h3_001.png -> /home/ulisess/TE3003B/minichallenges/TE3003B/install/puzzlebot/share/puzzlebot/models/aruco001/materials/textures
creating /home/ulisess/TE3003B/minichallenges/TE3003B/install/puzzlebot/share/puzzlebot/models/aruco001/meshes
copying models/aruco001/meshes/aruco001.dae -> /home/ulisess/TE3003B/minichallenges/TE3003B/install/puzzlebot/share/puzzlebot/models/aruco001/meshes
creating /home/ulisess/TE3003B/minichallenges/TE3003B/install/puzzlebot/share/puzzlebot/models/aruco_marker_5
copying models/aruco_marker_5/model.sdf -> /home/ulisess/TE3003B/minichallenges/TE3003B/install/puzzlebot/share/puzzlebot/models/aruco_marker_5
copying models/aruco_marker_5/model.config -> /home/ulisess/TE3003B/minichallenges/TE3003B/install/puzzlebot/share/puzzlebot/models/aruco_marker_5
creating /home/ulisess/TE3003B/minichallenges/TE3003B/install/puzzlebot/share/puzzlebot/models/aruco_marker_5/materials
creating /home/ulisess/TE3003B/minichallenges/TE3003B/install/puzzlebot/share/puzzlebot/models/aruco_marker_5/materials/textures
copying models/aruco_marker_5/materials/textures/marker5.png -> /home/ulisess/TE3003B/minichallenges/TE3003B/install/puzzlebot/share/puzzlebot/models/aruco_marker_5/materials/textures
creating /home/ulisess/TE3003B/minichallenges/TE3003B/install/puzzlebot/share/puzzlebot/models/aruco003_cv
copying models/aruco003_cv/model.sdf -> /home/ulisess/TE3003B/minichallenges/TE3003B/install/puzzlebot/share/puzzlebot/models/aruco003_cv
copying models/aruco003_cv/model.config -> /home/ulisess/TE3003B/minichallenges/TE3003B/install/puzzlebot/share/puzzlebot/models/aruco003_cv
creating /home/ulisess/TE3003B/minichallenges/TE3003B/install/puzzlebot/share/puzzlebot/models/aruco003_cv/materials
creating /home/ulisess/TE3003B/minichallenges/TE3003B/install/puzzlebot/share/puzzlebot/models/aruco003_cv/materials/textures
copying models/aruco003_cv/materials/textures/4x4_50_003.png -> /home/ulisess/TE3003B/minichallenges/TE3003B/install/puzzlebot/share/puzzlebot/models/aruco003_cv/materials/textures
creating /home/ulisess/TE3003B/minichallenges/TE3003B/install/puzzlebot/share/puzzlebot/models/aruco003_cv/meshes
copying models/aruco003_cv/meshes/aruco003.dae -> /home/ulisess/TE3003B/minichallenges/TE3003B/install/puzzlebot/share/puzzlebot/models/aruco003_cv/meshes
creating /home/ulisess/TE3003B/minichallenges/TE3003B/install/puzzlebot/share/puzzlebot/models/aruco000_cv
copying models/aruco000_cv/model.sdf -> /home/ulisess/TE3003B/minichallenges/TE3003B/install/puzzlebot/share/puzzlebot/models/aruco000_cv
copying models/aruco000_cv/model.config -> /home/ulisess/TE3003B/minichallenges/TE3003B/install/puzzlebot/share/puzzlebot/models/aruco000_cv
creating /home/ulisess/TE3003B/minichallenges/TE3003B/install/puzzlebot/share/puzzlebot/models/aruco000_cv/materials
creating /home/ulisess/TE3003B/minichallenges/TE3003B/install/puzzlebot/share/puzzlebot/models/aruco000_cv/materials/textures
copying models/aruco000_cv/materials/textures/4x4_50_000.png -> /home/ulisess/TE3003B/minichallenges/TE3003B/install/puzzlebot/share/puzzlebot/models/aruco000_cv/materials/textures
creating /home/ulisess/TE3003B/minichallenges/TE3003B/install/puzzlebot/share/puzzlebot/models/aruco000_cv/meshes
copying models/aruco000_cv/meshes/aruco000.dae -> /home/ulisess/TE3003B/minichallenges/TE3003B/install/puzzlebot/share/puzzlebot/models/aruco000_cv/meshes
creating /home/ulisess/TE3003B/minichallenges/TE3003B/install/puzzlebot/share/puzzlebot/models/media
creating /home/ulisess/TE3003B/minichallenges/TE3003B/install/puzzlebot/share/puzzlebot/models/media/materials
creating /home/ulisess/TE3003B/minichallenges/TE3003B/install/puzzlebot/share/puzzlebot/models/media/materials/scripts
copying models/media/materials/scripts/mcr2_materials.material -> /home/ulisess/TE3003B/minichallenges/TE3003B/install/puzzlebot/share/puzzlebot/models/media/materials/scripts
creating /home/ulisess/TE3003B/minichallenges/TE3003B/install/puzzlebot/share/puzzlebot/models/media/materials/textures
copying models/media/materials/textures/nvidia_hz_logo_white.jpg -> /home/ulisess/TE3003B/minichallenges/TE3003B/install/puzzlebot/share/puzzlebot/models/media/materials/textures
copying models/media/materials/textures/mcr2_goal_2.png -> /home/ulisess/TE3003B/minichallenges/TE3003B/install/puzzlebot/share/puzzlebot/models/media/materials/textures
copying models/media/materials/textures/mcr2_goal_3.png -> /home/ulisess/TE3003B/minichallenges/TE3003B/install/puzzlebot/share/puzzlebot/models/media/materials/textures
copying models/media/materials/textures/puzzlebot_wood_5.png -> /home/ulisess/TE3003B/minichallenges/TE3003B/install/puzzlebot/share/puzzlebot/models/media/materials/textures
copying models/media/materials/textures/mcr2_banner.png -> /home/ulisess/TE3003B/minichallenges/TE3003B/install/puzzlebot/share/puzzlebot/models/media/materials/textures
copying models/media/materials/textures/puzzlebot_wood_4.png -> /home/ulisess/TE3003B/minichallenges/TE3003B/install/puzzlebot/share/puzzlebot/models/media/materials/textures
copying models/media/materials/textures/mcr2_goal_1.png -> /home/ulisess/TE3003B/minichallenges/TE3003B/install/puzzlebot/share/puzzlebot/models/media/materials/textures
copying models/media/materials/textures/nvidia_logo_black.jpg -> /home/ulisess/TE3003B/minichallenges/TE3003B/install/puzzlebot/share/puzzlebot/models/media/materials/textures
copying models/media/materials/textures/mcr2_goal_5.png -> /home/ulisess/TE3003B/minichallenges/TE3003B/install/puzzlebot/share/puzzlebot/models/media/materials/textures
copying models/media/materials/textures/puzzlebot_logo_white.png -> /home/ulisess/TE3003B/minichallenges/TE3003B/install/puzzlebot/share/puzzlebot/models/media/materials/textures
copying models/media/materials/textures/mcr2_goal_4.png -> /home/ulisess/TE3003B/minichallenges/TE3003B/install/puzzlebot/share/puzzlebot/models/media/materials/textures
copying models/media/materials/textures/mcr2_logo_white.png -> /home/ulisess/TE3003B/minichallenges/TE3003B/install/puzzlebot/share/puzzlebot/models/media/materials/textures
copying models/media/materials/textures/puzzlebot_logo.png -> /home/ulisess/TE3003B/minichallenges/TE3003B/install/puzzlebot/share/puzzlebot/models/media/materials/textures
copying models/media/materials/textures/puzzlebot_wood_6.png -> /home/ulisess/TE3003B/minichallenges/TE3003B/install/puzzlebot/share/puzzlebot/models/media/materials/textures
copying models/media/materials/textures/mcr2_logo_black.png -> /home/ulisess/TE3003B/minichallenges/TE3003B/install/puzzlebot/share/puzzlebot/models/media/materials/textures
copying models/media/materials/textures/wood_floor.jpg -> /home/ulisess/TE3003B/minichallenges/TE3003B/install/puzzlebot/share/puzzlebot/models/media/materials/textures
copying models/media/materials/textures/puzzlebot_wood_7.png -> /home/ulisess/TE3003B/minichallenges/TE3003B/install/puzzlebot/share/puzzlebot/models/media/materials/textures
copying models/media/materials/textures/nvidia_logo_white.jpg -> /home/ulisess/TE3003B/minichallenges/TE3003B/install/puzzlebot/share/puzzlebot/models/media/materials/textures
copying models/media/materials/textures/nvidia_logo_b_w.jpg -> /home/ulisess/TE3003B/minichallenges/TE3003B/install/puzzlebot/share/puzzlebot/models/media/materials/textures
creating /home/ulisess/TE3003B/minichallenges/TE3003B/install/puzzlebot/share/puzzlebot/models/media/materials/textures/aruco_markers
copying models/media/materials/textures/aruco_markers/marker4.png -> /home/ulisess/TE3003B/minichallenges/TE3003B/install/puzzlebot/share/puzzlebot/models/media/materials/textures/aruco_markers
copying models/media/materials/textures/aruco_markers/marker1.png -> /home/ulisess/TE3003B/minichallenges/TE3003B/install/puzzlebot/share/puzzlebot/models/media/materials/textures/aruco_markers
copying models/media/materials/textures/aruco_markers/marker0.png -> /home/ulisess/TE3003B/minichallenges/TE3003B/install/puzzlebot/share/puzzlebot/models/media/materials/textures/aruco_markers
copying models/media/materials/textures/aruco_markers/marker2.png -> /home/ulisess/TE3003B/minichallenges/TE3003B/install/puzzlebot/share/puzzlebot/models/media/materials/textures/aruco_markers
copying models/media/materials/textures/aruco_markers/marker5.png -> /home/ulisess/TE3003B/minichallenges/TE3003B/install/puzzlebot/share/puzzlebot/models/media/materials/textures/aruco_markers
copying models/media/materials/textures/aruco_markers/marker3.png -> /home/ulisess/TE3003B/minichallenges/TE3003B/install/puzzlebot/share/puzzlebot/models/media/materials/textures/aruco_markers
creating /home/ulisess/TE3003B/minichallenges/TE3003B/install/puzzlebot/share/puzzlebot/models/office_floor
copying models/office_floor/model.sdf -> /home/ulisess/TE3003B/minichallenges/TE3003B/install/puzzlebot/share/puzzlebot/models/office_floor
copying models/office_floor/model.config -> /home/ulisess/TE3003B/minichallenges/TE3003B/install/puzzlebot/share/puzzlebot/models/office_floor
creating /home/ulisess/TE3003B/minichallenges/TE3003B/install/puzzlebot/share/puzzlebot/models/office_floor/materials
creating /home/ulisess/TE3003B/minichallenges/TE3003B/install/puzzlebot/share/puzzlebot/models/office_floor/materials/textures
copying models/office_floor/materials/textures/puzzlebot_wood_7.png -> /home/ulisess/TE3003B/minichallenges/TE3003B/install/puzzlebot/share/puzzlebot/models/office_floor/materials/textures
copying worlds/obstacle_avoidance_3.world -> /home/ulisess/TE3003B/minichallenges/TE3003B/install/puzzlebot/share/puzzlebot/worlds
copying worlds/empty.world -> /home/ulisess/TE3003B/minichallenges/TE3003B/install/puzzlebot/share/puzzlebot/worlds
copying worlds/puzzlebot_arena_markers.world -> /home/ulisess/TE3003B/minichallenges/TE3003B/install/puzzlebot/share/puzzlebot/worlds
copying worlds/obstacle_avoidance_2.world -> /home/ulisess/TE3003B/minichallenges/TE3003B/install/puzzlebot/share/puzzlebot/worlds
copying worlds/puzzlebot_track.world -> /home/ulisess/TE3003B/minichallenges/TE3003B/install/puzzlebot/share/puzzlebot/worlds
copying worlds/puzzlebot_aruco_markers.world -> /home/ulisess/TE3003B/minichallenges/TE3003B/install/puzzlebot/share/puzzlebot/worlds
copying worlds/puzzlebot_arena.world -> /home/ulisess/TE3003B/minichallenges/TE3003B/install/puzzlebot/share/puzzlebot/worlds
copying worlds/obstacle_avoidance_1.world -> /home/ulisess/TE3003B/minichallenges/TE3003B/install/puzzlebot/share/puzzlebot/worlds
copying worlds/obstacle_avoidance_4.world -> /home/ulisess/TE3003B/minichallenges/TE3003B/install/puzzlebot/share/puzzlebot/worlds
copying worlds/world_empty.sdf -> /home/ulisess/TE3003B/minichallenges/TE3003B/install/puzzlebot/share/puzzlebot/worlds
copying worlds/office.world -> /home/ulisess/TE3003B/minichallenges/TE3003B/install/puzzlebot/share/puzzlebot/worlds
copying worlds/world_aruco_mip.sdf -> /home/ulisess/TE3003B/minichallenges/TE3003B/install/puzzlebot/share/puzzlebot/worlds
copying worlds/world_box.sdf -> /home/ulisess/TE3003B/minichallenges/TE3003B/install/puzzlebot/share/puzzlebot/worlds
copying worlds/world_aruco_cv.sdf -> /home/ulisess/TE3003B/minichallenges/TE3003B/install/puzzlebot/share/puzzlebot/worlds
copying worlds/puzzlebot_world.world -> /home/ulisess/TE3003B/minichallenges/TE3003B/install/puzzlebot/share/puzzlebot/worlds
creating /home/ulisess/TE3003B/minichallenges/TE3003B/install/puzzlebot/share/puzzlebot/worlds/office_2
copying worlds/office_2/model.sdf -> /home/ulisess/TE3003B/minichallenges/TE3003B/install/puzzlebot/share/puzzlebot/worlds/office_2
copying worlds/office_2/model.config -> /home/ulisess/TE3003B/minichallenges/TE3003B/install/puzzlebot/share/puzzlebot/worlds/office_2
running install_egg_info
removing '/home/ulisess/TE3003B/minichallenges/TE3003B/install/puzzlebot/lib/python3.10/site-packages/puzzlebot-0.0.0-py3.10.egg-info' (and everything under it)
Copying build/puzzlebot/puzzlebot.egg-info to /home/ulisess/TE3003B/minichallenges/TE3003B/install/puzzlebot/lib/python3.10/site-packages/puzzlebot-0.0.0-py3.10.egg-info
running install_scripts
Installing bug2 script to /home/ulisess/TE3003B/minichallenges/TE3003B/install/puzzlebot/lib/puzzlebot
Installing controller script to /home/ulisess/TE3003B/minichallenges/TE3003B/install/puzzlebot/lib/puzzlebot
Installing joint_state_pub script to /home/ulisess/TE3003B/minichallenges/TE3003B/install/puzzlebot/lib/puzzlebot
Installing localisation script to /home/ulisess/TE3003B/minichallenges/TE3003B/install/puzzlebot/lib/puzzlebot
Installing localisatonv2 script to /home/ulisess/TE3003B/minichallenges/TE3003B/install/puzzlebot/lib/puzzlebot
Installing puzzlebot_kinematic_model script to /home/ulisess/TE3003B/minichallenges/TE3003B/install/puzzlebot/lib/puzzlebot
writing list of installed files to '/home/ulisess/TE3003B/minichallenges/TE3003B/build/puzzlebot/install.log'
