[1.184s] Invoking command in '/home/ulisess/TE3003B/minichallenges/TE3003B': PYTHONPATH=/home/ulisess/TE3003B/minichallenges/TE3003B/build/puzzlebot/prefix_override:/usr/lib/python3/dist-packages/colcon_core/task/python/colcon_distutils_commands:/home/ulisess/TE3003B/minichallenges/TE3003B/install/puzzlebot/lib/python3.10/site-packages:${PYTHONPATH} /usr/bin/python3 -W ignore:setup.py install is deprecated -W ignore:easy_install command is deprecated setup.py egg_info --egg-base build/puzzlebot build --build-base /home/ulisess/TE3003B/minichallenges/TE3003B/build/puzzlebot/build install --record /home/ulisess/TE3003B/minichallenges/TE3003B/build/puzzlebot/install.log --single-version-externally-managed install_data
[1.616s] running egg_info
[1.617s] writing build/puzzlebot/puzzlebot.egg-info/PKG-INFO
[1.618s] writing dependency_links to build/puzzlebot/puzzlebot.egg-info/dependency_links.txt
[1.620s] writing entry points to build/puzzlebot/puzzlebot.egg-info/entry_points.txt
[1.620s] writing requirements to build/puzzlebot/puzzlebot.egg-info/requires.txt
[1.621s] writing top-level names to build/puzzlebot/puzzlebot.egg-info/top_level.txt
[1.626s] reading manifest file 'build/puzzlebot/puzzlebot.egg-info/SOURCES.txt'
[1.627s] adding license file 'LICENSE'
[1.631s] writing manifest file 'build/puzzlebot/puzzlebot.egg-info/SOURCES.txt'
[1.631s] running build
[1.631s] running build_py
[1.632s] running install
[1.633s] running install_lib
[1.637s] running install_data
[1.638s] creating /home/ulisess/TE3003B/minichallenges/TE3003B/install/puzzlebot/share/puzzlebot/models/goal_marker_4
[1.638s] copying models/goal_marker_4/model.sdf -> /home/ulisess/TE3003B/minichallenges/TE3003B/install/puzzlebot/share/puzzlebot/models/goal_marker_4
[1.639s] copying models/goal_marker_4/model.config -> /home/ulisess/TE3003B/minichallenges/TE3003B/install/puzzlebot/share/puzzlebot/models/goal_marker_4
[1.639s] creating /home/ulisess/TE3003B/minichallenges/TE3003B/install/puzzlebot/share/puzzlebot/models/goal_marker_4/materials
[1.639s] creating /home/ulisess/TE3003B/minichallenges/TE3003B/install/puzzlebot/share/puzzlebot/models/goal_marker_4/materials/textures
[1.639s] copying models/goal_marker_4/materials/textures/mcr2_goal_4.png -> /home/ulisess/TE3003B/minichallenges/TE3003B/install/puzzlebot/share/puzzlebot/models/goal_marker_4/materials/textures
[1.640s] creating /home/ulisess/TE3003B/minichallenges/TE3003B/install/puzzlebot/share/puzzlebot/models/aruco000
[1.640s] copying models/aruco000/model.sdf -> /home/ulisess/TE3003B/minichallenges/TE3003B/install/puzzlebot/share/puzzlebot/models/aruco000
[1.640s] copying models/aruco000/model.config -> /home/ulisess/TE3003B/minichallenges/TE3003B/install/puzzlebot/share/puzzlebot/models/aruco000
[1.641s] creating /home/ulisess/TE3003B/minichallenges/TE3003B/install/puzzlebot/share/puzzlebot/models/aruco000/materials
[1.641s] creating /home/ulisess/TE3003B/minichallenges/TE3003B/install/puzzlebot/share/puzzlebot/models/aruco000/materials/textures
[1.641s] copying models/aruco000/materials/textures/16h3_000.png -> /home/ulisess/TE3003B/minichallenges/TE3003B/install/puzzlebot/share/puzzlebot/models/aruco000/materials/textures
[1.641s] creating /home/ulisess/TE3003B/minichallenges/TE3003B/install/puzzlebot/share/puzzlebot/models/aruco000/meshes
[1.641s] copying models/aruco000/meshes/aruco000.dae -> /home/ulisess/TE3003B/minichallenges/TE3003B/install/puzzlebot/share/puzzlebot/models/aruco000/meshes
[1.642s] creating /home/ulisess/TE3003B/minichallenges/TE3003B/install/puzzlebot/share/puzzlebot/models/goal_marker_1
[1.642s] copying models/goal_marker_1/model.sdf -> /home/ulisess/TE3003B/minichallenges/TE3003B/install/puzzlebot/share/puzzlebot/models/goal_marker_1
[1.642s] copying models/goal_marker_1/model.config -> /home/ulisess/TE3003B/minichallenges/TE3003B/install/puzzlebot/share/puzzlebot/models/goal_marker_1
[1.642s] creating /home/ulisess/TE3003B/minichallenges/TE3003B/install/puzzlebot/share/puzzlebot/models/goal_marker_1/materials
[1.643s] creating /home/ulisess/TE3003B/minichallenges/TE3003B/install/puzzlebot/share/puzzlebot/models/goal_marker_1/materials/textures
[1.643s] copying models/goal_marker_1/materials/textures/mcr2_goal_1.png -> /home/ulisess/TE3003B/minichallenges/TE3003B/install/puzzlebot/share/puzzlebot/models/goal_marker_1/materials/textures
[1.643s] creating /home/ulisess/TE3003B/minichallenges/TE3003B/install/puzzlebot/share/puzzlebot/models/empty
[1.643s] copying models/empty/model.sdf -> /home/ulisess/TE3003B/minichallenges/TE3003B/install/puzzlebot/share/puzzlebot/models/empty
[1.644s] copying models/empty/model.config -> /home/ulisess/TE3003B/minichallenges/TE3003B/install/puzzlebot/share/puzzlebot/models/empty
[1.644s] creating /home/ulisess/TE3003B/minichallenges/TE3003B/install/puzzlebot/share/puzzlebot/models/aruco_marker_3
[1.644s] copying models/aruco_marker_3/model.sdf -> /home/ulisess/TE3003B/minichallenges/TE3003B/install/puzzlebot/share/puzzlebot/models/aruco_marker_3
[1.645s] copying models/aruco_marker_3/model.config -> /home/ulisess/TE3003B/minichallenges/TE3003B/install/puzzlebot/share/puzzlebot/models/aruco_marker_3
[1.645s] creating /home/ulisess/TE3003B/minichallenges/TE3003B/install/puzzlebot/share/puzzlebot/models/aruco_marker_3/materials
[1.645s] creating /home/ulisess/TE3003B/minichallenges/TE3003B/install/puzzlebot/share/puzzlebot/models/aruco_marker_3/materials/textures
[1.646s] copying models/aruco_marker_3/materials/textures/marker3.png -> /home/ulisess/TE3003B/minichallenges/TE3003B/install/puzzlebot/share/puzzlebot/models/aruco_marker_3/materials/textures
[1.646s] creating /home/ulisess/TE3003B/minichallenges/TE3003B/install/puzzlebot/share/puzzlebot/models/aruco002
[1.646s] copying models/aruco002/model.sdf -> /home/ulisess/TE3003B/minichallenges/TE3003B/install/puzzlebot/share/puzzlebot/models/aruco002
[1.646s] copying models/aruco002/model.config -> /home/ulisess/TE3003B/minichallenges/TE3003B/install/puzzlebot/share/puzzlebot/models/aruco002
[1.647s] creating /home/ulisess/TE3003B/minichallenges/TE3003B/install/puzzlebot/share/puzzlebot/models/aruco002/materials
[1.647s] creating /home/ulisess/TE3003B/minichallenges/TE3003B/install/puzzlebot/share/puzzlebot/models/aruco002/materials/textures
[1.647s] copying models/aruco002/materials/textures/16h3_002.png -> /home/ulisess/TE3003B/minichallenges/TE3003B/install/puzzlebot/share/puzzlebot/models/aruco002/materials/textures
[1.647s] creating /home/ulisess/TE3003B/minichallenges/TE3003B/install/puzzlebot/share/puzzlebot/models/aruco002/meshes
[1.648s] copying models/aruco002/meshes/aruco002.dae -> /home/ulisess/TE3003B/minichallenges/TE3003B/install/puzzlebot/share/puzzlebot/models/aruco002/meshes
[1.648s] creating /home/ulisess/TE3003B/minichallenges/TE3003B/install/puzzlebot/share/puzzlebot/models/goal_marker_3
[1.648s] copying models/goal_marker_3/model.sdf -> /home/ulisess/TE3003B/minichallenges/TE3003B/install/puzzlebot/share/puzzlebot/models/goal_marker_3
[1.648s] copying models/goal_marker_3/model.config -> /home/ulisess/TE3003B/minichallenges/TE3003B/install/puzzlebot/share/puzzlebot/models/goal_marker_3
[1.648s] creating /home/ulisess/TE3003B/minichallenges/TE3003B/install/puzzlebot/share/puzzlebot/models/goal_marker_3/materials
[1.649s] creating /home/ulisess/TE3003B/minichallenges/TE3003B/install/puzzlebot/share/puzzlebot/models/goal_marker_3/materials/textures
[1.649s] copying models/goal_marker_3/materials/textures/mcr2_goal_3.png -> /home/ulisess/TE3003B/minichallenges/TE3003B/install/puzzlebot/share/puzzlebot/models/goal_marker_3/materials/textures
[1.649s] creating /home/ulisess/TE3003B/minichallenges/TE3003B/install/puzzlebot/share/puzzlebot/models/blue_colored_box
[1.649s] copying models/blue_colored_box/model.sdf -> /home/ulisess/TE3003B/minichallenges/TE3003B/install/puzzlebot/share/puzzlebot/models/blue_colored_box
[1.650s] copying models/blue_colored_box/model.config -> /home/ulisess/TE3003B/minichallenges/TE3003B/install/puzzlebot/share/puzzlebot/models/blue_colored_box
[1.650s] creating /home/ulisess/TE3003B/minichallenges/TE3003B/install/puzzlebot/share/puzzlebot/models/aruco001_cv
[1.650s] copying models/aruco001_cv/model.sdf -> /home/ulisess/TE3003B/minichallenges/TE3003B/install/puzzlebot/share/puzzlebot/models/aruco001_cv
[1.651s] copying models/aruco001_cv/model.config -> /home/ulisess/TE3003B/minichallenges/TE3003B/install/puzzlebot/share/puzzlebot/models/aruco001_cv
[1.651s] creating /home/ulisess/TE3003B/minichallenges/TE3003B/install/puzzlebot/share/puzzlebot/models/aruco001_cv/materials
[1.651s] creating /home/ulisess/TE3003B/minichallenges/TE3003B/install/puzzlebot/share/puzzlebot/models/aruco001_cv/materials/textures
[1.651s] copying models/aruco001_cv/materials/textures/4x4_50_001.png -> /home/ulisess/TE3003B/minichallenges/TE3003B/install/puzzlebot/share/puzzlebot/models/aruco001_cv/materials/textures
[1.652s] creating /home/ulisess/TE3003B/minichallenges/TE3003B/install/puzzlebot/share/puzzlebot/models/aruco001_cv/meshes
[1.652s] copying models/aruco001_cv/meshes/aruco001.dae -> /home/ulisess/TE3003B/minichallenges/TE3003B/install/puzzlebot/share/puzzlebot/models/aruco001_cv/meshes
[1.652s] creating /home/ulisess/TE3003B/minichallenges/TE3003B/install/puzzlebot/share/puzzlebot/models/goal_marker_2
[1.652s] copying models/goal_marker_2/model.sdf -> /home/ulisess/TE3003B/minichallenges/TE3003B/install/puzzlebot/share/puzzlebot/models/goal_marker_2
[1.652s] copying models/goal_marker_2/model.config -> /home/ulisess/TE3003B/minichallenges/TE3003B/install/puzzlebot/share/puzzlebot/models/goal_marker_2
[1.653s] creating /home/ulisess/TE3003B/minichallenges/TE3003B/install/puzzlebot/share/puzzlebot/models/goal_marker_2/materials
[1.653s] creating /home/ulisess/TE3003B/minichallenges/TE3003B/install/puzzlebot/share/puzzlebot/models/goal_marker_2/materials/textures
[1.653s] copying models/goal_marker_2/materials/textures/mcr2_goal_2.png -> /home/ulisess/TE3003B/minichallenges/TE3003B/install/puzzlebot/share/puzzlebot/models/goal_marker_2/materials/textures
[1.653s] creating /home/ulisess/TE3003B/minichallenges/TE3003B/install/puzzlebot/share/puzzlebot/models/aruco002_cv
[1.653s] copying models/aruco002_cv/model.sdf -> /home/ulisess/TE3003B/minichallenges/TE3003B/install/puzzlebot/share/puzzlebot/models/aruco002_cv
[1.654s] copying models/aruco002_cv/model.config -> /home/ulisess/TE3003B/minichallenges/TE3003B/install/puzzlebot/share/puzzlebot/models/aruco002_cv
[1.654s] creating /home/ulisess/TE3003B/minichallenges/TE3003B/install/puzzlebot/share/puzzlebot/models/aruco002_cv/materials
[1.654s] creating /home/ulisess/TE3003B/minichallenges/TE3003B/install/puzzlebot/share/puzzlebot/models/aruco002_cv/materials/textures
[1.654s] copying models/aruco002_cv/materials/textures/4x4_50_002.png -> /home/ulisess/TE3003B/minichallenges/TE3003B/install/puzzlebot/share/puzzlebot/models/aruco002_cv/materials/textures
[1.655s] creating /home/ulisess/TE3003B/minichallenges/TE3003B/install/puzzlebot/share/puzzlebot/models/aruco002_cv/meshes
[1.655s] copying models/aruco002_cv/meshes/aruco002.dae -> /home/ulisess/TE3003B/minichallenges/TE3003B/install/puzzlebot/share/puzzlebot/models/aruco002_cv/meshes
[1.655s] creating /home/ulisess/TE3003B/minichallenges/TE3003B/install/puzzlebot/share/puzzlebot/models/arena_a_frame
[1.655s] copying models/arena_a_frame/model.sdf -> /home/ulisess/TE3003B/minichallenges/TE3003B/install/puzzlebot/share/puzzlebot/models/arena_a_frame
[1.656s] copying models/arena_a_frame/model.config -> /home/ulisess/TE3003B/minichallenges/TE3003B/install/puzzlebot/share/puzzlebot/models/arena_a_frame
[1.656s] creating /home/ulisess/TE3003B/minichallenges/TE3003B/install/puzzlebot/share/puzzlebot/models/arena_a_frame/materials
[1.656s] creating /home/ulisess/TE3003B/minichallenges/TE3003B/install/puzzlebot/share/puzzlebot/models/arena_a_frame/materials/textures
[1.656s] copying models/arena_a_frame/materials/textures/mcr2_banner.png -> /home/ulisess/TE3003B/minichallenges/TE3003B/install/puzzlebot/share/puzzlebot/models/arena_a_frame/materials/textures
[1.656s] creating /home/ulisess/TE3003B/minichallenges/TE3003B/install/puzzlebot/share/puzzlebot/models/arena_a_frame/meshes
[1.657s] copying models/arena_a_frame/meshes/MCR2_arena_side.stl -> /home/ulisess/TE3003B/minichallenges/TE3003B/install/puzzlebot/share/puzzlebot/models/arena_a_frame/meshes
[1.657s] creating /home/ulisess/TE3003B/minichallenges/TE3003B/install/puzzlebot/share/puzzlebot/models/aruco_marker_0
[1.657s] copying models/aruco_marker_0/model.sdf -> /home/ulisess/TE3003B/minichallenges/TE3003B/install/puzzlebot/share/puzzlebot/models/aruco_marker_0
[1.657s] copying models/aruco_marker_0/model.config -> /home/ulisess/TE3003B/minichallenges/TE3003B/install/puzzlebot/share/puzzlebot/models/aruco_marker_0
[1.657s] creating /home/ulisess/TE3003B/minichallenges/TE3003B/install/puzzlebot/share/puzzlebot/models/aruco_marker_0/materials
[1.658s] creating /home/ulisess/TE3003B/minichallenges/TE3003B/install/puzzlebot/share/puzzlebot/models/aruco_marker_0/materials/textures
[1.658s] copying models/aruco_marker_0/materials/textures/marker0.png -> /home/ulisess/TE3003B/minichallenges/TE3003B/install/puzzlebot/share/puzzlebot/models/aruco_marker_0/materials/textures
[1.658s] creating /home/ulisess/TE3003B/minichallenges/TE3003B/install/puzzlebot/share/puzzlebot/models/avoidance_world_3
[1.658s] copying models/avoidance_world_3/model.sdf -> /home/ulisess/TE3003B/minichallenges/TE3003B/install/puzzlebot/share/puzzlebot/models/avoidance_world_3
[1.659s] copying models/avoidance_world_3/model.config -> /home/ulisess/TE3003B/minichallenges/TE3003B/install/puzzlebot/share/puzzlebot/models/avoidance_world_3
[1.659s] creating /home/ulisess/TE3003B/minichallenges/TE3003B/install/puzzlebot/share/puzzlebot/models/plugins
[1.659s] copying models/plugins/libDiffDynamicPlugin.so -> /home/ulisess/TE3003B/minichallenges/TE3003B/install/puzzlebot/share/puzzlebot/models/plugins
[1.664s] creating /home/ulisess/TE3003B/minichallenges/TE3003B/install/puzzlebot/share/puzzlebot/models/aruco_box
[1.664s] copying models/aruco_box/model.sdf -> /home/ulisess/TE3003B/minichallenges/TE3003B/install/puzzlebot/share/puzzlebot/models/aruco_box
[1.664s] copying models/aruco_box/model.config -> /home/ulisess/TE3003B/minichallenges/TE3003B/install/puzzlebot/share/puzzlebot/models/aruco_box
[1.664s] creating /home/ulisess/TE3003B/minichallenges/TE3003B/install/puzzlebot/share/puzzlebot/models/aruco_box/materials
[1.665s] creating /home/ulisess/TE3003B/minichallenges/TE3003B/install/puzzlebot/share/puzzlebot/models/aruco_box/materials/textures
[1.665s] copying models/aruco_box/materials/textures/marker4.png -> /home/ulisess/TE3003B/minichallenges/TE3003B/install/puzzlebot/share/puzzlebot/models/aruco_box/materials/textures
[1.665s] copying models/aruco_box/materials/textures/marker1.png -> /home/ulisess/TE3003B/minichallenges/TE3003B/install/puzzlebot/share/puzzlebot/models/aruco_box/materials/textures
[1.665s] copying models/aruco_box/materials/textures/marker0.png -> /home/ulisess/TE3003B/minichallenges/TE3003B/install/puzzlebot/share/puzzlebot/models/aruco_box/materials/textures
[1.665s] copying models/aruco_box/materials/textures/marker2.png -> /home/ulisess/TE3003B/minichallenges/TE3003B/install/puzzlebot/share/puzzlebot/models/aruco_box/materials/textures
[1.666s] copying models/aruco_box/materials/textures/marker5.png -> /home/ulisess/TE3003B/minichallenges/TE3003B/install/puzzlebot/share/puzzlebot/models/aruco_box/materials/textures
[1.666s] copying models/aruco_box/materials/textures/marker3.png -> /home/ulisess/TE3003B/minichallenges/TE3003B/install/puzzlebot/share/puzzlebot/models/aruco_box/materials/textures
[1.666s] creating /home/ulisess/TE3003B/minichallenges/TE3003B/install/puzzlebot/share/puzzlebot/models/avoidance_world_1
[1.666s] copying models/avoidance_world_1/model.sdf -> /home/ulisess/TE3003B/minichallenges/TE3003B/install/puzzlebot/share/puzzlebot/models/avoidance_world_1
[1.667s] copying models/avoidance_world_1/model.config -> /home/ulisess/TE3003B/minichallenges/TE3003B/install/puzzlebot/share/puzzlebot/models/avoidance_world_1
[1.667s] creating /home/ulisess/TE3003B/minichallenges/TE3003B/install/puzzlebot/share/puzzlebot/models/avoidance_world_4
[1.667s] copying models/avoidance_world_4/model.sdf -> /home/ulisess/TE3003B/minichallenges/TE3003B/install/puzzlebot/share/puzzlebot/models/avoidance_world_4
[1.667s] copying models/avoidance_world_4/model.config -> /home/ulisess/TE3003B/minichallenges/TE3003B/install/puzzlebot/share/puzzlebot/models/avoidance_world_4
[1.668s] creating /home/ulisess/TE3003B/minichallenges/TE3003B/install/puzzlebot/share/puzzlebot/models/aruco_marker_2
[1.668s] copying models/aruco_marker_2/model.sdf -> /home/ulisess/TE3003B/minichallenges/TE3003B/install/puzzlebot/share/puzzlebot/models/aruco_marker_2
[1.668s] copying models/aruco_marker_2/model.config -> /home/ulisess/TE3003B/minichallenges/TE3003B/install/puzzlebot/share/puzzlebot/models/aruco_marker_2
[1.669s] creating /home/ulisess/TE3003B/minichallenges/TE3003B/install/puzzlebot/share/puzzlebot/models/aruco_marker_2/materials
[1.669s] creating /home/ulisess/TE3003B/minichallenges/TE3003B/install/puzzlebot/share/puzzlebot/models/aruco_marker_2/materials/textures
[1.669s] copying models/aruco_marker_2/materials/textures/marker2.png -> /home/ulisess/TE3003B/minichallenges/TE3003B/install/puzzlebot/share/puzzlebot/models/aruco_marker_2/materials/textures
[1.669s] creating /home/ulisess/TE3003B/minichallenges/TE3003B/install/puzzlebot/share/puzzlebot/models/office_model
[1.670s] copying models/office_model/model.sdf -> /home/ulisess/TE3003B/minichallenges/TE3003B/install/puzzlebot/share/puzzlebot/models/office_model
[1.670s] copying models/office_model/model.config -> /home/ulisess/TE3003B/minichallenges/TE3003B/install/puzzlebot/share/puzzlebot/models/office_model
[1.670s] creating /home/ulisess/TE3003B/minichallenges/TE3003B/install/puzzlebot/share/puzzlebot/models/aruco003
[1.670s] copying models/aruco003/model.sdf -> /home/ulisess/TE3003B/minichallenges/TE3003B/install/puzzlebot/share/puzzlebot/models/aruco003
[1.671s] copying models/aruco003/model.config -> /home/ulisess/TE3003B/minichallenges/TE3003B/install/puzzlebot/share/puzzlebot/models/aruco003
[1.671s] creating /home/ulisess/TE3003B/minichallenges/TE3003B/install/puzzlebot/share/puzzlebot/models/aruco003/materials
[1.671s] creating /home/ulisess/TE3003B/minichallenges/TE3003B/install/puzzlebot/share/puzzlebot/models/aruco003/materials/textures
[1.671s] copying models/aruco003/materials/textures/16h3_003.png -> /home/ulisess/TE3003B/minichallenges/TE3003B/install/puzzlebot/share/puzzlebot/models/aruco003/materials/textures
[1.671s] creating /home/ulisess/TE3003B/minichallenges/TE3003B/install/puzzlebot/share/puzzlebot/models/aruco003/meshes
[1.672s] copying models/aruco003/meshes/aruco003.dae -> /home/ulisess/TE3003B/minichallenges/TE3003B/install/puzzlebot/share/puzzlebot/models/aruco003/meshes
[1.672s] creating /home/ulisess/TE3003B/minichallenges/TE3003B/install/puzzlebot/share/puzzlebot/models/goal_marker_5
[1.672s] copying models/goal_marker_5/model.sdf -> /home/ulisess/TE3003B/minichallenges/TE3003B/install/puzzlebot/share/puzzlebot/models/goal_marker_5
[1.672s] copying models/goal_marker_5/model.config -> /home/ulisess/TE3003B/minichallenges/TE3003B/install/puzzlebot/share/puzzlebot/models/goal_marker_5
[1.673s] creating /home/ulisess/TE3003B/minichallenges/TE3003B/install/puzzlebot/share/puzzlebot/models/goal_marker_5/materials
[1.673s] creating /home/ulisess/TE3003B/minichallenges/TE3003B/install/puzzlebot/share/puzzlebot/models/goal_marker_5/materials/textures
[1.673s] copying models/goal_marker_5/materials/textures/mcr2_goal_5.png -> /home/ulisess/TE3003B/minichallenges/TE3003B/install/puzzlebot/share/puzzlebot/models/goal_marker_5/materials/textures
[1.673s] creating /home/ulisess/TE3003B/minichallenges/TE3003B/install/puzzlebot/share/puzzlebot/models/aruco_marker_4
[1.674s] copying models/aruco_marker_4/model.sdf -> /home/ulisess/TE3003B/minichallenges/TE3003B/install/puzzlebot/share/puzzlebot/models/aruco_marker_4
[1.674s] copying models/aruco_marker_4/model.config -> /home/ulisess/TE3003B/minichallenges/TE3003B/install/puzzlebot/share/puzzlebot/models/aruco_marker_4
[1.674s] creating /home/ulisess/TE3003B/minichallenges/TE3003B/install/puzzlebot/share/puzzlebot/models/aruco_marker_4/materials
[1.674s] creating /home/ulisess/TE3003B/minichallenges/TE3003B/install/puzzlebot/share/puzzlebot/models/aruco_marker_4/materials/textures
[1.675s] copying models/aruco_marker_4/materials/textures/marker4.png -> /home/ulisess/TE3003B/minichallenges/TE3003B/install/puzzlebot/share/puzzlebot/models/aruco_marker_4/materials/textures
[1.675s] creating /home/ulisess/TE3003B/minichallenges/TE3003B/install/puzzlebot/share/puzzlebot/models/aruco_marker_1
[1.675s] copying models/aruco_marker_1/model.sdf -> /home/ulisess/TE3003B/minichallenges/TE3003B/install/puzzlebot/share/puzzlebot/models/aruco_marker_1
[1.675s] copying models/aruco_marker_1/model.config -> /home/ulisess/TE3003B/minichallenges/TE3003B/install/puzzlebot/share/puzzlebot/models/aruco_marker_1
[1.676s] creating /home/ulisess/TE3003B/minichallenges/TE3003B/install/puzzlebot/share/puzzlebot/models/aruco_marker_1/materials
[1.676s] creating /home/ulisess/TE3003B/minichallenges/TE3003B/install/puzzlebot/share/puzzlebot/models/aruco_marker_1/materials/textures
[1.676s] copying models/aruco_marker_1/materials/textures/marker1.png -> /home/ulisess/TE3003B/minichallenges/TE3003B/install/puzzlebot/share/puzzlebot/models/aruco_marker_1/materials/textures
[1.676s] creating /home/ulisess/TE3003B/minichallenges/TE3003B/install/puzzlebot/share/puzzlebot/models/box_brick
[1.677s] copying models/box_brick/model.sdf -> /home/ulisess/TE3003B/minichallenges/TE3003B/install/puzzlebot/share/puzzlebot/models/box_brick
[1.677s] copying models/box_brick/model.config -> /home/ulisess/TE3003B/minichallenges/TE3003B/install/puzzlebot/share/puzzlebot/models/box_brick
[1.677s] creating /home/ulisess/TE3003B/minichallenges/TE3003B/install/puzzlebot/share/puzzlebot/models/box_brick/materials
[1.677s] creating /home/ulisess/TE3003B/minichallenges/TE3003B/install/puzzlebot/share/puzzlebot/models/box_brick/materials/textures
[1.677s] copying models/box_brick/materials/textures/0032-512x512.jpg -> /home/ulisess/TE3003B/minichallenges/TE3003B/install/puzzlebot/share/puzzlebot/models/box_brick/materials/textures
[1.678s] creating /home/ulisess/TE3003B/minichallenges/TE3003B/install/puzzlebot/share/puzzlebot/models/box_brick/meshes
[1.678s] copying models/box_brick/meshes/box_brick.dae -> /home/ulisess/TE3003B/minichallenges/TE3003B/install/puzzlebot/share/puzzlebot/models/box_brick/meshes
[1.679s] creating /home/ulisess/TE3003B/minichallenges/TE3003B/install/puzzlebot/share/puzzlebot/models/avoidance_world_2
[1.679s] copying models/avoidance_world_2/model.sdf -> /home/ulisess/TE3003B/minichallenges/TE3003B/install/puzzlebot/share/puzzlebot/models/avoidance_world_2
[1.679s] copying models/avoidance_world_2/model.config -> /home/ulisess/TE3003B/minichallenges/TE3003B/install/puzzlebot/share/puzzlebot/models/avoidance_world_2
[1.679s] creating /home/ulisess/TE3003B/minichallenges/TE3003B/install/puzzlebot/share/puzzlebot/models/aruco001
[1.680s] copying models/aruco001/model.sdf -> /home/ulisess/TE3003B/minichallenges/TE3003B/install/puzzlebot/share/puzzlebot/models/aruco001
[1.680s] copying models/aruco001/model.config -> /home/ulisess/TE3003B/minichallenges/TE3003B/install/puzzlebot/share/puzzlebot/models/aruco001
[1.680s] creating /home/ulisess/TE3003B/minichallenges/TE3003B/install/puzzlebot/share/puzzlebot/models/aruco001/materials
[1.681s] creating /home/ulisess/TE3003B/minichallenges/TE3003B/install/puzzlebot/share/puzzlebot/models/aruco001/materials/textures
[1.681s] copying models/aruco001/materials/textures/16h3_001.png -> /home/ulisess/TE3003B/minichallenges/TE3003B/install/puzzlebot/share/puzzlebot/models/aruco001/materials/textures
[1.681s] creating /home/ulisess/TE3003B/minichallenges/TE3003B/install/puzzlebot/share/puzzlebot/models/aruco001/meshes
[1.681s] copying models/aruco001/meshes/aruco001.dae -> /home/ulisess/TE3003B/minichallenges/TE3003B/install/puzzlebot/share/puzzlebot/models/aruco001/meshes
[1.682s] creating /home/ulisess/TE3003B/minichallenges/TE3003B/install/puzzlebot/share/puzzlebot/models/aruco_marker_5
[1.682s] copying models/aruco_marker_5/model.sdf -> /home/ulisess/TE3003B/minichallenges/TE3003B/install/puzzlebot/share/puzzlebot/models/aruco_marker_5
[1.682s] copying models/aruco_marker_5/model.config -> /home/ulisess/TE3003B/minichallenges/TE3003B/install/puzzlebot/share/puzzlebot/models/aruco_marker_5
[1.683s] creating /home/ulisess/TE3003B/minichallenges/TE3003B/install/puzzlebot/share/puzzlebot/models/aruco_marker_5/materials
[1.683s] creating /home/ulisess/TE3003B/minichallenges/TE3003B/install/puzzlebot/share/puzzlebot/models/aruco_marker_5/materials/textures
[1.683s] copying models/aruco_marker_5/materials/textures/marker5.png -> /home/ulisess/TE3003B/minichallenges/TE3003B/install/puzzlebot/share/puzzlebot/models/aruco_marker_5/materials/textures
[1.683s] creating /home/ulisess/TE3003B/minichallenges/TE3003B/install/puzzlebot/share/puzzlebot/models/aruco003_cv
[1.683s] copying models/aruco003_cv/model.sdf -> /home/ulisess/TE3003B/minichallenges/TE3003B/install/puzzlebot/share/puzzlebot/models/aruco003_cv
[1.684s] copying models/aruco003_cv/model.config -> /home/ulisess/TE3003B/minichallenges/TE3003B/install/puzzlebot/share/puzzlebot/models/aruco003_cv
[1.684s] creating /home/ulisess/TE3003B/minichallenges/TE3003B/install/puzzlebot/share/puzzlebot/models/aruco003_cv/materials
[1.684s] creating /home/ulisess/TE3003B/minichallenges/TE3003B/install/puzzlebot/share/puzzlebot/models/aruco003_cv/materials/textures
[1.684s] copying models/aruco003_cv/materials/textures/4x4_50_003.png -> /home/ulisess/TE3003B/minichallenges/TE3003B/install/puzzlebot/share/puzzlebot/models/aruco003_cv/materials/textures
[1.685s] creating /home/ulisess/TE3003B/minichallenges/TE3003B/install/puzzlebot/share/puzzlebot/models/aruco003_cv/meshes
[1.685s] copying models/aruco003_cv/meshes/aruco003.dae -> /home/ulisess/TE3003B/minichallenges/TE3003B/install/puzzlebot/share/puzzlebot/models/aruco003_cv/meshes
[1.685s] creating /home/ulisess/TE3003B/minichallenges/TE3003B/install/puzzlebot/share/puzzlebot/models/aruco000_cv
[1.685s] copying models/aruco000_cv/model.sdf -> /home/ulisess/TE3003B/minichallenges/TE3003B/install/puzzlebot/share/puzzlebot/models/aruco000_cv
[1.686s] copying models/aruco000_cv/model.config -> /home/ulisess/TE3003B/minichallenges/TE3003B/install/puzzlebot/share/puzzlebot/models/aruco000_cv
[1.686s] creating /home/ulisess/TE3003B/minichallenges/TE3003B/install/puzzlebot/share/puzzlebot/models/aruco000_cv/materials
[1.686s] creating /home/ulisess/TE3003B/minichallenges/TE3003B/install/puzzlebot/share/puzzlebot/models/aruco000_cv/materials/textures
[1.686s] copying models/aruco000_cv/materials/textures/4x4_50_000.png -> /home/ulisess/TE3003B/minichallenges/TE3003B/install/puzzlebot/share/puzzlebot/models/aruco000_cv/materials/textures
[1.687s] creating /home/ulisess/TE3003B/minichallenges/TE3003B/install/puzzlebot/share/puzzlebot/models/aruco000_cv/meshes
[1.687s] copying models/aruco000_cv/meshes/aruco000.dae -> /home/ulisess/TE3003B/minichallenges/TE3003B/install/puzzlebot/share/puzzlebot/models/aruco000_cv/meshes
[1.687s] creating /home/ulisess/TE3003B/minichallenges/TE3003B/install/puzzlebot/share/puzzlebot/models/media
[1.688s] creating /home/ulisess/TE3003B/minichallenges/TE3003B/install/puzzlebot/share/puzzlebot/models/media/materials
[1.688s] creating /home/ulisess/TE3003B/minichallenges/TE3003B/install/puzzlebot/share/puzzlebot/models/media/materials/scripts
[1.688s] copying models/media/materials/scripts/mcr2_materials.material -> /home/ulisess/TE3003B/minichallenges/TE3003B/install/puzzlebot/share/puzzlebot/models/media/materials/scripts
[1.688s] creating /home/ulisess/TE3003B/minichallenges/TE3003B/install/puzzlebot/share/puzzlebot/models/media/materials/textures
[1.689s] copying models/media/materials/textures/nvidia_hz_logo_white.jpg -> /home/ulisess/TE3003B/minichallenges/TE3003B/install/puzzlebot/share/puzzlebot/models/media/materials/textures
[1.689s] copying models/media/materials/textures/mcr2_goal_2.png -> /home/ulisess/TE3003B/minichallenges/TE3003B/install/puzzlebot/share/puzzlebot/models/media/materials/textures
[1.689s] copying models/media/materials/textures/mcr2_goal_3.png -> /home/ulisess/TE3003B/minichallenges/TE3003B/install/puzzlebot/share/puzzlebot/models/media/materials/textures
[1.689s] copying models/media/materials/textures/puzzlebot_wood_5.png -> /home/ulisess/TE3003B/minichallenges/TE3003B/install/puzzlebot/share/puzzlebot/models/media/materials/textures
[1.695s] copying models/media/materials/textures/mcr2_banner.png -> /home/ulisess/TE3003B/minichallenges/TE3003B/install/puzzlebot/share/puzzlebot/models/media/materials/textures
[1.695s] copying models/media/materials/textures/puzzlebot_wood_4.png -> /home/ulisess/TE3003B/minichallenges/TE3003B/install/puzzlebot/share/puzzlebot/models/media/materials/textures
[1.700s] copying models/media/materials/textures/mcr2_goal_1.png -> /home/ulisess/TE3003B/minichallenges/TE3003B/install/puzzlebot/share/puzzlebot/models/media/materials/textures
[1.701s] copying models/media/materials/textures/nvidia_logo_black.jpg -> /home/ulisess/TE3003B/minichallenges/TE3003B/install/puzzlebot/share/puzzlebot/models/media/materials/textures
[1.701s] copying models/media/materials/textures/mcr2_goal_5.png -> /home/ulisess/TE3003B/minichallenges/TE3003B/install/puzzlebot/share/puzzlebot/models/media/materials/textures
[1.701s] copying models/media/materials/textures/puzzlebot_logo_white.png -> /home/ulisess/TE3003B/minichallenges/TE3003B/install/puzzlebot/share/puzzlebot/models/media/materials/textures
[1.702s] copying models/media/materials/textures/mcr2_goal_4.png -> /home/ulisess/TE3003B/minichallenges/TE3003B/install/puzzlebot/share/puzzlebot/models/media/materials/textures
[1.702s] copying models/media/materials/textures/mcr2_logo_white.png -> /home/ulisess/TE3003B/minichallenges/TE3003B/install/puzzlebot/share/puzzlebot/models/media/materials/textures
[1.702s] copying models/media/materials/textures/puzzlebot_logo.png -> /home/ulisess/TE3003B/minichallenges/TE3003B/install/puzzlebot/share/puzzlebot/models/media/materials/textures
[1.702s] copying models/media/materials/textures/puzzlebot_wood_6.png -> /home/ulisess/TE3003B/minichallenges/TE3003B/install/puzzlebot/share/puzzlebot/models/media/materials/textures
[1.704s] copying models/media/materials/textures/mcr2_logo_black.png -> /home/ulisess/TE3003B/minichallenges/TE3003B/install/puzzlebot/share/puzzlebot/models/media/materials/textures
[1.704s] copying models/media/materials/textures/wood_floor.jpg -> /home/ulisess/TE3003B/minichallenges/TE3003B/install/puzzlebot/share/puzzlebot/models/media/materials/textures
[1.705s] copying models/media/materials/textures/puzzlebot_wood_7.png -> /home/ulisess/TE3003B/minichallenges/TE3003B/install/puzzlebot/share/puzzlebot/models/media/materials/textures
[1.708s] copying models/media/materials/textures/nvidia_logo_white.jpg -> /home/ulisess/TE3003B/minichallenges/TE3003B/install/puzzlebot/share/puzzlebot/models/media/materials/textures
[1.709s] copying models/media/materials/textures/nvidia_logo_b_w.jpg -> /home/ulisess/TE3003B/minichallenges/TE3003B/install/puzzlebot/share/puzzlebot/models/media/materials/textures
[1.709s] creating /home/ulisess/TE3003B/minichallenges/TE3003B/install/puzzlebot/share/puzzlebot/models/media/materials/textures/aruco_markers
[1.709s] copying models/media/materials/textures/aruco_markers/marker4.png -> /home/ulisess/TE3003B/minichallenges/TE3003B/install/puzzlebot/share/puzzlebot/models/media/materials/textures/aruco_markers
[1.710s] copying models/media/materials/textures/aruco_markers/marker1.png -> /home/ulisess/TE3003B/minichallenges/TE3003B/install/puzzlebot/share/puzzlebot/models/media/materials/textures/aruco_markers
[1.710s] copying models/media/materials/textures/aruco_markers/marker0.png -> /home/ulisess/TE3003B/minichallenges/TE3003B/install/puzzlebot/share/puzzlebot/models/media/materials/textures/aruco_markers
[1.710s] copying models/media/materials/textures/aruco_markers/marker2.png -> /home/ulisess/TE3003B/minichallenges/TE3003B/install/puzzlebot/share/puzzlebot/models/media/materials/textures/aruco_markers
[1.710s] copying models/media/materials/textures/aruco_markers/marker5.png -> /home/ulisess/TE3003B/minichallenges/TE3003B/install/puzzlebot/share/puzzlebot/models/media/materials/textures/aruco_markers
[1.711s] copying models/media/materials/textures/aruco_markers/marker3.png -> /home/ulisess/TE3003B/minichallenges/TE3003B/install/puzzlebot/share/puzzlebot/models/media/materials/textures/aruco_markers
[1.711s] creating /home/ulisess/TE3003B/minichallenges/TE3003B/install/puzzlebot/share/puzzlebot/models/office_floor
[1.711s] copying models/office_floor/model.sdf -> /home/ulisess/TE3003B/minichallenges/TE3003B/install/puzzlebot/share/puzzlebot/models/office_floor
[1.712s] copying models/office_floor/model.config -> /home/ulisess/TE3003B/minichallenges/TE3003B/install/puzzlebot/share/puzzlebot/models/office_floor
[1.712s] creating /home/ulisess/TE3003B/minichallenges/TE3003B/install/puzzlebot/share/puzzlebot/models/office_floor/materials
[1.712s] creating /home/ulisess/TE3003B/minichallenges/TE3003B/install/puzzlebot/share/puzzlebot/models/office_floor/materials/textures
[1.713s] copying models/office_floor/materials/textures/puzzlebot_wood_7.png -> /home/ulisess/TE3003B/minichallenges/TE3003B/install/puzzlebot/share/puzzlebot/models/office_floor/materials/textures
[1.715s] copying worlds/obstacle_avoidance_3.world -> /home/ulisess/TE3003B/minichallenges/TE3003B/install/puzzlebot/share/puzzlebot/worlds
[1.716s] copying worlds/empty.world -> /home/ulisess/TE3003B/minichallenges/TE3003B/install/puzzlebot/share/puzzlebot/worlds
[1.716s] copying worlds/puzzlebot_arena_markers.world -> /home/ulisess/TE3003B/minichallenges/TE3003B/install/puzzlebot/share/puzzlebot/worlds
[1.716s] copying worlds/obstacle_avoidance_2.world -> /home/ulisess/TE3003B/minichallenges/TE3003B/install/puzzlebot/share/puzzlebot/worlds
[1.717s] copying worlds/puzzlebot_track.world -> /home/ulisess/TE3003B/minichallenges/TE3003B/install/puzzlebot/share/puzzlebot/worlds
[1.717s] copying worlds/puzzlebot_aruco_markers.world -> /home/ulisess/TE3003B/minichallenges/TE3003B/install/puzzlebot/share/puzzlebot/worlds
[1.717s] copying worlds/puzzlebot_arena.world -> /home/ulisess/TE3003B/minichallenges/TE3003B/install/puzzlebot/share/puzzlebot/worlds
[1.718s] copying worlds/obstacle_avoidance_1.world -> /home/ulisess/TE3003B/minichallenges/TE3003B/install/puzzlebot/share/puzzlebot/worlds
[1.718s] copying worlds/obstacle_avoidance_4.world -> /home/ulisess/TE3003B/minichallenges/TE3003B/install/puzzlebot/share/puzzlebot/worlds
[1.718s] copying worlds/world_empty.sdf -> /home/ulisess/TE3003B/minichallenges/TE3003B/install/puzzlebot/share/puzzlebot/worlds
[1.719s] copying worlds/office.world -> /home/ulisess/TE3003B/minichallenges/TE3003B/install/puzzlebot/share/puzzlebot/worlds
[1.719s] copying worlds/world_aruco_mip.sdf -> /home/ulisess/TE3003B/minichallenges/TE3003B/install/puzzlebot/share/puzzlebot/worlds
[1.719s] copying worlds/world_box.sdf -> /home/ulisess/TE3003B/minichallenges/TE3003B/install/puzzlebot/share/puzzlebot/worlds
[1.720s] copying worlds/world_aruco_cv.sdf -> /home/ulisess/TE3003B/minichallenges/TE3003B/install/puzzlebot/share/puzzlebot/worlds
[1.720s] copying worlds/puzzlebot_world.world -> /home/ulisess/TE3003B/minichallenges/TE3003B/install/puzzlebot/share/puzzlebot/worlds
[1.720s] creating /home/ulisess/TE3003B/minichallenges/TE3003B/install/puzzlebot/share/puzzlebot/worlds/office_2
[1.720s] copying worlds/office_2/model.sdf -> /home/ulisess/TE3003B/minichallenges/TE3003B/install/puzzlebot/share/puzzlebot/worlds/office_2
[1.721s] copying worlds/office_2/model.config -> /home/ulisess/TE3003B/minichallenges/TE3003B/install/puzzlebot/share/puzzlebot/worlds/office_2
[1.721s] running install_egg_info
[1.723s] removing '/home/ulisess/TE3003B/minichallenges/TE3003B/install/puzzlebot/lib/python3.10/site-packages/puzzlebot-0.0.0-py3.10.egg-info' (and everything under it)
[1.724s] Copying build/puzzlebot/puzzlebot.egg-info to /home/ulisess/TE3003B/minichallenges/TE3003B/install/puzzlebot/lib/python3.10/site-packages/puzzlebot-0.0.0-py3.10.egg-info
[1.726s] running install_scripts
[1.760s] Installing bug2 script to /home/ulisess/TE3003B/minichallenges/TE3003B/install/puzzlebot/lib/puzzlebot
[1.760s] Installing controller script to /home/ulisess/TE3003B/minichallenges/TE3003B/install/puzzlebot/lib/puzzlebot
[1.761s] Installing joint_state_pub script to /home/ulisess/TE3003B/minichallenges/TE3003B/install/puzzlebot/lib/puzzlebot
[1.761s] Installing localisation script to /home/ulisess/TE3003B/minichallenges/TE3003B/install/puzzlebot/lib/puzzlebot
[1.761s] Installing localisatonv2 script to /home/ulisess/TE3003B/minichallenges/TE3003B/install/puzzlebot/lib/puzzlebot
[1.761s] Installing puzzlebot_kinematic_model script to /home/ulisess/TE3003B/minichallenges/TE3003B/install/puzzlebot/lib/puzzlebot
[1.762s] writing list of installed files to '/home/ulisess/TE3003B/minichallenges/TE3003B/build/puzzlebot/install.log'
[1.815s] Invoked command in '/home/ulisess/TE3003B/minichallenges/TE3003B' returned '0': PYTHONPATH=/home/ulisess/TE3003B/minichallenges/TE3003B/build/puzzlebot/prefix_override:/usr/lib/python3/dist-packages/colcon_core/task/python/colcon_distutils_commands:/home/ulisess/TE3003B/minichallenges/TE3003B/install/puzzlebot/lib/python3.10/site-packages:${PYTHONPATH} /usr/bin/python3 -W ignore:setup.py install is deprecated -W ignore:easy_install command is deprecated setup.py egg_info --egg-base build/puzzlebot build --build-base /home/ulisess/TE3003B/minichallenges/TE3003B/build/puzzlebot/build install --record /home/ulisess/TE3003B/minichallenges/TE3003B/build/puzzlebot/install.log --single-version-externally-managed install_data
