[1.267s] Invoking command in '/home/emeryb/ros2_ws/src/equipo6/TE3003B/equipo6': PYTHONPATH=/home/emeryb/ros2_ws/src/equipo6/TE3003B/build/equipo6/prefix_override:/usr/lib/python3/dist-packages/colcon_core/task/python/colcon_distutils_commands:/home/emeryb/ros2_ws/src/equipo6/TE3003B/install/equipo6/lib/python3.10/site-packages:${PYTHONPATH} /usr/bin/python3 -W ignore:setup.py install is deprecated -W ignore:easy_install command is deprecated setup.py egg_info --egg-base ../build/equipo6 build --build-base /home/emeryb/ros2_ws/src/equipo6/TE3003B/build/equipo6/build install --record /home/emeryb/ros2_ws/src/equipo6/TE3003B/build/equipo6/install.log --single-version-externally-managed install_data
[1.583s] running egg_info
[1.583s] writing ../build/equipo6/equipo6.egg-info/PKG-INFO
[1.584s] writing dependency_links to ../build/equipo6/equipo6.egg-info/dependency_links.txt
[1.584s] writing entry points to ../build/equipo6/equipo6.egg-info/entry_points.txt
[1.584s] writing requirements to ../build/equipo6/equipo6.egg-info/requires.txt
[1.585s] writing top-level names to ../build/equipo6/equipo6.egg-info/top_level.txt
[1.587s] reading manifest file '../build/equipo6/equipo6.egg-info/SOURCES.txt'
[1.589s] writing manifest file '../build/equipo6/equipo6.egg-info/SOURCES.txt'
[1.589s] running build
[1.589s] running build_py
[1.589s] copying equipo6/odometry_publisher.py -> /home/emeryb/ros2_ws/src/equipo6/TE3003B/build/equipo6/build/lib/equipo6
[1.590s] running install
[1.590s] running install_lib
[1.591s] copying /home/emeryb/ros2_ws/src/equipo6/TE3003B/build/equipo6/build/lib/equipo6/odometry_publisher.py -> /home/emeryb/ros2_ws/src/equipo6/TE3003B/install/equipo6/lib/python3.10/site-packages/equipo6
[1.592s] byte-compiling /home/emeryb/ros2_ws/src/equipo6/TE3003B/install/equipo6/lib/python3.10/site-packages/equipo6/odometry_publisher.py to odometry_publisher.cpython-310.pyc
[1.593s] running install_data
[1.593s] copying launch/world_launch.py -> /home/emeryb/ros2_ws/src/equipo6/TE3003B/install/equipo6/share/equipo6/launch
[1.594s] running install_egg_info
[1.597s] removing '/home/emeryb/ros2_ws/src/equipo6/TE3003B/install/equipo6/lib/python3.10/site-packages/equipo6-0.0.0-py3.10.egg-info' (and everything under it)
[1.597s] Copying ../build/equipo6/equipo6.egg-info to /home/emeryb/ros2_ws/src/equipo6/TE3003B/install/equipo6/lib/python3.10/site-packages/equipo6-0.0.0-py3.10.egg-info
[1.598s] running install_scripts
[1.626s] writing list of installed files to '/home/emeryb/ros2_ws/src/equipo6/TE3003B/build/equipo6/install.log'
[1.679s] Invoked command in '/home/emeryb/ros2_ws/src/equipo6/TE3003B/equipo6' returned '0': PYTHONPATH=/home/emeryb/ros2_ws/src/equipo6/TE3003B/build/equipo6/prefix_override:/usr/lib/python3/dist-packages/colcon_core/task/python/colcon_distutils_commands:/home/emeryb/ros2_ws/src/equipo6/TE3003B/install/equipo6/lib/python3.10/site-packages:${PYTHONPATH} /usr/bin/python3 -W ignore:setup.py install is deprecated -W ignore:easy_install command is deprecated setup.py egg_info --egg-base ../build/equipo6 build --build-base /home/emeryb/ros2_ws/src/equipo6/TE3003B/build/equipo6/build install --record /home/emeryb/ros2_ws/src/equipo6/TE3003B/build/equipo6/install.log --single-version-externally-managed install_data
