[1.362s] Invoking command in '/home/ulisess/TE3003B/equipo6': PYTHONPATH=/home/ulisess/TE3003B/build/equipo6/prefix_override:/usr/lib/python3/dist-packages/colcon_core/task/python/colcon_distutils_commands:/home/ulisess/TE3003B/install/equipo6/lib/python3.10/site-packages:${PYTHONPATH} /usr/bin/python3 -W ignore:setup.py install is deprecated -W ignore:easy_install command is deprecated setup.py egg_info --egg-base ../build/equipo6 build --build-base /home/ulisess/TE3003B/build/equipo6/build install --record /home/ulisess/TE3003B/build/equipo6/install.log --single-version-externally-managed install_data
[1.888s] running egg_info
[1.889s] writing ../build/equipo6/equipo6.egg-info/PKG-INFO
[1.890s] writing dependency_links to ../build/equipo6/equipo6.egg-info/dependency_links.txt
[1.890s] writing entry points to ../build/equipo6/equipo6.egg-info/entry_points.txt
[1.890s] writing requirements to ../build/equipo6/equipo6.egg-info/requires.txt
[1.891s] writing top-level names to ../build/equipo6/equipo6.egg-info/top_level.txt
[1.895s] reading manifest file '../build/equipo6/equipo6.egg-info/SOURCES.txt'
[1.896s] writing manifest file '../build/equipo6/equipo6.egg-info/SOURCES.txt'
[1.897s] running build
[1.897s] running build_py
[1.897s] running install
[1.898s] running install_lib
[1.900s] running install_data
[1.900s] copying worlds/act3_4.world -> /home/ulisess/TE3003B/install/equipo6/share/equipo6/worlds
[1.901s] running install_egg_info
[1.905s] removing '/home/ulisess/TE3003B/install/equipo6/lib/python3.10/site-packages/equipo6-0.0.0-py3.10.egg-info' (and everything under it)
[1.905s] Copying ../build/equipo6/equipo6.egg-info to /home/ulisess/TE3003B/install/equipo6/lib/python3.10/site-packages/equipo6-0.0.0-py3.10.egg-info
[1.907s] running install_scripts
[1.943s] writing list of installed files to '/home/ulisess/TE3003B/build/equipo6/install.log'
[1.993s] Invoked command in '/home/ulisess/TE3003B/equipo6' returned '0': PYTHONPATH=/home/ulisess/TE3003B/build/equipo6/prefix_override:/usr/lib/python3/dist-packages/colcon_core/task/python/colcon_distutils_commands:/home/ulisess/TE3003B/install/equipo6/lib/python3.10/site-packages:${PYTHONPATH} /usr/bin/python3 -W ignore:setup.py install is deprecated -W ignore:easy_install command is deprecated setup.py egg_info --egg-base ../build/equipo6 build --build-base /home/ulisess/TE3003B/build/equipo6/build install --record /home/ulisess/TE3003B/build/equipo6/install.log --single-version-externally-managed install_data
