[1.776s] Invoking command in '/home/ulisess/TE3003B/minichallenges/TE3003B': PYTHONPATH=/home/ulisess/TE3003B/minichallenges/TE3003B/build/puzzlebot/prefix_override:/usr/lib/python3/dist-packages/colcon_core/task/python/colcon_distutils_commands:/home/ulisess/TE3003B/minichallenges/TE3003B/install/puzzlebot/lib/python3.10/site-packages:${PYTHONPATH} /usr/bin/python3 -W ignore:setup.py install is deprecated -W ignore:easy_install command is deprecated setup.py egg_info --egg-base build/puzzlebot build --build-base /home/ulisess/TE3003B/minichallenges/TE3003B/build/puzzlebot/build install --record /home/ulisess/TE3003B/minichallenges/TE3003B/build/puzzlebot/install.log --single-version-externally-managed install_data
[2.352s] running egg_info
[2.353s] writing build/puzzlebot/puzzlebot.egg-info/PKG-INFO
[2.354s] writing dependency_links to build/puzzlebot/puzzlebot.egg-info/dependency_links.txt
[2.355s] writing entry points to build/puzzlebot/puzzlebot.egg-info/entry_points.txt
[2.355s] writing requirements to build/puzzlebot/puzzlebot.egg-info/requires.txt
[2.355s] writing top-level names to build/puzzlebot/puzzlebot.egg-info/top_level.txt
[2.359s] reading manifest file 'build/puzzlebot/puzzlebot.egg-info/SOURCES.txt'
[2.360s] adding license file 'LICENSE'
[2.365s] writing manifest file 'build/puzzlebot/puzzlebot.egg-info/SOURCES.txt'
[2.365s] running build
[2.366s] running build_py
[2.366s] copying puzzlebot/bug2.py -> /home/ulisess/TE3003B/minichallenges/TE3003B/build/puzzlebot/build/lib/puzzlebot
[2.367s] running install
[2.368s] running install_lib
[2.370s] copying /home/ulisess/TE3003B/minichallenges/TE3003B/build/puzzlebot/build/lib/puzzlebot/bug2.py -> /home/ulisess/TE3003B/minichallenges/TE3003B/install/puzzlebot/lib/python3.10/site-packages/puzzlebot
[2.372s] byte-compiling /home/ulisess/TE3003B/minichallenges/TE3003B/install/puzzlebot/lib/python3.10/site-packages/puzzlebot/bug2.py to bug2.cpython-310.pyc
[2.376s] running install_data
[2.378s] running install_egg_info
[2.382s] removing '/home/ulisess/TE3003B/minichallenges/TE3003B/install/puzzlebot/lib/python3.10/site-packages/puzzlebot-0.0.0-py3.10.egg-info' (and everything under it)
[2.383s] Copying build/puzzlebot/puzzlebot.egg-info to /home/ulisess/TE3003B/minichallenges/TE3003B/install/puzzlebot/lib/python3.10/site-packages/puzzlebot-0.0.0-py3.10.egg-info
[2.385s] running install_scripts
[2.426s] Installing bug2 script to /home/ulisess/TE3003B/minichallenges/TE3003B/install/puzzlebot/lib/puzzlebot
[2.426s] Installing controller script to /home/ulisess/TE3003B/minichallenges/TE3003B/install/puzzlebot/lib/puzzlebot
[2.427s] Installing joint_state_pub script to /home/ulisess/TE3003B/minichallenges/TE3003B/install/puzzlebot/lib/puzzlebot
[2.428s] Installing localisation script to /home/ulisess/TE3003B/minichallenges/TE3003B/install/puzzlebot/lib/puzzlebot
[2.428s] Installing localisationv2 script to /home/ulisess/TE3003B/minichallenges/TE3003B/install/puzzlebot/lib/puzzlebot
[2.428s] Installing puzzlebot_kinematic_model script to /home/ulisess/TE3003B/minichallenges/TE3003B/install/puzzlebot/lib/puzzlebot
[2.429s] writing list of installed files to '/home/ulisess/TE3003B/minichallenges/TE3003B/build/puzzlebot/install.log'
[2.502s] Invoked command in '/home/ulisess/TE3003B/minichallenges/TE3003B' returned '0': PYTHONPATH=/home/ulisess/TE3003B/minichallenges/TE3003B/build/puzzlebot/prefix_override:/usr/lib/python3/dist-packages/colcon_core/task/python/colcon_distutils_commands:/home/ulisess/TE3003B/minichallenges/TE3003B/install/puzzlebot/lib/python3.10/site-packages:${PYTHONPATH} /usr/bin/python3 -W ignore:setup.py install is deprecated -W ignore:easy_install command is deprecated setup.py egg_info --egg-base build/puzzlebot build --build-base /home/ulisess/TE3003B/minichallenges/TE3003B/build/puzzlebot/build install --record /home/ulisess/TE3003B/minichallenges/TE3003B/build/puzzlebot/install.log --single-version-externally-managed install_data
