running egg_info
writing ../../build/puzzlebot/puzzlebot.egg-info/PKG-INFO
writing dependency_links to ../../build/puzzlebot/puzzlebot.egg-info/dependency_links.txt
writing entry points to ../../build/puzzlebot/puzzlebot.egg-info/entry_points.txt
writing requirements to ../../build/puzzlebot/puzzlebot.egg-info/requires.txt
writing top-level names to ../../build/puzzlebot/puzzlebot.egg-info/top_level.txt
reading manifest file '../../build/puzzlebot/puzzlebot.egg-info/SOURCES.txt'
writing manifest file '../../build/puzzlebot/puzzlebot.egg-info/SOURCES.txt'
running build
running build_py
running install
running install_lib
running install_data
creating /home/alexl/final_ws/install/puzzlebot/share/puzzlebot/launch
copying launch/main_launch.py -> /home/alexl/final_ws/install/puzzlebot/share/puzzlebot/launch
creating /home/alexl/final_ws/install/puzzlebot/share/puzzlebot/config
copying config/puzzlebot_jetson_ed.yaml -> /home/alexl/final_ws/install/puzzlebot/share/puzzlebot/config
copying config/puzzlebot_hacker_ed.yaml -> /home/alexl/final_ws/install/puzzlebot/share/puzzlebot/config
copying config/puzzlebot_jetson_lidar_ed.yaml -> /home/alexl/final_ws/install/puzzlebot/share/puzzlebot/config
creating /home/alexl/final_ws/install/puzzlebot/share/puzzlebot/rviz
copying rviz/odometry_puzzlebot_rviz.rviz -> /home/alexl/final_ws/install/puzzlebot/share/puzzlebot/rviz
creating /home/alexl/final_ws/install/puzzlebot/share/puzzlebot/urdf
copying urdf/puzzlebot.urdf -> /home/alexl/final_ws/install/puzzlebot/share/puzzlebot/urdf
creating /home/alexl/final_ws/install/puzzlebot/share/puzzlebot/meshes
copying meshes/Puzzlebot_Wheel.stl -> /home/alexl/final_ws/install/puzzlebot/share/puzzlebot/meshes
copying meshes/Puzzlebot_Jetson_Lidar_Edition_Base.stl -> /home/alexl/final_ws/install/puzzlebot/share/puzzlebot/meshes
copying meshes/Puzzlebot_Caster_Wheel.stl -> /home/alexl/final_ws/install/puzzlebot/share/puzzlebot/meshes
creating /home/alexl/final_ws/install/puzzlebot/share/puzzlebot/meshes/meshes_old
copying meshes/meshes_old/MCR2_puzzlebot_jetson_base.stl -> /home/alexl/final_ws/install/puzzlebot/share/puzzlebot/meshes/meshes_old
copying meshes/meshes_old/MCR2_wheel.stl -> /home/alexl/final_ws/install/puzzlebot/share/puzzlebot/meshes/meshes_old
copying meshes/meshes_old/MCR2_puzzlebot_jetson_lidar_base.stl -> /home/alexl/final_ws/install/puzzlebot/share/puzzlebot/meshes/meshes_old
copying meshes/meshes_old/MCR2_caster_wheel.stl -> /home/alexl/final_ws/install/puzzlebot/share/puzzlebot/meshes/meshes_old
copying meshes/meshes_old/MCR2_puzzlebot_base.stl -> /home/alexl/final_ws/install/puzzlebot/share/puzzlebot/meshes/meshes_old
creating /home/alexl/final_ws/install/puzzlebot/share/puzzlebot/models
creating /home/alexl/final_ws/install/puzzlebot/share/puzzlebot/models/modulo3_world
copying models/modulo3_world/model.sdf -> /home/alexl/final_ws/install/puzzlebot/share/puzzlebot/models/modulo3_world
copying models/modulo3_world/model.config -> /home/alexl/final_ws/install/puzzlebot/share/puzzlebot/models/modulo3_world
creating /home/alexl/final_ws/install/puzzlebot/share/puzzlebot/plugins
copying plugins/libDiffDynamicPlugin.so -> /home/alexl/final_ws/install/puzzlebot/share/puzzlebot/plugins
running install_egg_info
removing '/home/alexl/final_ws/install/puzzlebot/lib/python3.10/site-packages/puzzlebot-0.0.0-py3.10.egg-info' (and everything under it)
Copying ../../build/puzzlebot/puzzlebot.egg-info to /home/alexl/final_ws/install/puzzlebot/lib/python3.10/site-packages/puzzlebot-0.0.0-py3.10.egg-info
running install_scripts
Installing aruco script to /home/alexl/final_ws/install/puzzlebot/lib/puzzlebot
Installing bug0 script to /home/alexl/final_ws/install/puzzlebot/lib/puzzlebot
Installing bug2 script to /home/alexl/final_ws/install/puzzlebot/lib/puzzlebot
Installing joint_state_pub script to /home/alexl/final_ws/install/puzzlebot/lib/puzzlebot
Installing localisation script to /home/alexl/final_ws/install/puzzlebot/lib/puzzlebot
Installing localisatonv2 script to /home/alexl/final_ws/install/puzzlebot/lib/puzzlebot
Installing pose_estimation script to /home/alexl/final_ws/install/puzzlebot/lib/puzzlebot
Installing publish_odom script to /home/alexl/final_ws/install/puzzlebot/lib/puzzlebot
Installing puzzlebot_kinematic_model script to /home/alexl/final_ws/install/puzzlebot/lib/puzzlebot
writing list of installed files to '/home/alexl/final_ws/build/puzzlebot/install.log'
