[1.197s] Invoking command in '/home/ulisess/TE3003B/modulo_3/ActFinal/equipo6': PYTHONPATH=/home/ulisess/TE3003B/modulo_3/ActFinal/build/equipo6/prefix_override:/usr/lib/python3/dist-packages/colcon_core/task/python/colcon_distutils_commands:/home/ulisess/TE3003B/modulo_3/ActFinal/install/equipo6/lib/python3.10/site-packages:${PYTHONPATH} /usr/bin/python3 -W ignore:setup.py install is deprecated -W ignore:easy_install command is deprecated setup.py egg_info --egg-base ../build/equipo6 build --build-base /home/ulisess/TE3003B/modulo_3/ActFinal/build/equipo6/build install --record /home/ulisess/TE3003B/modulo_3/ActFinal/build/equipo6/install.log --single-version-externally-managed install_data
[1.542s] running egg_info
[1.543s] writing ../build/equipo6/equipo6.egg-info/PKG-INFO
[1.543s] writing dependency_links to ../build/equipo6/equipo6.egg-info/dependency_links.txt
[1.543s] writing entry points to ../build/equipo6/equipo6.egg-info/entry_points.txt
[1.544s] writing requirements to ../build/equipo6/equipo6.egg-info/requires.txt
[1.544s] writing top-level names to ../build/equipo6/equipo6.egg-info/top_level.txt
[1.546s] reading manifest file '../build/equipo6/equipo6.egg-info/SOURCES.txt'
[1.548s] writing manifest file '../build/equipo6/equipo6.egg-info/SOURCES.txt'
[1.548s] running build
[1.549s] running build_py
[1.550s] copying equipo6/odometry_publisher.py -> /home/ulisess/TE3003B/modulo_3/ActFinal/build/equipo6/build/lib/equipo6
[1.551s] running install
[1.551s] running install_lib
[1.553s] copying /home/ulisess/TE3003B/modulo_3/ActFinal/build/equipo6/build/lib/equipo6/odometry_publisher.py -> /home/ulisess/TE3003B/modulo_3/ActFinal/install/equipo6/lib/python3.10/site-packages/equipo6
[1.554s] byte-compiling /home/ulisess/TE3003B/modulo_3/ActFinal/install/equipo6/lib/python3.10/site-packages/equipo6/odometry_publisher.py to odometry_publisher.cpython-310.pyc
[1.555s] running install_data
[1.555s] copying launch/world_launch.py -> /home/ulisess/TE3003B/modulo_3/ActFinal/install/equipo6/share/equipo6/launch
[1.556s] running install_egg_info
[1.559s] removing '/home/ulisess/TE3003B/modulo_3/ActFinal/install/equipo6/lib/python3.10/site-packages/equipo6-0.0.0-py3.10.egg-info' (and everything under it)
[1.559s] Copying ../build/equipo6/equipo6.egg-info to /home/ulisess/TE3003B/modulo_3/ActFinal/install/equipo6/lib/python3.10/site-packages/equipo6-0.0.0-py3.10.egg-info
[1.560s] running install_scripts
[1.586s] Installing joint_state_pub script to /home/ulisess/TE3003B/modulo_3/ActFinal/install/equipo6/lib/equipo6
[1.587s] Installing localisation script to /home/ulisess/TE3003B/modulo_3/ActFinal/install/equipo6/lib/equipo6
[1.587s] Installing odometry_publisher script to /home/ulisess/TE3003B/modulo_3/ActFinal/install/equipo6/lib/equipo6
[1.587s] writing list of installed files to '/home/ulisess/TE3003B/modulo_3/ActFinal/build/equipo6/install.log'
[1.645s] Invoked command in '/home/ulisess/TE3003B/modulo_3/ActFinal/equipo6' returned '0': PYTHONPATH=/home/ulisess/TE3003B/modulo_3/ActFinal/build/equipo6/prefix_override:/usr/lib/python3/dist-packages/colcon_core/task/python/colcon_distutils_commands:/home/ulisess/TE3003B/modulo_3/ActFinal/install/equipo6/lib/python3.10/site-packages:${PYTHONPATH} /usr/bin/python3 -W ignore:setup.py install is deprecated -W ignore:easy_install command is deprecated setup.py egg_info --egg-base ../build/equipo6 build --build-base /home/ulisess/TE3003B/modulo_3/ActFinal/build/equipo6/build install --record /home/ulisess/TE3003B/modulo_3/ActFinal/build/equipo6/install.log --single-version-externally-managed install_data
