[1.312s] Invoking command in '/home/ulisess/TE3003B/equipo6': PYTHONPATH=/home/ulisess/TE3003B/build/equipo6/prefix_override:/usr/lib/python3/dist-packages/colcon_core/task/python/colcon_distutils_commands:/home/ulisess/TE3003B/install/equipo6/lib/python3.10/site-packages:${PYTHONPATH} /usr/bin/python3 -W ignore:setup.py install is deprecated -W ignore:easy_install command is deprecated setup.py egg_info --egg-base ../build/equipo6 build --build-base /home/ulisess/TE3003B/build/equipo6/build install --record /home/ulisess/TE3003B/build/equipo6/install.log --single-version-externally-managed install_data
[1.752s] running egg_info
[1.753s] creating ../build/equipo6/equipo6.egg-info
[1.753s] writing ../build/equipo6/equipo6.egg-info/PKG-INFO
[1.753s] writing dependency_links to ../build/equipo6/equipo6.egg-info/dependency_links.txt
[1.754s] writing entry points to ../build/equipo6/equipo6.egg-info/entry_points.txt
[1.754s] writing requirements to ../build/equipo6/equipo6.egg-info/requires.txt
[1.754s] writing top-level names to ../build/equipo6/equipo6.egg-info/top_level.txt
[1.755s] writing manifest file '../build/equipo6/equipo6.egg-info/SOURCES.txt'
[1.758s] reading manifest file '../build/equipo6/equipo6.egg-info/SOURCES.txt'
[1.759s] writing manifest file '../build/equipo6/equipo6.egg-info/SOURCES.txt'
[1.759s] running build
[1.760s] running build_py
[1.760s] creating /home/ulisess/TE3003B/build/equipo6/build
[1.760s] creating /home/ulisess/TE3003B/build/equipo6/build/lib
[1.760s] creating /home/ulisess/TE3003B/build/equipo6/build/lib/equipo6
[1.761s] copying equipo6/__init__.py -> /home/ulisess/TE3003B/build/equipo6/build/lib/equipo6
[1.761s] running install
[1.761s] running install_lib
[1.762s] creating /home/ulisess/TE3003B/install/equipo6/lib/python3.10/site-packages/equipo6
[1.763s] copying /home/ulisess/TE3003B/build/equipo6/build/lib/equipo6/__init__.py -> /home/ulisess/TE3003B/install/equipo6/lib/python3.10/site-packages/equipo6
[1.763s] byte-compiling /home/ulisess/TE3003B/install/equipo6/lib/python3.10/site-packages/equipo6/__init__.py to __init__.cpython-310.pyc
[1.764s] running install_data
[1.764s] creating /home/ulisess/TE3003B/install/equipo6/share/ament_index
[1.764s] creating /home/ulisess/TE3003B/install/equipo6/share/ament_index/resource_index
[1.765s] creating /home/ulisess/TE3003B/install/equipo6/share/ament_index/resource_index/packages
[1.765s] copying resource/equipo6 -> /home/ulisess/TE3003B/install/equipo6/share/ament_index/resource_index/packages
[1.765s] copying package.xml -> /home/ulisess/TE3003B/install/equipo6/share/equipo6
[1.765s] running install_egg_info
[1.768s] Copying ../build/equipo6/equipo6.egg-info to /home/ulisess/TE3003B/install/equipo6/lib/python3.10/site-packages/equipo6-0.0.0-py3.10.egg-info
[1.770s] running install_scripts
[1.806s] writing list of installed files to '/home/ulisess/TE3003B/build/equipo6/install.log'
[1.857s] Invoked command in '/home/ulisess/TE3003B/equipo6' returned '0': PYTHONPATH=/home/ulisess/TE3003B/build/equipo6/prefix_override:/usr/lib/python3/dist-packages/colcon_core/task/python/colcon_distutils_commands:/home/ulisess/TE3003B/install/equipo6/lib/python3.10/site-packages:${PYTHONPATH} /usr/bin/python3 -W ignore:setup.py install is deprecated -W ignore:easy_install command is deprecated setup.py egg_info --egg-base ../build/equipo6 build --build-base /home/ulisess/TE3003B/build/equipo6/build install --record /home/ulisess/TE3003B/build/equipo6/install.log --single-version-externally-managed install_data
