[1.100s] Invoking command in '/home/ulisess/TE3003B/modulo_3/Act3.5/equipo6': PYTHONPATH=/home/ulisess/TE3003B/modulo_3/Act3.5/build/equipo6/prefix_override:/usr/lib/python3/dist-packages/colcon_core/task/python/colcon_distutils_commands:/home/ulisess/TE3003B/modulo_3/Act3.5/install/equipo6/lib/python3.10/site-packages:${PYTHONPATH} /usr/bin/python3 -W ignore:setup.py install is deprecated -W ignore:easy_install command is deprecated setup.py egg_info --egg-base ../build/equipo6 build --build-base /home/ulisess/TE3003B/modulo_3/Act3.5/build/equipo6/build install --record /home/ulisess/TE3003B/modulo_3/Act3.5/build/equipo6/install.log --single-version-externally-managed install_data
[1.381s] running egg_info
[1.382s] writing ../build/equipo6/equipo6.egg-info/PKG-INFO
[1.383s] writing dependency_links to ../build/equipo6/equipo6.egg-info/dependency_links.txt
[1.383s] writing entry points to ../build/equipo6/equipo6.egg-info/entry_points.txt
[1.383s] writing requirements to ../build/equipo6/equipo6.egg-info/requires.txt
[1.383s] writing top-level names to ../build/equipo6/equipo6.egg-info/top_level.txt
[1.385s] reading manifest file '../build/equipo6/equipo6.egg-info/SOURCES.txt'
[1.387s] writing manifest file '../build/equipo6/equipo6.egg-info/SOURCES.txt'
[1.387s] running build
[1.387s] running build_py
[1.388s] copying equipo6/joint_state_pub.py -> /home/ulisess/TE3003B/modulo_3/Act3.5/build/equipo6/build/lib/equipo6
[1.389s] running install
[1.389s] running install_lib
[1.390s] copying /home/ulisess/TE3003B/modulo_3/Act3.5/build/equipo6/build/lib/equipo6/joint_state_pub.py -> /home/ulisess/TE3003B/modulo_3/Act3.5/install/equipo6/lib/python3.10/site-packages/equipo6
[1.391s] byte-compiling /home/ulisess/TE3003B/modulo_3/Act3.5/install/equipo6/lib/python3.10/site-packages/equipo6/joint_state_pub.py to joint_state_pub.cpython-310.pyc
[1.391s] running install_data
[1.392s] copying launch/robot_state_pub_launch.py -> /home/ulisess/TE3003B/modulo_3/Act3.5/install/equipo6/share/equipo6/launch
[1.392s] copying launch/world_launch.py -> /home/ulisess/TE3003B/modulo_3/Act3.5/install/equipo6/share/equipo6/launch
[1.393s] running install_egg_info
[1.396s] removing '/home/ulisess/TE3003B/modulo_3/Act3.5/install/equipo6/lib/python3.10/site-packages/equipo6-0.0.0-py3.10.egg-info' (and everything under it)
[1.396s] Copying ../build/equipo6/equipo6.egg-info to /home/ulisess/TE3003B/modulo_3/Act3.5/install/equipo6/lib/python3.10/site-packages/equipo6-0.0.0-py3.10.egg-info
[1.397s] running install_scripts
[1.420s] writing list of installed files to '/home/ulisess/TE3003B/modulo_3/Act3.5/build/equipo6/install.log'
[1.463s] Invoked command in '/home/ulisess/TE3003B/modulo_3/Act3.5/equipo6' returned '0': PYTHONPATH=/home/ulisess/TE3003B/modulo_3/Act3.5/build/equipo6/prefix_override:/usr/lib/python3/dist-packages/colcon_core/task/python/colcon_distutils_commands:/home/ulisess/TE3003B/modulo_3/Act3.5/install/equipo6/lib/python3.10/site-packages:${PYTHONPATH} /usr/bin/python3 -W ignore:setup.py install is deprecated -W ignore:easy_install command is deprecated setup.py egg_info --egg-base ../build/equipo6 build --build-base /home/ulisess/TE3003B/modulo_3/Act3.5/build/equipo6/build install --record /home/ulisess/TE3003B/modulo_3/Act3.5/build/equipo6/install.log --single-version-externally-managed install_data
