[1.646s] Invoking command in '/home/ulisess/TE3003B/modulo_3/Act3.5/equipo6': PYTHONPATH=/home/ulisess/TE3003B/modulo_3/Act3.5/build/equipo6/prefix_override:/usr/lib/python3/dist-packages/colcon_core/task/python/colcon_distutils_commands:/home/ulisess/TE3003B/modulo_3/Act3.5/install/equipo6/lib/python3.10/site-packages:${PYTHONPATH} /usr/bin/python3 -W ignore:setup.py install is deprecated -W ignore:easy_install command is deprecated setup.py egg_info --egg-base ../build/equipo6 build --build-base /home/ulisess/TE3003B/modulo_3/Act3.5/build/equipo6/build install --record /home/ulisess/TE3003B/modulo_3/Act3.5/build/equipo6/install.log --single-version-externally-managed install_data
[2.125s] running egg_info
[2.127s] writing ../build/equipo6/equipo6.egg-info/PKG-INFO
[2.127s] writing dependency_links to ../build/equipo6/equipo6.egg-info/dependency_links.txt
[2.127s] writing entry points to ../build/equipo6/equipo6.egg-info/entry_points.txt
[2.128s] writing requirements to ../build/equipo6/equipo6.egg-info/requires.txt
[2.128s] writing top-level names to ../build/equipo6/equipo6.egg-info/top_level.txt
[2.132s] reading manifest file '../build/equipo6/equipo6.egg-info/SOURCES.txt'
[2.134s] writing manifest file '../build/equipo6/equipo6.egg-info/SOURCES.txt'
[2.135s] running build
[2.135s] running build_py
[2.137s] running install
[2.138s] running install_lib
[2.140s] running install_data
[2.141s] copying launch/world_launch.py -> /home/ulisess/TE3003B/modulo_3/Act3.5/install/equipo6/share/equipo6/launch
[2.143s] running install_egg_info
[2.146s] removing '/home/ulisess/TE3003B/modulo_3/Act3.5/install/equipo6/lib/python3.10/site-packages/equipo6-0.0.0-py3.10.egg-info' (and everything under it)
[2.147s] Copying ../build/equipo6/equipo6.egg-info to /home/ulisess/TE3003B/modulo_3/Act3.5/install/equipo6/lib/python3.10/site-packages/equipo6-0.0.0-py3.10.egg-info
[2.149s] running install_scripts
[2.189s] writing list of installed files to '/home/ulisess/TE3003B/modulo_3/Act3.5/build/equipo6/install.log'
[2.246s] Invoked command in '/home/ulisess/TE3003B/modulo_3/Act3.5/equipo6' returned '0': PYTHONPATH=/home/ulisess/TE3003B/modulo_3/Act3.5/build/equipo6/prefix_override:/usr/lib/python3/dist-packages/colcon_core/task/python/colcon_distutils_commands:/home/ulisess/TE3003B/modulo_3/Act3.5/install/equipo6/lib/python3.10/site-packages:${PYTHONPATH} /usr/bin/python3 -W ignore:setup.py install is deprecated -W ignore:easy_install command is deprecated setup.py egg_info --egg-base ../build/equipo6 build --build-base /home/ulisess/TE3003B/modulo_3/Act3.5/build/equipo6/build install --record /home/ulisess/TE3003B/modulo_3/Act3.5/build/equipo6/install.log --single-version-externally-managed install_data
