[0.552s] DEBUG:colcon:Command line arguments: ['/usr/bin/colcon', 'build']
[0.553s] DEBUG:colcon:Parsed command line arguments: Namespace(log_base=None, log_level=None, verb_name='build', build_base='build', install_base='install', merge_install=False, symlink_install=False, test_result_base=None, continue_on_error=False, executor='parallel', parallel_workers=12, event_handlers=None, ignore_user_meta=False, metas=['./colcon.meta'], base_paths=['.'], packages_ignore=None, packages_ignore_regex=None, paths=None, packages_up_to=None, packages_up_to_regex=None, packages_above=None, packages_above_and_dependencies=None, packages_above_depth=None, packages_select_by_dep=None, packages_skip_by_dep=None, packages_skip_up_to=None, packages_select_build_failed=False, packages_skip_build_finished=False, packages_select_test_failures=False, packages_skip_test_passed=False, packages_select=None, packages_skip=None, packages_select_regex=None, packages_skip_regex=None, packages_start=None, packages_end=None, allow_overriding=[], cmake_args=None, cmake_target=None, cmake_target_skip_unavailable=False, cmake_clean_cache=False, cmake_clean_first=False, cmake_force_configure=False, ament_cmake_args=None, catkin_cmake_args=None, catkin_skip_building_tests=False, mixin_files=None, mixin=None, verb_parser=<colcon_mixin.mixin.mixin_argument.MixinArgumentDecorator object at 0x745ce5e54f10>, verb_extension=<colcon_core.verb.build.BuildVerb object at 0x745ce5f5ded0>, main=<bound method BuildVerb.main of <colcon_core.verb.build.BuildVerb object at 0x745ce5f5ded0>>, mixin_verb=('build',))
[1.236s] Level 1:colcon.colcon_core.package_discovery:discover_packages(colcon_meta) check parameters
[1.237s] Level 1:colcon.colcon_core.package_discovery:discover_packages(recursive) check parameters
[1.237s] Level 1:colcon.colcon_core.package_discovery:discover_packages(ignore) check parameters
[1.237s] Level 1:colcon.colcon_core.package_discovery:discover_packages(path) check parameters
[1.237s] Level 1:colcon.colcon_core.package_discovery:discover_packages(colcon_meta) discover
[1.237s] Level 1:colcon.colcon_core.package_discovery:discover_packages(recursive) discover
[1.237s] INFO:colcon.colcon_core.package_discovery:Crawling recursively for packages in '/home/alexl/final_ws'
[1.238s] Level 1:colcon.colcon_core.package_identification:_identify(.) by extensions ['ignore', 'ignore_ament_install']
[1.238s] Level 1:colcon.colcon_core.package_identification:_identify(.) by extension 'ignore'
[1.238s] Level 1:colcon.colcon_core.package_identification:_identify(.) by extension 'ignore_ament_install'
[1.238s] Level 1:colcon.colcon_core.package_identification:_identify(.) by extensions ['colcon_pkg']
[1.238s] Level 1:colcon.colcon_core.package_identification:_identify(.) by extension 'colcon_pkg'
[1.238s] Level 1:colcon.colcon_core.package_identification:_identify(.) by extensions ['colcon_meta']
[1.239s] Level 1:colcon.colcon_core.package_identification:_identify(.) by extension 'colcon_meta'
[1.239s] Level 1:colcon.colcon_core.package_identification:_identify(.) by extensions ['ros']
[1.239s] Level 1:colcon.colcon_core.package_identification:_identify(.) by extension 'ros'
[1.269s] Level 1:colcon.colcon_core.package_identification:_identify(.) by extensions ['cmake', 'python']
[1.269s] Level 1:colcon.colcon_core.package_identification:_identify(.) by extension 'cmake'
[1.269s] Level 1:colcon.colcon_core.package_identification:_identify(.) by extension 'python'
[1.269s] Level 1:colcon.colcon_core.package_identification:_identify(.) by extensions ['python_setup_py']
[1.269s] Level 1:colcon.colcon_core.package_identification:_identify(.) by extension 'python_setup_py'
[1.269s] Level 1:colcon.colcon_core.package_identification:_identify(build) by extensions ['ignore', 'ignore_ament_install']
[1.270s] Level 1:colcon.colcon_core.package_identification:_identify(build) by extension 'ignore'
[1.270s] Level 1:colcon.colcon_core.package_identification:_identify(build) ignored
[1.270s] Level 1:colcon.colcon_core.package_identification:_identify(install) by extensions ['ignore', 'ignore_ament_install']
[1.270s] Level 1:colcon.colcon_core.package_identification:_identify(install) by extension 'ignore'
[1.270s] Level 1:colcon.colcon_core.package_identification:_identify(install) ignored
[1.270s] Level 1:colcon.colcon_core.package_identification:_identify(log) by extensions ['ignore', 'ignore_ament_install']
[1.270s] Level 1:colcon.colcon_core.package_identification:_identify(log) by extension 'ignore'
[1.270s] Level 1:colcon.colcon_core.package_identification:_identify(log) ignored
[1.271s] Level 1:colcon.colcon_core.package_identification:_identify(src) by extensions ['ignore', 'ignore_ament_install']
[1.271s] Level 1:colcon.colcon_core.package_identification:_identify(src) by extension 'ignore'
[1.271s] Level 1:colcon.colcon_core.package_identification:_identify(src) by extension 'ignore_ament_install'
[1.271s] Level 1:colcon.colcon_core.package_identification:_identify(src) by extensions ['colcon_pkg']
[1.271s] Level 1:colcon.colcon_core.package_identification:_identify(src) by extension 'colcon_pkg'
[1.271s] Level 1:colcon.colcon_core.package_identification:_identify(src) by extensions ['colcon_meta']
[1.271s] Level 1:colcon.colcon_core.package_identification:_identify(src) by extension 'colcon_meta'
[1.271s] Level 1:colcon.colcon_core.package_identification:_identify(src) by extensions ['ros']
[1.271s] Level 1:colcon.colcon_core.package_identification:_identify(src) by extension 'ros'
[1.271s] Level 1:colcon.colcon_core.package_identification:_identify(src) by extensions ['cmake', 'python']
[1.271s] Level 1:colcon.colcon_core.package_identification:_identify(src) by extension 'cmake'
[1.271s] Level 1:colcon.colcon_core.package_identification:_identify(src) by extension 'python'
[1.271s] Level 1:colcon.colcon_core.package_identification:_identify(src) by extensions ['python_setup_py']
[1.271s] Level 1:colcon.colcon_core.package_identification:_identify(src) by extension 'python_setup_py'
[1.272s] Level 1:colcon.colcon_core.package_identification:_identify(src/puzzlebot) by extensions ['ignore', 'ignore_ament_install']
[1.272s] Level 1:colcon.colcon_core.package_identification:_identify(src/puzzlebot) by extension 'ignore'
[1.272s] Level 1:colcon.colcon_core.package_identification:_identify(src/puzzlebot) by extension 'ignore_ament_install'
[1.272s] Level 1:colcon.colcon_core.package_identification:_identify(src/puzzlebot) by extensions ['colcon_pkg']
[1.272s] Level 1:colcon.colcon_core.package_identification:_identify(src/puzzlebot) by extension 'colcon_pkg'
[1.272s] Level 1:colcon.colcon_core.package_identification:_identify(src/puzzlebot) by extensions ['colcon_meta']
[1.272s] Level 1:colcon.colcon_core.package_identification:_identify(src/puzzlebot) by extension 'colcon_meta'
[1.272s] Level 1:colcon.colcon_core.package_identification:_identify(src/puzzlebot) by extensions ['ros']
[1.272s] Level 1:colcon.colcon_core.package_identification:_identify(src/puzzlebot) by extension 'ros'
[1.282s] DEBUG:colcon.colcon_core.package_identification:Package 'src/puzzlebot' with type 'ros.ament_python' and name 'puzzlebot'
[1.283s] Level 1:colcon.colcon_core.package_identification:_identify(src/puzzlebot_aruco_msgs) by extensions ['ignore', 'ignore_ament_install']
[1.283s] Level 1:colcon.colcon_core.package_identification:_identify(src/puzzlebot_aruco_msgs) by extension 'ignore'
[1.283s] Level 1:colcon.colcon_core.package_identification:_identify(src/puzzlebot_aruco_msgs) by extension 'ignore_ament_install'
[1.283s] Level 1:colcon.colcon_core.package_identification:_identify(src/puzzlebot_aruco_msgs) by extensions ['colcon_pkg']
[1.283s] Level 1:colcon.colcon_core.package_identification:_identify(src/puzzlebot_aruco_msgs) by extension 'colcon_pkg'
[1.283s] Level 1:colcon.colcon_core.package_identification:_identify(src/puzzlebot_aruco_msgs) by extensions ['colcon_meta']
[1.283s] Level 1:colcon.colcon_core.package_identification:_identify(src/puzzlebot_aruco_msgs) by extension 'colcon_meta'
[1.283s] Level 1:colcon.colcon_core.package_identification:_identify(src/puzzlebot_aruco_msgs) by extensions ['ros']
[1.284s] Level 1:colcon.colcon_core.package_identification:_identify(src/puzzlebot_aruco_msgs) by extension 'ros'
[1.285s] DEBUG:colcon.colcon_core.package_identification:Package 'src/puzzlebot_aruco_msgs' with type 'ros.ament_cmake' and name 'puzzlebot_aruco_msgs'
[1.286s] Level 1:colcon.colcon_core.package_discovery:discover_packages(recursive) using defaults
[1.286s] Level 1:colcon.colcon_core.package_discovery:discover_packages(ignore) discover
[1.286s] Level 1:colcon.colcon_core.package_discovery:discover_packages(ignore) using defaults
[1.286s] Level 1:colcon.colcon_core.package_discovery:discover_packages(path) discover
[1.286s] Level 1:colcon.colcon_core.package_discovery:discover_packages(path) using defaults
[1.417s] Level 1:colcon.colcon_core.package_discovery:discover_packages(prefix_path) check parameters
[1.417s] Level 1:colcon.colcon_core.package_discovery:discover_packages(prefix_path) discover
[1.429s] DEBUG:colcon.colcon_installed_package_information.package_discovery:Found 2 installed packages in /home/alexl/final_ws/install
[1.434s] DEBUG:colcon.colcon_installed_package_information.package_discovery:Found 8 installed packages in /home/alexl/ros2_ws/install
[1.436s] DEBUG:colcon.colcon_installed_package_information.package_discovery:Found 1 installed packages in /home/alexl/TE3003B/install
[1.439s] DEBUG:colcon.colcon_installed_package_information.package_discovery:Found 1 installed packages in /home/alexl/ros2_ws/src/mobile_robotics/install
[1.445s] DEBUG:colcon.colcon_installed_package_information.package_discovery:Found 426 installed packages in /opt/ros/humble
[1.449s] Level 1:colcon.colcon_core.package_discovery:discover_packages(prefix_path) using defaults
[1.675s] Level 5:colcon.colcon_core.verb:set package 'puzzlebot' build argument 'cmake_args' from command line to 'None'
[1.675s] Level 5:colcon.colcon_core.verb:set package 'puzzlebot' build argument 'cmake_target' from command line to 'None'
[1.676s] Level 5:colcon.colcon_core.verb:set package 'puzzlebot' build argument 'cmake_target_skip_unavailable' from command line to 'False'
[1.676s] Level 5:colcon.colcon_core.verb:set package 'puzzlebot' build argument 'cmake_clean_cache' from command line to 'False'
[1.676s] Level 5:colcon.colcon_core.verb:set package 'puzzlebot' build argument 'cmake_clean_first' from command line to 'False'
[1.676s] Level 5:colcon.colcon_core.verb:set package 'puzzlebot' build argument 'cmake_force_configure' from command line to 'False'
[1.676s] Level 5:colcon.colcon_core.verb:set package 'puzzlebot' build argument 'ament_cmake_args' from command line to 'None'
[1.676s] Level 5:colcon.colcon_core.verb:set package 'puzzlebot' build argument 'catkin_cmake_args' from command line to 'None'
[1.676s] Level 5:colcon.colcon_core.verb:set package 'puzzlebot' build argument 'catkin_skip_building_tests' from command line to 'False'
[1.676s] DEBUG:colcon.colcon_core.verb:Building package 'puzzlebot' with the following arguments: {'ament_cmake_args': None, 'build_base': '/home/alexl/final_ws/build/puzzlebot', 'catkin_cmake_args': None, 'catkin_skip_building_tests': False, 'cmake_args': None, 'cmake_clean_cache': False, 'cmake_clean_first': False, 'cmake_force_configure': False, 'cmake_target': None, 'cmake_target_skip_unavailable': False, 'install_base': '/home/alexl/final_ws/install/puzzlebot', 'merge_install': False, 'path': '/home/alexl/final_ws/src/puzzlebot', 'symlink_install': False, 'test_result_base': None}
[1.677s] Level 5:colcon.colcon_core.verb:set package 'puzzlebot_aruco_msgs' build argument 'cmake_args' from command line to 'None'
[1.677s] Level 5:colcon.colcon_core.verb:set package 'puzzlebot_aruco_msgs' build argument 'cmake_target' from command line to 'None'
[1.677s] Level 5:colcon.colcon_core.verb:set package 'puzzlebot_aruco_msgs' build argument 'cmake_target_skip_unavailable' from command line to 'False'
[1.677s] Level 5:colcon.colcon_core.verb:set package 'puzzlebot_aruco_msgs' build argument 'cmake_clean_cache' from command line to 'False'
[1.677s] Level 5:colcon.colcon_core.verb:set package 'puzzlebot_aruco_msgs' build argument 'cmake_clean_first' from command line to 'False'
[1.677s] Level 5:colcon.colcon_core.verb:set package 'puzzlebot_aruco_msgs' build argument 'cmake_force_configure' from command line to 'False'
[1.677s] Level 5:colcon.colcon_core.verb:set package 'puzzlebot_aruco_msgs' build argument 'ament_cmake_args' from command line to 'None'
[1.678s] Level 5:colcon.colcon_core.verb:set package 'puzzlebot_aruco_msgs' build argument 'catkin_cmake_args' from command line to 'None'
[1.678s] Level 5:colcon.colcon_core.verb:set package 'puzzlebot_aruco_msgs' build argument 'catkin_skip_building_tests' from command line to 'False'
[1.678s] DEBUG:colcon.colcon_core.verb:Building package 'puzzlebot_aruco_msgs' with the following arguments: {'ament_cmake_args': None, 'build_base': '/home/alexl/final_ws/build/puzzlebot_aruco_msgs', 'catkin_cmake_args': None, 'catkin_skip_building_tests': False, 'cmake_args': None, 'cmake_clean_cache': False, 'cmake_clean_first': False, 'cmake_force_configure': False, 'cmake_target': None, 'cmake_target_skip_unavailable': False, 'install_base': '/home/alexl/final_ws/install/puzzlebot_aruco_msgs', 'merge_install': False, 'path': '/home/alexl/final_ws/src/puzzlebot_aruco_msgs', 'symlink_install': False, 'test_result_base': None}
[1.678s] INFO:colcon.colcon_core.executor:Executing jobs using 'parallel' executor
[1.683s] DEBUG:colcon.colcon_parallel_executor.executor.parallel:run_until_complete
[1.684s] INFO:colcon.colcon_ros.task.ament_python.build:Building ROS package in '/home/alexl/final_ws/src/puzzlebot' with build type 'ament_python'
[1.684s] Level 1:colcon.colcon_core.shell:create_environment_hook('puzzlebot', 'ament_prefix_path')
[1.699s] INFO:colcon.colcon_core.plugin_system:Skipping extension 'colcon_core.shell.bat': Not used on non-Windows systems
[1.699s] INFO:colcon.colcon_core.shell:Creating environment hook '/home/alexl/final_ws/install/puzzlebot/share/puzzlebot/hook/ament_prefix_path.ps1'
[1.703s] INFO:colcon.colcon_core.shell:Creating environment descriptor '/home/alexl/final_ws/install/puzzlebot/share/puzzlebot/hook/ament_prefix_path.dsv'
[1.709s] INFO:colcon.colcon_core.shell:Creating environment hook '/home/alexl/final_ws/install/puzzlebot/share/puzzlebot/hook/ament_prefix_path.sh'
[1.711s] INFO:colcon.colcon_core.shell:Skip shell extension 'powershell' for command environment: Not usable outside of PowerShell
[1.711s] DEBUG:colcon.colcon_core.shell:Skip shell extension 'dsv' for command environment
[1.726s] INFO:colcon.colcon_ros.task.ament_cmake.build:Building ROS package in '/home/alexl/final_ws/src/puzzlebot_aruco_msgs' with build type 'ament_cmake'
[1.727s] INFO:colcon.colcon_cmake.task.cmake.build:Building CMake package in '/home/alexl/final_ws/src/puzzlebot_aruco_msgs'
[1.727s] INFO:colcon.colcon_core.shell:Skip shell extension 'powershell' for command environment: Not usable outside of PowerShell
[1.727s] DEBUG:colcon.colcon_core.shell:Skip shell extension 'dsv' for command environment
[2.363s] INFO:colcon.colcon_core.task.python.build:Building Python package in '/home/alexl/final_ws/src/puzzlebot'
[2.364s] INFO:colcon.colcon_core.shell:Skip shell extension 'powershell' for command environment: Not usable outside of PowerShell
[2.364s] DEBUG:colcon.colcon_core.shell:Skip shell extension 'dsv' for command environment
[2.387s] DEBUG:colcon.colcon_core.event_handler.log_command:Invoking command in '/home/alexl/final_ws/build/puzzlebot_aruco_msgs': CMAKE_PREFIX_PATH=${CMAKE_PREFIX_PATH}:/home/alexl/final_ws/install/puzzlebot:/home/alexl/ros2_ws/install/tf_examples:/home/alexl/ros2_ws/install/puzzlebot_sim:/home/alexl/ros2_ws/install/puzzlebot_gazebo:/home/alexl/ros2_ws/install/puzzlebot_description:/home/alexl/ros2_ws/install/puzzle_drone:/home/alexl/ros2_ws/install/motor_control:/home/alexl/ros2_ws/install/mobile_robotics:/home/alexl/ros2_ws/install/challenge:/home/alexl/TE3003B/install/puzzlebot:/home/alexl/ros2_ws/src/mobile_robotics/install/mobile_robotics:/opt/ros/humble /usr/bin/cmake --build /home/alexl/final_ws/build/puzzlebot_aruco_msgs -- -j12 -l12
[3.563s] DEBUG:colcon.colcon_core.event_handler.log_command:Invoking command in '/home/alexl/final_ws/src/puzzlebot': PYTHONPATH=/home/alexl/final_ws/build/puzzlebot/prefix_override:/usr/lib/python3/dist-packages/colcon_core/task/python/colcon_distutils_commands:/home/alexl/final_ws/install/puzzlebot/lib/python3.10/site-packages:${PYTHONPATH} /usr/bin/python3 -W ignore:setup.py install is deprecated -W ignore:easy_install command is deprecated setup.py egg_info --egg-base ../../build/puzzlebot build --build-base /home/alexl/final_ws/build/puzzlebot/build install --record /home/alexl/final_ws/build/puzzlebot/install.log --single-version-externally-managed install_data
[4.303s] DEBUG:colcon.colcon_core.event_handler.log_command:Invoked command in '/home/alexl/final_ws/src/puzzlebot' returned '0': PYTHONPATH=/home/alexl/final_ws/build/puzzlebot/prefix_override:/usr/lib/python3/dist-packages/colcon_core/task/python/colcon_distutils_commands:/home/alexl/final_ws/install/puzzlebot/lib/python3.10/site-packages:${PYTHONPATH} /usr/bin/python3 -W ignore:setup.py install is deprecated -W ignore:easy_install command is deprecated setup.py egg_info --egg-base ../../build/puzzlebot build --build-base /home/alexl/final_ws/build/puzzlebot/build install --record /home/alexl/final_ws/build/puzzlebot/install.log --single-version-externally-managed install_data
[4.314s] Level 1:colcon.colcon_core.environment:checking '/home/alexl/final_ws/install/puzzlebot' for CMake module files
[4.319s] Level 1:colcon.colcon_core.environment:checking '/home/alexl/final_ws/install/puzzlebot' for CMake config files
[4.322s] Level 1:colcon.colcon_core.environment:checking '/home/alexl/final_ws/install/puzzlebot/lib'
[4.324s] Level 1:colcon.colcon_core.environment:checking '/home/alexl/final_ws/install/puzzlebot/bin'
[4.325s] Level 1:colcon.colcon_core.environment:checking '/home/alexl/final_ws/install/puzzlebot/lib/pkgconfig/puzzlebot.pc'
[4.325s] Level 1:colcon.colcon_core.environment:checking '/home/alexl/final_ws/install/puzzlebot/lib/python3.10/site-packages'
[4.326s] Level 1:colcon.colcon_core.shell:create_environment_hook('puzzlebot', 'pythonpath')
[4.327s] INFO:colcon.colcon_core.shell:Creating environment hook '/home/alexl/final_ws/install/puzzlebot/share/puzzlebot/hook/pythonpath.ps1'
[4.328s] INFO:colcon.colcon_core.shell:Creating environment descriptor '/home/alexl/final_ws/install/puzzlebot/share/puzzlebot/hook/pythonpath.dsv'
[4.330s] INFO:colcon.colcon_core.shell:Creating environment hook '/home/alexl/final_ws/install/puzzlebot/share/puzzlebot/hook/pythonpath.sh'
[4.332s] Level 1:colcon.colcon_core.environment:checking '/home/alexl/final_ws/install/puzzlebot/bin'
[4.332s] Level 1:colcon.colcon_core.environment:create_environment_scripts_only(puzzlebot)
[4.333s] INFO:colcon.colcon_core.shell:Creating package script '/home/alexl/final_ws/install/puzzlebot/share/puzzlebot/package.ps1'
[4.338s] INFO:colcon.colcon_core.shell:Creating package descriptor '/home/alexl/final_ws/install/puzzlebot/share/puzzlebot/package.dsv'
[4.340s] INFO:colcon.colcon_core.shell:Creating package script '/home/alexl/final_ws/install/puzzlebot/share/puzzlebot/package.sh'
[4.345s] INFO:colcon.colcon_core.shell:Creating package script '/home/alexl/final_ws/install/puzzlebot/share/puzzlebot/package.bash'
[4.352s] INFO:colcon.colcon_core.shell:Creating package script '/home/alexl/final_ws/install/puzzlebot/share/puzzlebot/package.zsh'
[4.355s] Level 1:colcon.colcon_core.environment:create_file_with_runtime_dependencies(/home/alexl/final_ws/install/puzzlebot/share/colcon-core/packages/puzzlebot)
[4.378s] DEBUG:colcon.colcon_core.event_handler.log_command:Invoked command in '/home/alexl/final_ws/build/puzzlebot_aruco_msgs' returned '0': CMAKE_PREFIX_PATH=${CMAKE_PREFIX_PATH}:/home/alexl/final_ws/install/puzzlebot:/home/alexl/ros2_ws/install/tf_examples:/home/alexl/ros2_ws/install/puzzlebot_sim:/home/alexl/ros2_ws/install/puzzlebot_gazebo:/home/alexl/ros2_ws/install/puzzlebot_description:/home/alexl/ros2_ws/install/puzzle_drone:/home/alexl/ros2_ws/install/motor_control:/home/alexl/ros2_ws/install/mobile_robotics:/home/alexl/ros2_ws/install/challenge:/home/alexl/TE3003B/install/puzzlebot:/home/alexl/ros2_ws/src/mobile_robotics/install/mobile_robotics:/opt/ros/humble /usr/bin/cmake --build /home/alexl/final_ws/build/puzzlebot_aruco_msgs -- -j12 -l12
[4.410s] DEBUG:colcon.colcon_core.event_handler.log_command:Invoking command in '/home/alexl/final_ws/build/puzzlebot_aruco_msgs': CMAKE_PREFIX_PATH=${CMAKE_PREFIX_PATH}:/home/alexl/final_ws/install/puzzlebot:/home/alexl/ros2_ws/install/tf_examples:/home/alexl/ros2_ws/install/puzzlebot_sim:/home/alexl/ros2_ws/install/puzzlebot_gazebo:/home/alexl/ros2_ws/install/puzzlebot_description:/home/alexl/ros2_ws/install/puzzle_drone:/home/alexl/ros2_ws/install/motor_control:/home/alexl/ros2_ws/install/mobile_robotics:/home/alexl/ros2_ws/install/challenge:/home/alexl/TE3003B/install/puzzlebot:/home/alexl/ros2_ws/src/mobile_robotics/install/mobile_robotics:/opt/ros/humble /usr/bin/cmake --install /home/alexl/final_ws/build/puzzlebot_aruco_msgs
[4.602s] Level 1:colcon.colcon_core.environment:create_environment_scripts_only(puzzlebot_aruco_msgs)
[4.603s] Level 1:colcon.colcon_core.environment:checking '/home/alexl/final_ws/install/puzzlebot_aruco_msgs' for CMake module files
[4.605s] DEBUG:colcon.colcon_core.event_handler.log_command:Invoked command in '/home/alexl/final_ws/build/puzzlebot_aruco_msgs' returned '0': CMAKE_PREFIX_PATH=${CMAKE_PREFIX_PATH}:/home/alexl/final_ws/install/puzzlebot:/home/alexl/ros2_ws/install/tf_examples:/home/alexl/ros2_ws/install/puzzlebot_sim:/home/alexl/ros2_ws/install/puzzlebot_gazebo:/home/alexl/ros2_ws/install/puzzlebot_description:/home/alexl/ros2_ws/install/puzzle_drone:/home/alexl/ros2_ws/install/motor_control:/home/alexl/ros2_ws/install/mobile_robotics:/home/alexl/ros2_ws/install/challenge:/home/alexl/TE3003B/install/puzzlebot:/home/alexl/ros2_ws/src/mobile_robotics/install/mobile_robotics:/opt/ros/humble /usr/bin/cmake --install /home/alexl/final_ws/build/puzzlebot_aruco_msgs
[4.605s] Level 1:colcon.colcon_core.environment:checking '/home/alexl/final_ws/install/puzzlebot_aruco_msgs' for CMake config files
[4.608s] Level 1:colcon.colcon_core.shell:create_environment_hook('puzzlebot_aruco_msgs', 'cmake_prefix_path')
[4.609s] INFO:colcon.colcon_core.shell:Creating environment hook '/home/alexl/final_ws/install/puzzlebot_aruco_msgs/share/puzzlebot_aruco_msgs/hook/cmake_prefix_path.ps1'
[4.611s] INFO:colcon.colcon_core.shell:Creating environment descriptor '/home/alexl/final_ws/install/puzzlebot_aruco_msgs/share/puzzlebot_aruco_msgs/hook/cmake_prefix_path.dsv'
[4.612s] INFO:colcon.colcon_core.shell:Creating environment hook '/home/alexl/final_ws/install/puzzlebot_aruco_msgs/share/puzzlebot_aruco_msgs/hook/cmake_prefix_path.sh'
[4.614s] Level 1:colcon.colcon_core.environment:checking '/home/alexl/final_ws/install/puzzlebot_aruco_msgs/lib'
[4.614s] Level 1:colcon.colcon_core.shell:create_environment_hook('puzzlebot_aruco_msgs', 'ld_library_path_lib')
[4.615s] INFO:colcon.colcon_core.shell:Creating environment hook '/home/alexl/final_ws/install/puzzlebot_aruco_msgs/share/puzzlebot_aruco_msgs/hook/ld_library_path_lib.ps1'
[4.616s] INFO:colcon.colcon_core.shell:Creating environment descriptor '/home/alexl/final_ws/install/puzzlebot_aruco_msgs/share/puzzlebot_aruco_msgs/hook/ld_library_path_lib.dsv'
[4.618s] INFO:colcon.colcon_core.shell:Creating environment hook '/home/alexl/final_ws/install/puzzlebot_aruco_msgs/share/puzzlebot_aruco_msgs/hook/ld_library_path_lib.sh'
[4.620s] Level 1:colcon.colcon_core.environment:checking '/home/alexl/final_ws/install/puzzlebot_aruco_msgs/bin'
[4.620s] Level 1:colcon.colcon_core.environment:checking '/home/alexl/final_ws/install/puzzlebot_aruco_msgs/lib/pkgconfig/puzzlebot_aruco_msgs.pc'
[4.621s] Level 1:colcon.colcon_core.environment:checking '/home/alexl/final_ws/install/puzzlebot_aruco_msgs/lib/python3.10/site-packages'
[4.622s] Level 1:colcon.colcon_core.environment:checking '/home/alexl/final_ws/install/puzzlebot_aruco_msgs/bin'
[4.623s] INFO:colcon.colcon_core.shell:Creating package script '/home/alexl/final_ws/install/puzzlebot_aruco_msgs/share/puzzlebot_aruco_msgs/package.ps1'
[4.625s] INFO:colcon.colcon_core.shell:Creating package descriptor '/home/alexl/final_ws/install/puzzlebot_aruco_msgs/share/puzzlebot_aruco_msgs/package.dsv'
[4.626s] INFO:colcon.colcon_core.shell:Creating package script '/home/alexl/final_ws/install/puzzlebot_aruco_msgs/share/puzzlebot_aruco_msgs/package.sh'
[4.627s] INFO:colcon.colcon_core.shell:Creating package script '/home/alexl/final_ws/install/puzzlebot_aruco_msgs/share/puzzlebot_aruco_msgs/package.bash'
[4.628s] INFO:colcon.colcon_core.shell:Creating package script '/home/alexl/final_ws/install/puzzlebot_aruco_msgs/share/puzzlebot_aruco_msgs/package.zsh'
[4.629s] Level 1:colcon.colcon_core.environment:create_file_with_runtime_dependencies(/home/alexl/final_ws/install/puzzlebot_aruco_msgs/share/colcon-core/packages/puzzlebot_aruco_msgs)
[4.630s] Level 1:colcon.colcon_core.environment:create_environment_scripts_only(puzzlebot_aruco_msgs)
[4.631s] Level 1:colcon.colcon_core.environment:checking '/home/alexl/final_ws/install/puzzlebot_aruco_msgs' for CMake module files
[4.632s] Level 1:colcon.colcon_core.environment:checking '/home/alexl/final_ws/install/puzzlebot_aruco_msgs' for CMake config files
[4.634s] Level 1:colcon.colcon_core.shell:create_environment_hook('puzzlebot_aruco_msgs', 'cmake_prefix_path')
[4.635s] INFO:colcon.colcon_core.shell:Creating environment hook '/home/alexl/final_ws/install/puzzlebot_aruco_msgs/share/puzzlebot_aruco_msgs/hook/cmake_prefix_path.ps1'
[4.636s] INFO:colcon.colcon_core.shell:Creating environment descriptor '/home/alexl/final_ws/install/puzzlebot_aruco_msgs/share/puzzlebot_aruco_msgs/hook/cmake_prefix_path.dsv'
[4.637s] INFO:colcon.colcon_core.shell:Creating environment hook '/home/alexl/final_ws/install/puzzlebot_aruco_msgs/share/puzzlebot_aruco_msgs/hook/cmake_prefix_path.sh'
[4.639s] Level 1:colcon.colcon_core.environment:checking '/home/alexl/final_ws/install/puzzlebot_aruco_msgs/lib'
[4.639s] Level 1:colcon.colcon_core.shell:create_environment_hook('puzzlebot_aruco_msgs', 'ld_library_path_lib')
[4.639s] INFO:colcon.colcon_core.shell:Creating environment hook '/home/alexl/final_ws/install/puzzlebot_aruco_msgs/share/puzzlebot_aruco_msgs/hook/ld_library_path_lib.ps1'
[4.640s] INFO:colcon.colcon_core.shell:Creating environment descriptor '/home/alexl/final_ws/install/puzzlebot_aruco_msgs/share/puzzlebot_aruco_msgs/hook/ld_library_path_lib.dsv'
[4.641s] INFO:colcon.colcon_core.shell:Creating environment hook '/home/alexl/final_ws/install/puzzlebot_aruco_msgs/share/puzzlebot_aruco_msgs/hook/ld_library_path_lib.sh'
[4.642s] Level 1:colcon.colcon_core.environment:checking '/home/alexl/final_ws/install/puzzlebot_aruco_msgs/bin'
[4.643s] Level 1:colcon.colcon_core.environment:checking '/home/alexl/final_ws/install/puzzlebot_aruco_msgs/lib/pkgconfig/puzzlebot_aruco_msgs.pc'
[4.643s] Level 1:colcon.colcon_core.environment:checking '/home/alexl/final_ws/install/puzzlebot_aruco_msgs/lib/python3.10/site-packages'
[4.643s] Level 1:colcon.colcon_core.environment:checking '/home/alexl/final_ws/install/puzzlebot_aruco_msgs/bin'
[4.644s] INFO:colcon.colcon_core.shell:Creating package script '/home/alexl/final_ws/install/puzzlebot_aruco_msgs/share/puzzlebot_aruco_msgs/package.ps1'
[4.646s] INFO:colcon.colcon_core.shell:Creating package descriptor '/home/alexl/final_ws/install/puzzlebot_aruco_msgs/share/puzzlebot_aruco_msgs/package.dsv'
[4.647s] INFO:colcon.colcon_core.shell:Creating package script '/home/alexl/final_ws/install/puzzlebot_aruco_msgs/share/puzzlebot_aruco_msgs/package.sh'
[4.649s] INFO:colcon.colcon_core.shell:Creating package script '/home/alexl/final_ws/install/puzzlebot_aruco_msgs/share/puzzlebot_aruco_msgs/package.bash'
[4.650s] INFO:colcon.colcon_core.shell:Creating package script '/home/alexl/final_ws/install/puzzlebot_aruco_msgs/share/puzzlebot_aruco_msgs/package.zsh'
[4.651s] Level 1:colcon.colcon_core.environment:create_file_with_runtime_dependencies(/home/alexl/final_ws/install/puzzlebot_aruco_msgs/share/colcon-core/packages/puzzlebot_aruco_msgs)
[4.652s] DEBUG:colcon.colcon_parallel_executor.executor.parallel:closing loop
[4.652s] DEBUG:colcon.colcon_parallel_executor.executor.parallel:loop closed
[4.653s] DEBUG:colcon.colcon_parallel_executor.executor.parallel:run_until_complete finished with '0'
[4.653s] DEBUG:colcon.colcon_core.event_reactor:joining thread
[4.682s] INFO:colcon.colcon_core.plugin_system:Skipping extension 'colcon_notification.desktop_notification.terminal_notifier': Not used on non-Darwin systems
[4.682s] INFO:colcon.colcon_core.plugin_system:Skipping extension 'colcon_notification.desktop_notification.win32': Not used on non-Windows systems
[4.682s] INFO:colcon.colcon_notification.desktop_notification:Sending desktop notification using 'notify2'
[4.730s] DEBUG:colcon.colcon_core.event_reactor:joined thread
[4.731s] INFO:colcon.colcon_core.shell:Creating prefix script '/home/alexl/final_ws/install/local_setup.ps1'
[4.736s] INFO:colcon.colcon_core.shell:Creating prefix util module '/home/alexl/final_ws/install/_local_setup_util_ps1.py'
[4.740s] INFO:colcon.colcon_core.shell:Creating prefix chain script '/home/alexl/final_ws/install/setup.ps1'
[4.744s] INFO:colcon.colcon_core.shell:Creating prefix script '/home/alexl/final_ws/install/local_setup.sh'
[4.750s] INFO:colcon.colcon_core.shell:Creating prefix util module '/home/alexl/final_ws/install/_local_setup_util_sh.py'
[4.752s] INFO:colcon.colcon_core.shell:Creating prefix chain script '/home/alexl/final_ws/install/setup.sh'
[4.757s] INFO:colcon.colcon_core.shell:Creating prefix script '/home/alexl/final_ws/install/local_setup.bash'
[4.759s] INFO:colcon.colcon_core.shell:Creating prefix chain script '/home/alexl/final_ws/install/setup.bash'
[4.762s] INFO:colcon.colcon_core.shell:Creating prefix script '/home/alexl/final_ws/install/local_setup.zsh'
[4.764s] INFO:colcon.colcon_core.shell:Creating prefix chain script '/home/alexl/final_ws/install/setup.zsh'
