[1.279s] Invoking command in '/home/emeryb/ros2_ws/src/equipo6/TE3003B/equipo6': PYTHONPATH=/home/emeryb/ros2_ws/src/equipo6/TE3003B/build/equipo6/prefix_override:/usr/lib/python3/dist-packages/colcon_core/task/python/colcon_distutils_commands:/home/emeryb/ros2_ws/src/equipo6/TE3003B/install/equipo6/lib/python3.10/site-packages:${PYTHONPATH} /usr/bin/python3 -W ignore:setup.py install is deprecated -W ignore:easy_install command is deprecated setup.py egg_info --egg-base ../build/equipo6 build --build-base /home/emeryb/ros2_ws/src/equipo6/TE3003B/build/equipo6/build install --record /home/emeryb/ros2_ws/src/equipo6/TE3003B/build/equipo6/install.log --single-version-externally-managed install_data
[1.606s] running egg_info
[1.606s] writing ../build/equipo6/equipo6.egg-info/PKG-INFO
[1.607s] writing dependency_links to ../build/equipo6/equipo6.egg-info/dependency_links.txt
[1.607s] writing entry points to ../build/equipo6/equipo6.egg-info/entry_points.txt
[1.607s] writing requirements to ../build/equipo6/equipo6.egg-info/requires.txt
[1.607s] writing top-level names to ../build/equipo6/equipo6.egg-info/top_level.txt
[1.609s] reading manifest file '../build/equipo6/equipo6.egg-info/SOURCES.txt'
[1.610s] writing manifest file '../build/equipo6/equipo6.egg-info/SOURCES.txt'
[1.611s] running build
[1.611s] running build_py
[1.611s] copying equipo6/odometry_publisher.py -> /home/emeryb/ros2_ws/src/equipo6/TE3003B/build/equipo6/build/lib/equipo6
[1.611s] running install
[1.612s] running install_lib
[1.613s] copying /home/emeryb/ros2_ws/src/equipo6/TE3003B/build/equipo6/build/lib/equipo6/odometry_publisher.py -> /home/emeryb/ros2_ws/src/equipo6/TE3003B/install/equipo6/lib/python3.10/site-packages/equipo6
[1.613s] byte-compiling /home/emeryb/ros2_ws/src/equipo6/TE3003B/install/equipo6/lib/python3.10/site-packages/equipo6/odometry_publisher.py to odometry_publisher.cpython-310.pyc
[1.615s] running install_data
[1.616s] running install_egg_info
[1.618s] removing '/home/emeryb/ros2_ws/src/equipo6/TE3003B/install/equipo6/lib/python3.10/site-packages/equipo6-0.0.0-py3.10.egg-info' (and everything under it)
[1.619s] Copying ../build/equipo6/equipo6.egg-info to /home/emeryb/ros2_ws/src/equipo6/TE3003B/install/equipo6/lib/python3.10/site-packages/equipo6-0.0.0-py3.10.egg-info
[1.620s] running install_scripts
[1.649s] Installing odometry_publisher script to /home/emeryb/ros2_ws/src/equipo6/TE3003B/install/equipo6/lib/equipo6
[1.649s] writing list of installed files to '/home/emeryb/ros2_ws/src/equipo6/TE3003B/build/equipo6/install.log'
[1.701s] Invoked command in '/home/emeryb/ros2_ws/src/equipo6/TE3003B/equipo6' returned '0': PYTHONPATH=/home/emeryb/ros2_ws/src/equipo6/TE3003B/build/equipo6/prefix_override:/usr/lib/python3/dist-packages/colcon_core/task/python/colcon_distutils_commands:/home/emeryb/ros2_ws/src/equipo6/TE3003B/install/equipo6/lib/python3.10/site-packages:${PYTHONPATH} /usr/bin/python3 -W ignore:setup.py install is deprecated -W ignore:easy_install command is deprecated setup.py egg_info --egg-base ../build/equipo6 build --build-base /home/emeryb/ros2_ws/src/equipo6/TE3003B/build/equipo6/build install --record /home/emeryb/ros2_ws/src/equipo6/TE3003B/build/equipo6/install.log --single-version-externally-managed install_data
