running egg_info
writing build/puzzlebot/puzzlebot.egg-info/PKG-INFO
writing dependency_links to build/puzzlebot/puzzlebot.egg-info/dependency_links.txt
writing entry points to build/puzzlebot/puzzlebot.egg-info/entry_points.txt
writing requirements to build/puzzlebot/puzzlebot.egg-info/requires.txt
writing top-level names to build/puzzlebot/puzzlebot.egg-info/top_level.txt
reading manifest file 'build/puzzlebot/puzzlebot.egg-info/SOURCES.txt'
adding license file 'LICENSE'
writing manifest file 'build/puzzlebot/puzzlebot.egg-info/SOURCES.txt'
running build
running build_py
running install
running install_lib
running install_data
creating /home/ulisess/TE3003B/minichallenges/TE3003B/install/puzzlebot/share/puzzlebot/meshes/meshes_old
copying meshes/meshes_old/MCR2_wheel.stl -> /home/ulisess/TE3003B/minichallenges/TE3003B/install/puzzlebot/share/puzzlebot/meshes/meshes_old
copying meshes/meshes_old/MCR2_puzzlebot_base.stl -> /home/ulisess/TE3003B/minichallenges/TE3003B/install/puzzlebot/share/puzzlebot/meshes/meshes_old
copying meshes/meshes_old/MCR2_caster_wheel.stl -> /home/ulisess/TE3003B/minichallenges/TE3003B/install/puzzlebot/share/puzzlebot/meshes/meshes_old
copying meshes/meshes_old/MCR2_puzzlebot_jetson_lidar_base.stl -> /home/ulisess/TE3003B/minichallenges/TE3003B/install/puzzlebot/share/puzzlebot/meshes/meshes_old
copying meshes/meshes_old/MCR2_puzzlebot_jetson_base.stl -> /home/ulisess/TE3003B/minichallenges/TE3003B/install/puzzlebot/share/puzzlebot/meshes/meshes_old
creating /home/ulisess/TE3003B/minichallenges/TE3003B/install/puzzlebot/share/puzzlebot/models
creating /home/ulisess/TE3003B/minichallenges/TE3003B/install/puzzlebot/share/puzzlebot/models/simple_light
copying models/simple_light/model.sdf -> /home/ulisess/TE3003B/minichallenges/TE3003B/install/puzzlebot/share/puzzlebot/models/simple_light
copying models/simple_light/model.config -> /home/ulisess/TE3003B/minichallenges/TE3003B/install/puzzlebot/share/puzzlebot/models/simple_light
creating /home/ulisess/TE3003B/minichallenges/TE3003B/install/puzzlebot/share/puzzlebot/models/puzzlebot_base
copying models/puzzlebot_base/model.sdf -> /home/ulisess/TE3003B/minichallenges/TE3003B/install/puzzlebot/share/puzzlebot/models/puzzlebot_base
copying models/puzzlebot_base/model.config -> /home/ulisess/TE3003B/minichallenges/TE3003B/install/puzzlebot/share/puzzlebot/models/puzzlebot_base
creating /home/ulisess/TE3003B/minichallenges/TE3003B/install/puzzlebot/share/puzzlebot/models/puzzlebot_base/materials
creating /home/ulisess/TE3003B/minichallenges/TE3003B/install/puzzlebot/share/puzzlebot/models/puzzlebot_base/materials/textures
copying models/puzzlebot_base/materials/textures/puzzlebot_wood_6.png -> /home/ulisess/TE3003B/minichallenges/TE3003B/install/puzzlebot/share/puzzlebot/models/puzzlebot_base/materials/textures
creating /home/ulisess/TE3003B/minichallenges/TE3003B/install/puzzlebot/share/puzzlebot/models/modulo3_world
copying models/modulo3_world/model.sdf -> /home/ulisess/TE3003B/minichallenges/TE3003B/install/puzzlebot/share/puzzlebot/models/modulo3_world
copying models/modulo3_world/model.config -> /home/ulisess/TE3003B/minichallenges/TE3003B/install/puzzlebot/share/puzzlebot/models/modulo3_world
creating /home/ulisess/TE3003B/minichallenges/TE3003B/install/puzzlebot/share/puzzlebot/models/puzzlebot
copying models/puzzlebot/puzzlebot.config -> /home/ulisess/TE3003B/minichallenges/TE3003B/install/puzzlebot/share/puzzlebot/models/puzzlebot
copying models/puzzlebot/puzzlebot.sdf -> /home/ulisess/TE3003B/minichallenges/TE3003B/install/puzzlebot/share/puzzlebot/models/puzzlebot
creating /home/ulisess/TE3003B/minichallenges/TE3003B/install/puzzlebot/share/puzzlebot/worlds
copying worlds/act3_4.world -> /home/ulisess/TE3003B/minichallenges/TE3003B/install/puzzlebot/share/puzzlebot/worlds
running install_egg_info
removing '/home/ulisess/TE3003B/minichallenges/TE3003B/install/puzzlebot/lib/python3.10/site-packages/puzzlebot-0.0.0-py3.10.egg-info' (and everything under it)
Copying build/puzzlebot/puzzlebot.egg-info to /home/ulisess/TE3003B/minichallenges/TE3003B/install/puzzlebot/lib/python3.10/site-packages/puzzlebot-0.0.0-py3.10.egg-info
running install_scripts
Installing controller script to /home/ulisess/TE3003B/minichallenges/TE3003B/install/puzzlebot/lib/puzzlebot
Installing joint_state_pub script to /home/ulisess/TE3003B/minichallenges/TE3003B/install/puzzlebot/lib/puzzlebot
Installing localisation script to /home/ulisess/TE3003B/minichallenges/TE3003B/install/puzzlebot/lib/puzzlebot
Installing localisationv2 script to /home/ulisess/TE3003B/minichallenges/TE3003B/install/puzzlebot/lib/puzzlebot
Installing minichallenge1 script to /home/ulisess/TE3003B/minichallenges/TE3003B/install/puzzlebot/lib/puzzlebot
Installing move_forward script to /home/ulisess/TE3003B/minichallenges/TE3003B/install/puzzlebot/lib/puzzlebot
Installing point_stabilisation_control script to /home/ulisess/TE3003B/minichallenges/TE3003B/install/puzzlebot/lib/puzzlebot
Installing puzzlebot_kinematic_model script to /home/ulisess/TE3003B/minichallenges/TE3003B/install/puzzlebot/lib/puzzlebot
writing list of installed files to '/home/ulisess/TE3003B/minichallenges/TE3003B/build/puzzlebot/install.log'
