[0.722s] Invoking command in '/home/ulisess/TE3003B/minichallenges/TE3003B': PYTHONPATH=/home/ulisess/TE3003B/minichallenges/TE3003B/build/puzzlebot/prefix_override:/usr/lib/python3/dist-packages/colcon_core/task/python/colcon_distutils_commands:/home/ulisess/TE3003B/minichallenges/TE3003B/install/puzzlebot/lib/python3.10/site-packages:${PYTHONPATH} /usr/bin/python3 -W ignore:setup.py install is deprecated -W ignore:easy_install command is deprecated setup.py egg_info --egg-base build/puzzlebot build --build-base /home/ulisess/TE3003B/minichallenges/TE3003B/build/puzzlebot/build install --record /home/ulisess/TE3003B/minichallenges/TE3003B/build/puzzlebot/install.log --single-version-externally-managed install_data
[0.982s] running egg_info
[0.983s] writing build/puzzlebot/puzzlebot.egg-info/PKG-INFO
[0.984s] writing dependency_links to build/puzzlebot/puzzlebot.egg-info/dependency_links.txt
[0.984s] writing entry points to build/puzzlebot/puzzlebot.egg-info/entry_points.txt
[0.984s] writing requirements to build/puzzlebot/puzzlebot.egg-info/requires.txt
[0.984s] writing top-level names to build/puzzlebot/puzzlebot.egg-info/top_level.txt
[0.987s] reading manifest file 'build/puzzlebot/puzzlebot.egg-info/SOURCES.txt'
[0.987s] adding license file 'LICENSE'
[0.990s] writing manifest file 'build/puzzlebot/puzzlebot.egg-info/SOURCES.txt'
[0.990s] running build
[0.990s] running build_py
[0.990s] running install
[0.991s] running install_lib
[0.993s] running install_data
[0.993s] creating /home/ulisess/TE3003B/minichallenges/TE3003B/install/puzzlebot/share/puzzlebot/meshes/meshes_old
[0.994s] copying meshes/meshes_old/MCR2_wheel.stl -> /home/ulisess/TE3003B/minichallenges/TE3003B/install/puzzlebot/share/puzzlebot/meshes/meshes_old
[0.995s] copying meshes/meshes_old/MCR2_puzzlebot_base.stl -> /home/ulisess/TE3003B/minichallenges/TE3003B/install/puzzlebot/share/puzzlebot/meshes/meshes_old
[0.996s] copying meshes/meshes_old/MCR2_caster_wheel.stl -> /home/ulisess/TE3003B/minichallenges/TE3003B/install/puzzlebot/share/puzzlebot/meshes/meshes_old
[0.997s] copying meshes/meshes_old/MCR2_puzzlebot_jetson_lidar_base.stl -> /home/ulisess/TE3003B/minichallenges/TE3003B/install/puzzlebot/share/puzzlebot/meshes/meshes_old
[0.998s] copying meshes/meshes_old/MCR2_puzzlebot_jetson_base.stl -> /home/ulisess/TE3003B/minichallenges/TE3003B/install/puzzlebot/share/puzzlebot/meshes/meshes_old
[1.000s] creating /home/ulisess/TE3003B/minichallenges/TE3003B/install/puzzlebot/share/puzzlebot/models
[1.000s] creating /home/ulisess/TE3003B/minichallenges/TE3003B/install/puzzlebot/share/puzzlebot/models/simple_light
[1.000s] copying models/simple_light/model.sdf -> /home/ulisess/TE3003B/minichallenges/TE3003B/install/puzzlebot/share/puzzlebot/models/simple_light
[1.000s] copying models/simple_light/model.config -> /home/ulisess/TE3003B/minichallenges/TE3003B/install/puzzlebot/share/puzzlebot/models/simple_light
[1.001s] creating /home/ulisess/TE3003B/minichallenges/TE3003B/install/puzzlebot/share/puzzlebot/models/puzzlebot_base
[1.001s] copying models/puzzlebot_base/model.sdf -> /home/ulisess/TE3003B/minichallenges/TE3003B/install/puzzlebot/share/puzzlebot/models/puzzlebot_base
[1.001s] copying models/puzzlebot_base/model.config -> /home/ulisess/TE3003B/minichallenges/TE3003B/install/puzzlebot/share/puzzlebot/models/puzzlebot_base
[1.001s] creating /home/ulisess/TE3003B/minichallenges/TE3003B/install/puzzlebot/share/puzzlebot/models/puzzlebot_base/materials
[1.001s] creating /home/ulisess/TE3003B/minichallenges/TE3003B/install/puzzlebot/share/puzzlebot/models/puzzlebot_base/materials/textures
[1.002s] copying models/puzzlebot_base/materials/textures/puzzlebot_wood_6.png -> /home/ulisess/TE3003B/minichallenges/TE3003B/install/puzzlebot/share/puzzlebot/models/puzzlebot_base/materials/textures
[1.002s] creating /home/ulisess/TE3003B/minichallenges/TE3003B/install/puzzlebot/share/puzzlebot/models/modulo3_world
[1.002s] copying models/modulo3_world/model.sdf -> /home/ulisess/TE3003B/minichallenges/TE3003B/install/puzzlebot/share/puzzlebot/models/modulo3_world
[1.003s] copying models/modulo3_world/model.config -> /home/ulisess/TE3003B/minichallenges/TE3003B/install/puzzlebot/share/puzzlebot/models/modulo3_world
[1.003s] creating /home/ulisess/TE3003B/minichallenges/TE3003B/install/puzzlebot/share/puzzlebot/models/puzzlebot
[1.003s] copying models/puzzlebot/puzzlebot.config -> /home/ulisess/TE3003B/minichallenges/TE3003B/install/puzzlebot/share/puzzlebot/models/puzzlebot
[1.003s] copying models/puzzlebot/puzzlebot.sdf -> /home/ulisess/TE3003B/minichallenges/TE3003B/install/puzzlebot/share/puzzlebot/models/puzzlebot
[1.004s] creating /home/ulisess/TE3003B/minichallenges/TE3003B/install/puzzlebot/share/puzzlebot/worlds
[1.004s] copying worlds/act3_4.world -> /home/ulisess/TE3003B/minichallenges/TE3003B/install/puzzlebot/share/puzzlebot/worlds
[1.004s] running install_egg_info
[1.006s] removing '/home/ulisess/TE3003B/minichallenges/TE3003B/install/puzzlebot/lib/python3.10/site-packages/puzzlebot-0.0.0-py3.10.egg-info' (and everything under it)
[1.006s] Copying build/puzzlebot/puzzlebot.egg-info to /home/ulisess/TE3003B/minichallenges/TE3003B/install/puzzlebot/lib/python3.10/site-packages/puzzlebot-0.0.0-py3.10.egg-info
[1.008s] running install_scripts
[1.033s] Installing controller script to /home/ulisess/TE3003B/minichallenges/TE3003B/install/puzzlebot/lib/puzzlebot
[1.034s] Installing joint_state_pub script to /home/ulisess/TE3003B/minichallenges/TE3003B/install/puzzlebot/lib/puzzlebot
[1.034s] Installing localisation script to /home/ulisess/TE3003B/minichallenges/TE3003B/install/puzzlebot/lib/puzzlebot
[1.034s] Installing localisationv2 script to /home/ulisess/TE3003B/minichallenges/TE3003B/install/puzzlebot/lib/puzzlebot
[1.035s] Installing minichallenge1 script to /home/ulisess/TE3003B/minichallenges/TE3003B/install/puzzlebot/lib/puzzlebot
[1.035s] Installing move_forward script to /home/ulisess/TE3003B/minichallenges/TE3003B/install/puzzlebot/lib/puzzlebot
[1.035s] Installing point_stabilisation_control script to /home/ulisess/TE3003B/minichallenges/TE3003B/install/puzzlebot/lib/puzzlebot
[1.035s] Installing puzzlebot_kinematic_model script to /home/ulisess/TE3003B/minichallenges/TE3003B/install/puzzlebot/lib/puzzlebot
[1.036s] writing list of installed files to '/home/ulisess/TE3003B/minichallenges/TE3003B/build/puzzlebot/install.log'
[1.071s] Invoked command in '/home/ulisess/TE3003B/minichallenges/TE3003B' returned '0': PYTHONPATH=/home/ulisess/TE3003B/minichallenges/TE3003B/build/puzzlebot/prefix_override:/usr/lib/python3/dist-packages/colcon_core/task/python/colcon_distutils_commands:/home/ulisess/TE3003B/minichallenges/TE3003B/install/puzzlebot/lib/python3.10/site-packages:${PYTHONPATH} /usr/bin/python3 -W ignore:setup.py install is deprecated -W ignore:easy_install command is deprecated setup.py egg_info --egg-base build/puzzlebot build --build-base /home/ulisess/TE3003B/minichallenges/TE3003B/build/puzzlebot/build install --record /home/ulisess/TE3003B/minichallenges/TE3003B/build/puzzlebot/install.log --single-version-externally-managed install_data
