/home/alexl/TE3003B/install/puzzlebot/lib/python3.10/site-packages/puzzlebot/localisation.py
/home/alexl/TE3003B/install/puzzlebot/lib/python3.10/site-packages/puzzlebot/puzzlebot_kinematic_model.py
/home/alexl/TE3003B/install/puzzlebot/lib/python3.10/site-packages/puzzlebot/__init__.py
/home/alexl/TE3003B/install/puzzlebot/lib/python3.10/site-packages/puzzlebot/aruco_detection.py
/home/alexl/TE3003B/install/puzzlebot/lib/python3.10/site-packages/puzzlebot/bug2.py
/home/alexl/TE3003B/install/puzzlebot/lib/python3.10/site-packages/puzzlebot/pose_estimation.py
/home/alexl/TE3003B/install/puzzlebot/lib/python3.10/site-packages/puzzlebot/localisationv2.py
/home/alexl/TE3003B/install/puzzlebot/lib/python3.10/site-packages/puzzlebot/joint_state_pub.py
/home/alexl/TE3003B/install/puzzlebot/lib/python3.10/site-packages/puzzlebot/publish_odom.py
/home/alexl/TE3003B/install/puzzlebot/lib/python3.10/site-packages/puzzlebot/bug0.py
/home/alexl/TE3003B/install/puzzlebot/lib/python3.10/site-packages/puzzlebot/__pycache__/localisation.cpython-310.pyc
/home/alexl/TE3003B/install/puzzlebot/lib/python3.10/site-packages/puzzlebot/__pycache__/puzzlebot_kinematic_model.cpython-310.pyc
/home/alexl/TE3003B/install/puzzlebot/lib/python3.10/site-packages/puzzlebot/__pycache__/__init__.cpython-310.pyc
/home/alexl/TE3003B/install/puzzlebot/lib/python3.10/site-packages/puzzlebot/__pycache__/aruco_detection.cpython-310.pyc
/home/alexl/TE3003B/install/puzzlebot/lib/python3.10/site-packages/puzzlebot/__pycache__/bug2.cpython-310.pyc
/home/alexl/TE3003B/install/puzzlebot/lib/python3.10/site-packages/puzzlebot/__pycache__/pose_estimation.cpython-310.pyc
/home/alexl/TE3003B/install/puzzlebot/lib/python3.10/site-packages/puzzlebot/__pycache__/localisationv2.cpython-310.pyc
/home/alexl/TE3003B/install/puzzlebot/lib/python3.10/site-packages/puzzlebot/__pycache__/joint_state_pub.cpython-310.pyc
/home/alexl/TE3003B/install/puzzlebot/lib/python3.10/site-packages/puzzlebot/__pycache__/publish_odom.cpython-310.pyc
/home/alexl/TE3003B/install/puzzlebot/lib/python3.10/site-packages/puzzlebot/__pycache__/bug0.cpython-310.pyc
/home/alexl/TE3003B/install/puzzlebot/share/ament_index/resource_index/packages/puzzlebot
/home/alexl/TE3003B/install/puzzlebot/share/puzzlebot/package.xml
/home/alexl/TE3003B/install/puzzlebot/share/puzzlebot/launch/controllers_launch.py
/home/alexl/TE3003B/install/puzzlebot/share/puzzlebot/launch/minichallenge4_launch.py
/home/alexl/TE3003B/install/puzzlebot/share/puzzlebot/launch/gazebo_puzzlebot_launch.py
/home/alexl/TE3003B/install/puzzlebot/share/puzzlebot/launch/gazebo_world_launch.py
/home/alexl/TE3003B/install/puzzlebot/share/puzzlebot/launch/world_launch.py
/home/alexl/TE3003B/install/puzzlebot/share/puzzlebot/config/puzzlebot_jetson_ed.yaml
/home/alexl/TE3003B/install/puzzlebot/share/puzzlebot/config/puzzlebot_hacker_ed.yaml
/home/alexl/TE3003B/install/puzzlebot/share/puzzlebot/config/puzzlebot_jetson_lidar_ed.yaml
/home/alexl/TE3003B/install/puzzlebot/share/puzzlebot/rviz/puzzlebot_rviz.rviz
/home/alexl/TE3003B/install/puzzlebot/share/puzzlebot/rviz/navigation_config.rviz
/home/alexl/TE3003B/install/puzzlebot/share/puzzlebot/rviz/multi_puzzlebot_rviz.rviz
/home/alexl/TE3003B/install/puzzlebot/share/puzzlebot/rviz/odometry_puzzlebot_rviz.rviz
/home/alexl/TE3003B/install/puzzlebot/share/puzzlebot/rviz/simple_puzzlebot_rviz.rviz
/home/alexl/TE3003B/install/puzzlebot/share/puzzlebot/rviz/mapping_config.rviz
/home/alexl/TE3003B/install/puzzlebot/share/puzzlebot/rviz/navigation rviz.rviz
/home/alexl/TE3003B/install/puzzlebot/share/puzzlebot/urdf/puzzlebot.urdf
/home/alexl/TE3003B/install/puzzlebot/share/puzzlebot/meshes/Puzzlebot_Wheel.stl
/home/alexl/TE3003B/install/puzzlebot/share/puzzlebot/meshes/Puzzlebot_Jetson_Lidar_Edition_Base.stl
/home/alexl/TE3003B/install/puzzlebot/share/puzzlebot/meshes/Puzzlebot_Caster_Wheel.stl
/home/alexl/TE3003B/install/puzzlebot/share/puzzlebot/meshes/meshes_old/MCR2_puzzlebot_jetson_base.stl
/home/alexl/TE3003B/install/puzzlebot/share/puzzlebot/meshes/meshes_old/MCR2_wheel.stl
/home/alexl/TE3003B/install/puzzlebot/share/puzzlebot/meshes/meshes_old/MCR2_puzzlebot_jetson_lidar_base.stl
/home/alexl/TE3003B/install/puzzlebot/share/puzzlebot/meshes/meshes_old/MCR2_caster_wheel.stl
/home/alexl/TE3003B/install/puzzlebot/share/puzzlebot/meshes/meshes_old/MCR2_puzzlebot_base.stl
/home/alexl/TE3003B/install/puzzlebot/share/puzzlebot/models/modulo3_world/model.sdf
/home/alexl/TE3003B/install/puzzlebot/share/puzzlebot/models/modulo3_world/model.config
/home/alexl/TE3003B/install/puzzlebot/share/puzzlebot/worlds/puzzlebot_arena.world
/home/alexl/TE3003B/install/puzzlebot/share/puzzlebot/worlds/obstacle_avoidance_1.world
/home/alexl/TE3003B/install/puzzlebot/share/puzzlebot/worlds/world_aruco_cv.sdf
/home/alexl/TE3003B/install/puzzlebot/share/puzzlebot/worlds/world_box.sdf
/home/alexl/TE3003B/install/puzzlebot/share/puzzlebot/worlds/empty.world
/home/alexl/TE3003B/install/puzzlebot/share/puzzlebot/worlds/world_empty.sdf
/home/alexl/TE3003B/install/puzzlebot/share/puzzlebot/worlds/office.world
/home/alexl/TE3003B/install/puzzlebot/share/puzzlebot/worlds/world_aruco_mip.sdf
/home/alexl/TE3003B/install/puzzlebot/share/puzzlebot/worlds/puzzlebot_track.world
/home/alexl/TE3003B/install/puzzlebot/share/puzzlebot/worlds/act3_4.world
/home/alexl/TE3003B/install/puzzlebot/share/puzzlebot/worlds/obstacle_avoidance_4.world
/home/alexl/TE3003B/install/puzzlebot/share/puzzlebot/worlds/obstacle_avoidance_3.world
/home/alexl/TE3003B/install/puzzlebot/share/puzzlebot/worlds/puzzlebot_aruco_markers.world
/home/alexl/TE3003B/install/puzzlebot/share/puzzlebot/worlds/puzzlebot_arena_markers.world
/home/alexl/TE3003B/install/puzzlebot/share/puzzlebot/worlds/puzzlebot_world.world
/home/alexl/TE3003B/install/puzzlebot/share/puzzlebot/worlds/obstacle_avoidance_2.world
/home/alexl/TE3003B/install/puzzlebot/share/puzzlebot/worlds/office_2/model.sdf
/home/alexl/TE3003B/install/puzzlebot/share/puzzlebot/worlds/office_2/model.config
/home/alexl/TE3003B/install/puzzlebot/share/puzzlebot/plugins/libDiffDynamicPlugin.so
/home/alexl/TE3003B/install/puzzlebot/lib/python3.10/site-packages/puzzlebot-0.0.0-py3.10.egg-info/SOURCES.txt
/home/alexl/TE3003B/install/puzzlebot/lib/python3.10/site-packages/puzzlebot-0.0.0-py3.10.egg-info/top_level.txt
/home/alexl/TE3003B/install/puzzlebot/lib/python3.10/site-packages/puzzlebot-0.0.0-py3.10.egg-info/entry_points.txt
/home/alexl/TE3003B/install/puzzlebot/lib/python3.10/site-packages/puzzlebot-0.0.0-py3.10.egg-info/requires.txt
/home/alexl/TE3003B/install/puzzlebot/lib/python3.10/site-packages/puzzlebot-0.0.0-py3.10.egg-info/dependency_links.txt
/home/alexl/TE3003B/install/puzzlebot/lib/python3.10/site-packages/puzzlebot-0.0.0-py3.10.egg-info/zip-safe
/home/alexl/TE3003B/install/puzzlebot/lib/python3.10/site-packages/puzzlebot-0.0.0-py3.10.egg-info/PKG-INFO
/home/alexl/TE3003B/install/puzzlebot/lib/puzzlebot/aruco_detection
/home/alexl/TE3003B/install/puzzlebot/lib/puzzlebot/bug0
/home/alexl/TE3003B/install/puzzlebot/lib/puzzlebot/bug2
/home/alexl/TE3003B/install/puzzlebot/lib/puzzlebot/joint_state_pub
/home/alexl/TE3003B/install/puzzlebot/lib/puzzlebot/localisation
/home/alexl/TE3003B/install/puzzlebot/lib/puzzlebot/localisatonv2
/home/alexl/TE3003B/install/puzzlebot/lib/puzzlebot/pose_estimation
/home/alexl/TE3003B/install/puzzlebot/lib/puzzlebot/publish_odom
/home/alexl/TE3003B/install/puzzlebot/lib/puzzlebot/puzzlebot_kinematic_model
