[0.193s] DEBUG:colcon:Command line arguments: ['/usr/bin/colcon', 'build']
[0.193s] DEBUG:colcon:Parsed command line arguments: Namespace(log_base=None, log_level=None, verb_name='build', build_base='build', install_base='install', merge_install=False, symlink_install=False, test_result_base=None, continue_on_error=False, executor='parallel', parallel_workers=8, event_handlers=None, ignore_user_meta=False, metas=['./colcon.meta'], base_paths=['.'], packages_ignore=None, packages_ignore_regex=None, paths=None, packages_up_to=None, packages_up_to_regex=None, packages_above=None, packages_above_and_dependencies=None, packages_above_depth=None, packages_select_by_dep=None, packages_skip_by_dep=None, packages_skip_up_to=None, packages_select_build_failed=False, packages_skip_build_finished=False, packages_select_test_failures=False, packages_skip_test_passed=False, packages_select=None, packages_skip=None, packages_select_regex=None, packages_skip_regex=None, packages_start=None, packages_end=None, allow_overriding=[], cmake_args=None, cmake_target=None, cmake_target_skip_unavailable=False, cmake_clean_cache=False, cmake_clean_first=False, cmake_force_configure=False, ament_cmake_args=None, catkin_cmake_args=None, catkin_skip_building_tests=False, mixin_files=None, mixin=None, verb_parser=<colcon_mixin.mixin.mixin_argument.MixinArgumentDecorator object at 0x7968c9f626e0>, verb_extension=<colcon_core.verb.build.BuildVerb object at 0x7968c9f61f60>, main=<bound method BuildVerb.main of <colcon_core.verb.build.BuildVerb object at 0x7968c9f61f60>>, mixin_verb=('build',))
[0.514s] Level 1:colcon.colcon_core.package_discovery:discover_packages(colcon_meta) check parameters
[0.515s] Level 1:colcon.colcon_core.package_discovery:discover_packages(recursive) check parameters
[0.515s] Level 1:colcon.colcon_core.package_discovery:discover_packages(ignore) check parameters
[0.515s] Level 1:colcon.colcon_core.package_discovery:discover_packages(path) check parameters
[0.515s] Level 1:colcon.colcon_core.package_discovery:discover_packages(colcon_meta) discover
[0.515s] Level 1:colcon.colcon_core.package_discovery:discover_packages(recursive) discover
[0.515s] INFO:colcon.colcon_core.package_discovery:Crawling recursively for packages in '/home/ulisess/TE3003B/modulo_3/ActFinal'
[0.515s] Level 1:colcon.colcon_core.package_identification:_identify(.) by extensions ['ignore', 'ignore_ament_install']
[0.515s] Level 1:colcon.colcon_core.package_identification:_identify(.) by extension 'ignore'
[0.515s] Level 1:colcon.colcon_core.package_identification:_identify(.) by extension 'ignore_ament_install'
[0.516s] Level 1:colcon.colcon_core.package_identification:_identify(.) by extensions ['colcon_pkg']
[0.516s] Level 1:colcon.colcon_core.package_identification:_identify(.) by extension 'colcon_pkg'
[0.516s] Level 1:colcon.colcon_core.package_identification:_identify(.) by extensions ['colcon_meta']
[0.516s] Level 1:colcon.colcon_core.package_identification:_identify(.) by extension 'colcon_meta'
[0.516s] Level 1:colcon.colcon_core.package_identification:_identify(.) by extensions ['ros']
[0.516s] Level 1:colcon.colcon_core.package_identification:_identify(.) by extension 'ros'
[0.537s] Level 1:colcon.colcon_core.package_identification:_identify(.) by extensions ['cmake', 'python']
[0.537s] Level 1:colcon.colcon_core.package_identification:_identify(.) by extension 'cmake'
[0.537s] Level 1:colcon.colcon_core.package_identification:_identify(.) by extension 'python'
[0.537s] Level 1:colcon.colcon_core.package_identification:_identify(.) by extensions ['python_setup_py']
[0.537s] Level 1:colcon.colcon_core.package_identification:_identify(.) by extension 'python_setup_py'
[0.538s] Level 1:colcon.colcon_core.package_identification:_identify(Param) by extensions ['ignore', 'ignore_ament_install']
[0.538s] Level 1:colcon.colcon_core.package_identification:_identify(Param) by extension 'ignore'
[0.538s] Level 1:colcon.colcon_core.package_identification:_identify(Param) by extension 'ignore_ament_install'
[0.538s] Level 1:colcon.colcon_core.package_identification:_identify(Param) by extensions ['colcon_pkg']
[0.538s] Level 1:colcon.colcon_core.package_identification:_identify(Param) by extension 'colcon_pkg'
[0.538s] Level 1:colcon.colcon_core.package_identification:_identify(Param) by extensions ['colcon_meta']
[0.538s] Level 1:colcon.colcon_core.package_identification:_identify(Param) by extension 'colcon_meta'
[0.538s] Level 1:colcon.colcon_core.package_identification:_identify(Param) by extensions ['ros']
[0.538s] Level 1:colcon.colcon_core.package_identification:_identify(Param) by extension 'ros'
[0.538s] Level 1:colcon.colcon_core.package_identification:_identify(Param) by extensions ['cmake', 'python']
[0.538s] Level 1:colcon.colcon_core.package_identification:_identify(Param) by extension 'cmake'
[0.539s] Level 1:colcon.colcon_core.package_identification:_identify(Param) by extension 'python'
[0.539s] Level 1:colcon.colcon_core.package_identification:_identify(Param) by extensions ['python_setup_py']
[0.539s] Level 1:colcon.colcon_core.package_identification:_identify(Param) by extension 'python_setup_py'
[0.539s] Level 1:colcon.colcon_core.package_identification:_identify(build) by extensions ['ignore', 'ignore_ament_install']
[0.539s] Level 1:colcon.colcon_core.package_identification:_identify(build) by extension 'ignore'
[0.539s] Level 1:colcon.colcon_core.package_identification:_identify(build) ignored
[0.539s] Level 1:colcon.colcon_core.package_identification:_identify(equipo6) by extensions ['ignore', 'ignore_ament_install']
[0.540s] Level 1:colcon.colcon_core.package_identification:_identify(equipo6) by extension 'ignore'
[0.540s] Level 1:colcon.colcon_core.package_identification:_identify(equipo6) by extension 'ignore_ament_install'
[0.540s] Level 1:colcon.colcon_core.package_identification:_identify(equipo6) by extensions ['colcon_pkg']
[0.540s] Level 1:colcon.colcon_core.package_identification:_identify(equipo6) by extension 'colcon_pkg'
[0.540s] Level 1:colcon.colcon_core.package_identification:_identify(equipo6) by extensions ['colcon_meta']
[0.540s] Level 1:colcon.colcon_core.package_identification:_identify(equipo6) by extension 'colcon_meta'
[0.540s] Level 1:colcon.colcon_core.package_identification:_identify(equipo6) by extensions ['ros']
[0.540s] Level 1:colcon.colcon_core.package_identification:_identify(equipo6) by extension 'ros'
[0.546s] DEBUG:colcon.colcon_core.package_identification:Package 'equipo6' with type 'ros.ament_python' and name 'equipo6'
[0.546s] Level 1:colcon.colcon_core.package_identification:_identify(install) by extensions ['ignore', 'ignore_ament_install']
[0.546s] Level 1:colcon.colcon_core.package_identification:_identify(install) by extension 'ignore'
[0.546s] Level 1:colcon.colcon_core.package_identification:_identify(install) ignored
[0.547s] Level 1:colcon.colcon_core.package_identification:_identify(log) by extensions ['ignore', 'ignore_ament_install']
[0.547s] Level 1:colcon.colcon_core.package_identification:_identify(log) by extension 'ignore'
[0.547s] Level 1:colcon.colcon_core.package_identification:_identify(log) ignored
[0.547s] Level 1:colcon.colcon_core.package_identification:_identify(puzzlebot_description) by extensions ['ignore', 'ignore_ament_install']
[0.547s] Level 1:colcon.colcon_core.package_identification:_identify(puzzlebot_description) by extension 'ignore'
[0.548s] Level 1:colcon.colcon_core.package_identification:_identify(puzzlebot_description) by extension 'ignore_ament_install'
[0.548s] Level 1:colcon.colcon_core.package_identification:_identify(puzzlebot_description) by extensions ['colcon_pkg']
[0.548s] Level 1:colcon.colcon_core.package_identification:_identify(puzzlebot_description) by extension 'colcon_pkg'
[0.548s] Level 1:colcon.colcon_core.package_identification:_identify(puzzlebot_description) by extensions ['colcon_meta']
[0.548s] Level 1:colcon.colcon_core.package_identification:_identify(puzzlebot_description) by extension 'colcon_meta'
[0.548s] Level 1:colcon.colcon_core.package_identification:_identify(puzzlebot_description) by extensions ['ros']
[0.548s] Level 1:colcon.colcon_core.package_identification:_identify(puzzlebot_description) by extension 'ros'
[0.550s] DEBUG:colcon.colcon_core.package_identification:Package 'puzzlebot_description' with type 'ros.ament_python' and name 'puzzlebot_description'
[0.550s] Level 1:colcon.colcon_core.package_discovery:discover_packages(recursive) using defaults
[0.550s] Level 1:colcon.colcon_core.package_discovery:discover_packages(ignore) discover
[0.551s] Level 1:colcon.colcon_core.package_discovery:discover_packages(ignore) using defaults
[0.551s] Level 1:colcon.colcon_core.package_discovery:discover_packages(path) discover
[0.551s] Level 1:colcon.colcon_core.package_discovery:discover_packages(path) using defaults
[0.607s] Level 1:colcon.colcon_core.package_discovery:discover_packages(prefix_path) check parameters
[0.607s] Level 1:colcon.colcon_core.package_discovery:discover_packages(prefix_path) discover
[0.610s] DEBUG:colcon.colcon_installed_package_information.package_discovery:Found 2 installed packages in /home/ulisess/TE3003B/modulo_3/ActFinal/install
[0.611s] DEBUG:colcon.colcon_installed_package_information.package_discovery:Found 2 installed packages in /home/ulisess/TE3003B/modulo_3/Act3.5/install
[0.614s] DEBUG:colcon.colcon_installed_package_information.package_discovery:Found 332 installed packages in /opt/ros/humble
[0.617s] Level 1:colcon.colcon_core.package_discovery:discover_packages(prefix_path) using defaults
[0.694s] Level 5:colcon.colcon_core.verb:set package 'equipo6' build argument 'cmake_args' from command line to 'None'
[0.694s] Level 5:colcon.colcon_core.verb:set package 'equipo6' build argument 'cmake_target' from command line to 'None'
[0.694s] Level 5:colcon.colcon_core.verb:set package 'equipo6' build argument 'cmake_target_skip_unavailable' from command line to 'False'
[0.694s] Level 5:colcon.colcon_core.verb:set package 'equipo6' build argument 'cmake_clean_cache' from command line to 'False'
[0.694s] Level 5:colcon.colcon_core.verb:set package 'equipo6' build argument 'cmake_clean_first' from command line to 'False'
[0.694s] Level 5:colcon.colcon_core.verb:set package 'equipo6' build argument 'cmake_force_configure' from command line to 'False'
[0.694s] Level 5:colcon.colcon_core.verb:set package 'equipo6' build argument 'ament_cmake_args' from command line to 'None'
[0.694s] Level 5:colcon.colcon_core.verb:set package 'equipo6' build argument 'catkin_cmake_args' from command line to 'None'
[0.694s] Level 5:colcon.colcon_core.verb:set package 'equipo6' build argument 'catkin_skip_building_tests' from command line to 'False'
[0.694s] DEBUG:colcon.colcon_core.verb:Building package 'equipo6' with the following arguments: {'ament_cmake_args': None, 'build_base': '/home/ulisess/TE3003B/modulo_3/ActFinal/build/equipo6', 'catkin_cmake_args': None, 'catkin_skip_building_tests': False, 'cmake_args': None, 'cmake_clean_cache': False, 'cmake_clean_first': False, 'cmake_force_configure': False, 'cmake_target': None, 'cmake_target_skip_unavailable': False, 'install_base': '/home/ulisess/TE3003B/modulo_3/ActFinal/install/equipo6', 'merge_install': False, 'path': '/home/ulisess/TE3003B/modulo_3/ActFinal/equipo6', 'symlink_install': False, 'test_result_base': None}
[0.695s] Level 5:colcon.colcon_core.verb:set package 'puzzlebot_description' build argument 'cmake_args' from command line to 'None'
[0.695s] Level 5:colcon.colcon_core.verb:set package 'puzzlebot_description' build argument 'cmake_target' from command line to 'None'
[0.695s] Level 5:colcon.colcon_core.verb:set package 'puzzlebot_description' build argument 'cmake_target_skip_unavailable' from command line to 'False'
[0.695s] Level 5:colcon.colcon_core.verb:set package 'puzzlebot_description' build argument 'cmake_clean_cache' from command line to 'False'
[0.695s] Level 5:colcon.colcon_core.verb:set package 'puzzlebot_description' build argument 'cmake_clean_first' from command line to 'False'
[0.695s] Level 5:colcon.colcon_core.verb:set package 'puzzlebot_description' build argument 'cmake_force_configure' from command line to 'False'
[0.695s] Level 5:colcon.colcon_core.verb:set package 'puzzlebot_description' build argument 'ament_cmake_args' from command line to 'None'
[0.695s] Level 5:colcon.colcon_core.verb:set package 'puzzlebot_description' build argument 'catkin_cmake_args' from command line to 'None'
[0.695s] Level 5:colcon.colcon_core.verb:set package 'puzzlebot_description' build argument 'catkin_skip_building_tests' from command line to 'False'
[0.696s] DEBUG:colcon.colcon_core.verb:Building package 'puzzlebot_description' with the following arguments: {'ament_cmake_args': None, 'build_base': '/home/ulisess/TE3003B/modulo_3/ActFinal/build/puzzlebot_description', 'catkin_cmake_args': None, 'catkin_skip_building_tests': False, 'cmake_args': None, 'cmake_clean_cache': False, 'cmake_clean_first': False, 'cmake_force_configure': False, 'cmake_target': None, 'cmake_target_skip_unavailable': False, 'install_base': '/home/ulisess/TE3003B/modulo_3/ActFinal/install/puzzlebot_description', 'merge_install': False, 'path': '/home/ulisess/TE3003B/modulo_3/ActFinal/puzzlebot_description', 'symlink_install': False, 'test_result_base': None}
[0.696s] INFO:colcon.colcon_core.executor:Executing jobs using 'parallel' executor
[0.698s] DEBUG:colcon.colcon_parallel_executor.executor.parallel:run_until_complete
[0.698s] INFO:colcon.colcon_ros.task.ament_python.build:Building ROS package in '/home/ulisess/TE3003B/modulo_3/ActFinal/equipo6' with build type 'ament_python'
[0.698s] Level 1:colcon.colcon_core.shell:create_environment_hook('equipo6', 'ament_prefix_path')
[0.702s] INFO:colcon.colcon_core.plugin_system:Skipping extension 'colcon_core.shell.bat': Not used on non-Windows systems
[0.703s] INFO:colcon.colcon_core.shell:Creating environment hook '/home/ulisess/TE3003B/modulo_3/ActFinal/install/equipo6/share/equipo6/hook/ament_prefix_path.ps1'
[0.704s] INFO:colcon.colcon_core.shell:Creating environment descriptor '/home/ulisess/TE3003B/modulo_3/ActFinal/install/equipo6/share/equipo6/hook/ament_prefix_path.dsv'
[0.705s] INFO:colcon.colcon_core.shell:Creating environment hook '/home/ulisess/TE3003B/modulo_3/ActFinal/install/equipo6/share/equipo6/hook/ament_prefix_path.sh'
[0.706s] INFO:colcon.colcon_core.shell:Skip shell extension 'powershell' for command environment: Not usable outside of PowerShell
[0.706s] DEBUG:colcon.colcon_core.shell:Skip shell extension 'dsv' for command environment
[0.714s] INFO:colcon.colcon_ros.task.ament_python.build:Building ROS package in '/home/ulisess/TE3003B/modulo_3/ActFinal/puzzlebot_description' with build type 'ament_python'
[0.715s] Level 1:colcon.colcon_core.shell:create_environment_hook('puzzlebot_description', 'ament_prefix_path')
[0.716s] INFO:colcon.colcon_core.shell:Creating environment hook '/home/ulisess/TE3003B/modulo_3/ActFinal/install/puzzlebot_description/share/puzzlebot_description/hook/ament_prefix_path.ps1'
[0.717s] INFO:colcon.colcon_core.shell:Creating environment descriptor '/home/ulisess/TE3003B/modulo_3/ActFinal/install/puzzlebot_description/share/puzzlebot_description/hook/ament_prefix_path.dsv'
[0.718s] INFO:colcon.colcon_core.shell:Creating environment hook '/home/ulisess/TE3003B/modulo_3/ActFinal/install/puzzlebot_description/share/puzzlebot_description/hook/ament_prefix_path.sh'
[0.719s] INFO:colcon.colcon_core.shell:Skip shell extension 'powershell' for command environment: Not usable outside of PowerShell
[0.719s] DEBUG:colcon.colcon_core.shell:Skip shell extension 'dsv' for command environment
[1.261s] INFO:colcon.colcon_core.task.python.build:Building Python package in '/home/ulisess/TE3003B/modulo_3/ActFinal/equipo6'
[1.262s] INFO:colcon.colcon_core.shell:Skip shell extension 'powershell' for command environment: Not usable outside of PowerShell
[1.262s] DEBUG:colcon.colcon_core.shell:Skip shell extension 'dsv' for command environment
[1.732s] INFO:colcon.colcon_core.task.python.build:Building Python package in '/home/ulisess/TE3003B/modulo_3/ActFinal/puzzlebot_description'
[1.733s] INFO:colcon.colcon_core.shell:Skip shell extension 'powershell' for command environment: Not usable outside of PowerShell
[1.733s] DEBUG:colcon.colcon_core.shell:Skip shell extension 'dsv' for command environment
[2.424s] DEBUG:colcon.colcon_core.event_handler.log_command:Invoking command in '/home/ulisess/TE3003B/modulo_3/ActFinal/equipo6': PYTHONPATH=/home/ulisess/TE3003B/modulo_3/ActFinal/build/equipo6/prefix_override:/usr/lib/python3/dist-packages/colcon_core/task/python/colcon_distutils_commands:/home/ulisess/TE3003B/modulo_3/ActFinal/install/equipo6/lib/python3.10/site-packages:${PYTHONPATH} /usr/bin/python3 -W ignore:setup.py install is deprecated -W ignore:easy_install command is deprecated setup.py egg_info --egg-base ../build/equipo6 build --build-base /home/ulisess/TE3003B/modulo_3/ActFinal/build/equipo6/build install --record /home/ulisess/TE3003B/modulo_3/ActFinal/build/equipo6/install.log --single-version-externally-managed install_data
[2.485s] DEBUG:colcon.colcon_core.event_handler.log_command:Invoking command in '/home/ulisess/TE3003B/modulo_3/ActFinal/puzzlebot_description': PYTHONPATH=/home/ulisess/TE3003B/modulo_3/ActFinal/build/puzzlebot_description/prefix_override:/usr/lib/python3/dist-packages/colcon_core/task/python/colcon_distutils_commands:/home/ulisess/TE3003B/modulo_3/ActFinal/install/puzzlebot_description/lib/python3.10/site-packages:${PYTHONPATH} /usr/bin/python3 -W ignore:setup.py install is deprecated -W ignore:easy_install command is deprecated setup.py egg_info --egg-base ../build/puzzlebot_description build --build-base /home/ulisess/TE3003B/modulo_3/ActFinal/build/puzzlebot_description/build install --record /home/ulisess/TE3003B/modulo_3/ActFinal/build/puzzlebot_description/install.log --single-version-externally-managed install_data
[3.000s] DEBUG:colcon.colcon_core.event_handler.log_command:Invoked command in '/home/ulisess/TE3003B/modulo_3/ActFinal/equipo6' returned '0': PYTHONPATH=/home/ulisess/TE3003B/modulo_3/ActFinal/build/equipo6/prefix_override:/usr/lib/python3/dist-packages/colcon_core/task/python/colcon_distutils_commands:/home/ulisess/TE3003B/modulo_3/ActFinal/install/equipo6/lib/python3.10/site-packages:${PYTHONPATH} /usr/bin/python3 -W ignore:setup.py install is deprecated -W ignore:easy_install command is deprecated setup.py egg_info --egg-base ../build/equipo6 build --build-base /home/ulisess/TE3003B/modulo_3/ActFinal/build/equipo6/build install --record /home/ulisess/TE3003B/modulo_3/ActFinal/build/equipo6/install.log --single-version-externally-managed install_data
[3.006s] Level 1:colcon.colcon_core.environment:checking '/home/ulisess/TE3003B/modulo_3/ActFinal/install/equipo6' for CMake module files
[3.008s] Level 1:colcon.colcon_core.environment:checking '/home/ulisess/TE3003B/modulo_3/ActFinal/install/equipo6' for CMake config files
[3.011s] Level 1:colcon.colcon_core.environment:checking '/home/ulisess/TE3003B/modulo_3/ActFinal/install/equipo6/lib'
[3.012s] Level 1:colcon.colcon_core.environment:checking '/home/ulisess/TE3003B/modulo_3/ActFinal/install/equipo6/bin'
[3.013s] Level 1:colcon.colcon_core.environment:checking '/home/ulisess/TE3003B/modulo_3/ActFinal/install/equipo6/lib/pkgconfig/equipo6.pc'
[3.013s] Level 1:colcon.colcon_core.environment:checking '/home/ulisess/TE3003B/modulo_3/ActFinal/install/equipo6/lib/python3.10/site-packages'
[3.014s] Level 1:colcon.colcon_core.shell:create_environment_hook('equipo6', 'pythonpath')
[3.015s] INFO:colcon.colcon_core.shell:Creating environment hook '/home/ulisess/TE3003B/modulo_3/ActFinal/install/equipo6/share/equipo6/hook/pythonpath.ps1'
[3.017s] INFO:colcon.colcon_core.shell:Creating environment descriptor '/home/ulisess/TE3003B/modulo_3/ActFinal/install/equipo6/share/equipo6/hook/pythonpath.dsv'
[3.019s] INFO:colcon.colcon_core.shell:Creating environment hook '/home/ulisess/TE3003B/modulo_3/ActFinal/install/equipo6/share/equipo6/hook/pythonpath.sh'
[3.021s] Level 1:colcon.colcon_core.environment:checking '/home/ulisess/TE3003B/modulo_3/ActFinal/install/equipo6/bin'
[3.022s] Level 1:colcon.colcon_core.environment:create_environment_scripts_only(equipo6)
[3.023s] INFO:colcon.colcon_core.shell:Creating package script '/home/ulisess/TE3003B/modulo_3/ActFinal/install/equipo6/share/equipo6/package.ps1'
[3.026s] INFO:colcon.colcon_core.shell:Creating package descriptor '/home/ulisess/TE3003B/modulo_3/ActFinal/install/equipo6/share/equipo6/package.dsv'
[3.028s] INFO:colcon.colcon_core.shell:Creating package script '/home/ulisess/TE3003B/modulo_3/ActFinal/install/equipo6/share/equipo6/package.sh'
[3.031s] INFO:colcon.colcon_core.shell:Creating package script '/home/ulisess/TE3003B/modulo_3/ActFinal/install/equipo6/share/equipo6/package.bash'
[3.035s] INFO:colcon.colcon_core.shell:Creating package script '/home/ulisess/TE3003B/modulo_3/ActFinal/install/equipo6/share/equipo6/package.zsh'
[3.038s] Level 1:colcon.colcon_core.environment:create_file_with_runtime_dependencies(/home/ulisess/TE3003B/modulo_3/ActFinal/install/equipo6/share/colcon-core/packages/equipo6)
[3.073s] Level 1:colcon.colcon_core.environment:checking '/home/ulisess/TE3003B/modulo_3/ActFinal/install/puzzlebot_description' for CMake module files
[3.075s] DEBUG:colcon.colcon_core.event_handler.log_command:Invoked command in '/home/ulisess/TE3003B/modulo_3/ActFinal/puzzlebot_description' returned '0': PYTHONPATH=/home/ulisess/TE3003B/modulo_3/ActFinal/build/puzzlebot_description/prefix_override:/usr/lib/python3/dist-packages/colcon_core/task/python/colcon_distutils_commands:/home/ulisess/TE3003B/modulo_3/ActFinal/install/puzzlebot_description/lib/python3.10/site-packages:${PYTHONPATH} /usr/bin/python3 -W ignore:setup.py install is deprecated -W ignore:easy_install command is deprecated setup.py egg_info --egg-base ../build/puzzlebot_description build --build-base /home/ulisess/TE3003B/modulo_3/ActFinal/build/puzzlebot_description/build install --record /home/ulisess/TE3003B/modulo_3/ActFinal/build/puzzlebot_description/install.log --single-version-externally-managed install_data
[3.076s] Level 1:colcon.colcon_core.environment:checking '/home/ulisess/TE3003B/modulo_3/ActFinal/install/puzzlebot_description' for CMake config files
[3.078s] Level 1:colcon.colcon_core.environment:checking '/home/ulisess/TE3003B/modulo_3/ActFinal/install/puzzlebot_description/lib'
[3.079s] Level 1:colcon.colcon_core.environment:checking '/home/ulisess/TE3003B/modulo_3/ActFinal/install/puzzlebot_description/bin'
[3.079s] Level 1:colcon.colcon_core.environment:checking '/home/ulisess/TE3003B/modulo_3/ActFinal/install/puzzlebot_description/lib/pkgconfig/puzzlebot_description.pc'
[3.080s] Level 1:colcon.colcon_core.environment:checking '/home/ulisess/TE3003B/modulo_3/ActFinal/install/puzzlebot_description/lib/python3.10/site-packages'
[3.080s] Level 1:colcon.colcon_core.shell:create_environment_hook('puzzlebot_description', 'pythonpath')
[3.081s] INFO:colcon.colcon_core.shell:Creating environment hook '/home/ulisess/TE3003B/modulo_3/ActFinal/install/puzzlebot_description/share/puzzlebot_description/hook/pythonpath.ps1'
[3.083s] INFO:colcon.colcon_core.shell:Creating environment descriptor '/home/ulisess/TE3003B/modulo_3/ActFinal/install/puzzlebot_description/share/puzzlebot_description/hook/pythonpath.dsv'
[3.084s] INFO:colcon.colcon_core.shell:Creating environment hook '/home/ulisess/TE3003B/modulo_3/ActFinal/install/puzzlebot_description/share/puzzlebot_description/hook/pythonpath.sh'
[3.086s] Level 1:colcon.colcon_core.environment:checking '/home/ulisess/TE3003B/modulo_3/ActFinal/install/puzzlebot_description/bin'
[3.086s] Level 1:colcon.colcon_core.environment:create_environment_scripts_only(puzzlebot_description)
[3.087s] INFO:colcon.colcon_core.shell:Creating package script '/home/ulisess/TE3003B/modulo_3/ActFinal/install/puzzlebot_description/share/puzzlebot_description/package.ps1'
[3.088s] INFO:colcon.colcon_core.shell:Creating package descriptor '/home/ulisess/TE3003B/modulo_3/ActFinal/install/puzzlebot_description/share/puzzlebot_description/package.dsv'
[3.090s] INFO:colcon.colcon_core.shell:Creating package script '/home/ulisess/TE3003B/modulo_3/ActFinal/install/puzzlebot_description/share/puzzlebot_description/package.sh'
[3.091s] INFO:colcon.colcon_core.shell:Creating package script '/home/ulisess/TE3003B/modulo_3/ActFinal/install/puzzlebot_description/share/puzzlebot_description/package.bash'
[3.092s] INFO:colcon.colcon_core.shell:Creating package script '/home/ulisess/TE3003B/modulo_3/ActFinal/install/puzzlebot_description/share/puzzlebot_description/package.zsh'
[3.093s] Level 1:colcon.colcon_core.environment:create_file_with_runtime_dependencies(/home/ulisess/TE3003B/modulo_3/ActFinal/install/puzzlebot_description/share/colcon-core/packages/puzzlebot_description)
[3.094s] DEBUG:colcon.colcon_parallel_executor.executor.parallel:closing loop
[3.095s] DEBUG:colcon.colcon_parallel_executor.executor.parallel:loop closed
[3.095s] DEBUG:colcon.colcon_parallel_executor.executor.parallel:run_until_complete finished with '0'
[3.095s] DEBUG:colcon.colcon_core.event_reactor:joining thread
[3.109s] INFO:colcon.colcon_core.plugin_system:Skipping extension 'colcon_notification.desktop_notification.terminal_notifier': Not used on non-Darwin systems
[3.109s] INFO:colcon.colcon_core.plugin_system:Skipping extension 'colcon_notification.desktop_notification.win32': Not used on non-Windows systems
[3.109s] INFO:colcon.colcon_notification.desktop_notification:Sending desktop notification using 'notify2'
[3.140s] DEBUG:colcon.colcon_core.event_reactor:joined thread
[3.141s] INFO:colcon.colcon_core.shell:Creating prefix script '/home/ulisess/TE3003B/modulo_3/ActFinal/install/local_setup.ps1'
[3.143s] INFO:colcon.colcon_core.shell:Creating prefix util module '/home/ulisess/TE3003B/modulo_3/ActFinal/install/_local_setup_util_ps1.py'
[3.146s] INFO:colcon.colcon_core.shell:Creating prefix chain script '/home/ulisess/TE3003B/modulo_3/ActFinal/install/setup.ps1'
[3.148s] INFO:colcon.colcon_core.shell:Creating prefix script '/home/ulisess/TE3003B/modulo_3/ActFinal/install/local_setup.sh'
[3.149s] INFO:colcon.colcon_core.shell:Creating prefix util module '/home/ulisess/TE3003B/modulo_3/ActFinal/install/_local_setup_util_sh.py'
[3.151s] INFO:colcon.colcon_core.shell:Creating prefix chain script '/home/ulisess/TE3003B/modulo_3/ActFinal/install/setup.sh'
[3.153s] INFO:colcon.colcon_core.shell:Creating prefix script '/home/ulisess/TE3003B/modulo_3/ActFinal/install/local_setup.bash'
[3.155s] INFO:colcon.colcon_core.shell:Creating prefix chain script '/home/ulisess/TE3003B/modulo_3/ActFinal/install/setup.bash'
[3.157s] INFO:colcon.colcon_core.shell:Creating prefix script '/home/ulisess/TE3003B/modulo_3/ActFinal/install/local_setup.zsh'
[3.157s] INFO:colcon.colcon_core.shell:Creating prefix chain script '/home/ulisess/TE3003B/modulo_3/ActFinal/install/setup.zsh'
