[1.786s] Invoking command in '/home/ulisess/TE3003B/modulo_3/ActFinal/equipo6': PYTHONPATH=/home/ulisess/TE3003B/modulo_3/ActFinal/build/equipo6/prefix_override:/usr/lib/python3/dist-packages/colcon_core/task/python/colcon_distutils_commands:/home/ulisess/TE3003B/modulo_3/ActFinal/install/equipo6/lib/python3.10/site-packages:${PYTHONPATH} /usr/bin/python3 -W ignore:setup.py install is deprecated -W ignore:easy_install command is deprecated setup.py egg_info --egg-base ../build/equipo6 build --build-base /home/ulisess/TE3003B/modulo_3/ActFinal/build/equipo6/build install --record /home/ulisess/TE3003B/modulo_3/ActFinal/build/equipo6/install.log --single-version-externally-managed install_data
[2.236s] running egg_info
[2.238s] writing ../build/equipo6/equipo6.egg-info/PKG-INFO
[2.238s] writing dependency_links to ../build/equipo6/equipo6.egg-info/dependency_links.txt
[2.238s] writing entry points to ../build/equipo6/equipo6.egg-info/entry_points.txt
[2.239s] writing requirements to ../build/equipo6/equipo6.egg-info/requires.txt
[2.239s] writing top-level names to ../build/equipo6/equipo6.egg-info/top_level.txt
[2.242s] reading manifest file '../build/equipo6/equipo6.egg-info/SOURCES.txt'
[2.245s] writing manifest file '../build/equipo6/equipo6.egg-info/SOURCES.txt'
[2.246s] running build
[2.246s] running build_py
[2.246s] running install
[2.247s] running install_lib
[2.250s] running install_data
[2.252s] running install_egg_info
[2.255s] removing '/home/ulisess/TE3003B/modulo_3/ActFinal/install/equipo6/lib/python3.10/site-packages/equipo6-0.0.0-py3.10.egg-info' (and everything under it)
[2.256s] Copying ../build/equipo6/equipo6.egg-info to /home/ulisess/TE3003B/modulo_3/ActFinal/install/equipo6/lib/python3.10/site-packages/equipo6-0.0.0-py3.10.egg-info
[2.257s] running install_scripts
[2.294s] Installing joint_state_pub script to /home/ulisess/TE3003B/modulo_3/ActFinal/install/equipo6/lib/equipo6
[2.294s] Installing localisation script to /home/ulisess/TE3003B/modulo_3/ActFinal/install/equipo6/lib/equipo6
[2.294s] Installing odometry_publisher script to /home/ulisess/TE3003B/modulo_3/ActFinal/install/equipo6/lib/equipo6
[2.295s] writing list of installed files to '/home/ulisess/TE3003B/modulo_3/ActFinal/build/equipo6/install.log'
[2.363s] Invoked command in '/home/ulisess/TE3003B/modulo_3/ActFinal/equipo6' returned '0': PYTHONPATH=/home/ulisess/TE3003B/modulo_3/ActFinal/build/equipo6/prefix_override:/usr/lib/python3/dist-packages/colcon_core/task/python/colcon_distutils_commands:/home/ulisess/TE3003B/modulo_3/ActFinal/install/equipo6/lib/python3.10/site-packages:${PYTHONPATH} /usr/bin/python3 -W ignore:setup.py install is deprecated -W ignore:easy_install command is deprecated setup.py egg_info --egg-base ../build/equipo6 build --build-base /home/ulisess/TE3003B/modulo_3/ActFinal/build/equipo6/build install --record /home/ulisess/TE3003B/modulo_3/ActFinal/build/equipo6/install.log --single-version-externally-managed install_data
