[1.675s] Invoking command in '/home/ulisess/TE3003B/modulo_3/Act3.5/equipo6': PYTHONPATH=/home/ulisess/TE3003B/modulo_3/Act3.5/build/equipo6/prefix_override:/usr/lib/python3/dist-packages/colcon_core/task/python/colcon_distutils_commands:/home/ulisess/TE3003B/modulo_3/Act3.5/install/equipo6/lib/python3.10/site-packages:${PYTHONPATH} /usr/bin/python3 -W ignore:setup.py install is deprecated -W ignore:easy_install command is deprecated setup.py egg_info --egg-base ../build/equipo6 build --build-base /home/ulisess/TE3003B/modulo_3/Act3.5/build/equipo6/build install --record /home/ulisess/TE3003B/modulo_3/Act3.5/build/equipo6/install.log --single-version-externally-managed install_data
[2.117s] running egg_info
[2.119s] writing ../build/equipo6/equipo6.egg-info/PKG-INFO
[2.119s] writing dependency_links to ../build/equipo6/equipo6.egg-info/dependency_links.txt
[2.119s] writing entry points to ../build/equipo6/equipo6.egg-info/entry_points.txt
[2.119s] writing requirements to ../build/equipo6/equipo6.egg-info/requires.txt
[2.120s] writing top-level names to ../build/equipo6/equipo6.egg-info/top_level.txt
[2.124s] reading manifest file '../build/equipo6/equipo6.egg-info/SOURCES.txt'
[2.126s] writing manifest file '../build/equipo6/equipo6.egg-info/SOURCES.txt'
[2.126s] running build
[2.127s] running build_py
[2.128s] running install
[2.129s] running install_lib
[2.131s] running install_data
[2.133s] running install_egg_info
[2.136s] removing '/home/ulisess/TE3003B/modulo_3/Act3.5/install/equipo6/lib/python3.10/site-packages/equipo6-0.0.0-py3.10.egg-info' (and everything under it)
[2.137s] Copying ../build/equipo6/equipo6.egg-info to /home/ulisess/TE3003B/modulo_3/Act3.5/install/equipo6/lib/python3.10/site-packages/equipo6-0.0.0-py3.10.egg-info
[2.139s] running install_scripts
[2.179s] writing list of installed files to '/home/ulisess/TE3003B/modulo_3/Act3.5/build/equipo6/install.log'
[2.248s] Invoked command in '/home/ulisess/TE3003B/modulo_3/Act3.5/equipo6' returned '0': PYTHONPATH=/home/ulisess/TE3003B/modulo_3/Act3.5/build/equipo6/prefix_override:/usr/lib/python3/dist-packages/colcon_core/task/python/colcon_distutils_commands:/home/ulisess/TE3003B/modulo_3/Act3.5/install/equipo6/lib/python3.10/site-packages:${PYTHONPATH} /usr/bin/python3 -W ignore:setup.py install is deprecated -W ignore:easy_install command is deprecated setup.py egg_info --egg-base ../build/equipo6 build --build-base /home/ulisess/TE3003B/modulo_3/Act3.5/build/equipo6/build install --record /home/ulisess/TE3003B/modulo_3/Act3.5/build/equipo6/install.log --single-version-externally-managed install_data
