-- The C compiler identification is GNU 11.4.0
-- The CXX compiler identification is GNU 11.4.0
-- Detecting C compiler ABI info
-- Detecting C compiler ABI info - done
-- Check for working C compiler: /usr/bin/cc - skipped
-- Detecting C compile features
-- Detecting C compile features - done
-- Detecting CXX compiler ABI info
-- Detecting CXX compiler ABI info - done
-- Check for working CXX compiler: /usr/bin/c++ - skipped
-- Detecting CXX compile features
-- Detecting CXX compile features - done
-- Found ament_cmake: 1.3.11 (/opt/ros/humble/share/ament_cmake/cmake)
-- Found Python3: /usr/bin/python3 (found version "3.10.12") found components: Interpreter 
-- Found ament_lint_auto: 0.12.11 (/opt/ros/humble/share/ament_lint_auto/cmake)
-- Added test 'lint_cmake' to check CMake code style
-- Added test 'xmllint' to check XML markup files
-- Configuring done
-- Generating done
-- Build files have been written to: /home/alexl/final_ws/build/puzzlebot_aruco_msgs
-- Install configuration: ""
-- Installing: /home/alexl/final_ws/install/puzzlebot_aruco_msgs/share/ament_index/resource_index/package_run_dependencies/puzzlebot_aruco_msgs
-- Installing: /home/alexl/final_ws/install/puzzlebot_aruco_msgs/share/ament_index/resource_index/parent_prefix_path/puzzlebot_aruco_msgs
-- Installing: /home/alexl/final_ws/install/puzzlebot_aruco_msgs/share/puzzlebot_aruco_msgs/environment/ament_prefix_path.sh
-- Installing: /home/alexl/final_ws/install/puzzlebot_aruco_msgs/share/puzzlebot_aruco_msgs/environment/ament_prefix_path.dsv
-- Installing: /home/alexl/final_ws/install/puzzlebot_aruco_msgs/share/puzzlebot_aruco_msgs/environment/path.sh
-- Installing: /home/alexl/final_ws/install/puzzlebot_aruco_msgs/share/puzzlebot_aruco_msgs/environment/path.dsv
-- Installing: /home/alexl/final_ws/install/puzzlebot_aruco_msgs/share/puzzlebot_aruco_msgs/local_setup.bash
-- Installing: /home/alexl/final_ws/install/puzzlebot_aruco_msgs/share/puzzlebot_aruco_msgs/local_setup.sh
-- Installing: /home/alexl/final_ws/install/puzzlebot_aruco_msgs/share/puzzlebot_aruco_msgs/local_setup.zsh
-- Installing: /home/alexl/final_ws/install/puzzlebot_aruco_msgs/share/puzzlebot_aruco_msgs/local_setup.dsv
-- Installing: /home/alexl/final_ws/install/puzzlebot_aruco_msgs/share/puzzlebot_aruco_msgs/package.dsv
-- Installing: /home/alexl/final_ws/install/puzzlebot_aruco_msgs/share/ament_index/resource_index/packages/puzzlebot_aruco_msgs
-- Installing: /home/alexl/final_ws/install/puzzlebot_aruco_msgs/share/puzzlebot_aruco_msgs/cmake/puzzlebot_aruco_msgsConfig.cmake
-- Installing: /home/alexl/final_ws/install/puzzlebot_aruco_msgs/share/puzzlebot_aruco_msgs/cmake/puzzlebot_aruco_msgsConfig-version.cmake
-- Installing: /home/alexl/final_ws/install/puzzlebot_aruco_msgs/share/puzzlebot_aruco_msgs/package.xml
