[1.053s] Invoking command in '/home/ulisess/TE3003B/modulo_3/Act3.5/puzzlebot_description': PYTHONPATH=/home/ulisess/TE3003B/modulo_3/Act3.5/build/puzzlebot_description/prefix_override:/usr/lib/python3/dist-packages/colcon_core/task/python/colcon_distutils_commands:/home/ulisess/TE3003B/modulo_3/Act3.5/install/puzzlebot_description/lib/python3.10/site-packages:${PYTHONPATH} /usr/bin/python3 -W ignore:setup.py install is deprecated -W ignore:easy_install command is deprecated setup.py egg_info --egg-base ../build/puzzlebot_description build --build-base /home/ulisess/TE3003B/modulo_3/Act3.5/build/puzzlebot_description/build install --record /home/ulisess/TE3003B/modulo_3/Act3.5/build/puzzlebot_description/install.log --single-version-externally-managed install_data
[1.330s] running egg_info
[1.331s] writing ../build/puzzlebot_description/puzzlebot_description.egg-info/PKG-INFO
[1.331s] writing dependency_links to ../build/puzzlebot_description/puzzlebot_description.egg-info/dependency_links.txt
[1.331s] writing entry points to ../build/puzzlebot_description/puzzlebot_description.egg-info/entry_points.txt
[1.331s] writing requirements to ../build/puzzlebot_description/puzzlebot_description.egg-info/requires.txt
[1.332s] writing top-level names to ../build/puzzlebot_description/puzzlebot_description.egg-info/top_level.txt
[1.334s] reading manifest file '../build/puzzlebot_description/puzzlebot_description.egg-info/SOURCES.txt'
[1.334s] adding license file 'LICENSE'
[1.336s] writing manifest file '../build/puzzlebot_description/puzzlebot_description.egg-info/SOURCES.txt'
[1.336s] running build
[1.336s] running build_py
[1.336s] running install
[1.337s] running install_lib
[1.338s] running install_data
[1.340s] running install_egg_info
[1.344s] removing '/home/ulisess/TE3003B/modulo_3/Act3.5/install/puzzlebot_description/lib/python3.10/site-packages/puzzlebot_description-0.0.0-py3.10.egg-info' (and everything under it)
[1.344s] Copying ../build/puzzlebot_description/puzzlebot_description.egg-info to /home/ulisess/TE3003B/modulo_3/Act3.5/install/puzzlebot_description/lib/python3.10/site-packages/puzzlebot_description-0.0.0-py3.10.egg-info
[1.345s] running install_scripts
[1.369s] Installing joint_state_publisher script to /home/ulisess/TE3003B/modulo_3/Act3.5/install/puzzlebot_description/lib/puzzlebot_description
[1.370s] writing list of installed files to '/home/ulisess/TE3003B/modulo_3/Act3.5/build/puzzlebot_description/install.log'
[1.411s] Invoked command in '/home/ulisess/TE3003B/modulo_3/Act3.5/puzzlebot_description' returned '0': PYTHONPATH=/home/ulisess/TE3003B/modulo_3/Act3.5/build/puzzlebot_description/prefix_override:/usr/lib/python3/dist-packages/colcon_core/task/python/colcon_distutils_commands:/home/ulisess/TE3003B/modulo_3/Act3.5/install/puzzlebot_description/lib/python3.10/site-packages:${PYTHONPATH} /usr/bin/python3 -W ignore:setup.py install is deprecated -W ignore:easy_install command is deprecated setup.py egg_info --egg-base ../build/puzzlebot_description build --build-base /home/ulisess/TE3003B/modulo_3/Act3.5/build/puzzlebot_description/build install --record /home/ulisess/TE3003B/modulo_3/Act3.5/build/puzzlebot_description/install.log --single-version-externally-managed install_data
