[0.645s] Invoking command in '/home/alexl/final_ws/src/puzzlebot': PYTHONPATH=/home/alexl/final_ws/build/puzzlebot/prefix_override:/usr/lib/python3/dist-packages/colcon_core/task/python/colcon_distutils_commands:/home/alexl/final_ws/install/puzzlebot/lib/python3.10/site-packages:${PYTHONPATH} /usr/bin/python3 -W ignore:setup.py install is deprecated -W ignore:easy_install command is deprecated setup.py egg_info --egg-base ../../build/puzzlebot build --build-base /home/alexl/final_ws/build/puzzlebot/build install --record /home/alexl/final_ws/build/puzzlebot/install.log --single-version-externally-managed install_data
[0.867s] running egg_info
[0.867s] writing ../../build/puzzlebot/puzzlebot.egg-info/PKG-INFO
[0.868s] writing dependency_links to ../../build/puzzlebot/puzzlebot.egg-info/dependency_links.txt
[0.868s] writing entry points to ../../build/puzzlebot/puzzlebot.egg-info/entry_points.txt
[0.868s] writing requirements to ../../build/puzzlebot/puzzlebot.egg-info/requires.txt
[0.868s] writing top-level names to ../../build/puzzlebot/puzzlebot.egg-info/top_level.txt
[0.870s] reading manifest file '../../build/puzzlebot/puzzlebot.egg-info/SOURCES.txt'
[0.871s] writing manifest file '../../build/puzzlebot/puzzlebot.egg-info/SOURCES.txt'
[0.871s] running build
[0.871s] running build_py
[0.872s] running install
[0.872s] running install_lib
[0.873s] running install_data
[0.874s] running install_egg_info
[0.876s] removing '/home/alexl/final_ws/install/puzzlebot/lib/python3.10/site-packages/puzzlebot-0.0.0-py3.10.egg-info' (and everything under it)
[0.876s] Copying ../../build/puzzlebot/puzzlebot.egg-info to /home/alexl/final_ws/install/puzzlebot/lib/python3.10/site-packages/puzzlebot-0.0.0-py3.10.egg-info
[0.877s] running install_scripts
[0.895s] Installing aruco script to /home/alexl/final_ws/install/puzzlebot/lib/puzzlebot
[0.895s] Installing bug0 script to /home/alexl/final_ws/install/puzzlebot/lib/puzzlebot
[0.895s] Installing bug2 script to /home/alexl/final_ws/install/puzzlebot/lib/puzzlebot
[0.895s] Installing joint_state_pub script to /home/alexl/final_ws/install/puzzlebot/lib/puzzlebot
[0.895s] Installing localisation script to /home/alexl/final_ws/install/puzzlebot/lib/puzzlebot
[0.896s] Installing localisatonv2 script to /home/alexl/final_ws/install/puzzlebot/lib/puzzlebot
[0.896s] Installing pose_estimation script to /home/alexl/final_ws/install/puzzlebot/lib/puzzlebot
[0.896s] Installing publish_odom script to /home/alexl/final_ws/install/puzzlebot/lib/puzzlebot
[0.896s] Installing puzzlebot_kinematic_model script to /home/alexl/final_ws/install/puzzlebot/lib/puzzlebot
[0.896s] writing list of installed files to '/home/alexl/final_ws/build/puzzlebot/install.log'
[0.928s] Invoked command in '/home/alexl/final_ws/src/puzzlebot' returned '0': PYTHONPATH=/home/alexl/final_ws/build/puzzlebot/prefix_override:/usr/lib/python3/dist-packages/colcon_core/task/python/colcon_distutils_commands:/home/alexl/final_ws/install/puzzlebot/lib/python3.10/site-packages:${PYTHONPATH} /usr/bin/python3 -W ignore:setup.py install is deprecated -W ignore:easy_install command is deprecated setup.py egg_info --egg-base ../../build/puzzlebot build --build-base /home/alexl/final_ws/build/puzzlebot/build install --record /home/alexl/final_ws/build/puzzlebot/install.log --single-version-externally-managed install_data
