[0.104s] DEBUG:colcon:Command line arguments: ['/usr/bin/colcon', 'build']
[0.104s] DEBUG:colcon:Parsed command line arguments: Namespace(log_base=None, log_level=None, verb_name='build', build_base='build', install_base='install', merge_install=False, symlink_install=False, test_result_base=None, continue_on_error=False, executor='parallel', parallel_workers=12, event_handlers=None, ignore_user_meta=False, metas=['./colcon.meta'], base_paths=['.'], packages_ignore=None, packages_ignore_regex=None, paths=None, packages_up_to=None, packages_up_to_regex=None, packages_above=None, packages_above_and_dependencies=None, packages_above_depth=None, packages_select_by_dep=None, packages_skip_by_dep=None, packages_skip_up_to=None, packages_select_build_failed=False, packages_skip_build_finished=False, packages_select_test_failures=False, packages_skip_test_passed=False, packages_select=None, packages_skip=None, packages_select_regex=None, packages_skip_regex=None, packages_start=None, packages_end=None, allow_overriding=[], cmake_args=None, cmake_target=None, cmake_target_skip_unavailable=False, cmake_clean_cache=False, cmake_clean_first=False, cmake_force_configure=False, ament_cmake_args=None, catkin_cmake_args=None, catkin_skip_building_tests=False, mixin_files=None, mixin=None, verb_parser=<colcon_mixin.mixin.mixin_argument.MixinArgumentDecorator object at 0x7ed6e8464040>, verb_extension=<colcon_core.verb.build.BuildVerb object at 0x7ed6e855cf40>, main=<bound method BuildVerb.main of <colcon_core.verb.build.BuildVerb object at 0x7ed6e855cf40>>, mixin_verb=('build',))
[0.257s] Level 1:colcon.colcon_core.package_discovery:discover_packages(colcon_meta) check parameters
[0.257s] Level 1:colcon.colcon_core.package_discovery:discover_packages(recursive) check parameters
[0.257s] Level 1:colcon.colcon_core.package_discovery:discover_packages(ignore) check parameters
[0.257s] Level 1:colcon.colcon_core.package_discovery:discover_packages(path) check parameters
[0.257s] Level 1:colcon.colcon_core.package_discovery:discover_packages(colcon_meta) discover
[0.257s] Level 1:colcon.colcon_core.package_discovery:discover_packages(recursive) discover
[0.257s] INFO:colcon.colcon_core.package_discovery:Crawling recursively for packages in '/home/alexl/ActM3.5/TE3003B/equipo6'
[0.257s] Level 1:colcon.colcon_core.package_identification:_identify(.) by extensions ['ignore', 'ignore_ament_install']
[0.257s] Level 1:colcon.colcon_core.package_identification:_identify(.) by extension 'ignore'
[0.257s] Level 1:colcon.colcon_core.package_identification:_identify(.) by extension 'ignore_ament_install'
[0.257s] Level 1:colcon.colcon_core.package_identification:_identify(.) by extensions ['colcon_pkg']
[0.257s] Level 1:colcon.colcon_core.package_identification:_identify(.) by extension 'colcon_pkg'
[0.257s] Level 1:colcon.colcon_core.package_identification:_identify(.) by extensions ['colcon_meta']
[0.258s] Level 1:colcon.colcon_core.package_identification:_identify(.) by extension 'colcon_meta'
[0.258s] Level 1:colcon.colcon_core.package_identification:_identify(.) by extensions ['ros']
[0.258s] Level 1:colcon.colcon_core.package_identification:_identify(.) by extension 'ros'
[0.270s] DEBUG:colcon.colcon_core.package_identification:Package '.' with type 'ros.ament_python' and name 'equipo6'
[0.270s] Level 1:colcon.colcon_core.package_discovery:discover_packages(recursive) using defaults
[0.270s] Level 1:colcon.colcon_core.package_discovery:discover_packages(ignore) discover
[0.270s] Level 1:colcon.colcon_core.package_discovery:discover_packages(ignore) using defaults
[0.270s] Level 1:colcon.colcon_core.package_discovery:discover_packages(path) discover
[0.270s] Level 1:colcon.colcon_core.package_discovery:discover_packages(path) using defaults
[0.308s] Level 1:colcon.colcon_core.package_discovery:discover_packages(prefix_path) check parameters
[0.308s] Level 1:colcon.colcon_core.package_discovery:discover_packages(prefix_path) discover
[0.310s] DEBUG:colcon.colcon_installed_package_information.package_discovery:Found 1 installed packages in /home/alexl/ActM3.5/TE3003B/equipo6/install
[0.310s] DEBUG:colcon.colcon_installed_package_information.package_discovery:Found 2 installed packages in /home/alexl/ActM3.5/install
[0.311s] DEBUG:colcon.colcon_installed_package_information.package_discovery:Found 5 installed packages in /home/alexl/ros2_ws/install
[0.313s] DEBUG:colcon.colcon_installed_package_information.package_discovery:Found 422 installed packages in /opt/ros/humble
[0.314s] Level 1:colcon.colcon_core.package_discovery:discover_packages(prefix_path) using defaults
[0.358s] Level 5:colcon.colcon_core.verb:set package 'equipo6' build argument 'cmake_args' from command line to 'None'
[0.359s] Level 5:colcon.colcon_core.verb:set package 'equipo6' build argument 'cmake_target' from command line to 'None'
[0.359s] Level 5:colcon.colcon_core.verb:set package 'equipo6' build argument 'cmake_target_skip_unavailable' from command line to 'False'
[0.359s] Level 5:colcon.colcon_core.verb:set package 'equipo6' build argument 'cmake_clean_cache' from command line to 'False'
[0.359s] Level 5:colcon.colcon_core.verb:set package 'equipo6' build argument 'cmake_clean_first' from command line to 'False'
[0.359s] Level 5:colcon.colcon_core.verb:set package 'equipo6' build argument 'cmake_force_configure' from command line to 'False'
[0.359s] Level 5:colcon.colcon_core.verb:set package 'equipo6' build argument 'ament_cmake_args' from command line to 'None'
[0.359s] Level 5:colcon.colcon_core.verb:set package 'equipo6' build argument 'catkin_cmake_args' from command line to 'None'
[0.359s] Level 5:colcon.colcon_core.verb:set package 'equipo6' build argument 'catkin_skip_building_tests' from command line to 'False'
[0.359s] DEBUG:colcon.colcon_core.verb:Building package 'equipo6' with the following arguments: {'ament_cmake_args': None, 'build_base': '/home/alexl/ActM3.5/TE3003B/equipo6/build/equipo6', 'catkin_cmake_args': None, 'catkin_skip_building_tests': False, 'cmake_args': None, 'cmake_clean_cache': False, 'cmake_clean_first': False, 'cmake_force_configure': False, 'cmake_target': None, 'cmake_target_skip_unavailable': False, 'install_base': '/home/alexl/ActM3.5/TE3003B/equipo6/install/equipo6', 'merge_install': False, 'path': '/home/alexl/ActM3.5/TE3003B/equipo6', 'symlink_install': False, 'test_result_base': None}
[0.359s] INFO:colcon.colcon_core.executor:Executing jobs using 'parallel' executor
[0.360s] DEBUG:colcon.colcon_parallel_executor.executor.parallel:run_until_complete
[0.361s] INFO:colcon.colcon_ros.task.ament_python.build:Building ROS package in '/home/alexl/ActM3.5/TE3003B/equipo6' with build type 'ament_python'
[0.361s] Level 1:colcon.colcon_core.shell:create_environment_hook('equipo6', 'ament_prefix_path')
[0.363s] INFO:colcon.colcon_core.plugin_system:Skipping extension 'colcon_core.shell.bat': Not used on non-Windows systems
[0.363s] INFO:colcon.colcon_core.shell:Creating environment hook '/home/alexl/ActM3.5/TE3003B/equipo6/install/equipo6/share/equipo6/hook/ament_prefix_path.ps1'
[0.364s] INFO:colcon.colcon_core.shell:Creating environment descriptor '/home/alexl/ActM3.5/TE3003B/equipo6/install/equipo6/share/equipo6/hook/ament_prefix_path.dsv'
[0.364s] INFO:colcon.colcon_core.shell:Creating environment hook '/home/alexl/ActM3.5/TE3003B/equipo6/install/equipo6/share/equipo6/hook/ament_prefix_path.sh'
[0.365s] INFO:colcon.colcon_core.shell:Skip shell extension 'powershell' for command environment: Not usable outside of PowerShell
[0.365s] DEBUG:colcon.colcon_core.shell:Skip shell extension 'dsv' for command environment
[0.645s] INFO:colcon.colcon_core.task.python.build:Building Python package in '/home/alexl/ActM3.5/TE3003B/equipo6'
[0.646s] INFO:colcon.colcon_core.shell:Skip shell extension 'powershell' for command environment: Not usable outside of PowerShell
[0.646s] DEBUG:colcon.colcon_core.shell:Skip shell extension 'dsv' for command environment
[1.055s] DEBUG:colcon.colcon_core.event_handler.log_command:Invoking command in '/home/alexl/ActM3.5/TE3003B/equipo6': PYTHONPATH=/home/alexl/ActM3.5/TE3003B/equipo6/build/equipo6/prefix_override:/usr/lib/python3/dist-packages/colcon_core/task/python/colcon_distutils_commands:/home/alexl/ActM3.5/TE3003B/equipo6/install/equipo6/lib/python3.10/site-packages:${PYTHONPATH} /usr/bin/python3 -W ignore:setup.py install is deprecated -W ignore:easy_install command is deprecated setup.py egg_info --egg-base build/equipo6 build --build-base /home/alexl/ActM3.5/TE3003B/equipo6/build/equipo6/build install --record /home/alexl/ActM3.5/TE3003B/equipo6/build/equipo6/install.log --single-version-externally-managed install_data
[1.364s] DEBUG:colcon.colcon_core.event_handler.log_command:Invoked command in '/home/alexl/ActM3.5/TE3003B/equipo6' returned '0': PYTHONPATH=/home/alexl/ActM3.5/TE3003B/equipo6/build/equipo6/prefix_override:/usr/lib/python3/dist-packages/colcon_core/task/python/colcon_distutils_commands:/home/alexl/ActM3.5/TE3003B/equipo6/install/equipo6/lib/python3.10/site-packages:${PYTHONPATH} /usr/bin/python3 -W ignore:setup.py install is deprecated -W ignore:easy_install command is deprecated setup.py egg_info --egg-base build/equipo6 build --build-base /home/alexl/ActM3.5/TE3003B/equipo6/build/equipo6/build install --record /home/alexl/ActM3.5/TE3003B/equipo6/build/equipo6/install.log --single-version-externally-managed install_data
[1.367s] Level 1:colcon.colcon_core.environment:checking '/home/alexl/ActM3.5/TE3003B/equipo6/install/equipo6' for CMake module files
[1.367s] Level 1:colcon.colcon_core.environment:checking '/home/alexl/ActM3.5/TE3003B/equipo6/install/equipo6' for CMake config files
[1.368s] Level 1:colcon.colcon_core.environment:checking '/home/alexl/ActM3.5/TE3003B/equipo6/install/equipo6/lib'
[1.368s] Level 1:colcon.colcon_core.environment:checking '/home/alexl/ActM3.5/TE3003B/equipo6/install/equipo6/bin'
[1.368s] Level 1:colcon.colcon_core.environment:checking '/home/alexl/ActM3.5/TE3003B/equipo6/install/equipo6/lib/pkgconfig/equipo6.pc'
[1.368s] Level 1:colcon.colcon_core.environment:checking '/home/alexl/ActM3.5/TE3003B/equipo6/install/equipo6/lib/python3.10/site-packages'
[1.368s] Level 1:colcon.colcon_core.shell:create_environment_hook('equipo6', 'pythonpath')
[1.369s] INFO:colcon.colcon_core.shell:Creating environment hook '/home/alexl/ActM3.5/TE3003B/equipo6/install/equipo6/share/equipo6/hook/pythonpath.ps1'
[1.369s] INFO:colcon.colcon_core.shell:Creating environment descriptor '/home/alexl/ActM3.5/TE3003B/equipo6/install/equipo6/share/equipo6/hook/pythonpath.dsv'
[1.370s] INFO:colcon.colcon_core.shell:Creating environment hook '/home/alexl/ActM3.5/TE3003B/equipo6/install/equipo6/share/equipo6/hook/pythonpath.sh'
[1.371s] Level 1:colcon.colcon_core.environment:checking '/home/alexl/ActM3.5/TE3003B/equipo6/install/equipo6/bin'
[1.371s] Level 1:colcon.colcon_core.environment:create_environment_scripts_only(equipo6)
[1.372s] INFO:colcon.colcon_core.shell:Creating package script '/home/alexl/ActM3.5/TE3003B/equipo6/install/equipo6/share/equipo6/package.ps1'
[1.373s] INFO:colcon.colcon_core.shell:Creating package descriptor '/home/alexl/ActM3.5/TE3003B/equipo6/install/equipo6/share/equipo6/package.dsv'
[1.375s] INFO:colcon.colcon_core.shell:Creating package script '/home/alexl/ActM3.5/TE3003B/equipo6/install/equipo6/share/equipo6/package.sh'
[1.376s] INFO:colcon.colcon_core.shell:Creating package script '/home/alexl/ActM3.5/TE3003B/equipo6/install/equipo6/share/equipo6/package.bash'
[1.378s] INFO:colcon.colcon_core.shell:Creating package script '/home/alexl/ActM3.5/TE3003B/equipo6/install/equipo6/share/equipo6/package.zsh'
[1.379s] Level 1:colcon.colcon_core.environment:create_file_with_runtime_dependencies(/home/alexl/ActM3.5/TE3003B/equipo6/install/equipo6/share/colcon-core/packages/equipo6)
[1.380s] DEBUG:colcon.colcon_parallel_executor.executor.parallel:closing loop
[1.380s] DEBUG:colcon.colcon_parallel_executor.executor.parallel:loop closed
[1.380s] DEBUG:colcon.colcon_parallel_executor.executor.parallel:run_until_complete finished with '0'
[1.381s] DEBUG:colcon.colcon_core.event_reactor:joining thread
[1.387s] INFO:colcon.colcon_core.plugin_system:Skipping extension 'colcon_notification.desktop_notification.terminal_notifier': Not used on non-Darwin systems
[1.388s] INFO:colcon.colcon_core.plugin_system:Skipping extension 'colcon_notification.desktop_notification.win32': Not used on non-Windows systems
[1.388s] INFO:colcon.colcon_notification.desktop_notification:Sending desktop notification using 'notify2'
[1.404s] DEBUG:colcon.colcon_core.event_reactor:joined thread
[1.405s] INFO:colcon.colcon_core.shell:Creating prefix script '/home/alexl/ActM3.5/TE3003B/equipo6/install/local_setup.ps1'
[1.408s] INFO:colcon.colcon_core.shell:Creating prefix util module '/home/alexl/ActM3.5/TE3003B/equipo6/install/_local_setup_util_ps1.py'
[1.410s] INFO:colcon.colcon_core.shell:Creating prefix chain script '/home/alexl/ActM3.5/TE3003B/equipo6/install/setup.ps1'
[1.412s] INFO:colcon.colcon_core.shell:Creating prefix script '/home/alexl/ActM3.5/TE3003B/equipo6/install/local_setup.sh'
[1.413s] INFO:colcon.colcon_core.shell:Creating prefix util module '/home/alexl/ActM3.5/TE3003B/equipo6/install/_local_setup_util_sh.py'
[1.414s] INFO:colcon.colcon_core.shell:Creating prefix chain script '/home/alexl/ActM3.5/TE3003B/equipo6/install/setup.sh'
[1.416s] INFO:colcon.colcon_core.shell:Creating prefix script '/home/alexl/ActM3.5/TE3003B/equipo6/install/local_setup.bash'
[1.418s] INFO:colcon.colcon_core.shell:Creating prefix chain script '/home/alexl/ActM3.5/TE3003B/equipo6/install/setup.bash'
[1.420s] INFO:colcon.colcon_core.shell:Creating prefix script '/home/alexl/ActM3.5/TE3003B/equipo6/install/local_setup.zsh'
[1.422s] INFO:colcon.colcon_core.shell:Creating prefix chain script '/home/alexl/ActM3.5/TE3003B/equipo6/install/setup.zsh'
