[0.797s] Invoking command in '/home/alexl/final_ws/src/puzzlebot': PYTHONPATH=/home/alexl/final_ws/build/puzzlebot/prefix_override:/usr/lib/python3/dist-packages/colcon_core/task/python/colcon_distutils_commands:/home/alexl/final_ws/install/puzzlebot/lib/python3.10/site-packages:${PYTHONPATH} /usr/bin/python3 -W ignore:setup.py install is deprecated -W ignore:easy_install command is deprecated setup.py egg_info --egg-base ../../build/puzzlebot build --build-base /home/alexl/final_ws/build/puzzlebot/build install --record /home/alexl/final_ws/build/puzzlebot/install.log --single-version-externally-managed install_data
[1.081s] running egg_info
[1.082s] writing ../../build/puzzlebot/puzzlebot.egg-info/PKG-INFO
[1.082s] writing dependency_links to ../../build/puzzlebot/puzzlebot.egg-info/dependency_links.txt
[1.082s] writing entry points to ../../build/puzzlebot/puzzlebot.egg-info/entry_points.txt
[1.083s] writing requirements to ../../build/puzzlebot/puzzlebot.egg-info/requires.txt
[1.083s] writing top-level names to ../../build/puzzlebot/puzzlebot.egg-info/top_level.txt
[1.085s] reading manifest file '../../build/puzzlebot/puzzlebot.egg-info/SOURCES.txt'
[1.086s] writing manifest file '../../build/puzzlebot/puzzlebot.egg-info/SOURCES.txt'
[1.086s] running build
[1.086s] running build_py
[1.087s] running install
[1.087s] running install_lib
[1.089s] running install_data
[1.090s] copying launch/main_launch.py -> /home/alexl/final_ws/install/puzzlebot/share/puzzlebot/launch
[1.091s] running install_egg_info
[1.093s] removing '/home/alexl/final_ws/install/puzzlebot/lib/python3.10/site-packages/puzzlebot-0.0.0-py3.10.egg-info' (and everything under it)
[1.093s] Copying ../../build/puzzlebot/puzzlebot.egg-info to /home/alexl/final_ws/install/puzzlebot/lib/python3.10/site-packages/puzzlebot-0.0.0-py3.10.egg-info
[1.095s] running install_scripts
[1.113s] Installing aruco script to /home/alexl/final_ws/install/puzzlebot/lib/puzzlebot
[1.113s] Installing bug0 script to /home/alexl/final_ws/install/puzzlebot/lib/puzzlebot
[1.113s] Installing bug2 script to /home/alexl/final_ws/install/puzzlebot/lib/puzzlebot
[1.113s] Installing joint_state_pub script to /home/alexl/final_ws/install/puzzlebot/lib/puzzlebot
[1.113s] Installing localisation script to /home/alexl/final_ws/install/puzzlebot/lib/puzzlebot
[1.113s] Installing localisatonv2 script to /home/alexl/final_ws/install/puzzlebot/lib/puzzlebot
[1.114s] Installing pose_estimation script to /home/alexl/final_ws/install/puzzlebot/lib/puzzlebot
[1.114s] Installing publish_odom script to /home/alexl/final_ws/install/puzzlebot/lib/puzzlebot
[1.114s] Installing puzzlebot_kinematic_model script to /home/alexl/final_ws/install/puzzlebot/lib/puzzlebot
[1.114s] writing list of installed files to '/home/alexl/final_ws/build/puzzlebot/install.log'
[1.152s] Invoked command in '/home/alexl/final_ws/src/puzzlebot' returned '0': PYTHONPATH=/home/alexl/final_ws/build/puzzlebot/prefix_override:/usr/lib/python3/dist-packages/colcon_core/task/python/colcon_distutils_commands:/home/alexl/final_ws/install/puzzlebot/lib/python3.10/site-packages:${PYTHONPATH} /usr/bin/python3 -W ignore:setup.py install is deprecated -W ignore:easy_install command is deprecated setup.py egg_info --egg-base ../../build/puzzlebot build --build-base /home/alexl/final_ws/build/puzzlebot/build install --record /home/alexl/final_ws/build/puzzlebot/install.log --single-version-externally-managed install_data
